[2025-03-18T10:51:46.575+0000] {processor.py:186} INFO - Started process (PID=49398) to work on /usr/local/python/3.12.1/lib/python3.12/site-packages/airflow/example_dags/example_python_decorator.py
[2025-03-18T10:51:46.575+0000] {processor.py:914} INFO - Processing file /usr/local/python/3.12.1/lib/python3.12/site-packages/airflow/example_dags/example_python_decorator.py for tasks to queue
[2025-03-18T10:51:46.577+0000] {logging_mixin.py:190} INFO - [2025-03-18T10:51:46.576+0000] {dagbag.py:588} INFO - Filling up the DagBag from /usr/local/python/3.12.1/lib/python3.12/site-packages/airflow/example_dags/example_python_decorator.py
[2025-03-18T10:51:46.588+0000] {processor.py:925} INFO - DAG(s) 'example_python_decorator' retrieved from /usr/local/python/3.12.1/lib/python3.12/site-packages/airflow/example_dags/example_python_decorator.py
[2025-03-18T10:51:46.678+0000] {logging_mixin.py:190} INFO - [2025-03-18T10:51:46.678+0000] {override.py:1930} INFO - Created Permission View: can read on DAG:example_python_decorator
[2025-03-18T10:51:46.686+0000] {logging_mixin.py:190} INFO - [2025-03-18T10:51:46.686+0000] {override.py:1930} INFO - Created Permission View: can edit on DAG:example_python_decorator
[2025-03-18T10:51:46.692+0000] {logging_mixin.py:190} INFO - [2025-03-18T10:51:46.692+0000] {override.py:1930} INFO - Created Permission View: can delete on DAG:example_python_decorator
[2025-03-18T10:51:46.700+0000] {logging_mixin.py:190} INFO - [2025-03-18T10:51:46.700+0000] {override.py:1930} INFO - Created Permission View: can read on DAG Run:example_python_decorator
[2025-03-18T10:51:46.706+0000] {logging_mixin.py:190} INFO - [2025-03-18T10:51:46.706+0000] {override.py:1930} INFO - Created Permission View: can create on DAG Run:example_python_decorator
[2025-03-18T10:51:46.712+0000] {logging_mixin.py:190} INFO - [2025-03-18T10:51:46.712+0000] {override.py:1930} INFO - Created Permission View: menu access on DAG Run:example_python_decorator
[2025-03-18T10:51:46.718+0000] {logging_mixin.py:190} INFO - [2025-03-18T10:51:46.718+0000] {override.py:1930} INFO - Created Permission View: can delete on DAG Run:example_python_decorator
[2025-03-18T10:51:46.718+0000] {logging_mixin.py:190} INFO - [2025-03-18T10:51:46.718+0000] {dag.py:3239} INFO - Sync 1 DAGs
[2025-03-18T10:51:46.726+0000] {logging_mixin.py:190} INFO - [2025-03-18T10:51:46.726+0000] {dag.py:3262} INFO - Creating ORM DAG for example_python_decorator
[2025-03-18T10:51:46.727+0000] {logging_mixin.py:190} INFO - [2025-03-18T10:51:46.727+0000] {dag.py:4180} INFO - Setting next_dagrun for example_python_decorator to None, run_after=None
[2025-03-18T10:51:46.740+0000] {processor.py:208} INFO - Processing /usr/local/python/3.12.1/lib/python3.12/site-packages/airflow/example_dags/example_python_decorator.py took 0.169 seconds
[2025-03-18T10:52:47.219+0000] {processor.py:186} INFO - Started process (PID=50118) to work on /usr/local/python/3.12.1/lib/python3.12/site-packages/airflow/example_dags/example_python_decorator.py
[2025-03-18T10:52:47.219+0000] {processor.py:914} INFO - Processing file /usr/local/python/3.12.1/lib/python3.12/site-packages/airflow/example_dags/example_python_decorator.py for tasks to queue
[2025-03-18T10:52:47.221+0000] {logging_mixin.py:190} INFO - [2025-03-18T10:52:47.221+0000] {dagbag.py:588} INFO - Filling up the DagBag from /usr/local/python/3.12.1/lib/python3.12/site-packages/airflow/example_dags/example_python_decorator.py
[2025-03-18T10:52:47.232+0000] {processor.py:925} INFO - DAG(s) 'example_python_decorator' retrieved from /usr/local/python/3.12.1/lib/python3.12/site-packages/airflow/example_dags/example_python_decorator.py
[2025-03-18T10:52:47.245+0000] {logging_mixin.py:190} INFO - [2025-03-18T10:52:47.245+0000] {dag.py:3239} INFO - Sync 1 DAGs
[2025-03-18T10:52:47.254+0000] {logging_mixin.py:190} INFO - [2025-03-18T10:52:47.254+0000] {dag.py:4180} INFO - Setting next_dagrun for example_python_decorator to None, run_after=None
[2025-03-18T10:52:47.268+0000] {processor.py:208} INFO - Processing /usr/local/python/3.12.1/lib/python3.12/site-packages/airflow/example_dags/example_python_decorator.py took 0.053 seconds
[2025-03-18T10:53:26.930+0000] {processor.py:186} INFO - Started process (PID=50615) to work on /usr/local/python/3.12.1/lib/python3.12/site-packages/airflow/example_dags/example_python_decorator.py
[2025-03-18T10:53:26.931+0000] {processor.py:914} INFO - Processing file /usr/local/python/3.12.1/lib/python3.12/site-packages/airflow/example_dags/example_python_decorator.py for tasks to queue
[2025-03-18T10:53:26.933+0000] {logging_mixin.py:190} INFO - [2025-03-18T10:53:26.932+0000] {dagbag.py:588} INFO - Filling up the DagBag from /usr/local/python/3.12.1/lib/python3.12/site-packages/airflow/example_dags/example_python_decorator.py
[2025-03-18T10:53:26.944+0000] {processor.py:925} INFO - DAG(s) 'example_python_decorator' retrieved from /usr/local/python/3.12.1/lib/python3.12/site-packages/airflow/example_dags/example_python_decorator.py
[2025-03-18T10:53:27.029+0000] {logging_mixin.py:190} INFO - [2025-03-18T10:53:27.029+0000] {dag.py:3239} INFO - Sync 1 DAGs
[2025-03-18T10:53:27.037+0000] {logging_mixin.py:190} INFO - [2025-03-18T10:53:27.036+0000] {dag.py:4180} INFO - Setting next_dagrun for example_python_decorator to None, run_after=None
[2025-03-18T10:53:27.051+0000] {processor.py:208} INFO - Processing /usr/local/python/3.12.1/lib/python3.12/site-packages/airflow/example_dags/example_python_decorator.py took 0.124 seconds
[2025-03-18T10:54:23.679+0000] {processor.py:186} INFO - Started process (PID=51189) to work on /usr/local/python/3.12.1/lib/python3.12/site-packages/airflow/example_dags/example_python_decorator.py
[2025-03-18T10:54:23.680+0000] {processor.py:914} INFO - Processing file /usr/local/python/3.12.1/lib/python3.12/site-packages/airflow/example_dags/example_python_decorator.py for tasks to queue
[2025-03-18T10:54:23.681+0000] {logging_mixin.py:190} INFO - [2025-03-18T10:54:23.681+0000] {dagbag.py:588} INFO - Filling up the DagBag from /usr/local/python/3.12.1/lib/python3.12/site-packages/airflow/example_dags/example_python_decorator.py
[2025-03-18T10:54:23.692+0000] {processor.py:925} INFO - DAG(s) 'example_python_decorator' retrieved from /usr/local/python/3.12.1/lib/python3.12/site-packages/airflow/example_dags/example_python_decorator.py
[2025-03-18T10:54:23.704+0000] {logging_mixin.py:190} INFO - [2025-03-18T10:54:23.704+0000] {dag.py:3239} INFO - Sync 1 DAGs
[2025-03-18T10:54:23.714+0000] {logging_mixin.py:190} INFO - [2025-03-18T10:54:23.713+0000] {dag.py:4180} INFO - Setting next_dagrun for example_python_decorator to None, run_after=None
[2025-03-18T10:54:23.728+0000] {processor.py:208} INFO - Processing /usr/local/python/3.12.1/lib/python3.12/site-packages/airflow/example_dags/example_python_decorator.py took 0.053 seconds
[2025-03-18T10:55:18.420+0000] {processor.py:186} INFO - Started process (PID=51674) to work on /usr/local/python/3.12.1/lib/python3.12/site-packages/airflow/example_dags/example_python_decorator.py
[2025-03-18T10:55:18.421+0000] {processor.py:914} INFO - Processing file /usr/local/python/3.12.1/lib/python3.12/site-packages/airflow/example_dags/example_python_decorator.py for tasks to queue
[2025-03-18T10:55:18.422+0000] {logging_mixin.py:190} INFO - [2025-03-18T10:55:18.422+0000] {dagbag.py:588} INFO - Filling up the DagBag from /usr/local/python/3.12.1/lib/python3.12/site-packages/airflow/example_dags/example_python_decorator.py
[2025-03-18T10:55:18.433+0000] {processor.py:925} INFO - DAG(s) 'example_python_decorator' retrieved from /usr/local/python/3.12.1/lib/python3.12/site-packages/airflow/example_dags/example_python_decorator.py
[2025-03-18T10:55:18.445+0000] {logging_mixin.py:190} INFO - [2025-03-18T10:55:18.445+0000] {dag.py:3239} INFO - Sync 1 DAGs
[2025-03-18T10:55:18.454+0000] {logging_mixin.py:190} INFO - [2025-03-18T10:55:18.454+0000] {dag.py:4180} INFO - Setting next_dagrun for example_python_decorator to None, run_after=None
[2025-03-18T10:55:18.469+0000] {processor.py:208} INFO - Processing /usr/local/python/3.12.1/lib/python3.12/site-packages/airflow/example_dags/example_python_decorator.py took 0.053 seconds
[2025-03-18T10:56:10.400+0000] {processor.py:186} INFO - Started process (PID=52406) to work on /usr/local/python/3.12.1/lib/python3.12/site-packages/airflow/example_dags/example_python_decorator.py
[2025-03-18T10:56:10.401+0000] {processor.py:914} INFO - Processing file /usr/local/python/3.12.1/lib/python3.12/site-packages/airflow/example_dags/example_python_decorator.py for tasks to queue
[2025-03-18T10:56:10.402+0000] {logging_mixin.py:190} INFO - [2025-03-18T10:56:10.402+0000] {dagbag.py:588} INFO - Filling up the DagBag from /usr/local/python/3.12.1/lib/python3.12/site-packages/airflow/example_dags/example_python_decorator.py
[2025-03-18T10:56:10.414+0000] {processor.py:925} INFO - DAG(s) 'example_python_decorator' retrieved from /usr/local/python/3.12.1/lib/python3.12/site-packages/airflow/example_dags/example_python_decorator.py
[2025-03-18T10:56:10.427+0000] {logging_mixin.py:190} INFO - [2025-03-18T10:56:10.426+0000] {dag.py:3239} INFO - Sync 1 DAGs
[2025-03-18T10:56:10.436+0000] {logging_mixin.py:190} INFO - [2025-03-18T10:56:10.436+0000] {dag.py:4180} INFO - Setting next_dagrun for example_python_decorator to None, run_after=None
[2025-03-18T10:56:10.451+0000] {processor.py:208} INFO - Processing /usr/local/python/3.12.1/lib/python3.12/site-packages/airflow/example_dags/example_python_decorator.py took 0.054 seconds
[2025-03-18T10:57:00.274+0000] {processor.py:186} INFO - Started process (PID=52872) to work on /usr/local/python/3.12.1/lib/python3.12/site-packages/airflow/example_dags/example_python_decorator.py
[2025-03-18T10:57:00.274+0000] {processor.py:914} INFO - Processing file /usr/local/python/3.12.1/lib/python3.12/site-packages/airflow/example_dags/example_python_decorator.py for tasks to queue
[2025-03-18T10:57:00.276+0000] {logging_mixin.py:190} INFO - [2025-03-18T10:57:00.275+0000] {dagbag.py:588} INFO - Filling up the DagBag from /usr/local/python/3.12.1/lib/python3.12/site-packages/airflow/example_dags/example_python_decorator.py
[2025-03-18T10:57:00.287+0000] {processor.py:925} INFO - DAG(s) 'example_python_decorator' retrieved from /usr/local/python/3.12.1/lib/python3.12/site-packages/airflow/example_dags/example_python_decorator.py
[2025-03-18T10:57:00.299+0000] {logging_mixin.py:190} INFO - [2025-03-18T10:57:00.299+0000] {dag.py:3239} INFO - Sync 1 DAGs
[2025-03-18T10:57:00.309+0000] {logging_mixin.py:190} INFO - [2025-03-18T10:57:00.309+0000] {dag.py:4180} INFO - Setting next_dagrun for example_python_decorator to None, run_after=None
[2025-03-18T10:57:00.322+0000] {processor.py:208} INFO - Processing /usr/local/python/3.12.1/lib/python3.12/site-packages/airflow/example_dags/example_python_decorator.py took 0.053 seconds
[2025-03-18T10:57:49.230+0000] {processor.py:186} INFO - Started process (PID=53486) to work on /usr/local/python/3.12.1/lib/python3.12/site-packages/airflow/example_dags/example_python_decorator.py
[2025-03-18T10:57:49.231+0000] {processor.py:914} INFO - Processing file /usr/local/python/3.12.1/lib/python3.12/site-packages/airflow/example_dags/example_python_decorator.py for tasks to queue
[2025-03-18T10:57:49.233+0000] {logging_mixin.py:190} INFO - [2025-03-18T10:57:49.232+0000] {dagbag.py:588} INFO - Filling up the DagBag from /usr/local/python/3.12.1/lib/python3.12/site-packages/airflow/example_dags/example_python_decorator.py
[2025-03-18T10:57:49.245+0000] {processor.py:925} INFO - DAG(s) 'example_python_decorator' retrieved from /usr/local/python/3.12.1/lib/python3.12/site-packages/airflow/example_dags/example_python_decorator.py
[2025-03-18T10:57:49.259+0000] {logging_mixin.py:190} INFO - [2025-03-18T10:57:49.259+0000] {dag.py:3239} INFO - Sync 1 DAGs
[2025-03-18T10:57:49.269+0000] {logging_mixin.py:190} INFO - [2025-03-18T10:57:49.268+0000] {dag.py:4180} INFO - Setting next_dagrun for example_python_decorator to None, run_after=None
[2025-03-18T10:57:49.283+0000] {processor.py:208} INFO - Processing /usr/local/python/3.12.1/lib/python3.12/site-packages/airflow/example_dags/example_python_decorator.py took 0.057 seconds
[2025-03-18T10:58:38.747+0000] {processor.py:186} INFO - Started process (PID=53952) to work on /usr/local/python/3.12.1/lib/python3.12/site-packages/airflow/example_dags/example_python_decorator.py
[2025-03-18T10:58:38.747+0000] {processor.py:914} INFO - Processing file /usr/local/python/3.12.1/lib/python3.12/site-packages/airflow/example_dags/example_python_decorator.py for tasks to queue
[2025-03-18T10:58:38.749+0000] {logging_mixin.py:190} INFO - [2025-03-18T10:58:38.748+0000] {dagbag.py:588} INFO - Filling up the DagBag from /usr/local/python/3.12.1/lib/python3.12/site-packages/airflow/example_dags/example_python_decorator.py
[2025-03-18T10:58:38.760+0000] {processor.py:925} INFO - DAG(s) 'example_python_decorator' retrieved from /usr/local/python/3.12.1/lib/python3.12/site-packages/airflow/example_dags/example_python_decorator.py
[2025-03-18T10:58:38.775+0000] {logging_mixin.py:190} INFO - [2025-03-18T10:58:38.774+0000] {dag.py:3239} INFO - Sync 1 DAGs
[2025-03-18T10:58:38.786+0000] {logging_mixin.py:190} INFO - [2025-03-18T10:58:38.786+0000] {dag.py:4180} INFO - Setting next_dagrun for example_python_decorator to None, run_after=None
[2025-03-18T10:58:38.802+0000] {processor.py:208} INFO - Processing /usr/local/python/3.12.1/lib/python3.12/site-packages/airflow/example_dags/example_python_decorator.py took 0.059 seconds
[2025-03-18T10:59:26.746+0000] {processor.py:186} INFO - Started process (PID=54657) to work on /usr/local/python/3.12.1/lib/python3.12/site-packages/airflow/example_dags/example_python_decorator.py
[2025-03-18T10:59:26.747+0000] {processor.py:914} INFO - Processing file /usr/local/python/3.12.1/lib/python3.12/site-packages/airflow/example_dags/example_python_decorator.py for tasks to queue
[2025-03-18T10:59:26.749+0000] {logging_mixin.py:190} INFO - [2025-03-18T10:59:26.748+0000] {dagbag.py:588} INFO - Filling up the DagBag from /usr/local/python/3.12.1/lib/python3.12/site-packages/airflow/example_dags/example_python_decorator.py
[2025-03-18T10:59:26.760+0000] {processor.py:925} INFO - DAG(s) 'example_python_decorator' retrieved from /usr/local/python/3.12.1/lib/python3.12/site-packages/airflow/example_dags/example_python_decorator.py
[2025-03-18T10:59:26.772+0000] {logging_mixin.py:190} INFO - [2025-03-18T10:59:26.772+0000] {dag.py:3239} INFO - Sync 1 DAGs
[2025-03-18T10:59:26.782+0000] {logging_mixin.py:190} INFO - [2025-03-18T10:59:26.781+0000] {dag.py:4180} INFO - Setting next_dagrun for example_python_decorator to None, run_after=None
[2025-03-18T10:59:26.798+0000] {processor.py:208} INFO - Processing /usr/local/python/3.12.1/lib/python3.12/site-packages/airflow/example_dags/example_python_decorator.py took 0.056 seconds
[2025-03-18T11:00:14.137+0000] {processor.py:186} INFO - Started process (PID=55125) to work on /usr/local/python/3.12.1/lib/python3.12/site-packages/airflow/example_dags/example_python_decorator.py
[2025-03-18T11:00:14.138+0000] {processor.py:914} INFO - Processing file /usr/local/python/3.12.1/lib/python3.12/site-packages/airflow/example_dags/example_python_decorator.py for tasks to queue
[2025-03-18T11:00:14.140+0000] {logging_mixin.py:190} INFO - [2025-03-18T11:00:14.139+0000] {dagbag.py:588} INFO - Filling up the DagBag from /usr/local/python/3.12.1/lib/python3.12/site-packages/airflow/example_dags/example_python_decorator.py
[2025-03-18T11:00:14.151+0000] {processor.py:925} INFO - DAG(s) 'example_python_decorator' retrieved from /usr/local/python/3.12.1/lib/python3.12/site-packages/airflow/example_dags/example_python_decorator.py
[2025-03-18T11:00:14.167+0000] {logging_mixin.py:190} INFO - [2025-03-18T11:00:14.167+0000] {dag.py:3239} INFO - Sync 1 DAGs
[2025-03-18T11:00:14.177+0000] {logging_mixin.py:190} INFO - [2025-03-18T11:00:14.177+0000] {dag.py:4180} INFO - Setting next_dagrun for example_python_decorator to None, run_after=None
[2025-03-18T11:00:14.194+0000] {processor.py:208} INFO - Processing /usr/local/python/3.12.1/lib/python3.12/site-packages/airflow/example_dags/example_python_decorator.py took 0.062 seconds
[2025-03-18T11:01:05.469+0000] {processor.py:186} INFO - Started process (PID=57532) to work on /usr/local/python/3.12.1/lib/python3.12/site-packages/airflow/example_dags/example_python_decorator.py
[2025-03-18T11:01:05.470+0000] {processor.py:914} INFO - Processing file /usr/local/python/3.12.1/lib/python3.12/site-packages/airflow/example_dags/example_python_decorator.py for tasks to queue
[2025-03-18T11:01:05.471+0000] {logging_mixin.py:190} INFO - [2025-03-18T11:01:05.471+0000] {dagbag.py:588} INFO - Filling up the DagBag from /usr/local/python/3.12.1/lib/python3.12/site-packages/airflow/example_dags/example_python_decorator.py
[2025-03-18T11:01:05.482+0000] {processor.py:925} INFO - DAG(s) 'example_python_decorator' retrieved from /usr/local/python/3.12.1/lib/python3.12/site-packages/airflow/example_dags/example_python_decorator.py
[2025-03-18T11:01:05.494+0000] {logging_mixin.py:190} INFO - [2025-03-18T11:01:05.494+0000] {dag.py:3239} INFO - Sync 1 DAGs
[2025-03-18T11:01:05.503+0000] {logging_mixin.py:190} INFO - [2025-03-18T11:01:05.503+0000] {dag.py:4180} INFO - Setting next_dagrun for example_python_decorator to None, run_after=None
[2025-03-18T11:01:05.518+0000] {processor.py:208} INFO - Processing /usr/local/python/3.12.1/lib/python3.12/site-packages/airflow/example_dags/example_python_decorator.py took 0.053 seconds
[2025-03-18T11:01:56.860+0000] {processor.py:186} INFO - Started process (PID=57968) to work on /usr/local/python/3.12.1/lib/python3.12/site-packages/airflow/example_dags/example_python_decorator.py
[2025-03-18T11:01:56.861+0000] {processor.py:914} INFO - Processing file /usr/local/python/3.12.1/lib/python3.12/site-packages/airflow/example_dags/example_python_decorator.py for tasks to queue
[2025-03-18T11:01:56.862+0000] {logging_mixin.py:190} INFO - [2025-03-18T11:01:56.862+0000] {dagbag.py:588} INFO - Filling up the DagBag from /usr/local/python/3.12.1/lib/python3.12/site-packages/airflow/example_dags/example_python_decorator.py
[2025-03-18T11:01:56.874+0000] {processor.py:925} INFO - DAG(s) 'example_python_decorator' retrieved from /usr/local/python/3.12.1/lib/python3.12/site-packages/airflow/example_dags/example_python_decorator.py
[2025-03-18T11:01:56.886+0000] {logging_mixin.py:190} INFO - [2025-03-18T11:01:56.886+0000] {dag.py:3239} INFO - Sync 1 DAGs
[2025-03-18T11:01:56.895+0000] {logging_mixin.py:190} INFO - [2025-03-18T11:01:56.895+0000] {dag.py:4180} INFO - Setting next_dagrun for example_python_decorator to None, run_after=None
[2025-03-18T11:01:56.910+0000] {processor.py:208} INFO - Processing /usr/local/python/3.12.1/lib/python3.12/site-packages/airflow/example_dags/example_python_decorator.py took 0.054 seconds
[2025-03-18T11:02:47.379+0000] {processor.py:186} INFO - Started process (PID=58367) to work on /usr/local/python/3.12.1/lib/python3.12/site-packages/airflow/example_dags/example_python_decorator.py
[2025-03-18T11:02:47.380+0000] {processor.py:914} INFO - Processing file /usr/local/python/3.12.1/lib/python3.12/site-packages/airflow/example_dags/example_python_decorator.py for tasks to queue
[2025-03-18T11:02:47.381+0000] {logging_mixin.py:190} INFO - [2025-03-18T11:02:47.381+0000] {dagbag.py:588} INFO - Filling up the DagBag from /usr/local/python/3.12.1/lib/python3.12/site-packages/airflow/example_dags/example_python_decorator.py
[2025-03-18T11:02:47.392+0000] {processor.py:925} INFO - DAG(s) 'example_python_decorator' retrieved from /usr/local/python/3.12.1/lib/python3.12/site-packages/airflow/example_dags/example_python_decorator.py
[2025-03-18T11:02:47.404+0000] {logging_mixin.py:190} INFO - [2025-03-18T11:02:47.404+0000] {dag.py:3239} INFO - Sync 1 DAGs
[2025-03-18T11:02:47.414+0000] {logging_mixin.py:190} INFO - [2025-03-18T11:02:47.414+0000] {dag.py:4180} INFO - Setting next_dagrun for example_python_decorator to None, run_after=None
[2025-03-18T11:02:47.428+0000] {processor.py:208} INFO - Processing /usr/local/python/3.12.1/lib/python3.12/site-packages/airflow/example_dags/example_python_decorator.py took 0.053 seconds
[2025-03-18T11:03:33.640+0000] {processor.py:186} INFO - Started process (PID=58768) to work on /usr/local/python/3.12.1/lib/python3.12/site-packages/airflow/example_dags/example_python_decorator.py
[2025-03-18T11:03:33.641+0000] {processor.py:914} INFO - Processing file /usr/local/python/3.12.1/lib/python3.12/site-packages/airflow/example_dags/example_python_decorator.py for tasks to queue
[2025-03-18T11:03:33.642+0000] {logging_mixin.py:190} INFO - [2025-03-18T11:03:33.642+0000] {dagbag.py:588} INFO - Filling up the DagBag from /usr/local/python/3.12.1/lib/python3.12/site-packages/airflow/example_dags/example_python_decorator.py
[2025-03-18T11:03:33.654+0000] {processor.py:925} INFO - DAG(s) 'example_python_decorator' retrieved from /usr/local/python/3.12.1/lib/python3.12/site-packages/airflow/example_dags/example_python_decorator.py
[2025-03-18T11:03:33.666+0000] {logging_mixin.py:190} INFO - [2025-03-18T11:03:33.666+0000] {dag.py:3239} INFO - Sync 1 DAGs
[2025-03-18T11:03:33.675+0000] {logging_mixin.py:190} INFO - [2025-03-18T11:03:33.675+0000] {dag.py:4180} INFO - Setting next_dagrun for example_python_decorator to None, run_after=None
[2025-03-18T11:03:33.689+0000] {processor.py:208} INFO - Processing /usr/local/python/3.12.1/lib/python3.12/site-packages/airflow/example_dags/example_python_decorator.py took 0.053 seconds
[2025-03-18T11:04:23.453+0000] {processor.py:186} INFO - Started process (PID=59149) to work on /usr/local/python/3.12.1/lib/python3.12/site-packages/airflow/example_dags/example_python_decorator.py
[2025-03-18T11:04:23.453+0000] {processor.py:914} INFO - Processing file /usr/local/python/3.12.1/lib/python3.12/site-packages/airflow/example_dags/example_python_decorator.py for tasks to queue
[2025-03-18T11:04:23.455+0000] {logging_mixin.py:190} INFO - [2025-03-18T11:04:23.455+0000] {dagbag.py:588} INFO - Filling up the DagBag from /usr/local/python/3.12.1/lib/python3.12/site-packages/airflow/example_dags/example_python_decorator.py
[2025-03-18T11:04:23.466+0000] {processor.py:925} INFO - DAG(s) 'example_python_decorator' retrieved from /usr/local/python/3.12.1/lib/python3.12/site-packages/airflow/example_dags/example_python_decorator.py
[2025-03-18T11:04:23.479+0000] {logging_mixin.py:190} INFO - [2025-03-18T11:04:23.478+0000] {dag.py:3239} INFO - Sync 1 DAGs
[2025-03-18T11:04:23.491+0000] {logging_mixin.py:190} INFO - [2025-03-18T11:04:23.490+0000] {dag.py:4180} INFO - Setting next_dagrun for example_python_decorator to None, run_after=None
[2025-03-18T11:04:23.507+0000] {processor.py:208} INFO - Processing /usr/local/python/3.12.1/lib/python3.12/site-packages/airflow/example_dags/example_python_decorator.py took 0.058 seconds
[2025-03-18T11:05:11.137+0000] {processor.py:186} INFO - Started process (PID=59526) to work on /usr/local/python/3.12.1/lib/python3.12/site-packages/airflow/example_dags/example_python_decorator.py
[2025-03-18T11:05:11.138+0000] {processor.py:914} INFO - Processing file /usr/local/python/3.12.1/lib/python3.12/site-packages/airflow/example_dags/example_python_decorator.py for tasks to queue
[2025-03-18T11:05:11.140+0000] {logging_mixin.py:190} INFO - [2025-03-18T11:05:11.139+0000] {dagbag.py:588} INFO - Filling up the DagBag from /usr/local/python/3.12.1/lib/python3.12/site-packages/airflow/example_dags/example_python_decorator.py
[2025-03-18T11:05:11.151+0000] {processor.py:925} INFO - DAG(s) 'example_python_decorator' retrieved from /usr/local/python/3.12.1/lib/python3.12/site-packages/airflow/example_dags/example_python_decorator.py
[2025-03-18T11:05:11.163+0000] {logging_mixin.py:190} INFO - [2025-03-18T11:05:11.163+0000] {dag.py:3239} INFO - Sync 1 DAGs
[2025-03-18T11:05:11.173+0000] {logging_mixin.py:190} INFO - [2025-03-18T11:05:11.173+0000] {dag.py:4180} INFO - Setting next_dagrun for example_python_decorator to None, run_after=None
[2025-03-18T11:05:11.187+0000] {processor.py:208} INFO - Processing /usr/local/python/3.12.1/lib/python3.12/site-packages/airflow/example_dags/example_python_decorator.py took 0.054 seconds
[2025-03-18T11:06:01.368+0000] {processor.py:186} INFO - Started process (PID=59929) to work on /usr/local/python/3.12.1/lib/python3.12/site-packages/airflow/example_dags/example_python_decorator.py
[2025-03-18T11:06:01.369+0000] {processor.py:914} INFO - Processing file /usr/local/python/3.12.1/lib/python3.12/site-packages/airflow/example_dags/example_python_decorator.py for tasks to queue
[2025-03-18T11:06:01.371+0000] {logging_mixin.py:190} INFO - [2025-03-18T11:06:01.370+0000] {dagbag.py:588} INFO - Filling up the DagBag from /usr/local/python/3.12.1/lib/python3.12/site-packages/airflow/example_dags/example_python_decorator.py
[2025-03-18T11:06:01.382+0000] {processor.py:925} INFO - DAG(s) 'example_python_decorator' retrieved from /usr/local/python/3.12.1/lib/python3.12/site-packages/airflow/example_dags/example_python_decorator.py
[2025-03-18T11:06:01.394+0000] {logging_mixin.py:190} INFO - [2025-03-18T11:06:01.394+0000] {dag.py:3239} INFO - Sync 1 DAGs
[2025-03-18T11:06:01.404+0000] {logging_mixin.py:190} INFO - [2025-03-18T11:06:01.404+0000] {dag.py:4180} INFO - Setting next_dagrun for example_python_decorator to None, run_after=None
[2025-03-18T11:06:01.419+0000] {processor.py:208} INFO - Processing /usr/local/python/3.12.1/lib/python3.12/site-packages/airflow/example_dags/example_python_decorator.py took 0.055 seconds
[2025-03-18T11:06:51.873+0000] {processor.py:186} INFO - Started process (PID=60322) to work on /usr/local/python/3.12.1/lib/python3.12/site-packages/airflow/example_dags/example_python_decorator.py
[2025-03-18T11:06:51.874+0000] {processor.py:914} INFO - Processing file /usr/local/python/3.12.1/lib/python3.12/site-packages/airflow/example_dags/example_python_decorator.py for tasks to queue
[2025-03-18T11:06:51.875+0000] {logging_mixin.py:190} INFO - [2025-03-18T11:06:51.875+0000] {dagbag.py:588} INFO - Filling up the DagBag from /usr/local/python/3.12.1/lib/python3.12/site-packages/airflow/example_dags/example_python_decorator.py
[2025-03-18T11:06:51.886+0000] {processor.py:925} INFO - DAG(s) 'example_python_decorator' retrieved from /usr/local/python/3.12.1/lib/python3.12/site-packages/airflow/example_dags/example_python_decorator.py
[2025-03-18T11:06:51.899+0000] {logging_mixin.py:190} INFO - [2025-03-18T11:06:51.898+0000] {dag.py:3239} INFO - Sync 1 DAGs
[2025-03-18T11:06:51.908+0000] {logging_mixin.py:190} INFO - [2025-03-18T11:06:51.907+0000] {dag.py:4180} INFO - Setting next_dagrun for example_python_decorator to None, run_after=None
[2025-03-18T11:06:51.922+0000] {processor.py:208} INFO - Processing /usr/local/python/3.12.1/lib/python3.12/site-packages/airflow/example_dags/example_python_decorator.py took 0.053 seconds
[2025-03-18T11:07:42.544+0000] {processor.py:186} INFO - Started process (PID=60722) to work on /usr/local/python/3.12.1/lib/python3.12/site-packages/airflow/example_dags/example_python_decorator.py
[2025-03-18T11:07:42.545+0000] {processor.py:914} INFO - Processing file /usr/local/python/3.12.1/lib/python3.12/site-packages/airflow/example_dags/example_python_decorator.py for tasks to queue
[2025-03-18T11:07:42.546+0000] {logging_mixin.py:190} INFO - [2025-03-18T11:07:42.546+0000] {dagbag.py:588} INFO - Filling up the DagBag from /usr/local/python/3.12.1/lib/python3.12/site-packages/airflow/example_dags/example_python_decorator.py
[2025-03-18T11:07:42.558+0000] {processor.py:925} INFO - DAG(s) 'example_python_decorator' retrieved from /usr/local/python/3.12.1/lib/python3.12/site-packages/airflow/example_dags/example_python_decorator.py
[2025-03-18T11:07:42.570+0000] {logging_mixin.py:190} INFO - [2025-03-18T11:07:42.570+0000] {dag.py:3239} INFO - Sync 1 DAGs
[2025-03-18T11:07:42.579+0000] {logging_mixin.py:190} INFO - [2025-03-18T11:07:42.579+0000] {dag.py:4180} INFO - Setting next_dagrun for example_python_decorator to None, run_after=None
[2025-03-18T11:07:42.593+0000] {processor.py:208} INFO - Processing /usr/local/python/3.12.1/lib/python3.12/site-packages/airflow/example_dags/example_python_decorator.py took 0.053 seconds
[2025-03-18T11:08:31.977+0000] {processor.py:186} INFO - Started process (PID=61145) to work on /usr/local/python/3.12.1/lib/python3.12/site-packages/airflow/example_dags/example_python_decorator.py
[2025-03-18T11:08:31.977+0000] {processor.py:914} INFO - Processing file /usr/local/python/3.12.1/lib/python3.12/site-packages/airflow/example_dags/example_python_decorator.py for tasks to queue
[2025-03-18T11:08:31.979+0000] {logging_mixin.py:190} INFO - [2025-03-18T11:08:31.979+0000] {dagbag.py:588} INFO - Filling up the DagBag from /usr/local/python/3.12.1/lib/python3.12/site-packages/airflow/example_dags/example_python_decorator.py
[2025-03-18T11:08:31.990+0000] {processor.py:925} INFO - DAG(s) 'example_python_decorator' retrieved from /usr/local/python/3.12.1/lib/python3.12/site-packages/airflow/example_dags/example_python_decorator.py
[2025-03-18T11:08:32.002+0000] {logging_mixin.py:190} INFO - [2025-03-18T11:08:32.002+0000] {dag.py:3239} INFO - Sync 1 DAGs
[2025-03-18T11:08:32.012+0000] {logging_mixin.py:190} INFO - [2025-03-18T11:08:32.012+0000] {dag.py:4180} INFO - Setting next_dagrun for example_python_decorator to None, run_after=None
[2025-03-18T11:08:32.026+0000] {processor.py:208} INFO - Processing /usr/local/python/3.12.1/lib/python3.12/site-packages/airflow/example_dags/example_python_decorator.py took 0.053 seconds
[2025-03-18T11:09:24.699+0000] {processor.py:186} INFO - Started process (PID=61588) to work on /usr/local/python/3.12.1/lib/python3.12/site-packages/airflow/example_dags/example_python_decorator.py
[2025-03-18T11:09:24.699+0000] {processor.py:914} INFO - Processing file /usr/local/python/3.12.1/lib/python3.12/site-packages/airflow/example_dags/example_python_decorator.py for tasks to queue
[2025-03-18T11:09:24.701+0000] {logging_mixin.py:190} INFO - [2025-03-18T11:09:24.701+0000] {dagbag.py:588} INFO - Filling up the DagBag from /usr/local/python/3.12.1/lib/python3.12/site-packages/airflow/example_dags/example_python_decorator.py
[2025-03-18T11:09:24.712+0000] {processor.py:925} INFO - DAG(s) 'example_python_decorator' retrieved from /usr/local/python/3.12.1/lib/python3.12/site-packages/airflow/example_dags/example_python_decorator.py
[2025-03-18T11:09:24.724+0000] {logging_mixin.py:190} INFO - [2025-03-18T11:09:24.724+0000] {dag.py:3239} INFO - Sync 1 DAGs
[2025-03-18T11:09:24.733+0000] {logging_mixin.py:190} INFO - [2025-03-18T11:09:24.733+0000] {dag.py:4180} INFO - Setting next_dagrun for example_python_decorator to None, run_after=None
[2025-03-18T11:09:24.747+0000] {processor.py:208} INFO - Processing /usr/local/python/3.12.1/lib/python3.12/site-packages/airflow/example_dags/example_python_decorator.py took 0.052 seconds
[2025-03-18T11:10:18.058+0000] {processor.py:186} INFO - Started process (PID=62049) to work on /usr/local/python/3.12.1/lib/python3.12/site-packages/airflow/example_dags/example_python_decorator.py
[2025-03-18T11:10:18.058+0000] {processor.py:914} INFO - Processing file /usr/local/python/3.12.1/lib/python3.12/site-packages/airflow/example_dags/example_python_decorator.py for tasks to queue
[2025-03-18T11:10:18.060+0000] {logging_mixin.py:190} INFO - [2025-03-18T11:10:18.059+0000] {dagbag.py:588} INFO - Filling up the DagBag from /usr/local/python/3.12.1/lib/python3.12/site-packages/airflow/example_dags/example_python_decorator.py
[2025-03-18T11:10:18.071+0000] {processor.py:925} INFO - DAG(s) 'example_python_decorator' retrieved from /usr/local/python/3.12.1/lib/python3.12/site-packages/airflow/example_dags/example_python_decorator.py
[2025-03-18T11:10:18.083+0000] {logging_mixin.py:190} INFO - [2025-03-18T11:10:18.083+0000] {dag.py:3239} INFO - Sync 1 DAGs
[2025-03-18T11:10:18.092+0000] {logging_mixin.py:190} INFO - [2025-03-18T11:10:18.092+0000] {dag.py:4180} INFO - Setting next_dagrun for example_python_decorator to None, run_after=None
[2025-03-18T11:10:18.107+0000] {processor.py:208} INFO - Processing /usr/local/python/3.12.1/lib/python3.12/site-packages/airflow/example_dags/example_python_decorator.py took 0.053 seconds
[2025-03-18T11:11:07.573+0000] {processor.py:186} INFO - Started process (PID=62482) to work on /usr/local/python/3.12.1/lib/python3.12/site-packages/airflow/example_dags/example_python_decorator.py
[2025-03-18T11:11:07.573+0000] {processor.py:914} INFO - Processing file /usr/local/python/3.12.1/lib/python3.12/site-packages/airflow/example_dags/example_python_decorator.py for tasks to queue
[2025-03-18T11:11:07.575+0000] {logging_mixin.py:190} INFO - [2025-03-18T11:11:07.575+0000] {dagbag.py:588} INFO - Filling up the DagBag from /usr/local/python/3.12.1/lib/python3.12/site-packages/airflow/example_dags/example_python_decorator.py
[2025-03-18T11:11:07.586+0000] {processor.py:925} INFO - DAG(s) 'example_python_decorator' retrieved from /usr/local/python/3.12.1/lib/python3.12/site-packages/airflow/example_dags/example_python_decorator.py
[2025-03-18T11:11:07.598+0000] {logging_mixin.py:190} INFO - [2025-03-18T11:11:07.598+0000] {dag.py:3239} INFO - Sync 1 DAGs
[2025-03-18T11:11:07.607+0000] {logging_mixin.py:190} INFO - [2025-03-18T11:11:07.607+0000] {dag.py:4180} INFO - Setting next_dagrun for example_python_decorator to None, run_after=None
[2025-03-18T11:11:07.623+0000] {processor.py:208} INFO - Processing /usr/local/python/3.12.1/lib/python3.12/site-packages/airflow/example_dags/example_python_decorator.py took 0.054 seconds
[2025-03-18T11:11:54.575+0000] {processor.py:186} INFO - Started process (PID=63027) to work on /usr/local/python/3.12.1/lib/python3.12/site-packages/airflow/example_dags/example_python_decorator.py
[2025-03-18T11:11:54.575+0000] {processor.py:914} INFO - Processing file /usr/local/python/3.12.1/lib/python3.12/site-packages/airflow/example_dags/example_python_decorator.py for tasks to queue
[2025-03-18T11:11:54.577+0000] {logging_mixin.py:190} INFO - [2025-03-18T11:11:54.577+0000] {dagbag.py:588} INFO - Filling up the DagBag from /usr/local/python/3.12.1/lib/python3.12/site-packages/airflow/example_dags/example_python_decorator.py
[2025-03-18T11:11:54.588+0000] {processor.py:925} INFO - DAG(s) 'example_python_decorator' retrieved from /usr/local/python/3.12.1/lib/python3.12/site-packages/airflow/example_dags/example_python_decorator.py
[2025-03-18T11:11:54.600+0000] {logging_mixin.py:190} INFO - [2025-03-18T11:11:54.600+0000] {dag.py:3239} INFO - Sync 1 DAGs
[2025-03-18T11:11:54.610+0000] {logging_mixin.py:190} INFO - [2025-03-18T11:11:54.610+0000] {dag.py:4180} INFO - Setting next_dagrun for example_python_decorator to None, run_after=None
[2025-03-18T11:11:54.625+0000] {processor.py:208} INFO - Processing /usr/local/python/3.12.1/lib/python3.12/site-packages/airflow/example_dags/example_python_decorator.py took 0.054 seconds
[2025-03-18T11:50:40.998+0000] {processor.py:186} INFO - Started process (PID=83031) to work on /usr/local/python/3.12.1/lib/python3.12/site-packages/airflow/example_dags/example_python_decorator.py
[2025-03-18T11:50:40.999+0000] {processor.py:914} INFO - Processing file /usr/local/python/3.12.1/lib/python3.12/site-packages/airflow/example_dags/example_python_decorator.py for tasks to queue
[2025-03-18T11:50:41.001+0000] {logging_mixin.py:190} INFO - [2025-03-18T11:50:41.000+0000] {dagbag.py:588} INFO - Filling up the DagBag from /usr/local/python/3.12.1/lib/python3.12/site-packages/airflow/example_dags/example_python_decorator.py
[2025-03-18T11:50:41.012+0000] {processor.py:925} INFO - DAG(s) 'example_python_decorator' retrieved from /usr/local/python/3.12.1/lib/python3.12/site-packages/airflow/example_dags/example_python_decorator.py
[2025-03-18T11:50:41.095+0000] {logging_mixin.py:190} INFO - [2025-03-18T11:50:41.094+0000] {dag.py:3239} INFO - Sync 1 DAGs
[2025-03-18T11:50:41.102+0000] {logging_mixin.py:190} INFO - [2025-03-18T11:50:41.102+0000] {dag.py:4180} INFO - Setting next_dagrun for example_python_decorator to None, run_after=None
[2025-03-18T11:50:41.116+0000] {processor.py:208} INFO - Processing /usr/local/python/3.12.1/lib/python3.12/site-packages/airflow/example_dags/example_python_decorator.py took 0.122 seconds
