[2025-03-18T10:51:59.042+0000] {processor.py:186} INFO - Started process (PID=49487) to work on /usr/local/python/3.12.1/lib/python3.12/site-packages/airflow/example_dags/example_external_task_marker_dag.py
[2025-03-18T10:51:59.042+0000] {processor.py:914} INFO - Processing file /usr/local/python/3.12.1/lib/python3.12/site-packages/airflow/example_dags/example_external_task_marker_dag.py for tasks to queue
[2025-03-18T10:51:59.044+0000] {logging_mixin.py:190} INFO - [2025-03-18T10:51:59.044+0000] {dagbag.py:588} INFO - Filling up the DagBag from /usr/local/python/3.12.1/lib/python3.12/site-packages/airflow/example_dags/example_external_task_marker_dag.py
[2025-03-18T10:51:59.050+0000] {processor.py:925} INFO - DAG(s) 'example_external_task_marker_parent', 'example_external_task_marker_child' retrieved from /usr/local/python/3.12.1/lib/python3.12/site-packages/airflow/example_dags/example_external_task_marker_dag.py
[2025-03-18T10:51:59.131+0000] {logging_mixin.py:190} INFO - [2025-03-18T10:51:59.131+0000] {override.py:1930} INFO - Created Permission View: can read on DAG:example_external_task_marker_parent
[2025-03-18T10:51:59.139+0000] {logging_mixin.py:190} INFO - [2025-03-18T10:51:59.139+0000] {override.py:1930} INFO - Created Permission View: can edit on DAG:example_external_task_marker_parent
[2025-03-18T10:51:59.145+0000] {logging_mixin.py:190} INFO - [2025-03-18T10:51:59.145+0000] {override.py:1930} INFO - Created Permission View: can delete on DAG:example_external_task_marker_parent
[2025-03-18T10:51:59.154+0000] {logging_mixin.py:190} INFO - [2025-03-18T10:51:59.153+0000] {override.py:1930} INFO - Created Permission View: can read on DAG Run:example_external_task_marker_parent
[2025-03-18T10:51:59.159+0000] {logging_mixin.py:190} INFO - [2025-03-18T10:51:59.159+0000] {override.py:1930} INFO - Created Permission View: can create on DAG Run:example_external_task_marker_parent
[2025-03-18T10:51:59.165+0000] {logging_mixin.py:190} INFO - [2025-03-18T10:51:59.164+0000] {override.py:1930} INFO - Created Permission View: menu access on DAG Run:example_external_task_marker_parent
[2025-03-18T10:51:59.170+0000] {logging_mixin.py:190} INFO - [2025-03-18T10:51:59.170+0000] {override.py:1930} INFO - Created Permission View: can delete on DAG Run:example_external_task_marker_parent
[2025-03-18T10:51:59.184+0000] {logging_mixin.py:190} INFO - [2025-03-18T10:51:59.184+0000] {override.py:1930} INFO - Created Permission View: can read on DAG:example_external_task_marker_child
[2025-03-18T10:51:59.189+0000] {logging_mixin.py:190} INFO - [2025-03-18T10:51:59.189+0000] {override.py:1930} INFO - Created Permission View: can edit on DAG:example_external_task_marker_child
[2025-03-18T10:51:59.195+0000] {logging_mixin.py:190} INFO - [2025-03-18T10:51:59.195+0000] {override.py:1930} INFO - Created Permission View: can delete on DAG:example_external_task_marker_child
[2025-03-18T10:51:59.204+0000] {logging_mixin.py:190} INFO - [2025-03-18T10:51:59.204+0000] {override.py:1930} INFO - Created Permission View: can read on DAG Run:example_external_task_marker_child
[2025-03-18T10:51:59.210+0000] {logging_mixin.py:190} INFO - [2025-03-18T10:51:59.209+0000] {override.py:1930} INFO - Created Permission View: can create on DAG Run:example_external_task_marker_child
[2025-03-18T10:51:59.215+0000] {logging_mixin.py:190} INFO - [2025-03-18T10:51:59.215+0000] {override.py:1930} INFO - Created Permission View: menu access on DAG Run:example_external_task_marker_child
[2025-03-18T10:51:59.220+0000] {logging_mixin.py:190} INFO - [2025-03-18T10:51:59.220+0000] {override.py:1930} INFO - Created Permission View: can delete on DAG Run:example_external_task_marker_child
[2025-03-18T10:51:59.221+0000] {logging_mixin.py:190} INFO - [2025-03-18T10:51:59.221+0000] {dag.py:3239} INFO - Sync 2 DAGs
[2025-03-18T10:51:59.229+0000] {logging_mixin.py:190} INFO - [2025-03-18T10:51:59.229+0000] {dag.py:3262} INFO - Creating ORM DAG for example_external_task_marker_parent
[2025-03-18T10:51:59.230+0000] {logging_mixin.py:190} INFO - [2025-03-18T10:51:59.230+0000] {dag.py:3262} INFO - Creating ORM DAG for example_external_task_marker_child
[2025-03-18T10:51:59.230+0000] {logging_mixin.py:190} INFO - [2025-03-18T10:51:59.230+0000] {dag.py:4180} INFO - Setting next_dagrun for example_external_task_marker_child to None, run_after=None
[2025-03-18T10:51:59.231+0000] {logging_mixin.py:190} INFO - [2025-03-18T10:51:59.231+0000] {dag.py:4180} INFO - Setting next_dagrun for example_external_task_marker_parent to None, run_after=None
[2025-03-18T10:51:59.245+0000] {processor.py:208} INFO - Processing /usr/local/python/3.12.1/lib/python3.12/site-packages/airflow/example_dags/example_external_task_marker_dag.py took 0.207 seconds
[2025-03-18T10:53:38.348+0000] {processor.py:186} INFO - Started process (PID=50766) to work on /usr/local/python/3.12.1/lib/python3.12/site-packages/airflow/example_dags/example_external_task_marker_dag.py
[2025-03-18T10:53:38.348+0000] {processor.py:914} INFO - Processing file /usr/local/python/3.12.1/lib/python3.12/site-packages/airflow/example_dags/example_external_task_marker_dag.py for tasks to queue
[2025-03-18T10:53:38.350+0000] {logging_mixin.py:190} INFO - [2025-03-18T10:53:38.350+0000] {dagbag.py:588} INFO - Filling up the DagBag from /usr/local/python/3.12.1/lib/python3.12/site-packages/airflow/example_dags/example_external_task_marker_dag.py
[2025-03-18T10:53:38.356+0000] {processor.py:925} INFO - DAG(s) 'example_external_task_marker_parent', 'example_external_task_marker_child' retrieved from /usr/local/python/3.12.1/lib/python3.12/site-packages/airflow/example_dags/example_external_task_marker_dag.py
[2025-03-18T10:53:38.369+0000] {logging_mixin.py:190} INFO - [2025-03-18T10:53:38.369+0000] {dag.py:3239} INFO - Sync 2 DAGs
[2025-03-18T10:53:38.379+0000] {logging_mixin.py:190} INFO - [2025-03-18T10:53:38.379+0000] {dag.py:4180} INFO - Setting next_dagrun for example_external_task_marker_child to None, run_after=None
[2025-03-18T10:53:38.381+0000] {logging_mixin.py:190} INFO - [2025-03-18T10:53:38.381+0000] {dag.py:4180} INFO - Setting next_dagrun for example_external_task_marker_parent to None, run_after=None
[2025-03-18T10:53:38.394+0000] {processor.py:208} INFO - Processing /usr/local/python/3.12.1/lib/python3.12/site-packages/airflow/example_dags/example_external_task_marker_dag.py took 0.050 seconds
[2025-03-18T10:54:33.953+0000] {processor.py:186} INFO - Started process (PID=51271) to work on /usr/local/python/3.12.1/lib/python3.12/site-packages/airflow/example_dags/example_external_task_marker_dag.py
[2025-03-18T10:54:33.954+0000] {processor.py:914} INFO - Processing file /usr/local/python/3.12.1/lib/python3.12/site-packages/airflow/example_dags/example_external_task_marker_dag.py for tasks to queue
[2025-03-18T10:54:33.955+0000] {logging_mixin.py:190} INFO - [2025-03-18T10:54:33.955+0000] {dagbag.py:588} INFO - Filling up the DagBag from /usr/local/python/3.12.1/lib/python3.12/site-packages/airflow/example_dags/example_external_task_marker_dag.py
[2025-03-18T10:54:33.962+0000] {processor.py:925} INFO - DAG(s) 'example_external_task_marker_child', 'example_external_task_marker_parent' retrieved from /usr/local/python/3.12.1/lib/python3.12/site-packages/airflow/example_dags/example_external_task_marker_dag.py
[2025-03-18T10:54:33.974+0000] {logging_mixin.py:190} INFO - [2025-03-18T10:54:33.974+0000] {dag.py:3239} INFO - Sync 2 DAGs
[2025-03-18T10:54:33.983+0000] {logging_mixin.py:190} INFO - [2025-03-18T10:54:33.983+0000] {dag.py:4180} INFO - Setting next_dagrun for example_external_task_marker_child to None, run_after=None
[2025-03-18T10:54:33.986+0000] {logging_mixin.py:190} INFO - [2025-03-18T10:54:33.986+0000] {dag.py:4180} INFO - Setting next_dagrun for example_external_task_marker_parent to None, run_after=None
[2025-03-18T10:54:33.998+0000] {processor.py:208} INFO - Processing /usr/local/python/3.12.1/lib/python3.12/site-packages/airflow/example_dags/example_external_task_marker_dag.py took 0.049 seconds
[2025-03-18T10:55:28.696+0000] {processor.py:186} INFO - Started process (PID=51784) to work on /usr/local/python/3.12.1/lib/python3.12/site-packages/airflow/example_dags/example_external_task_marker_dag.py
[2025-03-18T10:55:28.696+0000] {processor.py:914} INFO - Processing file /usr/local/python/3.12.1/lib/python3.12/site-packages/airflow/example_dags/example_external_task_marker_dag.py for tasks to queue
[2025-03-18T10:55:28.698+0000] {logging_mixin.py:190} INFO - [2025-03-18T10:55:28.697+0000] {dagbag.py:588} INFO - Filling up the DagBag from /usr/local/python/3.12.1/lib/python3.12/site-packages/airflow/example_dags/example_external_task_marker_dag.py
[2025-03-18T10:55:28.704+0000] {processor.py:925} INFO - DAG(s) 'example_external_task_marker_parent', 'example_external_task_marker_child' retrieved from /usr/local/python/3.12.1/lib/python3.12/site-packages/airflow/example_dags/example_external_task_marker_dag.py
[2025-03-18T10:55:28.717+0000] {logging_mixin.py:190} INFO - [2025-03-18T10:55:28.716+0000] {dag.py:3239} INFO - Sync 2 DAGs
[2025-03-18T10:55:28.727+0000] {logging_mixin.py:190} INFO - [2025-03-18T10:55:28.727+0000] {dag.py:4180} INFO - Setting next_dagrun for example_external_task_marker_child to None, run_after=None
[2025-03-18T10:55:28.729+0000] {logging_mixin.py:190} INFO - [2025-03-18T10:55:28.729+0000] {dag.py:4180} INFO - Setting next_dagrun for example_external_task_marker_parent to None, run_after=None
[2025-03-18T10:55:28.742+0000] {processor.py:208} INFO - Processing /usr/local/python/3.12.1/lib/python3.12/site-packages/airflow/example_dags/example_external_task_marker_dag.py took 0.050 seconds
[2025-03-18T10:56:21.822+0000] {processor.py:186} INFO - Started process (PID=52553) to work on /usr/local/python/3.12.1/lib/python3.12/site-packages/airflow/example_dags/example_external_task_marker_dag.py
[2025-03-18T10:56:21.823+0000] {processor.py:914} INFO - Processing file /usr/local/python/3.12.1/lib/python3.12/site-packages/airflow/example_dags/example_external_task_marker_dag.py for tasks to queue
[2025-03-18T10:56:21.825+0000] {logging_mixin.py:190} INFO - [2025-03-18T10:56:21.824+0000] {dagbag.py:588} INFO - Filling up the DagBag from /usr/local/python/3.12.1/lib/python3.12/site-packages/airflow/example_dags/example_external_task_marker_dag.py
[2025-03-18T10:56:21.832+0000] {processor.py:925} INFO - DAG(s) 'example_external_task_marker_child', 'example_external_task_marker_parent' retrieved from /usr/local/python/3.12.1/lib/python3.12/site-packages/airflow/example_dags/example_external_task_marker_dag.py
[2025-03-18T10:56:21.845+0000] {logging_mixin.py:190} INFO - [2025-03-18T10:56:21.845+0000] {dag.py:3239} INFO - Sync 2 DAGs
[2025-03-18T10:56:21.855+0000] {logging_mixin.py:190} INFO - [2025-03-18T10:56:21.854+0000] {dag.py:4180} INFO - Setting next_dagrun for example_external_task_marker_child to None, run_after=None
[2025-03-18T10:56:21.857+0000] {logging_mixin.py:190} INFO - [2025-03-18T10:56:21.857+0000] {dag.py:4180} INFO - Setting next_dagrun for example_external_task_marker_parent to None, run_after=None
[2025-03-18T10:56:21.870+0000] {processor.py:208} INFO - Processing /usr/local/python/3.12.1/lib/python3.12/site-packages/airflow/example_dags/example_external_task_marker_dag.py took 0.051 seconds
[2025-03-18T10:57:09.099+0000] {processor.py:186} INFO - Started process (PID=53013) to work on /usr/local/python/3.12.1/lib/python3.12/site-packages/airflow/example_dags/example_external_task_marker_dag.py
[2025-03-18T10:57:09.100+0000] {processor.py:914} INFO - Processing file /usr/local/python/3.12.1/lib/python3.12/site-packages/airflow/example_dags/example_external_task_marker_dag.py for tasks to queue
[2025-03-18T10:57:09.101+0000] {logging_mixin.py:190} INFO - [2025-03-18T10:57:09.101+0000] {dagbag.py:588} INFO - Filling up the DagBag from /usr/local/python/3.12.1/lib/python3.12/site-packages/airflow/example_dags/example_external_task_marker_dag.py
[2025-03-18T10:57:09.107+0000] {processor.py:925} INFO - DAG(s) 'example_external_task_marker_child', 'example_external_task_marker_parent' retrieved from /usr/local/python/3.12.1/lib/python3.12/site-packages/airflow/example_dags/example_external_task_marker_dag.py
[2025-03-18T10:57:09.119+0000] {logging_mixin.py:190} INFO - [2025-03-18T10:57:09.119+0000] {dag.py:3239} INFO - Sync 2 DAGs
[2025-03-18T10:57:09.129+0000] {logging_mixin.py:190} INFO - [2025-03-18T10:57:09.129+0000] {dag.py:4180} INFO - Setting next_dagrun for example_external_task_marker_child to None, run_after=None
[2025-03-18T10:57:09.131+0000] {logging_mixin.py:190} INFO - [2025-03-18T10:57:09.131+0000] {dag.py:4180} INFO - Setting next_dagrun for example_external_task_marker_parent to None, run_after=None
[2025-03-18T10:57:09.143+0000] {processor.py:208} INFO - Processing /usr/local/python/3.12.1/lib/python3.12/site-packages/airflow/example_dags/example_external_task_marker_dag.py took 0.048 seconds
[2025-03-18T10:57:59.508+0000] {processor.py:186} INFO - Started process (PID=53628) to work on /usr/local/python/3.12.1/lib/python3.12/site-packages/airflow/example_dags/example_external_task_marker_dag.py
[2025-03-18T10:57:59.508+0000] {processor.py:914} INFO - Processing file /usr/local/python/3.12.1/lib/python3.12/site-packages/airflow/example_dags/example_external_task_marker_dag.py for tasks to queue
[2025-03-18T10:57:59.510+0000] {logging_mixin.py:190} INFO - [2025-03-18T10:57:59.510+0000] {dagbag.py:588} INFO - Filling up the DagBag from /usr/local/python/3.12.1/lib/python3.12/site-packages/airflow/example_dags/example_external_task_marker_dag.py
[2025-03-18T10:57:59.516+0000] {processor.py:925} INFO - DAG(s) 'example_external_task_marker_parent', 'example_external_task_marker_child' retrieved from /usr/local/python/3.12.1/lib/python3.12/site-packages/airflow/example_dags/example_external_task_marker_dag.py
[2025-03-18T10:57:59.529+0000] {logging_mixin.py:190} INFO - [2025-03-18T10:57:59.529+0000] {dag.py:3239} INFO - Sync 2 DAGs
[2025-03-18T10:57:59.540+0000] {logging_mixin.py:190} INFO - [2025-03-18T10:57:59.540+0000] {dag.py:4180} INFO - Setting next_dagrun for example_external_task_marker_child to None, run_after=None
[2025-03-18T10:57:59.543+0000] {logging_mixin.py:190} INFO - [2025-03-18T10:57:59.543+0000] {dag.py:4180} INFO - Setting next_dagrun for example_external_task_marker_parent to None, run_after=None
[2025-03-18T10:57:59.559+0000] {processor.py:208} INFO - Processing /usr/local/python/3.12.1/lib/python3.12/site-packages/airflow/example_dags/example_external_task_marker_dag.py took 0.055 seconds
[2025-03-18T10:58:48.083+0000] {processor.py:186} INFO - Started process (PID=54065) to work on /usr/local/python/3.12.1/lib/python3.12/site-packages/airflow/example_dags/example_external_task_marker_dag.py
[2025-03-18T10:58:48.084+0000] {processor.py:914} INFO - Processing file /usr/local/python/3.12.1/lib/python3.12/site-packages/airflow/example_dags/example_external_task_marker_dag.py for tasks to queue
[2025-03-18T10:58:48.085+0000] {logging_mixin.py:190} INFO - [2025-03-18T10:58:48.085+0000] {dagbag.py:588} INFO - Filling up the DagBag from /usr/local/python/3.12.1/lib/python3.12/site-packages/airflow/example_dags/example_external_task_marker_dag.py
[2025-03-18T10:58:48.092+0000] {processor.py:925} INFO - DAG(s) 'example_external_task_marker_parent', 'example_external_task_marker_child' retrieved from /usr/local/python/3.12.1/lib/python3.12/site-packages/airflow/example_dags/example_external_task_marker_dag.py
[2025-03-18T10:58:48.104+0000] {logging_mixin.py:190} INFO - [2025-03-18T10:58:48.104+0000] {dag.py:3239} INFO - Sync 2 DAGs
[2025-03-18T10:58:48.113+0000] {logging_mixin.py:190} INFO - [2025-03-18T10:58:48.113+0000] {dag.py:4180} INFO - Setting next_dagrun for example_external_task_marker_child to None, run_after=None
[2025-03-18T10:58:48.116+0000] {logging_mixin.py:190} INFO - [2025-03-18T10:58:48.116+0000] {dag.py:4180} INFO - Setting next_dagrun for example_external_task_marker_parent to None, run_after=None
[2025-03-18T10:58:48.129+0000] {processor.py:208} INFO - Processing /usr/local/python/3.12.1/lib/python3.12/site-packages/airflow/example_dags/example_external_task_marker_dag.py took 0.049 seconds
[2025-03-18T10:59:59.844+0000] {processor.py:186} INFO - Started process (PID=54925) to work on /usr/local/python/3.12.1/lib/python3.12/site-packages/airflow/example_dags/example_external_task_marker_dag.py
[2025-03-18T10:59:59.845+0000] {processor.py:914} INFO - Processing file /usr/local/python/3.12.1/lib/python3.12/site-packages/airflow/example_dags/example_external_task_marker_dag.py for tasks to queue
[2025-03-18T10:59:59.846+0000] {logging_mixin.py:190} INFO - [2025-03-18T10:59:59.846+0000] {dagbag.py:588} INFO - Filling up the DagBag from /usr/local/python/3.12.1/lib/python3.12/site-packages/airflow/example_dags/example_external_task_marker_dag.py
[2025-03-18T10:59:59.852+0000] {processor.py:925} INFO - DAG(s) 'example_external_task_marker_child', 'example_external_task_marker_parent' retrieved from /usr/local/python/3.12.1/lib/python3.12/site-packages/airflow/example_dags/example_external_task_marker_dag.py
[2025-03-18T10:59:59.864+0000] {logging_mixin.py:190} INFO - [2025-03-18T10:59:59.864+0000] {dag.py:3239} INFO - Sync 2 DAGs
[2025-03-18T10:59:59.873+0000] {logging_mixin.py:190} INFO - [2025-03-18T10:59:59.873+0000] {dag.py:4180} INFO - Setting next_dagrun for example_external_task_marker_child to None, run_after=None
[2025-03-18T10:59:59.876+0000] {logging_mixin.py:190} INFO - [2025-03-18T10:59:59.875+0000] {dag.py:4180} INFO - Setting next_dagrun for example_external_task_marker_parent to None, run_after=None
[2025-03-18T10:59:59.888+0000] {processor.py:208} INFO - Processing /usr/local/python/3.12.1/lib/python3.12/site-packages/airflow/example_dags/example_external_task_marker_dag.py took 0.048 seconds
[2025-03-18T11:00:50.314+0000] {processor.py:186} INFO - Started process (PID=56231) to work on /usr/local/python/3.12.1/lib/python3.12/site-packages/airflow/example_dags/example_external_task_marker_dag.py
[2025-03-18T11:00:50.314+0000] {processor.py:914} INFO - Processing file /usr/local/python/3.12.1/lib/python3.12/site-packages/airflow/example_dags/example_external_task_marker_dag.py for tasks to queue
[2025-03-18T11:00:50.316+0000] {logging_mixin.py:190} INFO - [2025-03-18T11:00:50.316+0000] {dagbag.py:588} INFO - Filling up the DagBag from /usr/local/python/3.12.1/lib/python3.12/site-packages/airflow/example_dags/example_external_task_marker_dag.py
[2025-03-18T11:00:50.322+0000] {processor.py:925} INFO - DAG(s) 'example_external_task_marker_parent', 'example_external_task_marker_child' retrieved from /usr/local/python/3.12.1/lib/python3.12/site-packages/airflow/example_dags/example_external_task_marker_dag.py
[2025-03-18T11:00:50.336+0000] {logging_mixin.py:190} INFO - [2025-03-18T11:00:50.335+0000] {dag.py:3239} INFO - Sync 2 DAGs
[2025-03-18T11:00:50.345+0000] {logging_mixin.py:190} INFO - [2025-03-18T11:00:50.345+0000] {dag.py:4180} INFO - Setting next_dagrun for example_external_task_marker_child to None, run_after=None
[2025-03-18T11:00:50.348+0000] {logging_mixin.py:190} INFO - [2025-03-18T11:00:50.348+0000] {dag.py:4180} INFO - Setting next_dagrun for example_external_task_marker_parent to None, run_after=None
[2025-03-18T11:00:50.362+0000] {processor.py:208} INFO - Processing /usr/local/python/3.12.1/lib/python3.12/site-packages/airflow/example_dags/example_external_task_marker_dag.py took 0.053 seconds
[2025-03-18T11:01:41.694+0000] {processor.py:186} INFO - Started process (PID=57854) to work on /usr/local/python/3.12.1/lib/python3.12/site-packages/airflow/example_dags/example_external_task_marker_dag.py
[2025-03-18T11:01:41.694+0000] {processor.py:914} INFO - Processing file /usr/local/python/3.12.1/lib/python3.12/site-packages/airflow/example_dags/example_external_task_marker_dag.py for tasks to queue
[2025-03-18T11:01:41.696+0000] {logging_mixin.py:190} INFO - [2025-03-18T11:01:41.696+0000] {dagbag.py:588} INFO - Filling up the DagBag from /usr/local/python/3.12.1/lib/python3.12/site-packages/airflow/example_dags/example_external_task_marker_dag.py
[2025-03-18T11:01:41.702+0000] {processor.py:925} INFO - DAG(s) 'example_external_task_marker_parent', 'example_external_task_marker_child' retrieved from /usr/local/python/3.12.1/lib/python3.12/site-packages/airflow/example_dags/example_external_task_marker_dag.py
[2025-03-18T11:01:41.719+0000] {logging_mixin.py:190} INFO - [2025-03-18T11:01:41.719+0000] {dag.py:3239} INFO - Sync 2 DAGs
[2025-03-18T11:01:41.732+0000] {logging_mixin.py:190} INFO - [2025-03-18T11:01:41.732+0000] {dag.py:4180} INFO - Setting next_dagrun for example_external_task_marker_child to None, run_after=None
[2025-03-18T11:01:41.735+0000] {logging_mixin.py:190} INFO - [2025-03-18T11:01:41.734+0000] {dag.py:4180} INFO - Setting next_dagrun for example_external_task_marker_parent to None, run_after=None
[2025-03-18T11:01:41.748+0000] {processor.py:208} INFO - Processing /usr/local/python/3.12.1/lib/python3.12/site-packages/airflow/example_dags/example_external_task_marker_dag.py took 0.059 seconds
[2025-03-18T11:02:33.092+0000] {processor.py:186} INFO - Started process (PID=58259) to work on /usr/local/python/3.12.1/lib/python3.12/site-packages/airflow/example_dags/example_external_task_marker_dag.py
[2025-03-18T11:02:33.092+0000] {processor.py:914} INFO - Processing file /usr/local/python/3.12.1/lib/python3.12/site-packages/airflow/example_dags/example_external_task_marker_dag.py for tasks to queue
[2025-03-18T11:02:33.094+0000] {logging_mixin.py:190} INFO - [2025-03-18T11:02:33.094+0000] {dagbag.py:588} INFO - Filling up the DagBag from /usr/local/python/3.12.1/lib/python3.12/site-packages/airflow/example_dags/example_external_task_marker_dag.py
[2025-03-18T11:02:33.100+0000] {processor.py:925} INFO - DAG(s) 'example_external_task_marker_parent', 'example_external_task_marker_child' retrieved from /usr/local/python/3.12.1/lib/python3.12/site-packages/airflow/example_dags/example_external_task_marker_dag.py
[2025-03-18T11:02:33.112+0000] {logging_mixin.py:190} INFO - [2025-03-18T11:02:33.112+0000] {dag.py:3239} INFO - Sync 2 DAGs
[2025-03-18T11:02:33.122+0000] {logging_mixin.py:190} INFO - [2025-03-18T11:02:33.122+0000] {dag.py:4180} INFO - Setting next_dagrun for example_external_task_marker_child to None, run_after=None
[2025-03-18T11:02:33.124+0000] {logging_mixin.py:190} INFO - [2025-03-18T11:02:33.124+0000] {dag.py:4180} INFO - Setting next_dagrun for example_external_task_marker_parent to None, run_after=None
[2025-03-18T11:02:33.137+0000] {processor.py:208} INFO - Processing /usr/local/python/3.12.1/lib/python3.12/site-packages/airflow/example_dags/example_external_task_marker_dag.py took 0.050 seconds
[2025-03-18T11:03:42.732+0000] {processor.py:186} INFO - Started process (PID=58824) to work on /usr/local/python/3.12.1/lib/python3.12/site-packages/airflow/example_dags/example_external_task_marker_dag.py
[2025-03-18T11:03:42.733+0000] {processor.py:914} INFO - Processing file /usr/local/python/3.12.1/lib/python3.12/site-packages/airflow/example_dags/example_external_task_marker_dag.py for tasks to queue
[2025-03-18T11:03:42.734+0000] {logging_mixin.py:190} INFO - [2025-03-18T11:03:42.734+0000] {dagbag.py:588} INFO - Filling up the DagBag from /usr/local/python/3.12.1/lib/python3.12/site-packages/airflow/example_dags/example_external_task_marker_dag.py
[2025-03-18T11:03:42.740+0000] {processor.py:925} INFO - DAG(s) 'example_external_task_marker_child', 'example_external_task_marker_parent' retrieved from /usr/local/python/3.12.1/lib/python3.12/site-packages/airflow/example_dags/example_external_task_marker_dag.py
[2025-03-18T11:03:42.752+0000] {logging_mixin.py:190} INFO - [2025-03-18T11:03:42.752+0000] {dag.py:3239} INFO - Sync 2 DAGs
[2025-03-18T11:03:42.761+0000] {logging_mixin.py:190} INFO - [2025-03-18T11:03:42.761+0000] {dag.py:4180} INFO - Setting next_dagrun for example_external_task_marker_child to None, run_after=None
[2025-03-18T11:03:42.765+0000] {logging_mixin.py:190} INFO - [2025-03-18T11:03:42.764+0000] {dag.py:4180} INFO - Setting next_dagrun for example_external_task_marker_parent to None, run_after=None
[2025-03-18T11:03:42.778+0000] {processor.py:208} INFO - Processing /usr/local/python/3.12.1/lib/python3.12/site-packages/airflow/example_dags/example_external_task_marker_dag.py took 0.050 seconds
[2025-03-18T11:04:32.278+0000] {processor.py:186} INFO - Started process (PID=59215) to work on /usr/local/python/3.12.1/lib/python3.12/site-packages/airflow/example_dags/example_external_task_marker_dag.py
[2025-03-18T11:04:32.278+0000] {processor.py:914} INFO - Processing file /usr/local/python/3.12.1/lib/python3.12/site-packages/airflow/example_dags/example_external_task_marker_dag.py for tasks to queue
[2025-03-18T11:04:32.280+0000] {logging_mixin.py:190} INFO - [2025-03-18T11:04:32.280+0000] {dagbag.py:588} INFO - Filling up the DagBag from /usr/local/python/3.12.1/lib/python3.12/site-packages/airflow/example_dags/example_external_task_marker_dag.py
[2025-03-18T11:04:32.286+0000] {processor.py:925} INFO - DAG(s) 'example_external_task_marker_parent', 'example_external_task_marker_child' retrieved from /usr/local/python/3.12.1/lib/python3.12/site-packages/airflow/example_dags/example_external_task_marker_dag.py
[2025-03-18T11:04:32.299+0000] {logging_mixin.py:190} INFO - [2025-03-18T11:04:32.298+0000] {dag.py:3239} INFO - Sync 2 DAGs
[2025-03-18T11:04:32.308+0000] {logging_mixin.py:190} INFO - [2025-03-18T11:04:32.308+0000] {dag.py:4180} INFO - Setting next_dagrun for example_external_task_marker_child to None, run_after=None
[2025-03-18T11:04:32.311+0000] {logging_mixin.py:190} INFO - [2025-03-18T11:04:32.311+0000] {dag.py:4180} INFO - Setting next_dagrun for example_external_task_marker_parent to None, run_after=None
[2025-03-18T11:04:32.324+0000] {processor.py:208} INFO - Processing /usr/local/python/3.12.1/lib/python3.12/site-packages/airflow/example_dags/example_external_task_marker_dag.py took 0.050 seconds
[2025-03-18T11:05:45.974+0000] {processor.py:186} INFO - Started process (PID=59814) to work on /usr/local/python/3.12.1/lib/python3.12/site-packages/airflow/example_dags/example_external_task_marker_dag.py
[2025-03-18T11:05:45.975+0000] {processor.py:914} INFO - Processing file /usr/local/python/3.12.1/lib/python3.12/site-packages/airflow/example_dags/example_external_task_marker_dag.py for tasks to queue
[2025-03-18T11:05:45.976+0000] {logging_mixin.py:190} INFO - [2025-03-18T11:05:45.976+0000] {dagbag.py:588} INFO - Filling up the DagBag from /usr/local/python/3.12.1/lib/python3.12/site-packages/airflow/example_dags/example_external_task_marker_dag.py
[2025-03-18T11:05:45.982+0000] {processor.py:925} INFO - DAG(s) 'example_external_task_marker_child', 'example_external_task_marker_parent' retrieved from /usr/local/python/3.12.1/lib/python3.12/site-packages/airflow/example_dags/example_external_task_marker_dag.py
[2025-03-18T11:05:45.994+0000] {logging_mixin.py:190} INFO - [2025-03-18T11:05:45.994+0000] {dag.py:3239} INFO - Sync 2 DAGs
[2025-03-18T11:05:46.003+0000] {logging_mixin.py:190} INFO - [2025-03-18T11:05:46.003+0000] {dag.py:4180} INFO - Setting next_dagrun for example_external_task_marker_child to None, run_after=None
[2025-03-18T11:05:46.005+0000] {logging_mixin.py:190} INFO - [2025-03-18T11:05:46.005+0000] {dag.py:4180} INFO - Setting next_dagrun for example_external_task_marker_parent to None, run_after=None
[2025-03-18T11:05:46.020+0000] {processor.py:208} INFO - Processing /usr/local/python/3.12.1/lib/python3.12/site-packages/airflow/example_dags/example_external_task_marker_dag.py took 0.050 seconds
[2025-03-18T11:06:35.612+0000] {processor.py:186} INFO - Started process (PID=60187) to work on /usr/local/python/3.12.1/lib/python3.12/site-packages/airflow/example_dags/example_external_task_marker_dag.py
[2025-03-18T11:06:35.613+0000] {processor.py:914} INFO - Processing file /usr/local/python/3.12.1/lib/python3.12/site-packages/airflow/example_dags/example_external_task_marker_dag.py for tasks to queue
[2025-03-18T11:06:35.614+0000] {logging_mixin.py:190} INFO - [2025-03-18T11:06:35.614+0000] {dagbag.py:588} INFO - Filling up the DagBag from /usr/local/python/3.12.1/lib/python3.12/site-packages/airflow/example_dags/example_external_task_marker_dag.py
[2025-03-18T11:06:35.620+0000] {processor.py:925} INFO - DAG(s) 'example_external_task_marker_parent', 'example_external_task_marker_child' retrieved from /usr/local/python/3.12.1/lib/python3.12/site-packages/airflow/example_dags/example_external_task_marker_dag.py
[2025-03-18T11:06:35.635+0000] {logging_mixin.py:190} INFO - [2025-03-18T11:06:35.635+0000] {dag.py:3239} INFO - Sync 2 DAGs
[2025-03-18T11:06:35.649+0000] {logging_mixin.py:190} INFO - [2025-03-18T11:06:35.649+0000] {dag.py:4180} INFO - Setting next_dagrun for example_external_task_marker_child to None, run_after=None
[2025-03-18T11:06:35.653+0000] {logging_mixin.py:190} INFO - [2025-03-18T11:06:35.653+0000] {dag.py:4180} INFO - Setting next_dagrun for example_external_task_marker_parent to None, run_after=None
[2025-03-18T11:06:35.669+0000] {processor.py:208} INFO - Processing /usr/local/python/3.12.1/lib/python3.12/site-packages/airflow/example_dags/example_external_task_marker_dag.py took 0.061 seconds
[2025-03-18T11:07:26.958+0000] {processor.py:186} INFO - Started process (PID=60616) to work on /usr/local/python/3.12.1/lib/python3.12/site-packages/airflow/example_dags/example_external_task_marker_dag.py
[2025-03-18T11:07:26.958+0000] {processor.py:914} INFO - Processing file /usr/local/python/3.12.1/lib/python3.12/site-packages/airflow/example_dags/example_external_task_marker_dag.py for tasks to queue
[2025-03-18T11:07:26.960+0000] {logging_mixin.py:190} INFO - [2025-03-18T11:07:26.959+0000] {dagbag.py:588} INFO - Filling up the DagBag from /usr/local/python/3.12.1/lib/python3.12/site-packages/airflow/example_dags/example_external_task_marker_dag.py
[2025-03-18T11:07:26.966+0000] {processor.py:925} INFO - DAG(s) 'example_external_task_marker_child', 'example_external_task_marker_parent' retrieved from /usr/local/python/3.12.1/lib/python3.12/site-packages/airflow/example_dags/example_external_task_marker_dag.py
[2025-03-18T11:07:26.978+0000] {logging_mixin.py:190} INFO - [2025-03-18T11:07:26.977+0000] {dag.py:3239} INFO - Sync 2 DAGs
[2025-03-18T11:07:26.987+0000] {logging_mixin.py:190} INFO - [2025-03-18T11:07:26.987+0000] {dag.py:4180} INFO - Setting next_dagrun for example_external_task_marker_child to None, run_after=None
[2025-03-18T11:07:26.989+0000] {logging_mixin.py:190} INFO - [2025-03-18T11:07:26.989+0000] {dag.py:4180} INFO - Setting next_dagrun for example_external_task_marker_parent to None, run_after=None
[2025-03-18T11:07:27.002+0000] {processor.py:208} INFO - Processing /usr/local/python/3.12.1/lib/python3.12/site-packages/airflow/example_dags/example_external_task_marker_dag.py took 0.049 seconds
[2025-03-18T11:08:18.362+0000] {processor.py:186} INFO - Started process (PID=61045) to work on /usr/local/python/3.12.1/lib/python3.12/site-packages/airflow/example_dags/example_external_task_marker_dag.py
[2025-03-18T11:08:18.362+0000] {processor.py:914} INFO - Processing file /usr/local/python/3.12.1/lib/python3.12/site-packages/airflow/example_dags/example_external_task_marker_dag.py for tasks to queue
[2025-03-18T11:08:18.364+0000] {logging_mixin.py:190} INFO - [2025-03-18T11:08:18.364+0000] {dagbag.py:588} INFO - Filling up the DagBag from /usr/local/python/3.12.1/lib/python3.12/site-packages/airflow/example_dags/example_external_task_marker_dag.py
[2025-03-18T11:08:18.370+0000] {processor.py:925} INFO - DAG(s) 'example_external_task_marker_child', 'example_external_task_marker_parent' retrieved from /usr/local/python/3.12.1/lib/python3.12/site-packages/airflow/example_dags/example_external_task_marker_dag.py
[2025-03-18T11:08:18.382+0000] {logging_mixin.py:190} INFO - [2025-03-18T11:08:18.382+0000] {dag.py:3239} INFO - Sync 2 DAGs
[2025-03-18T11:08:18.391+0000] {logging_mixin.py:190} INFO - [2025-03-18T11:08:18.391+0000] {dag.py:4180} INFO - Setting next_dagrun for example_external_task_marker_child to None, run_after=None
[2025-03-18T11:08:18.393+0000] {logging_mixin.py:190} INFO - [2025-03-18T11:08:18.393+0000] {dag.py:4180} INFO - Setting next_dagrun for example_external_task_marker_parent to None, run_after=None
[2025-03-18T11:08:18.406+0000] {processor.py:208} INFO - Processing /usr/local/python/3.12.1/lib/python3.12/site-packages/airflow/example_dags/example_external_task_marker_dag.py took 0.048 seconds
[2025-03-18T11:09:32.840+0000] {processor.py:186} INFO - Started process (PID=61667) to work on /usr/local/python/3.12.1/lib/python3.12/site-packages/airflow/example_dags/example_external_task_marker_dag.py
[2025-03-18T11:09:32.840+0000] {processor.py:914} INFO - Processing file /usr/local/python/3.12.1/lib/python3.12/site-packages/airflow/example_dags/example_external_task_marker_dag.py for tasks to queue
[2025-03-18T11:09:32.842+0000] {logging_mixin.py:190} INFO - [2025-03-18T11:09:32.842+0000] {dagbag.py:588} INFO - Filling up the DagBag from /usr/local/python/3.12.1/lib/python3.12/site-packages/airflow/example_dags/example_external_task_marker_dag.py
[2025-03-18T11:09:32.848+0000] {processor.py:925} INFO - DAG(s) 'example_external_task_marker_child', 'example_external_task_marker_parent' retrieved from /usr/local/python/3.12.1/lib/python3.12/site-packages/airflow/example_dags/example_external_task_marker_dag.py
[2025-03-18T11:09:32.860+0000] {logging_mixin.py:190} INFO - [2025-03-18T11:09:32.860+0000] {dag.py:3239} INFO - Sync 2 DAGs
[2025-03-18T11:09:32.870+0000] {logging_mixin.py:190} INFO - [2025-03-18T11:09:32.870+0000] {dag.py:4180} INFO - Setting next_dagrun for example_external_task_marker_child to None, run_after=None
[2025-03-18T11:09:32.872+0000] {logging_mixin.py:190} INFO - [2025-03-18T11:09:32.872+0000] {dag.py:4180} INFO - Setting next_dagrun for example_external_task_marker_parent to None, run_after=None
[2025-03-18T11:09:32.885+0000] {processor.py:208} INFO - Processing /usr/local/python/3.12.1/lib/python3.12/site-packages/airflow/example_dags/example_external_task_marker_dag.py took 0.049 seconds
[2025-03-18T11:10:25.210+0000] {processor.py:186} INFO - Started process (PID=62122) to work on /usr/local/python/3.12.1/lib/python3.12/site-packages/airflow/example_dags/example_external_task_marker_dag.py
[2025-03-18T11:10:25.210+0000] {processor.py:914} INFO - Processing file /usr/local/python/3.12.1/lib/python3.12/site-packages/airflow/example_dags/example_external_task_marker_dag.py for tasks to queue
[2025-03-18T11:10:25.212+0000] {logging_mixin.py:190} INFO - [2025-03-18T11:10:25.211+0000] {dagbag.py:588} INFO - Filling up the DagBag from /usr/local/python/3.12.1/lib/python3.12/site-packages/airflow/example_dags/example_external_task_marker_dag.py
[2025-03-18T11:10:25.218+0000] {processor.py:925} INFO - DAG(s) 'example_external_task_marker_parent', 'example_external_task_marker_child' retrieved from /usr/local/python/3.12.1/lib/python3.12/site-packages/airflow/example_dags/example_external_task_marker_dag.py
[2025-03-18T11:10:25.230+0000] {logging_mixin.py:190} INFO - [2025-03-18T11:10:25.230+0000] {dag.py:3239} INFO - Sync 2 DAGs
[2025-03-18T11:10:25.239+0000] {logging_mixin.py:190} INFO - [2025-03-18T11:10:25.239+0000] {dag.py:4180} INFO - Setting next_dagrun for example_external_task_marker_child to None, run_after=None
[2025-03-18T11:10:25.241+0000] {logging_mixin.py:190} INFO - [2025-03-18T11:10:25.241+0000] {dag.py:4180} INFO - Setting next_dagrun for example_external_task_marker_parent to None, run_after=None
[2025-03-18T11:10:25.254+0000] {processor.py:208} INFO - Processing /usr/local/python/3.12.1/lib/python3.12/site-packages/airflow/example_dags/example_external_task_marker_dag.py took 0.048 seconds
[2025-03-18T11:11:14.164+0000] {processor.py:186} INFO - Started process (PID=62555) to work on /usr/local/python/3.12.1/lib/python3.12/site-packages/airflow/example_dags/example_external_task_marker_dag.py
[2025-03-18T11:11:14.164+0000] {processor.py:914} INFO - Processing file /usr/local/python/3.12.1/lib/python3.12/site-packages/airflow/example_dags/example_external_task_marker_dag.py for tasks to queue
[2025-03-18T11:11:14.166+0000] {logging_mixin.py:190} INFO - [2025-03-18T11:11:14.165+0000] {dagbag.py:588} INFO - Filling up the DagBag from /usr/local/python/3.12.1/lib/python3.12/site-packages/airflow/example_dags/example_external_task_marker_dag.py
[2025-03-18T11:11:14.172+0000] {processor.py:925} INFO - DAG(s) 'example_external_task_marker_parent', 'example_external_task_marker_child' retrieved from /usr/local/python/3.12.1/lib/python3.12/site-packages/airflow/example_dags/example_external_task_marker_dag.py
[2025-03-18T11:11:14.184+0000] {logging_mixin.py:190} INFO - [2025-03-18T11:11:14.184+0000] {dag.py:3239} INFO - Sync 2 DAGs
[2025-03-18T11:11:14.193+0000] {logging_mixin.py:190} INFO - [2025-03-18T11:11:14.193+0000] {dag.py:4180} INFO - Setting next_dagrun for example_external_task_marker_child to None, run_after=None
[2025-03-18T11:11:14.196+0000] {logging_mixin.py:190} INFO - [2025-03-18T11:11:14.196+0000] {dag.py:4180} INFO - Setting next_dagrun for example_external_task_marker_parent to None, run_after=None
[2025-03-18T11:11:14.209+0000] {processor.py:208} INFO - Processing /usr/local/python/3.12.1/lib/python3.12/site-packages/airflow/example_dags/example_external_task_marker_dag.py took 0.050 seconds
