[2025-03-18T10:52:00.374+0000] {processor.py:186} INFO - Started process (PID=49495) to work on /usr/local/python/3.12.1/lib/python3.12/site-packages/airflow/example_dags/example_display_name.py
[2025-03-18T10:52:00.375+0000] {processor.py:914} INFO - Processing file /usr/local/python/3.12.1/lib/python3.12/site-packages/airflow/example_dags/example_display_name.py for tasks to queue
[2025-03-18T10:52:00.377+0000] {logging_mixin.py:190} INFO - [2025-03-18T10:52:00.376+0000] {dagbag.py:588} INFO - Filling up the DagBag from /usr/local/python/3.12.1/lib/python3.12/site-packages/airflow/example_dags/example_display_name.py
[2025-03-18T10:52:00.382+0000] {processor.py:925} INFO - DAG(s) 'example_display_name' retrieved from /usr/local/python/3.12.1/lib/python3.12/site-packages/airflow/example_dags/example_display_name.py
[2025-03-18T10:52:00.463+0000] {logging_mixin.py:190} INFO - [2025-03-18T10:52:00.463+0000] {override.py:1930} INFO - Created Permission View: can read on DAG:example_display_name
[2025-03-18T10:52:00.471+0000] {logging_mixin.py:190} INFO - [2025-03-18T10:52:00.471+0000] {override.py:1930} INFO - Created Permission View: can edit on DAG:example_display_name
[2025-03-18T10:52:00.477+0000] {logging_mixin.py:190} INFO - [2025-03-18T10:52:00.477+0000] {override.py:1930} INFO - Created Permission View: can delete on DAG:example_display_name
[2025-03-18T10:52:00.485+0000] {logging_mixin.py:190} INFO - [2025-03-18T10:52:00.485+0000] {override.py:1930} INFO - Created Permission View: can read on DAG Run:example_display_name
[2025-03-18T10:52:00.491+0000] {logging_mixin.py:190} INFO - [2025-03-18T10:52:00.491+0000] {override.py:1930} INFO - Created Permission View: can create on DAG Run:example_display_name
[2025-03-18T10:52:00.497+0000] {logging_mixin.py:190} INFO - [2025-03-18T10:52:00.497+0000] {override.py:1930} INFO - Created Permission View: menu access on DAG Run:example_display_name
[2025-03-18T10:52:00.502+0000] {logging_mixin.py:190} INFO - [2025-03-18T10:52:00.502+0000] {override.py:1930} INFO - Created Permission View: can delete on DAG Run:example_display_name
[2025-03-18T10:52:00.503+0000] {logging_mixin.py:190} INFO - [2025-03-18T10:52:00.502+0000] {dag.py:3239} INFO - Sync 1 DAGs
[2025-03-18T10:52:00.511+0000] {logging_mixin.py:190} INFO - [2025-03-18T10:52:00.511+0000] {dag.py:3262} INFO - Creating ORM DAG for example_display_name
[2025-03-18T10:52:00.512+0000] {logging_mixin.py:190} INFO - [2025-03-18T10:52:00.512+0000] {dag.py:4180} INFO - Setting next_dagrun for example_display_name to None, run_after=None
[2025-03-18T10:52:00.526+0000] {processor.py:208} INFO - Processing /usr/local/python/3.12.1/lib/python3.12/site-packages/airflow/example_dags/example_display_name.py took 0.155 seconds
[2025-03-18T10:53:39.486+0000] {processor.py:186} INFO - Started process (PID=50775) to work on /usr/local/python/3.12.1/lib/python3.12/site-packages/airflow/example_dags/example_display_name.py
[2025-03-18T10:53:39.487+0000] {processor.py:914} INFO - Processing file /usr/local/python/3.12.1/lib/python3.12/site-packages/airflow/example_dags/example_display_name.py for tasks to queue
[2025-03-18T10:53:39.489+0000] {logging_mixin.py:190} INFO - [2025-03-18T10:53:39.489+0000] {dagbag.py:588} INFO - Filling up the DagBag from /usr/local/python/3.12.1/lib/python3.12/site-packages/airflow/example_dags/example_display_name.py
[2025-03-18T10:53:39.495+0000] {processor.py:925} INFO - DAG(s) 'example_display_name' retrieved from /usr/local/python/3.12.1/lib/python3.12/site-packages/airflow/example_dags/example_display_name.py
[2025-03-18T10:53:39.509+0000] {logging_mixin.py:190} INFO - [2025-03-18T10:53:39.509+0000] {dag.py:3239} INFO - Sync 1 DAGs
[2025-03-18T10:53:39.524+0000] {logging_mixin.py:190} INFO - [2025-03-18T10:53:39.524+0000] {dag.py:4180} INFO - Setting next_dagrun for example_display_name to None, run_after=None
[2025-03-18T10:53:39.543+0000] {processor.py:208} INFO - Processing /usr/local/python/3.12.1/lib/python3.12/site-packages/airflow/example_dags/example_display_name.py took 0.062 seconds
[2025-03-18T10:54:35.089+0000] {processor.py:186} INFO - Started process (PID=51279) to work on /usr/local/python/3.12.1/lib/python3.12/site-packages/airflow/example_dags/example_display_name.py
[2025-03-18T10:54:35.090+0000] {processor.py:914} INFO - Processing file /usr/local/python/3.12.1/lib/python3.12/site-packages/airflow/example_dags/example_display_name.py for tasks to queue
[2025-03-18T10:54:35.092+0000] {logging_mixin.py:190} INFO - [2025-03-18T10:54:35.091+0000] {dagbag.py:588} INFO - Filling up the DagBag from /usr/local/python/3.12.1/lib/python3.12/site-packages/airflow/example_dags/example_display_name.py
[2025-03-18T10:54:35.099+0000] {processor.py:925} INFO - DAG(s) 'example_display_name' retrieved from /usr/local/python/3.12.1/lib/python3.12/site-packages/airflow/example_dags/example_display_name.py
[2025-03-18T10:54:35.115+0000] {logging_mixin.py:190} INFO - [2025-03-18T10:54:35.114+0000] {dag.py:3239} INFO - Sync 1 DAGs
[2025-03-18T10:54:35.130+0000] {logging_mixin.py:190} INFO - [2025-03-18T10:54:35.129+0000] {dag.py:4180} INFO - Setting next_dagrun for example_display_name to None, run_after=None
[2025-03-18T10:54:35.145+0000] {processor.py:208} INFO - Processing /usr/local/python/3.12.1/lib/python3.12/site-packages/airflow/example_dags/example_display_name.py took 0.060 seconds
[2025-03-18T10:55:29.299+0000] {processor.py:186} INFO - Started process (PID=51798) to work on /usr/local/python/3.12.1/lib/python3.12/site-packages/airflow/example_dags/example_display_name.py
[2025-03-18T10:55:29.300+0000] {processor.py:914} INFO - Processing file /usr/local/python/3.12.1/lib/python3.12/site-packages/airflow/example_dags/example_display_name.py for tasks to queue
[2025-03-18T10:55:29.301+0000] {logging_mixin.py:190} INFO - [2025-03-18T10:55:29.301+0000] {dagbag.py:588} INFO - Filling up the DagBag from /usr/local/python/3.12.1/lib/python3.12/site-packages/airflow/example_dags/example_display_name.py
[2025-03-18T10:55:29.307+0000] {processor.py:925} INFO - DAG(s) 'example_display_name' retrieved from /usr/local/python/3.12.1/lib/python3.12/site-packages/airflow/example_dags/example_display_name.py
[2025-03-18T10:55:29.317+0000] {logging_mixin.py:190} INFO - [2025-03-18T10:55:29.317+0000] {dag.py:3239} INFO - Sync 1 DAGs
[2025-03-18T10:55:29.326+0000] {logging_mixin.py:190} INFO - [2025-03-18T10:55:29.326+0000] {dag.py:4180} INFO - Setting next_dagrun for example_display_name to None, run_after=None
[2025-03-18T10:55:29.341+0000] {processor.py:208} INFO - Processing /usr/local/python/3.12.1/lib/python3.12/site-packages/airflow/example_dags/example_display_name.py took 0.046 seconds
[2025-03-18T10:56:22.392+0000] {processor.py:186} INFO - Started process (PID=52561) to work on /usr/local/python/3.12.1/lib/python3.12/site-packages/airflow/example_dags/example_display_name.py
[2025-03-18T10:56:22.392+0000] {processor.py:914} INFO - Processing file /usr/local/python/3.12.1/lib/python3.12/site-packages/airflow/example_dags/example_display_name.py for tasks to queue
[2025-03-18T10:56:22.394+0000] {logging_mixin.py:190} INFO - [2025-03-18T10:56:22.393+0000] {dagbag.py:588} INFO - Filling up the DagBag from /usr/local/python/3.12.1/lib/python3.12/site-packages/airflow/example_dags/example_display_name.py
[2025-03-18T10:56:22.400+0000] {processor.py:925} INFO - DAG(s) 'example_display_name' retrieved from /usr/local/python/3.12.1/lib/python3.12/site-packages/airflow/example_dags/example_display_name.py
[2025-03-18T10:56:22.410+0000] {logging_mixin.py:190} INFO - [2025-03-18T10:56:22.410+0000] {dag.py:3239} INFO - Sync 1 DAGs
[2025-03-18T10:56:22.420+0000] {logging_mixin.py:190} INFO - [2025-03-18T10:56:22.420+0000] {dag.py:4180} INFO - Setting next_dagrun for example_display_name to None, run_after=None
[2025-03-18T10:56:22.435+0000] {processor.py:208} INFO - Processing /usr/local/python/3.12.1/lib/python3.12/site-packages/airflow/example_dags/example_display_name.py took 0.047 seconds
[2025-03-18T10:57:10.231+0000] {processor.py:186} INFO - Started process (PID=53025) to work on /usr/local/python/3.12.1/lib/python3.12/site-packages/airflow/example_dags/example_display_name.py
[2025-03-18T10:57:10.232+0000] {processor.py:914} INFO - Processing file /usr/local/python/3.12.1/lib/python3.12/site-packages/airflow/example_dags/example_display_name.py for tasks to queue
[2025-03-18T10:57:10.233+0000] {logging_mixin.py:190} INFO - [2025-03-18T10:57:10.233+0000] {dagbag.py:588} INFO - Filling up the DagBag from /usr/local/python/3.12.1/lib/python3.12/site-packages/airflow/example_dags/example_display_name.py
[2025-03-18T10:57:10.239+0000] {processor.py:925} INFO - DAG(s) 'example_display_name' retrieved from /usr/local/python/3.12.1/lib/python3.12/site-packages/airflow/example_dags/example_display_name.py
[2025-03-18T10:57:10.250+0000] {logging_mixin.py:190} INFO - [2025-03-18T10:57:10.250+0000] {dag.py:3239} INFO - Sync 1 DAGs
[2025-03-18T10:57:10.260+0000] {logging_mixin.py:190} INFO - [2025-03-18T10:57:10.260+0000] {dag.py:4180} INFO - Setting next_dagrun for example_display_name to None, run_after=None
[2025-03-18T10:57:10.274+0000] {processor.py:208} INFO - Processing /usr/local/python/3.12.1/lib/python3.12/site-packages/airflow/example_dags/example_display_name.py took 0.047 seconds
[2025-03-18T10:58:00.137+0000] {processor.py:186} INFO - Started process (PID=53636) to work on /usr/local/python/3.12.1/lib/python3.12/site-packages/airflow/example_dags/example_display_name.py
[2025-03-18T10:58:00.138+0000] {processor.py:914} INFO - Processing file /usr/local/python/3.12.1/lib/python3.12/site-packages/airflow/example_dags/example_display_name.py for tasks to queue
[2025-03-18T10:58:00.139+0000] {logging_mixin.py:190} INFO - [2025-03-18T10:58:00.139+0000] {dagbag.py:588} INFO - Filling up the DagBag from /usr/local/python/3.12.1/lib/python3.12/site-packages/airflow/example_dags/example_display_name.py
[2025-03-18T10:58:00.145+0000] {processor.py:925} INFO - DAG(s) 'example_display_name' retrieved from /usr/local/python/3.12.1/lib/python3.12/site-packages/airflow/example_dags/example_display_name.py
[2025-03-18T10:58:00.155+0000] {logging_mixin.py:190} INFO - [2025-03-18T10:58:00.155+0000] {dag.py:3239} INFO - Sync 1 DAGs
[2025-03-18T10:58:00.165+0000] {logging_mixin.py:190} INFO - [2025-03-18T10:58:00.165+0000] {dag.py:4180} INFO - Setting next_dagrun for example_display_name to None, run_after=None
[2025-03-18T10:58:00.179+0000] {processor.py:208} INFO - Processing /usr/local/python/3.12.1/lib/python3.12/site-packages/airflow/example_dags/example_display_name.py took 0.045 seconds
[2025-03-18T10:59:11.327+0000] {processor.py:186} INFO - Started process (PID=54467) to work on /usr/local/python/3.12.1/lib/python3.12/site-packages/airflow/example_dags/example_display_name.py
[2025-03-18T10:59:11.328+0000] {processor.py:914} INFO - Processing file /usr/local/python/3.12.1/lib/python3.12/site-packages/airflow/example_dags/example_display_name.py for tasks to queue
[2025-03-18T10:59:11.329+0000] {logging_mixin.py:190} INFO - [2025-03-18T10:59:11.329+0000] {dagbag.py:588} INFO - Filling up the DagBag from /usr/local/python/3.12.1/lib/python3.12/site-packages/airflow/example_dags/example_display_name.py
[2025-03-18T10:59:11.335+0000] {processor.py:925} INFO - DAG(s) 'example_display_name' retrieved from /usr/local/python/3.12.1/lib/python3.12/site-packages/airflow/example_dags/example_display_name.py
[2025-03-18T10:59:11.344+0000] {logging_mixin.py:190} INFO - [2025-03-18T10:59:11.344+0000] {dag.py:3239} INFO - Sync 1 DAGs
[2025-03-18T10:59:11.354+0000] {logging_mixin.py:190} INFO - [2025-03-18T10:59:11.354+0000] {dag.py:4180} INFO - Setting next_dagrun for example_display_name to None, run_after=None
[2025-03-18T10:59:11.368+0000] {processor.py:208} INFO - Processing /usr/local/python/3.12.1/lib/python3.12/site-packages/airflow/example_dags/example_display_name.py took 0.045 seconds
[2025-03-18T11:00:24.420+0000] {processor.py:186} INFO - Started process (PID=55275) to work on /usr/local/python/3.12.1/lib/python3.12/site-packages/airflow/example_dags/example_display_name.py
[2025-03-18T11:00:24.420+0000] {processor.py:914} INFO - Processing file /usr/local/python/3.12.1/lib/python3.12/site-packages/airflow/example_dags/example_display_name.py for tasks to queue
[2025-03-18T11:00:24.422+0000] {logging_mixin.py:190} INFO - [2025-03-18T11:00:24.421+0000] {dagbag.py:588} INFO - Filling up the DagBag from /usr/local/python/3.12.1/lib/python3.12/site-packages/airflow/example_dags/example_display_name.py
[2025-03-18T11:00:24.427+0000] {processor.py:925} INFO - DAG(s) 'example_display_name' retrieved from /usr/local/python/3.12.1/lib/python3.12/site-packages/airflow/example_dags/example_display_name.py
[2025-03-18T11:00:24.437+0000] {logging_mixin.py:190} INFO - [2025-03-18T11:00:24.437+0000] {dag.py:3239} INFO - Sync 1 DAGs
[2025-03-18T11:00:24.447+0000] {logging_mixin.py:190} INFO - [2025-03-18T11:00:24.447+0000] {dag.py:4180} INFO - Setting next_dagrun for example_display_name to None, run_after=None
[2025-03-18T11:00:24.462+0000] {processor.py:208} INFO - Processing /usr/local/python/3.12.1/lib/python3.12/site-packages/airflow/example_dags/example_display_name.py took 0.047 seconds
[2025-03-18T11:01:15.999+0000] {processor.py:186} INFO - Started process (PID=57613) to work on /usr/local/python/3.12.1/lib/python3.12/site-packages/airflow/example_dags/example_display_name.py
[2025-03-18T11:01:15.999+0000] {processor.py:914} INFO - Processing file /usr/local/python/3.12.1/lib/python3.12/site-packages/airflow/example_dags/example_display_name.py for tasks to queue
[2025-03-18T11:01:16.001+0000] {logging_mixin.py:190} INFO - [2025-03-18T11:01:16.000+0000] {dagbag.py:588} INFO - Filling up the DagBag from /usr/local/python/3.12.1/lib/python3.12/site-packages/airflow/example_dags/example_display_name.py
[2025-03-18T11:01:16.007+0000] {processor.py:925} INFO - DAG(s) 'example_display_name' retrieved from /usr/local/python/3.12.1/lib/python3.12/site-packages/airflow/example_dags/example_display_name.py
[2025-03-18T11:01:16.016+0000] {logging_mixin.py:190} INFO - [2025-03-18T11:01:16.016+0000] {dag.py:3239} INFO - Sync 1 DAGs
[2025-03-18T11:01:16.027+0000] {logging_mixin.py:190} INFO - [2025-03-18T11:01:16.027+0000] {dag.py:4180} INFO - Setting next_dagrun for example_display_name to None, run_after=None
[2025-03-18T11:01:16.042+0000] {processor.py:208} INFO - Processing /usr/local/python/3.12.1/lib/python3.12/site-packages/airflow/example_dags/example_display_name.py took 0.047 seconds
[2025-03-18T11:02:06.262+0000] {processor.py:186} INFO - Started process (PID=58041) to work on /usr/local/python/3.12.1/lib/python3.12/site-packages/airflow/example_dags/example_display_name.py
[2025-03-18T11:02:06.262+0000] {processor.py:914} INFO - Processing file /usr/local/python/3.12.1/lib/python3.12/site-packages/airflow/example_dags/example_display_name.py for tasks to queue
[2025-03-18T11:02:06.264+0000] {logging_mixin.py:190} INFO - [2025-03-18T11:02:06.264+0000] {dagbag.py:588} INFO - Filling up the DagBag from /usr/local/python/3.12.1/lib/python3.12/site-packages/airflow/example_dags/example_display_name.py
[2025-03-18T11:02:06.270+0000] {processor.py:925} INFO - DAG(s) 'example_display_name' retrieved from /usr/local/python/3.12.1/lib/python3.12/site-packages/airflow/example_dags/example_display_name.py
[2025-03-18T11:02:06.280+0000] {logging_mixin.py:190} INFO - [2025-03-18T11:02:06.280+0000] {dag.py:3239} INFO - Sync 1 DAGs
[2025-03-18T11:02:06.289+0000] {logging_mixin.py:190} INFO - [2025-03-18T11:02:06.289+0000] {dag.py:4180} INFO - Setting next_dagrun for example_display_name to None, run_after=None
[2025-03-18T11:02:06.304+0000] {processor.py:208} INFO - Processing /usr/local/python/3.12.1/lib/python3.12/site-packages/airflow/example_dags/example_display_name.py took 0.046 seconds
[2025-03-18T11:02:56.523+0000] {processor.py:186} INFO - Started process (PID=58440) to work on /usr/local/python/3.12.1/lib/python3.12/site-packages/airflow/example_dags/example_display_name.py
[2025-03-18T11:02:56.523+0000] {processor.py:914} INFO - Processing file /usr/local/python/3.12.1/lib/python3.12/site-packages/airflow/example_dags/example_display_name.py for tasks to queue
[2025-03-18T11:02:56.525+0000] {logging_mixin.py:190} INFO - [2025-03-18T11:02:56.525+0000] {dagbag.py:588} INFO - Filling up the DagBag from /usr/local/python/3.12.1/lib/python3.12/site-packages/airflow/example_dags/example_display_name.py
[2025-03-18T11:02:56.531+0000] {processor.py:925} INFO - DAG(s) 'example_display_name' retrieved from /usr/local/python/3.12.1/lib/python3.12/site-packages/airflow/example_dags/example_display_name.py
[2025-03-18T11:02:56.542+0000] {logging_mixin.py:190} INFO - [2025-03-18T11:02:56.542+0000] {dag.py:3239} INFO - Sync 1 DAGs
[2025-03-18T11:02:56.551+0000] {logging_mixin.py:190} INFO - [2025-03-18T11:02:56.551+0000] {dag.py:4180} INFO - Setting next_dagrun for example_display_name to None, run_after=None
[2025-03-18T11:02:56.566+0000] {processor.py:208} INFO - Processing /usr/local/python/3.12.1/lib/python3.12/site-packages/airflow/example_dags/example_display_name.py took 0.047 seconds
[2025-03-18T11:04:07.186+0000] {processor.py:186} INFO - Started process (PID=59030) to work on /usr/local/python/3.12.1/lib/python3.12/site-packages/airflow/example_dags/example_display_name.py
[2025-03-18T11:04:07.187+0000] {processor.py:914} INFO - Processing file /usr/local/python/3.12.1/lib/python3.12/site-packages/airflow/example_dags/example_display_name.py for tasks to queue
[2025-03-18T11:04:07.188+0000] {logging_mixin.py:190} INFO - [2025-03-18T11:04:07.188+0000] {dagbag.py:588} INFO - Filling up the DagBag from /usr/local/python/3.12.1/lib/python3.12/site-packages/airflow/example_dags/example_display_name.py
[2025-03-18T11:04:07.194+0000] {processor.py:925} INFO - DAG(s) 'example_display_name' retrieved from /usr/local/python/3.12.1/lib/python3.12/site-packages/airflow/example_dags/example_display_name.py
[2025-03-18T11:04:07.203+0000] {logging_mixin.py:190} INFO - [2025-03-18T11:04:07.203+0000] {dag.py:3239} INFO - Sync 1 DAGs
[2025-03-18T11:04:07.213+0000] {logging_mixin.py:190} INFO - [2025-03-18T11:04:07.213+0000] {dag.py:4180} INFO - Setting next_dagrun for example_display_name to None, run_after=None
[2025-03-18T11:04:07.227+0000] {processor.py:208} INFO - Processing /usr/local/python/3.12.1/lib/python3.12/site-packages/airflow/example_dags/example_display_name.py took 0.046 seconds
[2025-03-18T11:04:55.718+0000] {processor.py:186} INFO - Started process (PID=59420) to work on /usr/local/python/3.12.1/lib/python3.12/site-packages/airflow/example_dags/example_display_name.py
[2025-03-18T11:04:55.719+0000] {processor.py:914} INFO - Processing file /usr/local/python/3.12.1/lib/python3.12/site-packages/airflow/example_dags/example_display_name.py for tasks to queue
[2025-03-18T11:04:55.720+0000] {logging_mixin.py:190} INFO - [2025-03-18T11:04:55.720+0000] {dagbag.py:588} INFO - Filling up the DagBag from /usr/local/python/3.12.1/lib/python3.12/site-packages/airflow/example_dags/example_display_name.py
[2025-03-18T11:04:55.726+0000] {processor.py:925} INFO - DAG(s) 'example_display_name' retrieved from /usr/local/python/3.12.1/lib/python3.12/site-packages/airflow/example_dags/example_display_name.py
[2025-03-18T11:04:55.735+0000] {logging_mixin.py:190} INFO - [2025-03-18T11:04:55.735+0000] {dag.py:3239} INFO - Sync 1 DAGs
[2025-03-18T11:04:55.745+0000] {logging_mixin.py:190} INFO - [2025-03-18T11:04:55.744+0000] {dag.py:4180} INFO - Setting next_dagrun for example_display_name to None, run_after=None
[2025-03-18T11:04:55.759+0000] {processor.py:208} INFO - Processing /usr/local/python/3.12.1/lib/python3.12/site-packages/airflow/example_dags/example_display_name.py took 0.045 seconds
[2025-03-18T11:06:08.251+0000] {processor.py:186} INFO - Started process (PID=59986) to work on /usr/local/python/3.12.1/lib/python3.12/site-packages/airflow/example_dags/example_display_name.py
[2025-03-18T11:06:08.252+0000] {processor.py:914} INFO - Processing file /usr/local/python/3.12.1/lib/python3.12/site-packages/airflow/example_dags/example_display_name.py for tasks to queue
[2025-03-18T11:06:08.254+0000] {logging_mixin.py:190} INFO - [2025-03-18T11:06:08.253+0000] {dagbag.py:588} INFO - Filling up the DagBag from /usr/local/python/3.12.1/lib/python3.12/site-packages/airflow/example_dags/example_display_name.py
[2025-03-18T11:06:08.260+0000] {processor.py:925} INFO - DAG(s) 'example_display_name' retrieved from /usr/local/python/3.12.1/lib/python3.12/site-packages/airflow/example_dags/example_display_name.py
[2025-03-18T11:06:08.269+0000] {logging_mixin.py:190} INFO - [2025-03-18T11:06:08.269+0000] {dag.py:3239} INFO - Sync 1 DAGs
[2025-03-18T11:06:08.279+0000] {logging_mixin.py:190} INFO - [2025-03-18T11:06:08.279+0000] {dag.py:4180} INFO - Setting next_dagrun for example_display_name to None, run_after=None
[2025-03-18T11:06:08.293+0000] {processor.py:208} INFO - Processing /usr/local/python/3.12.1/lib/python3.12/site-packages/airflow/example_dags/example_display_name.py took 0.046 seconds
[2025-03-18T11:06:59.056+0000] {processor.py:186} INFO - Started process (PID=60386) to work on /usr/local/python/3.12.1/lib/python3.12/site-packages/airflow/example_dags/example_display_name.py
[2025-03-18T11:06:59.056+0000] {processor.py:914} INFO - Processing file /usr/local/python/3.12.1/lib/python3.12/site-packages/airflow/example_dags/example_display_name.py for tasks to queue
[2025-03-18T11:06:59.058+0000] {logging_mixin.py:190} INFO - [2025-03-18T11:06:59.057+0000] {dagbag.py:588} INFO - Filling up the DagBag from /usr/local/python/3.12.1/lib/python3.12/site-packages/airflow/example_dags/example_display_name.py
[2025-03-18T11:06:59.064+0000] {processor.py:925} INFO - DAG(s) 'example_display_name' retrieved from /usr/local/python/3.12.1/lib/python3.12/site-packages/airflow/example_dags/example_display_name.py
[2025-03-18T11:06:59.073+0000] {logging_mixin.py:190} INFO - [2025-03-18T11:06:59.073+0000] {dag.py:3239} INFO - Sync 1 DAGs
[2025-03-18T11:06:59.083+0000] {logging_mixin.py:190} INFO - [2025-03-18T11:06:59.083+0000] {dag.py:4180} INFO - Setting next_dagrun for example_display_name to None, run_after=None
[2025-03-18T11:06:59.097+0000] {processor.py:208} INFO - Processing /usr/local/python/3.12.1/lib/python3.12/site-packages/airflow/example_dags/example_display_name.py took 0.045 seconds
[2025-03-18T11:07:50.394+0000] {processor.py:186} INFO - Started process (PID=60792) to work on /usr/local/python/3.12.1/lib/python3.12/site-packages/airflow/example_dags/example_display_name.py
[2025-03-18T11:07:50.394+0000] {processor.py:914} INFO - Processing file /usr/local/python/3.12.1/lib/python3.12/site-packages/airflow/example_dags/example_display_name.py for tasks to queue
[2025-03-18T11:07:50.396+0000] {logging_mixin.py:190} INFO - [2025-03-18T11:07:50.396+0000] {dagbag.py:588} INFO - Filling up the DagBag from /usr/local/python/3.12.1/lib/python3.12/site-packages/airflow/example_dags/example_display_name.py
[2025-03-18T11:07:50.402+0000] {processor.py:925} INFO - DAG(s) 'example_display_name' retrieved from /usr/local/python/3.12.1/lib/python3.12/site-packages/airflow/example_dags/example_display_name.py
[2025-03-18T11:07:50.412+0000] {logging_mixin.py:190} INFO - [2025-03-18T11:07:50.412+0000] {dag.py:3239} INFO - Sync 1 DAGs
[2025-03-18T11:07:50.421+0000] {logging_mixin.py:190} INFO - [2025-03-18T11:07:50.421+0000] {dag.py:4180} INFO - Setting next_dagrun for example_display_name to None, run_after=None
[2025-03-18T11:07:50.435+0000] {processor.py:208} INFO - Processing /usr/local/python/3.12.1/lib/python3.12/site-packages/airflow/example_dags/example_display_name.py took 0.045 seconds
[2025-03-18T11:08:40.514+0000] {processor.py:186} INFO - Started process (PID=61217) to work on /usr/local/python/3.12.1/lib/python3.12/site-packages/airflow/example_dags/example_display_name.py
[2025-03-18T11:08:40.515+0000] {processor.py:914} INFO - Processing file /usr/local/python/3.12.1/lib/python3.12/site-packages/airflow/example_dags/example_display_name.py for tasks to queue
[2025-03-18T11:08:40.516+0000] {logging_mixin.py:190} INFO - [2025-03-18T11:08:40.516+0000] {dagbag.py:588} INFO - Filling up the DagBag from /usr/local/python/3.12.1/lib/python3.12/site-packages/airflow/example_dags/example_display_name.py
[2025-03-18T11:08:40.522+0000] {processor.py:925} INFO - DAG(s) 'example_display_name' retrieved from /usr/local/python/3.12.1/lib/python3.12/site-packages/airflow/example_dags/example_display_name.py
[2025-03-18T11:08:40.532+0000] {logging_mixin.py:190} INFO - [2025-03-18T11:08:40.532+0000] {dag.py:3239} INFO - Sync 1 DAGs
[2025-03-18T11:08:40.542+0000] {logging_mixin.py:190} INFO - [2025-03-18T11:08:40.542+0000] {dag.py:4180} INFO - Setting next_dagrun for example_display_name to None, run_after=None
[2025-03-18T11:08:40.558+0000] {processor.py:208} INFO - Processing /usr/local/python/3.12.1/lib/python3.12/site-packages/airflow/example_dags/example_display_name.py took 0.047 seconds
[2025-03-18T11:09:33.974+0000] {processor.py:186} INFO - Started process (PID=61675) to work on /usr/local/python/3.12.1/lib/python3.12/site-packages/airflow/example_dags/example_display_name.py
[2025-03-18T11:09:33.974+0000] {processor.py:914} INFO - Processing file /usr/local/python/3.12.1/lib/python3.12/site-packages/airflow/example_dags/example_display_name.py for tasks to queue
[2025-03-18T11:09:33.976+0000] {logging_mixin.py:190} INFO - [2025-03-18T11:09:33.976+0000] {dagbag.py:588} INFO - Filling up the DagBag from /usr/local/python/3.12.1/lib/python3.12/site-packages/airflow/example_dags/example_display_name.py
[2025-03-18T11:09:33.982+0000] {processor.py:925} INFO - DAG(s) 'example_display_name' retrieved from /usr/local/python/3.12.1/lib/python3.12/site-packages/airflow/example_dags/example_display_name.py
[2025-03-18T11:09:33.991+0000] {logging_mixin.py:190} INFO - [2025-03-18T11:09:33.991+0000] {dag.py:3239} INFO - Sync 1 DAGs
[2025-03-18T11:09:34.001+0000] {logging_mixin.py:190} INFO - [2025-03-18T11:09:34.001+0000] {dag.py:4180} INFO - Setting next_dagrun for example_display_name to None, run_after=None
[2025-03-18T11:09:34.015+0000] {processor.py:208} INFO - Processing /usr/local/python/3.12.1/lib/python3.12/site-packages/airflow/example_dags/example_display_name.py took 0.045 seconds
[2025-03-18T11:10:26.342+0000] {processor.py:186} INFO - Started process (PID=62125) to work on /usr/local/python/3.12.1/lib/python3.12/site-packages/airflow/example_dags/example_display_name.py
[2025-03-18T11:10:26.343+0000] {processor.py:914} INFO - Processing file /usr/local/python/3.12.1/lib/python3.12/site-packages/airflow/example_dags/example_display_name.py for tasks to queue
[2025-03-18T11:10:26.344+0000] {logging_mixin.py:190} INFO - [2025-03-18T11:10:26.344+0000] {dagbag.py:588} INFO - Filling up the DagBag from /usr/local/python/3.12.1/lib/python3.12/site-packages/airflow/example_dags/example_display_name.py
[2025-03-18T11:10:26.350+0000] {processor.py:925} INFO - DAG(s) 'example_display_name' retrieved from /usr/local/python/3.12.1/lib/python3.12/site-packages/airflow/example_dags/example_display_name.py
[2025-03-18T11:10:26.360+0000] {logging_mixin.py:190} INFO - [2025-03-18T11:10:26.360+0000] {dag.py:3239} INFO - Sync 1 DAGs
[2025-03-18T11:10:26.369+0000] {logging_mixin.py:190} INFO - [2025-03-18T11:10:26.369+0000] {dag.py:4180} INFO - Setting next_dagrun for example_display_name to None, run_after=None
[2025-03-18T11:10:26.383+0000] {processor.py:208} INFO - Processing /usr/local/python/3.12.1/lib/python3.12/site-packages/airflow/example_dags/example_display_name.py took 0.045 seconds
[2025-03-18T11:11:14.453+0000] {processor.py:186} INFO - Started process (PID=62557) to work on /usr/local/python/3.12.1/lib/python3.12/site-packages/airflow/example_dags/example_display_name.py
[2025-03-18T11:11:14.454+0000] {processor.py:914} INFO - Processing file /usr/local/python/3.12.1/lib/python3.12/site-packages/airflow/example_dags/example_display_name.py for tasks to queue
[2025-03-18T11:11:14.455+0000] {logging_mixin.py:190} INFO - [2025-03-18T11:11:14.455+0000] {dagbag.py:588} INFO - Filling up the DagBag from /usr/local/python/3.12.1/lib/python3.12/site-packages/airflow/example_dags/example_display_name.py
[2025-03-18T11:11:14.461+0000] {processor.py:925} INFO - DAG(s) 'example_display_name' retrieved from /usr/local/python/3.12.1/lib/python3.12/site-packages/airflow/example_dags/example_display_name.py
[2025-03-18T11:11:14.471+0000] {logging_mixin.py:190} INFO - [2025-03-18T11:11:14.470+0000] {dag.py:3239} INFO - Sync 1 DAGs
[2025-03-18T11:11:14.480+0000] {logging_mixin.py:190} INFO - [2025-03-18T11:11:14.480+0000] {dag.py:4180} INFO - Setting next_dagrun for example_display_name to None, run_after=None
[2025-03-18T11:11:14.495+0000] {processor.py:208} INFO - Processing /usr/local/python/3.12.1/lib/python3.12/site-packages/airflow/example_dags/example_display_name.py took 0.046 seconds
