[2025-03-18T10:51:34.387+0000] {processor.py:186} INFO - Started process (PID=49300) to work on /usr/local/python/3.12.1/lib/python3.12/site-packages/airflow/example_dags/example_time_delta_sensor_async.py
[2025-03-18T10:51:34.387+0000] {processor.py:914} INFO - Processing file /usr/local/python/3.12.1/lib/python3.12/site-packages/airflow/example_dags/example_time_delta_sensor_async.py for tasks to queue
[2025-03-18T10:51:34.389+0000] {logging_mixin.py:190} INFO - [2025-03-18T10:51:34.389+0000] {dagbag.py:588} INFO - Filling up the DagBag from /usr/local/python/3.12.1/lib/python3.12/site-packages/airflow/example_dags/example_time_delta_sensor_async.py
[2025-03-18T10:51:34.394+0000] {processor.py:925} INFO - DAG(s) 'example_time_delta_sensor_async' retrieved from /usr/local/python/3.12.1/lib/python3.12/site-packages/airflow/example_dags/example_time_delta_sensor_async.py
[2025-03-18T10:51:34.476+0000] {logging_mixin.py:190} INFO - [2025-03-18T10:51:34.475+0000] {override.py:1930} INFO - Created Permission View: can read on DAG:example_time_delta_sensor_async
[2025-03-18T10:51:34.484+0000] {logging_mixin.py:190} INFO - [2025-03-18T10:51:34.483+0000] {override.py:1930} INFO - Created Permission View: can edit on DAG:example_time_delta_sensor_async
[2025-03-18T10:51:34.489+0000] {logging_mixin.py:190} INFO - [2025-03-18T10:51:34.489+0000] {override.py:1930} INFO - Created Permission View: can delete on DAG:example_time_delta_sensor_async
[2025-03-18T10:51:34.498+0000] {logging_mixin.py:190} INFO - [2025-03-18T10:51:34.498+0000] {override.py:1930} INFO - Created Permission View: can read on DAG Run:example_time_delta_sensor_async
[2025-03-18T10:51:34.504+0000] {logging_mixin.py:190} INFO - [2025-03-18T10:51:34.504+0000] {override.py:1930} INFO - Created Permission View: can create on DAG Run:example_time_delta_sensor_async
[2025-03-18T10:51:34.510+0000] {logging_mixin.py:190} INFO - [2025-03-18T10:51:34.510+0000] {override.py:1930} INFO - Created Permission View: menu access on DAG Run:example_time_delta_sensor_async
[2025-03-18T10:51:34.516+0000] {logging_mixin.py:190} INFO - [2025-03-18T10:51:34.515+0000] {override.py:1930} INFO - Created Permission View: can delete on DAG Run:example_time_delta_sensor_async
[2025-03-18T10:51:34.516+0000] {logging_mixin.py:190} INFO - [2025-03-18T10:51:34.516+0000] {dag.py:3239} INFO - Sync 1 DAGs
[2025-03-18T10:51:34.524+0000] {logging_mixin.py:190} INFO - [2025-03-18T10:51:34.524+0000] {dag.py:3262} INFO - Creating ORM DAG for example_time_delta_sensor_async
[2025-03-18T10:51:34.525+0000] {logging_mixin.py:190} INFO - [2025-03-18T10:51:34.525+0000] {dag.py:4180} INFO - Setting next_dagrun for example_time_delta_sensor_async to None, run_after=None
[2025-03-18T10:51:34.539+0000] {processor.py:208} INFO - Processing /usr/local/python/3.12.1/lib/python3.12/site-packages/airflow/example_dags/example_time_delta_sensor_async.py took 0.156 seconds
[2025-03-18T10:52:35.236+0000] {processor.py:186} INFO - Started process (PID=49984) to work on /usr/local/python/3.12.1/lib/python3.12/site-packages/airflow/example_dags/example_time_delta_sensor_async.py
[2025-03-18T10:52:35.237+0000] {processor.py:914} INFO - Processing file /usr/local/python/3.12.1/lib/python3.12/site-packages/airflow/example_dags/example_time_delta_sensor_async.py for tasks to queue
[2025-03-18T10:52:35.239+0000] {logging_mixin.py:190} INFO - [2025-03-18T10:52:35.239+0000] {dagbag.py:588} INFO - Filling up the DagBag from /usr/local/python/3.12.1/lib/python3.12/site-packages/airflow/example_dags/example_time_delta_sensor_async.py
[2025-03-18T10:52:35.245+0000] {processor.py:925} INFO - DAG(s) 'example_time_delta_sensor_async' retrieved from /usr/local/python/3.12.1/lib/python3.12/site-packages/airflow/example_dags/example_time_delta_sensor_async.py
[2025-03-18T10:52:35.255+0000] {logging_mixin.py:190} INFO - [2025-03-18T10:52:35.255+0000] {dag.py:3239} INFO - Sync 1 DAGs
[2025-03-18T10:52:35.265+0000] {logging_mixin.py:190} INFO - [2025-03-18T10:52:35.264+0000] {dag.py:4180} INFO - Setting next_dagrun for example_time_delta_sensor_async to None, run_after=None
[2025-03-18T10:52:35.279+0000] {processor.py:208} INFO - Processing /usr/local/python/3.12.1/lib/python3.12/site-packages/airflow/example_dags/example_time_delta_sensor_async.py took 0.049 seconds
[2025-03-18T10:53:15.420+0000] {processor.py:186} INFO - Started process (PID=50469) to work on /usr/local/python/3.12.1/lib/python3.12/site-packages/airflow/example_dags/example_time_delta_sensor_async.py
[2025-03-18T10:53:15.421+0000] {processor.py:914} INFO - Processing file /usr/local/python/3.12.1/lib/python3.12/site-packages/airflow/example_dags/example_time_delta_sensor_async.py for tasks to queue
[2025-03-18T10:53:15.423+0000] {logging_mixin.py:190} INFO - [2025-03-18T10:53:15.423+0000] {dagbag.py:588} INFO - Filling up the DagBag from /usr/local/python/3.12.1/lib/python3.12/site-packages/airflow/example_dags/example_time_delta_sensor_async.py
[2025-03-18T10:53:15.428+0000] {processor.py:925} INFO - DAG(s) 'example_time_delta_sensor_async' retrieved from /usr/local/python/3.12.1/lib/python3.12/site-packages/airflow/example_dags/example_time_delta_sensor_async.py
[2025-03-18T10:53:15.439+0000] {logging_mixin.py:190} INFO - [2025-03-18T10:53:15.439+0000] {dag.py:3239} INFO - Sync 1 DAGs
[2025-03-18T10:53:15.448+0000] {logging_mixin.py:190} INFO - [2025-03-18T10:53:15.448+0000] {dag.py:4180} INFO - Setting next_dagrun for example_time_delta_sensor_async to None, run_after=None
[2025-03-18T10:53:15.464+0000] {processor.py:208} INFO - Processing /usr/local/python/3.12.1/lib/python3.12/site-packages/airflow/example_dags/example_time_delta_sensor_async.py took 0.048 seconds
[2025-03-18T10:54:11.832+0000] {processor.py:186} INFO - Started process (PID=51094) to work on /usr/local/python/3.12.1/lib/python3.12/site-packages/airflow/example_dags/example_time_delta_sensor_async.py
[2025-03-18T10:54:11.832+0000] {processor.py:914} INFO - Processing file /usr/local/python/3.12.1/lib/python3.12/site-packages/airflow/example_dags/example_time_delta_sensor_async.py for tasks to queue
[2025-03-18T10:54:11.834+0000] {logging_mixin.py:190} INFO - [2025-03-18T10:54:11.833+0000] {dagbag.py:588} INFO - Filling up the DagBag from /usr/local/python/3.12.1/lib/python3.12/site-packages/airflow/example_dags/example_time_delta_sensor_async.py
[2025-03-18T10:54:11.839+0000] {processor.py:925} INFO - DAG(s) 'example_time_delta_sensor_async' retrieved from /usr/local/python/3.12.1/lib/python3.12/site-packages/airflow/example_dags/example_time_delta_sensor_async.py
[2025-03-18T10:54:11.849+0000] {logging_mixin.py:190} INFO - [2025-03-18T10:54:11.849+0000] {dag.py:3239} INFO - Sync 1 DAGs
[2025-03-18T10:54:11.858+0000] {logging_mixin.py:190} INFO - [2025-03-18T10:54:11.858+0000] {dag.py:4180} INFO - Setting next_dagrun for example_time_delta_sensor_async to None, run_after=None
[2025-03-18T10:54:11.873+0000] {processor.py:208} INFO - Processing /usr/local/python/3.12.1/lib/python3.12/site-packages/airflow/example_dags/example_time_delta_sensor_async.py took 0.045 seconds
[2025-03-18T10:55:04.743+0000] {processor.py:186} INFO - Started process (PID=51549) to work on /usr/local/python/3.12.1/lib/python3.12/site-packages/airflow/example_dags/example_time_delta_sensor_async.py
[2025-03-18T10:55:04.744+0000] {processor.py:914} INFO - Processing file /usr/local/python/3.12.1/lib/python3.12/site-packages/airflow/example_dags/example_time_delta_sensor_async.py for tasks to queue
[2025-03-18T10:55:04.745+0000] {logging_mixin.py:190} INFO - [2025-03-18T10:55:04.745+0000] {dagbag.py:588} INFO - Filling up the DagBag from /usr/local/python/3.12.1/lib/python3.12/site-packages/airflow/example_dags/example_time_delta_sensor_async.py
[2025-03-18T10:55:04.751+0000] {processor.py:925} INFO - DAG(s) 'example_time_delta_sensor_async' retrieved from /usr/local/python/3.12.1/lib/python3.12/site-packages/airflow/example_dags/example_time_delta_sensor_async.py
[2025-03-18T10:55:04.760+0000] {logging_mixin.py:190} INFO - [2025-03-18T10:55:04.760+0000] {dag.py:3239} INFO - Sync 1 DAGs
[2025-03-18T10:55:04.770+0000] {logging_mixin.py:190} INFO - [2025-03-18T10:55:04.769+0000] {dag.py:4180} INFO - Setting next_dagrun for example_time_delta_sensor_async to None, run_after=None
[2025-03-18T10:55:04.784+0000] {processor.py:208} INFO - Processing /usr/local/python/3.12.1/lib/python3.12/site-packages/airflow/example_dags/example_time_delta_sensor_async.py took 0.045 seconds
[2025-03-18T10:55:54.967+0000] {processor.py:186} INFO - Started process (PID=52173) to work on /usr/local/python/3.12.1/lib/python3.12/site-packages/airflow/example_dags/example_time_delta_sensor_async.py
[2025-03-18T10:55:54.968+0000] {processor.py:914} INFO - Processing file /usr/local/python/3.12.1/lib/python3.12/site-packages/airflow/example_dags/example_time_delta_sensor_async.py for tasks to queue
[2025-03-18T10:55:54.970+0000] {logging_mixin.py:190} INFO - [2025-03-18T10:55:54.969+0000] {dagbag.py:588} INFO - Filling up the DagBag from /usr/local/python/3.12.1/lib/python3.12/site-packages/airflow/example_dags/example_time_delta_sensor_async.py
[2025-03-18T10:55:54.975+0000] {processor.py:925} INFO - DAG(s) 'example_time_delta_sensor_async' retrieved from /usr/local/python/3.12.1/lib/python3.12/site-packages/airflow/example_dags/example_time_delta_sensor_async.py
[2025-03-18T10:55:54.985+0000] {logging_mixin.py:190} INFO - [2025-03-18T10:55:54.984+0000] {dag.py:3239} INFO - Sync 1 DAGs
[2025-03-18T10:55:54.994+0000] {logging_mixin.py:190} INFO - [2025-03-18T10:55:54.994+0000] {dag.py:4180} INFO - Setting next_dagrun for example_time_delta_sensor_async to None, run_after=None
[2025-03-18T10:55:55.008+0000] {processor.py:208} INFO - Processing /usr/local/python/3.12.1/lib/python3.12/site-packages/airflow/example_dags/example_time_delta_sensor_async.py took 0.045 seconds
[2025-03-18T10:56:43.796+0000] {processor.py:186} INFO - Started process (PID=52735) to work on /usr/local/python/3.12.1/lib/python3.12/site-packages/airflow/example_dags/example_time_delta_sensor_async.py
[2025-03-18T10:56:43.797+0000] {processor.py:914} INFO - Processing file /usr/local/python/3.12.1/lib/python3.12/site-packages/airflow/example_dags/example_time_delta_sensor_async.py for tasks to queue
[2025-03-18T10:56:43.799+0000] {logging_mixin.py:190} INFO - [2025-03-18T10:56:43.798+0000] {dagbag.py:588} INFO - Filling up the DagBag from /usr/local/python/3.12.1/lib/python3.12/site-packages/airflow/example_dags/example_time_delta_sensor_async.py
[2025-03-18T10:56:43.804+0000] {processor.py:925} INFO - DAG(s) 'example_time_delta_sensor_async' retrieved from /usr/local/python/3.12.1/lib/python3.12/site-packages/airflow/example_dags/example_time_delta_sensor_async.py
[2025-03-18T10:56:43.814+0000] {logging_mixin.py:190} INFO - [2025-03-18T10:56:43.814+0000] {dag.py:3239} INFO - Sync 1 DAGs
[2025-03-18T10:56:43.824+0000] {logging_mixin.py:190} INFO - [2025-03-18T10:56:43.824+0000] {dag.py:4180} INFO - Setting next_dagrun for example_time_delta_sensor_async to None, run_after=None
[2025-03-18T10:56:43.838+0000] {processor.py:208} INFO - Processing /usr/local/python/3.12.1/lib/python3.12/site-packages/airflow/example_dags/example_time_delta_sensor_async.py took 0.046 seconds
[2025-03-18T10:57:32.662+0000] {processor.py:186} INFO - Started process (PID=53337) to work on /usr/local/python/3.12.1/lib/python3.12/site-packages/airflow/example_dags/example_time_delta_sensor_async.py
[2025-03-18T10:57:32.663+0000] {processor.py:914} INFO - Processing file /usr/local/python/3.12.1/lib/python3.12/site-packages/airflow/example_dags/example_time_delta_sensor_async.py for tasks to queue
[2025-03-18T10:57:32.665+0000] {logging_mixin.py:190} INFO - [2025-03-18T10:57:32.665+0000] {dagbag.py:588} INFO - Filling up the DagBag from /usr/local/python/3.12.1/lib/python3.12/site-packages/airflow/example_dags/example_time_delta_sensor_async.py
[2025-03-18T10:57:32.670+0000] {processor.py:925} INFO - DAG(s) 'example_time_delta_sensor_async' retrieved from /usr/local/python/3.12.1/lib/python3.12/site-packages/airflow/example_dags/example_time_delta_sensor_async.py
[2025-03-18T10:57:32.680+0000] {logging_mixin.py:190} INFO - [2025-03-18T10:57:32.679+0000] {dag.py:3239} INFO - Sync 1 DAGs
[2025-03-18T10:57:32.689+0000] {logging_mixin.py:190} INFO - [2025-03-18T10:57:32.689+0000] {dag.py:4180} INFO - Setting next_dagrun for example_time_delta_sensor_async to None, run_after=None
[2025-03-18T10:57:32.703+0000] {processor.py:208} INFO - Processing /usr/local/python/3.12.1/lib/python3.12/site-packages/airflow/example_dags/example_time_delta_sensor_async.py took 0.044 seconds
[2025-03-18T10:58:22.329+0000] {processor.py:186} INFO - Started process (PID=53835) to work on /usr/local/python/3.12.1/lib/python3.12/site-packages/airflow/example_dags/example_time_delta_sensor_async.py
[2025-03-18T10:58:22.330+0000] {processor.py:914} INFO - Processing file /usr/local/python/3.12.1/lib/python3.12/site-packages/airflow/example_dags/example_time_delta_sensor_async.py for tasks to queue
[2025-03-18T10:58:22.332+0000] {logging_mixin.py:190} INFO - [2025-03-18T10:58:22.331+0000] {dagbag.py:588} INFO - Filling up the DagBag from /usr/local/python/3.12.1/lib/python3.12/site-packages/airflow/example_dags/example_time_delta_sensor_async.py
[2025-03-18T10:58:22.337+0000] {processor.py:925} INFO - DAG(s) 'example_time_delta_sensor_async' retrieved from /usr/local/python/3.12.1/lib/python3.12/site-packages/airflow/example_dags/example_time_delta_sensor_async.py
[2025-03-18T10:58:22.347+0000] {logging_mixin.py:190} INFO - [2025-03-18T10:58:22.346+0000] {dag.py:3239} INFO - Sync 1 DAGs
[2025-03-18T10:58:22.356+0000] {logging_mixin.py:190} INFO - [2025-03-18T10:58:22.356+0000] {dag.py:4180} INFO - Setting next_dagrun for example_time_delta_sensor_async to None, run_after=None
[2025-03-18T10:58:22.371+0000] {processor.py:208} INFO - Processing /usr/local/python/3.12.1/lib/python3.12/site-packages/airflow/example_dags/example_time_delta_sensor_async.py took 0.045 seconds
[2025-03-18T10:59:08.452+0000] {processor.py:186} INFO - Started process (PID=54394) to work on /usr/local/python/3.12.1/lib/python3.12/site-packages/airflow/example_dags/example_time_delta_sensor_async.py
[2025-03-18T10:59:08.453+0000] {processor.py:914} INFO - Processing file /usr/local/python/3.12.1/lib/python3.12/site-packages/airflow/example_dags/example_time_delta_sensor_async.py for tasks to queue
[2025-03-18T10:59:08.455+0000] {logging_mixin.py:190} INFO - [2025-03-18T10:59:08.454+0000] {dagbag.py:588} INFO - Filling up the DagBag from /usr/local/python/3.12.1/lib/python3.12/site-packages/airflow/example_dags/example_time_delta_sensor_async.py
[2025-03-18T10:59:08.460+0000] {processor.py:925} INFO - DAG(s) 'example_time_delta_sensor_async' retrieved from /usr/local/python/3.12.1/lib/python3.12/site-packages/airflow/example_dags/example_time_delta_sensor_async.py
[2025-03-18T10:59:08.470+0000] {logging_mixin.py:190} INFO - [2025-03-18T10:59:08.469+0000] {dag.py:3239} INFO - Sync 1 DAGs
[2025-03-18T10:59:08.479+0000] {logging_mixin.py:190} INFO - [2025-03-18T10:59:08.479+0000] {dag.py:4180} INFO - Setting next_dagrun for example_time_delta_sensor_async to None, run_after=None
[2025-03-18T10:59:08.493+0000] {processor.py:208} INFO - Processing /usr/local/python/3.12.1/lib/python3.12/site-packages/airflow/example_dags/example_time_delta_sensor_async.py took 0.045 seconds
[2025-03-18T10:59:56.154+0000] {processor.py:186} INFO - Started process (PID=54899) to work on /usr/local/python/3.12.1/lib/python3.12/site-packages/airflow/example_dags/example_time_delta_sensor_async.py
[2025-03-18T10:59:56.154+0000] {processor.py:914} INFO - Processing file /usr/local/python/3.12.1/lib/python3.12/site-packages/airflow/example_dags/example_time_delta_sensor_async.py for tasks to queue
[2025-03-18T10:59:56.156+0000] {logging_mixin.py:190} INFO - [2025-03-18T10:59:56.156+0000] {dagbag.py:588} INFO - Filling up the DagBag from /usr/local/python/3.12.1/lib/python3.12/site-packages/airflow/example_dags/example_time_delta_sensor_async.py
[2025-03-18T10:59:56.161+0000] {processor.py:925} INFO - DAG(s) 'example_time_delta_sensor_async' retrieved from /usr/local/python/3.12.1/lib/python3.12/site-packages/airflow/example_dags/example_time_delta_sensor_async.py
[2025-03-18T10:59:56.171+0000] {logging_mixin.py:190} INFO - [2025-03-18T10:59:56.171+0000] {dag.py:3239} INFO - Sync 1 DAGs
[2025-03-18T10:59:56.180+0000] {logging_mixin.py:190} INFO - [2025-03-18T10:59:56.180+0000] {dag.py:4180} INFO - Setting next_dagrun for example_time_delta_sensor_async to None, run_after=None
[2025-03-18T10:59:56.195+0000] {processor.py:208} INFO - Processing /usr/local/python/3.12.1/lib/python3.12/site-packages/airflow/example_dags/example_time_delta_sensor_async.py took 0.045 seconds
[2025-03-18T11:00:46.822+0000] {processor.py:186} INFO - Started process (PID=56026) to work on /usr/local/python/3.12.1/lib/python3.12/site-packages/airflow/example_dags/example_time_delta_sensor_async.py
[2025-03-18T11:00:46.823+0000] {processor.py:914} INFO - Processing file /usr/local/python/3.12.1/lib/python3.12/site-packages/airflow/example_dags/example_time_delta_sensor_async.py for tasks to queue
[2025-03-18T11:00:46.825+0000] {logging_mixin.py:190} INFO - [2025-03-18T11:00:46.824+0000] {dagbag.py:588} INFO - Filling up the DagBag from /usr/local/python/3.12.1/lib/python3.12/site-packages/airflow/example_dags/example_time_delta_sensor_async.py
[2025-03-18T11:00:46.830+0000] {processor.py:925} INFO - DAG(s) 'example_time_delta_sensor_async' retrieved from /usr/local/python/3.12.1/lib/python3.12/site-packages/airflow/example_dags/example_time_delta_sensor_async.py
[2025-03-18T11:00:46.840+0000] {logging_mixin.py:190} INFO - [2025-03-18T11:00:46.840+0000] {dag.py:3239} INFO - Sync 1 DAGs
[2025-03-18T11:00:46.849+0000] {logging_mixin.py:190} INFO - [2025-03-18T11:00:46.849+0000] {dag.py:4180} INFO - Setting next_dagrun for example_time_delta_sensor_async to None, run_after=None
[2025-03-18T11:00:46.864+0000] {processor.py:208} INFO - Processing /usr/local/python/3.12.1/lib/python3.12/site-packages/airflow/example_dags/example_time_delta_sensor_async.py took 0.046 seconds
[2025-03-18T11:01:37.725+0000] {processor.py:186} INFO - Started process (PID=57815) to work on /usr/local/python/3.12.1/lib/python3.12/site-packages/airflow/example_dags/example_time_delta_sensor_async.py
[2025-03-18T11:01:37.726+0000] {processor.py:914} INFO - Processing file /usr/local/python/3.12.1/lib/python3.12/site-packages/airflow/example_dags/example_time_delta_sensor_async.py for tasks to queue
[2025-03-18T11:01:37.728+0000] {logging_mixin.py:190} INFO - [2025-03-18T11:01:37.728+0000] {dagbag.py:588} INFO - Filling up the DagBag from /usr/local/python/3.12.1/lib/python3.12/site-packages/airflow/example_dags/example_time_delta_sensor_async.py
[2025-03-18T11:01:37.734+0000] {processor.py:925} INFO - DAG(s) 'example_time_delta_sensor_async' retrieved from /usr/local/python/3.12.1/lib/python3.12/site-packages/airflow/example_dags/example_time_delta_sensor_async.py
[2025-03-18T11:01:37.744+0000] {logging_mixin.py:190} INFO - [2025-03-18T11:01:37.744+0000] {dag.py:3239} INFO - Sync 1 DAGs
[2025-03-18T11:01:37.754+0000] {logging_mixin.py:190} INFO - [2025-03-18T11:01:37.754+0000] {dag.py:4180} INFO - Setting next_dagrun for example_time_delta_sensor_async to None, run_after=None
[2025-03-18T11:01:37.769+0000] {processor.py:208} INFO - Processing /usr/local/python/3.12.1/lib/python3.12/site-packages/airflow/example_dags/example_time_delta_sensor_async.py took 0.048 seconds
[2025-03-18T11:02:29.529+0000] {processor.py:186} INFO - Started process (PID=58221) to work on /usr/local/python/3.12.1/lib/python3.12/site-packages/airflow/example_dags/example_time_delta_sensor_async.py
[2025-03-18T11:02:29.530+0000] {processor.py:914} INFO - Processing file /usr/local/python/3.12.1/lib/python3.12/site-packages/airflow/example_dags/example_time_delta_sensor_async.py for tasks to queue
[2025-03-18T11:02:29.531+0000] {logging_mixin.py:190} INFO - [2025-03-18T11:02:29.531+0000] {dagbag.py:588} INFO - Filling up the DagBag from /usr/local/python/3.12.1/lib/python3.12/site-packages/airflow/example_dags/example_time_delta_sensor_async.py
[2025-03-18T11:02:29.536+0000] {processor.py:925} INFO - DAG(s) 'example_time_delta_sensor_async' retrieved from /usr/local/python/3.12.1/lib/python3.12/site-packages/airflow/example_dags/example_time_delta_sensor_async.py
[2025-03-18T11:02:29.546+0000] {logging_mixin.py:190} INFO - [2025-03-18T11:02:29.546+0000] {dag.py:3239} INFO - Sync 1 DAGs
[2025-03-18T11:02:29.556+0000] {logging_mixin.py:190} INFO - [2025-03-18T11:02:29.556+0000] {dag.py:4180} INFO - Setting next_dagrun for example_time_delta_sensor_async to None, run_after=None
[2025-03-18T11:02:29.572+0000] {processor.py:208} INFO - Processing /usr/local/python/3.12.1/lib/python3.12/site-packages/airflow/example_dags/example_time_delta_sensor_async.py took 0.047 seconds
[2025-03-18T11:03:17.930+0000] {processor.py:186} INFO - Started process (PID=58635) to work on /usr/local/python/3.12.1/lib/python3.12/site-packages/airflow/example_dags/example_time_delta_sensor_async.py
[2025-03-18T11:03:17.930+0000] {processor.py:914} INFO - Processing file /usr/local/python/3.12.1/lib/python3.12/site-packages/airflow/example_dags/example_time_delta_sensor_async.py for tasks to queue
[2025-03-18T11:03:17.932+0000] {logging_mixin.py:190} INFO - [2025-03-18T11:03:17.932+0000] {dagbag.py:588} INFO - Filling up the DagBag from /usr/local/python/3.12.1/lib/python3.12/site-packages/airflow/example_dags/example_time_delta_sensor_async.py
[2025-03-18T11:03:17.938+0000] {processor.py:925} INFO - DAG(s) 'example_time_delta_sensor_async' retrieved from /usr/local/python/3.12.1/lib/python3.12/site-packages/airflow/example_dags/example_time_delta_sensor_async.py
[2025-03-18T11:03:17.950+0000] {logging_mixin.py:190} INFO - [2025-03-18T11:03:17.949+0000] {dag.py:3239} INFO - Sync 1 DAGs
[2025-03-18T11:03:17.959+0000] {logging_mixin.py:190} INFO - [2025-03-18T11:03:17.959+0000] {dag.py:4180} INFO - Setting next_dagrun for example_time_delta_sensor_async to None, run_after=None
[2025-03-18T11:03:17.973+0000] {processor.py:208} INFO - Processing /usr/local/python/3.12.1/lib/python3.12/site-packages/airflow/example_dags/example_time_delta_sensor_async.py took 0.048 seconds
[2025-03-18T11:04:04.430+0000] {processor.py:186} INFO - Started process (PID=59012) to work on /usr/local/python/3.12.1/lib/python3.12/site-packages/airflow/example_dags/example_time_delta_sensor_async.py
[2025-03-18T11:04:04.431+0000] {processor.py:914} INFO - Processing file /usr/local/python/3.12.1/lib/python3.12/site-packages/airflow/example_dags/example_time_delta_sensor_async.py for tasks to queue
[2025-03-18T11:04:04.433+0000] {logging_mixin.py:190} INFO - [2025-03-18T11:04:04.432+0000] {dagbag.py:588} INFO - Filling up the DagBag from /usr/local/python/3.12.1/lib/python3.12/site-packages/airflow/example_dags/example_time_delta_sensor_async.py
[2025-03-18T11:04:04.438+0000] {processor.py:925} INFO - DAG(s) 'example_time_delta_sensor_async' retrieved from /usr/local/python/3.12.1/lib/python3.12/site-packages/airflow/example_dags/example_time_delta_sensor_async.py
[2025-03-18T11:04:04.448+0000] {logging_mixin.py:190} INFO - [2025-03-18T11:04:04.447+0000] {dag.py:3239} INFO - Sync 1 DAGs
[2025-03-18T11:04:04.457+0000] {logging_mixin.py:190} INFO - [2025-03-18T11:04:04.457+0000] {dag.py:4180} INFO - Setting next_dagrun for example_time_delta_sensor_async to None, run_after=None
[2025-03-18T11:04:04.472+0000] {processor.py:208} INFO - Processing /usr/local/python/3.12.1/lib/python3.12/site-packages/airflow/example_dags/example_time_delta_sensor_async.py took 0.046 seconds
[2025-03-18T11:04:52.564+0000] {processor.py:186} INFO - Started process (PID=59378) to work on /usr/local/python/3.12.1/lib/python3.12/site-packages/airflow/example_dags/example_time_delta_sensor_async.py
[2025-03-18T11:04:52.564+0000] {processor.py:914} INFO - Processing file /usr/local/python/3.12.1/lib/python3.12/site-packages/airflow/example_dags/example_time_delta_sensor_async.py for tasks to queue
[2025-03-18T11:04:52.566+0000] {logging_mixin.py:190} INFO - [2025-03-18T11:04:52.566+0000] {dagbag.py:588} INFO - Filling up the DagBag from /usr/local/python/3.12.1/lib/python3.12/site-packages/airflow/example_dags/example_time_delta_sensor_async.py
[2025-03-18T11:04:52.571+0000] {processor.py:925} INFO - DAG(s) 'example_time_delta_sensor_async' retrieved from /usr/local/python/3.12.1/lib/python3.12/site-packages/airflow/example_dags/example_time_delta_sensor_async.py
[2025-03-18T11:04:52.581+0000] {logging_mixin.py:190} INFO - [2025-03-18T11:04:52.581+0000] {dag.py:3239} INFO - Sync 1 DAGs
[2025-03-18T11:04:52.591+0000] {logging_mixin.py:190} INFO - [2025-03-18T11:04:52.591+0000] {dag.py:4180} INFO - Setting next_dagrun for example_time_delta_sensor_async to None, run_after=None
[2025-03-18T11:04:52.606+0000] {processor.py:208} INFO - Processing /usr/local/python/3.12.1/lib/python3.12/site-packages/airflow/example_dags/example_time_delta_sensor_async.py took 0.046 seconds
[2025-03-18T11:05:41.974+0000] {processor.py:186} INFO - Started process (PID=59770) to work on /usr/local/python/3.12.1/lib/python3.12/site-packages/airflow/example_dags/example_time_delta_sensor_async.py
[2025-03-18T11:05:41.974+0000] {processor.py:914} INFO - Processing file /usr/local/python/3.12.1/lib/python3.12/site-packages/airflow/example_dags/example_time_delta_sensor_async.py for tasks to queue
[2025-03-18T11:05:41.976+0000] {logging_mixin.py:190} INFO - [2025-03-18T11:05:41.976+0000] {dagbag.py:588} INFO - Filling up the DagBag from /usr/local/python/3.12.1/lib/python3.12/site-packages/airflow/example_dags/example_time_delta_sensor_async.py
[2025-03-18T11:05:41.981+0000] {processor.py:925} INFO - DAG(s) 'example_time_delta_sensor_async' retrieved from /usr/local/python/3.12.1/lib/python3.12/site-packages/airflow/example_dags/example_time_delta_sensor_async.py
[2025-03-18T11:05:41.991+0000] {logging_mixin.py:190} INFO - [2025-03-18T11:05:41.991+0000] {dag.py:3239} INFO - Sync 1 DAGs
[2025-03-18T11:05:42.000+0000] {logging_mixin.py:190} INFO - [2025-03-18T11:05:42.000+0000] {dag.py:4180} INFO - Setting next_dagrun for example_time_delta_sensor_async to None, run_after=None
[2025-03-18T11:05:42.016+0000] {processor.py:208} INFO - Processing /usr/local/python/3.12.1/lib/python3.12/site-packages/airflow/example_dags/example_time_delta_sensor_async.py took 0.047 seconds
[2025-03-18T11:06:31.606+0000] {processor.py:186} INFO - Started process (PID=60167) to work on /usr/local/python/3.12.1/lib/python3.12/site-packages/airflow/example_dags/example_time_delta_sensor_async.py
[2025-03-18T11:06:31.606+0000] {processor.py:914} INFO - Processing file /usr/local/python/3.12.1/lib/python3.12/site-packages/airflow/example_dags/example_time_delta_sensor_async.py for tasks to queue
[2025-03-18T11:06:31.608+0000] {logging_mixin.py:190} INFO - [2025-03-18T11:06:31.608+0000] {dagbag.py:588} INFO - Filling up the DagBag from /usr/local/python/3.12.1/lib/python3.12/site-packages/airflow/example_dags/example_time_delta_sensor_async.py
[2025-03-18T11:06:31.614+0000] {processor.py:925} INFO - DAG(s) 'example_time_delta_sensor_async' retrieved from /usr/local/python/3.12.1/lib/python3.12/site-packages/airflow/example_dags/example_time_delta_sensor_async.py
[2025-03-18T11:06:31.624+0000] {logging_mixin.py:190} INFO - [2025-03-18T11:06:31.624+0000] {dag.py:3239} INFO - Sync 1 DAGs
[2025-03-18T11:06:31.633+0000] {logging_mixin.py:190} INFO - [2025-03-18T11:06:31.633+0000] {dag.py:4180} INFO - Setting next_dagrun for example_time_delta_sensor_async to None, run_after=None
[2025-03-18T11:06:31.648+0000] {processor.py:208} INFO - Processing /usr/local/python/3.12.1/lib/python3.12/site-packages/airflow/example_dags/example_time_delta_sensor_async.py took 0.047 seconds
[2025-03-18T11:07:22.715+0000] {processor.py:186} INFO - Started process (PID=60567) to work on /usr/local/python/3.12.1/lib/python3.12/site-packages/airflow/example_dags/example_time_delta_sensor_async.py
[2025-03-18T11:07:22.715+0000] {processor.py:914} INFO - Processing file /usr/local/python/3.12.1/lib/python3.12/site-packages/airflow/example_dags/example_time_delta_sensor_async.py for tasks to queue
[2025-03-18T11:07:22.717+0000] {logging_mixin.py:190} INFO - [2025-03-18T11:07:22.717+0000] {dagbag.py:588} INFO - Filling up the DagBag from /usr/local/python/3.12.1/lib/python3.12/site-packages/airflow/example_dags/example_time_delta_sensor_async.py
[2025-03-18T11:07:22.723+0000] {processor.py:925} INFO - DAG(s) 'example_time_delta_sensor_async' retrieved from /usr/local/python/3.12.1/lib/python3.12/site-packages/airflow/example_dags/example_time_delta_sensor_async.py
[2025-03-18T11:07:22.737+0000] {logging_mixin.py:190} INFO - [2025-03-18T11:07:22.737+0000] {dag.py:3239} INFO - Sync 1 DAGs
[2025-03-18T11:07:22.748+0000] {logging_mixin.py:190} INFO - [2025-03-18T11:07:22.748+0000] {dag.py:4180} INFO - Setting next_dagrun for example_time_delta_sensor_async to None, run_after=None
[2025-03-18T11:07:22.763+0000] {processor.py:208} INFO - Processing /usr/local/python/3.12.1/lib/python3.12/site-packages/airflow/example_dags/example_time_delta_sensor_async.py took 0.053 seconds
[2025-03-18T11:08:13.973+0000] {processor.py:186} INFO - Started process (PID=61000) to work on /usr/local/python/3.12.1/lib/python3.12/site-packages/airflow/example_dags/example_time_delta_sensor_async.py
[2025-03-18T11:08:13.974+0000] {processor.py:914} INFO - Processing file /usr/local/python/3.12.1/lib/python3.12/site-packages/airflow/example_dags/example_time_delta_sensor_async.py for tasks to queue
[2025-03-18T11:08:13.976+0000] {logging_mixin.py:190} INFO - [2025-03-18T11:08:13.975+0000] {dagbag.py:588} INFO - Filling up the DagBag from /usr/local/python/3.12.1/lib/python3.12/site-packages/airflow/example_dags/example_time_delta_sensor_async.py
[2025-03-18T11:08:13.981+0000] {processor.py:925} INFO - DAG(s) 'example_time_delta_sensor_async' retrieved from /usr/local/python/3.12.1/lib/python3.12/site-packages/airflow/example_dags/example_time_delta_sensor_async.py
[2025-03-18T11:08:13.990+0000] {logging_mixin.py:190} INFO - [2025-03-18T11:08:13.990+0000] {dag.py:3239} INFO - Sync 1 DAGs
[2025-03-18T11:08:14.000+0000] {logging_mixin.py:190} INFO - [2025-03-18T11:08:14.000+0000] {dag.py:4180} INFO - Setting next_dagrun for example_time_delta_sensor_async to None, run_after=None
[2025-03-18T11:08:14.014+0000] {processor.py:208} INFO - Processing /usr/local/python/3.12.1/lib/python3.12/site-packages/airflow/example_dags/example_time_delta_sensor_async.py took 0.045 seconds
[2025-03-18T11:09:03.518+0000] {processor.py:186} INFO - Started process (PID=61426) to work on /usr/local/python/3.12.1/lib/python3.12/site-packages/airflow/example_dags/example_time_delta_sensor_async.py
[2025-03-18T11:09:03.518+0000] {processor.py:914} INFO - Processing file /usr/local/python/3.12.1/lib/python3.12/site-packages/airflow/example_dags/example_time_delta_sensor_async.py for tasks to queue
[2025-03-18T11:09:03.520+0000] {logging_mixin.py:190} INFO - [2025-03-18T11:09:03.520+0000] {dagbag.py:588} INFO - Filling up the DagBag from /usr/local/python/3.12.1/lib/python3.12/site-packages/airflow/example_dags/example_time_delta_sensor_async.py
[2025-03-18T11:09:03.525+0000] {processor.py:925} INFO - DAG(s) 'example_time_delta_sensor_async' retrieved from /usr/local/python/3.12.1/lib/python3.12/site-packages/airflow/example_dags/example_time_delta_sensor_async.py
[2025-03-18T11:09:03.535+0000] {logging_mixin.py:190} INFO - [2025-03-18T11:09:03.535+0000] {dag.py:3239} INFO - Sync 1 DAGs
[2025-03-18T11:09:03.545+0000] {logging_mixin.py:190} INFO - [2025-03-18T11:09:03.545+0000] {dag.py:4180} INFO - Setting next_dagrun for example_time_delta_sensor_async to None, run_after=None
[2025-03-18T11:09:03.558+0000] {processor.py:208} INFO - Processing /usr/local/python/3.12.1/lib/python3.12/site-packages/airflow/example_dags/example_time_delta_sensor_async.py took 0.045 seconds
[2025-03-18T11:09:57.538+0000] {processor.py:186} INFO - Started process (PID=61870) to work on /usr/local/python/3.12.1/lib/python3.12/site-packages/airflow/example_dags/example_time_delta_sensor_async.py
[2025-03-18T11:09:57.539+0000] {processor.py:914} INFO - Processing file /usr/local/python/3.12.1/lib/python3.12/site-packages/airflow/example_dags/example_time_delta_sensor_async.py for tasks to queue
[2025-03-18T11:09:57.540+0000] {logging_mixin.py:190} INFO - [2025-03-18T11:09:57.540+0000] {dagbag.py:588} INFO - Filling up the DagBag from /usr/local/python/3.12.1/lib/python3.12/site-packages/airflow/example_dags/example_time_delta_sensor_async.py
[2025-03-18T11:09:57.546+0000] {processor.py:925} INFO - DAG(s) 'example_time_delta_sensor_async' retrieved from /usr/local/python/3.12.1/lib/python3.12/site-packages/airflow/example_dags/example_time_delta_sensor_async.py
[2025-03-18T11:09:57.556+0000] {logging_mixin.py:190} INFO - [2025-03-18T11:09:57.555+0000] {dag.py:3239} INFO - Sync 1 DAGs
[2025-03-18T11:09:57.565+0000] {logging_mixin.py:190} INFO - [2025-03-18T11:09:57.565+0000] {dag.py:4180} INFO - Setting next_dagrun for example_time_delta_sensor_async to None, run_after=None
[2025-03-18T11:09:57.580+0000] {processor.py:208} INFO - Processing /usr/local/python/3.12.1/lib/python3.12/site-packages/airflow/example_dags/example_time_delta_sensor_async.py took 0.046 seconds
[2025-03-18T11:10:48.888+0000] {processor.py:186} INFO - Started process (PID=62318) to work on /usr/local/python/3.12.1/lib/python3.12/site-packages/airflow/example_dags/example_time_delta_sensor_async.py
[2025-03-18T11:10:48.888+0000] {processor.py:914} INFO - Processing file /usr/local/python/3.12.1/lib/python3.12/site-packages/airflow/example_dags/example_time_delta_sensor_async.py for tasks to queue
[2025-03-18T11:10:48.890+0000] {logging_mixin.py:190} INFO - [2025-03-18T11:10:48.890+0000] {dagbag.py:588} INFO - Filling up the DagBag from /usr/local/python/3.12.1/lib/python3.12/site-packages/airflow/example_dags/example_time_delta_sensor_async.py
[2025-03-18T11:10:48.896+0000] {processor.py:925} INFO - DAG(s) 'example_time_delta_sensor_async' retrieved from /usr/local/python/3.12.1/lib/python3.12/site-packages/airflow/example_dags/example_time_delta_sensor_async.py
[2025-03-18T11:10:48.907+0000] {logging_mixin.py:190} INFO - [2025-03-18T11:10:48.906+0000] {dag.py:3239} INFO - Sync 1 DAGs
[2025-03-18T11:10:48.916+0000] {logging_mixin.py:190} INFO - [2025-03-18T11:10:48.916+0000] {dag.py:4180} INFO - Setting next_dagrun for example_time_delta_sensor_async to None, run_after=None
[2025-03-18T11:10:48.931+0000] {processor.py:208} INFO - Processing /usr/local/python/3.12.1/lib/python3.12/site-packages/airflow/example_dags/example_time_delta_sensor_async.py took 0.048 seconds
[2025-03-18T11:11:38.309+0000] {processor.py:186} INFO - Started process (PID=62768) to work on /usr/local/python/3.12.1/lib/python3.12/site-packages/airflow/example_dags/example_time_delta_sensor_async.py
[2025-03-18T11:11:38.310+0000] {processor.py:914} INFO - Processing file /usr/local/python/3.12.1/lib/python3.12/site-packages/airflow/example_dags/example_time_delta_sensor_async.py for tasks to queue
[2025-03-18T11:11:38.312+0000] {logging_mixin.py:190} INFO - [2025-03-18T11:11:38.312+0000] {dagbag.py:588} INFO - Filling up the DagBag from /usr/local/python/3.12.1/lib/python3.12/site-packages/airflow/example_dags/example_time_delta_sensor_async.py
[2025-03-18T11:11:38.317+0000] {processor.py:925} INFO - DAG(s) 'example_time_delta_sensor_async' retrieved from /usr/local/python/3.12.1/lib/python3.12/site-packages/airflow/example_dags/example_time_delta_sensor_async.py
[2025-03-18T11:11:38.327+0000] {logging_mixin.py:190} INFO - [2025-03-18T11:11:38.327+0000] {dag.py:3239} INFO - Sync 1 DAGs
[2025-03-18T11:11:38.337+0000] {logging_mixin.py:190} INFO - [2025-03-18T11:11:38.336+0000] {dag.py:4180} INFO - Setting next_dagrun for example_time_delta_sensor_async to None, run_after=None
[2025-03-18T11:11:38.351+0000] {processor.py:208} INFO - Processing /usr/local/python/3.12.1/lib/python3.12/site-packages/airflow/example_dags/example_time_delta_sensor_async.py took 0.046 seconds
[2025-03-18T11:49:54.804+0000] {processor.py:186} INFO - Started process (PID=82520) to work on /usr/local/python/3.12.1/lib/python3.12/site-packages/airflow/example_dags/example_time_delta_sensor_async.py
[2025-03-18T11:49:54.804+0000] {processor.py:914} INFO - Processing file /usr/local/python/3.12.1/lib/python3.12/site-packages/airflow/example_dags/example_time_delta_sensor_async.py for tasks to queue
[2025-03-18T11:49:54.806+0000] {logging_mixin.py:190} INFO - [2025-03-18T11:49:54.806+0000] {dagbag.py:588} INFO - Filling up the DagBag from /usr/local/python/3.12.1/lib/python3.12/site-packages/airflow/example_dags/example_time_delta_sensor_async.py
[2025-03-18T11:49:54.811+0000] {processor.py:925} INFO - DAG(s) 'example_time_delta_sensor_async' retrieved from /usr/local/python/3.12.1/lib/python3.12/site-packages/airflow/example_dags/example_time_delta_sensor_async.py
[2025-03-18T11:49:54.822+0000] {logging_mixin.py:190} INFO - [2025-03-18T11:49:54.822+0000] {dag.py:3239} INFO - Sync 1 DAGs
[2025-03-18T11:49:54.832+0000] {logging_mixin.py:190} INFO - [2025-03-18T11:49:54.832+0000] {dag.py:4180} INFO - Setting next_dagrun for example_time_delta_sensor_async to None, run_after=None
[2025-03-18T11:49:54.848+0000] {processor.py:208} INFO - Processing /usr/local/python/3.12.1/lib/python3.12/site-packages/airflow/example_dags/example_time_delta_sensor_async.py took 0.048 seconds
[2025-03-18T11:50:29.494+0000] {processor.py:186} INFO - Started process (PID=82931) to work on /usr/local/python/3.12.1/lib/python3.12/site-packages/airflow/example_dags/example_time_delta_sensor_async.py
[2025-03-18T11:50:29.494+0000] {processor.py:914} INFO - Processing file /usr/local/python/3.12.1/lib/python3.12/site-packages/airflow/example_dags/example_time_delta_sensor_async.py for tasks to queue
[2025-03-18T11:50:29.496+0000] {logging_mixin.py:190} INFO - [2025-03-18T11:50:29.496+0000] {dagbag.py:588} INFO - Filling up the DagBag from /usr/local/python/3.12.1/lib/python3.12/site-packages/airflow/example_dags/example_time_delta_sensor_async.py
[2025-03-18T11:50:29.501+0000] {processor.py:925} INFO - DAG(s) 'example_time_delta_sensor_async' retrieved from /usr/local/python/3.12.1/lib/python3.12/site-packages/airflow/example_dags/example_time_delta_sensor_async.py
[2025-03-18T11:50:29.512+0000] {logging_mixin.py:190} INFO - [2025-03-18T11:50:29.512+0000] {dag.py:3239} INFO - Sync 1 DAGs
[2025-03-18T11:50:29.522+0000] {logging_mixin.py:190} INFO - [2025-03-18T11:50:29.521+0000] {dag.py:4180} INFO - Setting next_dagrun for example_time_delta_sensor_async to None, run_after=None
[2025-03-18T11:50:29.538+0000] {processor.py:208} INFO - Processing /usr/local/python/3.12.1/lib/python3.12/site-packages/airflow/example_dags/example_time_delta_sensor_async.py took 0.048 seconds
[2025-03-18T11:57:47.254+0000] {processor.py:186} INFO - Started process (PID=86833) to work on /usr/local/python/3.12.1/lib/python3.12/site-packages/airflow/example_dags/example_time_delta_sensor_async.py
[2025-03-18T11:57:47.255+0000] {processor.py:914} INFO - Processing file /usr/local/python/3.12.1/lib/python3.12/site-packages/airflow/example_dags/example_time_delta_sensor_async.py for tasks to queue
[2025-03-18T11:57:47.257+0000] {logging_mixin.py:190} INFO - [2025-03-18T11:57:47.256+0000] {dagbag.py:588} INFO - Filling up the DagBag from /usr/local/python/3.12.1/lib/python3.12/site-packages/airflow/example_dags/example_time_delta_sensor_async.py
[2025-03-18T11:57:47.262+0000] {processor.py:925} INFO - DAG(s) 'example_time_delta_sensor_async' retrieved from /usr/local/python/3.12.1/lib/python3.12/site-packages/airflow/example_dags/example_time_delta_sensor_async.py
[2025-03-18T11:57:47.277+0000] {logging_mixin.py:190} INFO - [2025-03-18T11:57:47.276+0000] {dag.py:3239} INFO - Sync 1 DAGs
[2025-03-18T11:57:47.288+0000] {logging_mixin.py:190} INFO - [2025-03-18T11:57:47.288+0000] {dag.py:4180} INFO - Setting next_dagrun for example_time_delta_sensor_async to None, run_after=None
[2025-03-18T11:57:47.304+0000] {processor.py:208} INFO - Processing /usr/local/python/3.12.1/lib/python3.12/site-packages/airflow/example_dags/example_time_delta_sensor_async.py took 0.054 seconds
