[2025-03-18T10:51:30.289+0000] {processor.py:186} INFO - Started process (PID=49249) to work on /usr/local/python/3.12.1/lib/python3.12/site-packages/airflow/example_dags/example_trigger_controller_dag.py
[2025-03-18T10:51:30.289+0000] {processor.py:914} INFO - Processing file /usr/local/python/3.12.1/lib/python3.12/site-packages/airflow/example_dags/example_trigger_controller_dag.py for tasks to queue
[2025-03-18T10:51:30.291+0000] {logging_mixin.py:190} INFO - [2025-03-18T10:51:30.290+0000] {dagbag.py:588} INFO - Filling up the DagBag from /usr/local/python/3.12.1/lib/python3.12/site-packages/airflow/example_dags/example_trigger_controller_dag.py
[2025-03-18T10:51:30.295+0000] {processor.py:925} INFO - DAG(s) 'example_trigger_controller_dag' retrieved from /usr/local/python/3.12.1/lib/python3.12/site-packages/airflow/example_dags/example_trigger_controller_dag.py
[2025-03-18T10:51:30.377+0000] {logging_mixin.py:190} INFO - [2025-03-18T10:51:30.376+0000] {override.py:1930} INFO - Created Permission View: can read on DAG:example_trigger_controller_dag
[2025-03-18T10:51:30.385+0000] {logging_mixin.py:190} INFO - [2025-03-18T10:51:30.384+0000] {override.py:1930} INFO - Created Permission View: can edit on DAG:example_trigger_controller_dag
[2025-03-18T10:51:30.391+0000] {logging_mixin.py:190} INFO - [2025-03-18T10:51:30.390+0000] {override.py:1930} INFO - Created Permission View: can delete on DAG:example_trigger_controller_dag
[2025-03-18T10:51:30.401+0000] {logging_mixin.py:190} INFO - [2025-03-18T10:51:30.400+0000] {override.py:1930} INFO - Created Permission View: can read on DAG Run:example_trigger_controller_dag
[2025-03-18T10:51:30.407+0000] {logging_mixin.py:190} INFO - [2025-03-18T10:51:30.407+0000] {override.py:1930} INFO - Created Permission View: can create on DAG Run:example_trigger_controller_dag
[2025-03-18T10:51:30.413+0000] {logging_mixin.py:190} INFO - [2025-03-18T10:51:30.413+0000] {override.py:1930} INFO - Created Permission View: menu access on DAG Run:example_trigger_controller_dag
[2025-03-18T10:51:30.419+0000] {logging_mixin.py:190} INFO - [2025-03-18T10:51:30.419+0000] {override.py:1930} INFO - Created Permission View: can delete on DAG Run:example_trigger_controller_dag
[2025-03-18T10:51:30.419+0000] {logging_mixin.py:190} INFO - [2025-03-18T10:51:30.419+0000] {dag.py:3239} INFO - Sync 1 DAGs
[2025-03-18T10:51:30.428+0000] {logging_mixin.py:190} INFO - [2025-03-18T10:51:30.428+0000] {dag.py:3262} INFO - Creating ORM DAG for example_trigger_controller_dag
[2025-03-18T10:51:30.435+0000] {logging_mixin.py:190} INFO - [2025-03-18T10:51:30.435+0000] {dag.py:4180} INFO - Setting next_dagrun for example_trigger_controller_dag to 2021-01-01 00:00:00+00:00, run_after=2021-01-01 00:00:00+00:00
[2025-03-18T10:51:30.449+0000] {processor.py:208} INFO - Processing /usr/local/python/3.12.1/lib/python3.12/site-packages/airflow/example_dags/example_trigger_controller_dag.py took 0.165 seconds
[2025-03-18T10:52:31.222+0000] {processor.py:186} INFO - Started process (PID=49925) to work on /usr/local/python/3.12.1/lib/python3.12/site-packages/airflow/example_dags/example_trigger_controller_dag.py
[2025-03-18T10:52:31.222+0000] {processor.py:914} INFO - Processing file /usr/local/python/3.12.1/lib/python3.12/site-packages/airflow/example_dags/example_trigger_controller_dag.py for tasks to queue
[2025-03-18T10:52:31.225+0000] {logging_mixin.py:190} INFO - [2025-03-18T10:52:31.224+0000] {dagbag.py:588} INFO - Filling up the DagBag from /usr/local/python/3.12.1/lib/python3.12/site-packages/airflow/example_dags/example_trigger_controller_dag.py
[2025-03-18T10:52:31.231+0000] {processor.py:925} INFO - DAG(s) 'example_trigger_controller_dag' retrieved from /usr/local/python/3.12.1/lib/python3.12/site-packages/airflow/example_dags/example_trigger_controller_dag.py
[2025-03-18T10:52:31.240+0000] {logging_mixin.py:190} INFO - [2025-03-18T10:52:31.240+0000] {dag.py:3239} INFO - Sync 1 DAGs
[2025-03-18T10:52:31.255+0000] {logging_mixin.py:190} INFO - [2025-03-18T10:52:31.254+0000] {dag.py:4180} INFO - Setting next_dagrun for example_trigger_controller_dag to 2021-01-01 00:00:00+00:00, run_after=2021-01-01 00:00:00+00:00
[2025-03-18T10:52:31.269+0000] {processor.py:208} INFO - Processing /usr/local/python/3.12.1/lib/python3.12/site-packages/airflow/example_dags/example_trigger_controller_dag.py took 0.052 seconds
[2025-03-18T10:53:12.560+0000] {processor.py:186} INFO - Started process (PID=50428) to work on /usr/local/python/3.12.1/lib/python3.12/site-packages/airflow/example_dags/example_trigger_controller_dag.py
[2025-03-18T10:53:12.560+0000] {processor.py:914} INFO - Processing file /usr/local/python/3.12.1/lib/python3.12/site-packages/airflow/example_dags/example_trigger_controller_dag.py for tasks to queue
[2025-03-18T10:53:12.562+0000] {logging_mixin.py:190} INFO - [2025-03-18T10:53:12.561+0000] {dagbag.py:588} INFO - Filling up the DagBag from /usr/local/python/3.12.1/lib/python3.12/site-packages/airflow/example_dags/example_trigger_controller_dag.py
[2025-03-18T10:53:12.566+0000] {processor.py:925} INFO - DAG(s) 'example_trigger_controller_dag' retrieved from /usr/local/python/3.12.1/lib/python3.12/site-packages/airflow/example_dags/example_trigger_controller_dag.py
[2025-03-18T10:53:12.578+0000] {logging_mixin.py:190} INFO - [2025-03-18T10:53:12.578+0000] {dag.py:3239} INFO - Sync 1 DAGs
[2025-03-18T10:53:12.593+0000] {logging_mixin.py:190} INFO - [2025-03-18T10:53:12.592+0000] {dag.py:4180} INFO - Setting next_dagrun for example_trigger_controller_dag to 2021-01-01 00:00:00+00:00, run_after=2021-01-01 00:00:00+00:00
[2025-03-18T10:53:12.607+0000] {processor.py:208} INFO - Processing /usr/local/python/3.12.1/lib/python3.12/site-packages/airflow/example_dags/example_trigger_controller_dag.py took 0.052 seconds
[2025-03-18T10:54:08.255+0000] {processor.py:186} INFO - Started process (PID=51079) to work on /usr/local/python/3.12.1/lib/python3.12/site-packages/airflow/example_dags/example_trigger_controller_dag.py
[2025-03-18T10:54:08.256+0000] {processor.py:914} INFO - Processing file /usr/local/python/3.12.1/lib/python3.12/site-packages/airflow/example_dags/example_trigger_controller_dag.py for tasks to queue
[2025-03-18T10:54:08.257+0000] {logging_mixin.py:190} INFO - [2025-03-18T10:54:08.257+0000] {dagbag.py:588} INFO - Filling up the DagBag from /usr/local/python/3.12.1/lib/python3.12/site-packages/airflow/example_dags/example_trigger_controller_dag.py
[2025-03-18T10:54:08.262+0000] {processor.py:925} INFO - DAG(s) 'example_trigger_controller_dag' retrieved from /usr/local/python/3.12.1/lib/python3.12/site-packages/airflow/example_dags/example_trigger_controller_dag.py
[2025-03-18T10:54:08.272+0000] {logging_mixin.py:190} INFO - [2025-03-18T10:54:08.272+0000] {dag.py:3239} INFO - Sync 1 DAGs
[2025-03-18T10:54:08.286+0000] {logging_mixin.py:190} INFO - [2025-03-18T10:54:08.286+0000] {dag.py:4180} INFO - Setting next_dagrun for example_trigger_controller_dag to 2021-01-01 00:00:00+00:00, run_after=2021-01-01 00:00:00+00:00
[2025-03-18T10:54:08.301+0000] {processor.py:208} INFO - Processing /usr/local/python/3.12.1/lib/python3.12/site-packages/airflow/example_dags/example_trigger_controller_dag.py took 0.050 seconds
[2025-03-18T10:55:01.070+0000] {processor.py:186} INFO - Started process (PID=51530) to work on /usr/local/python/3.12.1/lib/python3.12/site-packages/airflow/example_dags/example_trigger_controller_dag.py
[2025-03-18T10:55:01.071+0000] {processor.py:914} INFO - Processing file /usr/local/python/3.12.1/lib/python3.12/site-packages/airflow/example_dags/example_trigger_controller_dag.py for tasks to queue
[2025-03-18T10:55:01.073+0000] {logging_mixin.py:190} INFO - [2025-03-18T10:55:01.072+0000] {dagbag.py:588} INFO - Filling up the DagBag from /usr/local/python/3.12.1/lib/python3.12/site-packages/airflow/example_dags/example_trigger_controller_dag.py
[2025-03-18T10:55:01.077+0000] {processor.py:925} INFO - DAG(s) 'example_trigger_controller_dag' retrieved from /usr/local/python/3.12.1/lib/python3.12/site-packages/airflow/example_dags/example_trigger_controller_dag.py
[2025-03-18T10:55:01.089+0000] {logging_mixin.py:190} INFO - [2025-03-18T10:55:01.089+0000] {dag.py:3239} INFO - Sync 1 DAGs
[2025-03-18T10:55:01.112+0000] {logging_mixin.py:190} INFO - [2025-03-18T10:55:01.111+0000] {dag.py:4180} INFO - Setting next_dagrun for example_trigger_controller_dag to 2021-01-01 00:00:00+00:00, run_after=2021-01-01 00:00:00+00:00
[2025-03-18T10:55:01.130+0000] {processor.py:208} INFO - Processing /usr/local/python/3.12.1/lib/python3.12/site-packages/airflow/example_dags/example_trigger_controller_dag.py took 0.063 seconds
[2025-03-18T10:55:50.968+0000] {processor.py:186} INFO - Started process (PID=52122) to work on /usr/local/python/3.12.1/lib/python3.12/site-packages/airflow/example_dags/example_trigger_controller_dag.py
[2025-03-18T10:55:50.968+0000] {processor.py:914} INFO - Processing file /usr/local/python/3.12.1/lib/python3.12/site-packages/airflow/example_dags/example_trigger_controller_dag.py for tasks to queue
[2025-03-18T10:55:50.970+0000] {logging_mixin.py:190} INFO - [2025-03-18T10:55:50.970+0000] {dagbag.py:588} INFO - Filling up the DagBag from /usr/local/python/3.12.1/lib/python3.12/site-packages/airflow/example_dags/example_trigger_controller_dag.py
[2025-03-18T10:55:50.975+0000] {processor.py:925} INFO - DAG(s) 'example_trigger_controller_dag' retrieved from /usr/local/python/3.12.1/lib/python3.12/site-packages/airflow/example_dags/example_trigger_controller_dag.py
[2025-03-18T10:55:50.985+0000] {logging_mixin.py:190} INFO - [2025-03-18T10:55:50.985+0000] {dag.py:3239} INFO - Sync 1 DAGs
[2025-03-18T10:55:50.999+0000] {logging_mixin.py:190} INFO - [2025-03-18T10:55:50.999+0000] {dag.py:4180} INFO - Setting next_dagrun for example_trigger_controller_dag to 2021-01-01 00:00:00+00:00, run_after=2021-01-01 00:00:00+00:00
[2025-03-18T10:55:51.013+0000] {processor.py:208} INFO - Processing /usr/local/python/3.12.1/lib/python3.12/site-packages/airflow/example_dags/example_trigger_controller_dag.py took 0.050 seconds
[2025-03-18T10:56:40.609+0000] {processor.py:186} INFO - Started process (PID=52710) to work on /usr/local/python/3.12.1/lib/python3.12/site-packages/airflow/example_dags/example_trigger_controller_dag.py
[2025-03-18T10:56:40.609+0000] {processor.py:914} INFO - Processing file /usr/local/python/3.12.1/lib/python3.12/site-packages/airflow/example_dags/example_trigger_controller_dag.py for tasks to queue
[2025-03-18T10:56:40.611+0000] {logging_mixin.py:190} INFO - [2025-03-18T10:56:40.611+0000] {dagbag.py:588} INFO - Filling up the DagBag from /usr/local/python/3.12.1/lib/python3.12/site-packages/airflow/example_dags/example_trigger_controller_dag.py
[2025-03-18T10:56:40.616+0000] {processor.py:925} INFO - DAG(s) 'example_trigger_controller_dag' retrieved from /usr/local/python/3.12.1/lib/python3.12/site-packages/airflow/example_dags/example_trigger_controller_dag.py
[2025-03-18T10:56:40.626+0000] {logging_mixin.py:190} INFO - [2025-03-18T10:56:40.625+0000] {dag.py:3239} INFO - Sync 1 DAGs
[2025-03-18T10:56:40.640+0000] {logging_mixin.py:190} INFO - [2025-03-18T10:56:40.640+0000] {dag.py:4180} INFO - Setting next_dagrun for example_trigger_controller_dag to 2021-01-01 00:00:00+00:00, run_after=2021-01-01 00:00:00+00:00
[2025-03-18T10:56:40.654+0000] {processor.py:208} INFO - Processing /usr/local/python/3.12.1/lib/python3.12/site-packages/airflow/example_dags/example_trigger_controller_dag.py took 0.049 seconds
[2025-03-18T10:57:29.799+0000] {processor.py:186} INFO - Started process (PID=53314) to work on /usr/local/python/3.12.1/lib/python3.12/site-packages/airflow/example_dags/example_trigger_controller_dag.py
[2025-03-18T10:57:29.799+0000] {processor.py:914} INFO - Processing file /usr/local/python/3.12.1/lib/python3.12/site-packages/airflow/example_dags/example_trigger_controller_dag.py for tasks to queue
[2025-03-18T10:57:29.801+0000] {logging_mixin.py:190} INFO - [2025-03-18T10:57:29.801+0000] {dagbag.py:588} INFO - Filling up the DagBag from /usr/local/python/3.12.1/lib/python3.12/site-packages/airflow/example_dags/example_trigger_controller_dag.py
[2025-03-18T10:57:29.806+0000] {processor.py:925} INFO - DAG(s) 'example_trigger_controller_dag' retrieved from /usr/local/python/3.12.1/lib/python3.12/site-packages/airflow/example_dags/example_trigger_controller_dag.py
[2025-03-18T10:57:29.816+0000] {logging_mixin.py:190} INFO - [2025-03-18T10:57:29.816+0000] {dag.py:3239} INFO - Sync 1 DAGs
[2025-03-18T10:57:29.831+0000] {logging_mixin.py:190} INFO - [2025-03-18T10:57:29.830+0000] {dag.py:4180} INFO - Setting next_dagrun for example_trigger_controller_dag to 2021-01-01 00:00:00+00:00, run_after=2021-01-01 00:00:00+00:00
[2025-03-18T10:57:29.845+0000] {processor.py:208} INFO - Processing /usr/local/python/3.12.1/lib/python3.12/site-packages/airflow/example_dags/example_trigger_controller_dag.py took 0.050 seconds
[2025-03-18T10:58:17.808+0000] {processor.py:186} INFO - Started process (PID=53784) to work on /usr/local/python/3.12.1/lib/python3.12/site-packages/airflow/example_dags/example_trigger_controller_dag.py
[2025-03-18T10:58:17.809+0000] {processor.py:914} INFO - Processing file /usr/local/python/3.12.1/lib/python3.12/site-packages/airflow/example_dags/example_trigger_controller_dag.py for tasks to queue
[2025-03-18T10:58:17.810+0000] {logging_mixin.py:190} INFO - [2025-03-18T10:58:17.810+0000] {dagbag.py:588} INFO - Filling up the DagBag from /usr/local/python/3.12.1/lib/python3.12/site-packages/airflow/example_dags/example_trigger_controller_dag.py
[2025-03-18T10:58:17.815+0000] {processor.py:925} INFO - DAG(s) 'example_trigger_controller_dag' retrieved from /usr/local/python/3.12.1/lib/python3.12/site-packages/airflow/example_dags/example_trigger_controller_dag.py
[2025-03-18T10:58:17.825+0000] {logging_mixin.py:190} INFO - [2025-03-18T10:58:17.825+0000] {dag.py:3239} INFO - Sync 1 DAGs
[2025-03-18T10:58:17.839+0000] {logging_mixin.py:190} INFO - [2025-03-18T10:58:17.839+0000] {dag.py:4180} INFO - Setting next_dagrun for example_trigger_controller_dag to 2021-01-01 00:00:00+00:00, run_after=2021-01-01 00:00:00+00:00
[2025-03-18T10:58:17.853+0000] {processor.py:208} INFO - Processing /usr/local/python/3.12.1/lib/python3.12/site-packages/airflow/example_dags/example_trigger_controller_dag.py took 0.049 seconds
[2025-03-18T10:59:04.350+0000] {processor.py:186} INFO - Started process (PID=54355) to work on /usr/local/python/3.12.1/lib/python3.12/site-packages/airflow/example_dags/example_trigger_controller_dag.py
[2025-03-18T10:59:04.350+0000] {processor.py:914} INFO - Processing file /usr/local/python/3.12.1/lib/python3.12/site-packages/airflow/example_dags/example_trigger_controller_dag.py for tasks to queue
[2025-03-18T10:59:04.352+0000] {logging_mixin.py:190} INFO - [2025-03-18T10:59:04.351+0000] {dagbag.py:588} INFO - Filling up the DagBag from /usr/local/python/3.12.1/lib/python3.12/site-packages/airflow/example_dags/example_trigger_controller_dag.py
[2025-03-18T10:59:04.357+0000] {processor.py:925} INFO - DAG(s) 'example_trigger_controller_dag' retrieved from /usr/local/python/3.12.1/lib/python3.12/site-packages/airflow/example_dags/example_trigger_controller_dag.py
[2025-03-18T10:59:04.366+0000] {logging_mixin.py:190} INFO - [2025-03-18T10:59:04.366+0000] {dag.py:3239} INFO - Sync 1 DAGs
[2025-03-18T10:59:04.381+0000] {logging_mixin.py:190} INFO - [2025-03-18T10:59:04.380+0000] {dag.py:4180} INFO - Setting next_dagrun for example_trigger_controller_dag to 2021-01-01 00:00:00+00:00, run_after=2021-01-01 00:00:00+00:00
[2025-03-18T10:59:04.396+0000] {processor.py:208} INFO - Processing /usr/local/python/3.12.1/lib/python3.12/site-packages/airflow/example_dags/example_trigger_controller_dag.py took 0.050 seconds
[2025-03-18T10:59:52.440+0000] {processor.py:186} INFO - Started process (PID=54874) to work on /usr/local/python/3.12.1/lib/python3.12/site-packages/airflow/example_dags/example_trigger_controller_dag.py
[2025-03-18T10:59:52.441+0000] {processor.py:914} INFO - Processing file /usr/local/python/3.12.1/lib/python3.12/site-packages/airflow/example_dags/example_trigger_controller_dag.py for tasks to queue
[2025-03-18T10:59:52.443+0000] {logging_mixin.py:190} INFO - [2025-03-18T10:59:52.442+0000] {dagbag.py:588} INFO - Filling up the DagBag from /usr/local/python/3.12.1/lib/python3.12/site-packages/airflow/example_dags/example_trigger_controller_dag.py
[2025-03-18T10:59:52.448+0000] {processor.py:925} INFO - DAG(s) 'example_trigger_controller_dag' retrieved from /usr/local/python/3.12.1/lib/python3.12/site-packages/airflow/example_dags/example_trigger_controller_dag.py
[2025-03-18T10:59:52.458+0000] {logging_mixin.py:190} INFO - [2025-03-18T10:59:52.458+0000] {dag.py:3239} INFO - Sync 1 DAGs
[2025-03-18T10:59:52.478+0000] {logging_mixin.py:190} INFO - [2025-03-18T10:59:52.478+0000] {dag.py:4180} INFO - Setting next_dagrun for example_trigger_controller_dag to 2021-01-01 00:00:00+00:00, run_after=2021-01-01 00:00:00+00:00
[2025-03-18T10:59:52.499+0000] {processor.py:208} INFO - Processing /usr/local/python/3.12.1/lib/python3.12/site-packages/airflow/example_dags/example_trigger_controller_dag.py took 0.063 seconds
[2025-03-18T11:00:42.703+0000] {processor.py:186} INFO - Started process (PID=55963) to work on /usr/local/python/3.12.1/lib/python3.12/site-packages/airflow/example_dags/example_trigger_controller_dag.py
[2025-03-18T11:00:42.704+0000] {processor.py:914} INFO - Processing file /usr/local/python/3.12.1/lib/python3.12/site-packages/airflow/example_dags/example_trigger_controller_dag.py for tasks to queue
[2025-03-18T11:00:42.705+0000] {logging_mixin.py:190} INFO - [2025-03-18T11:00:42.705+0000] {dagbag.py:588} INFO - Filling up the DagBag from /usr/local/python/3.12.1/lib/python3.12/site-packages/airflow/example_dags/example_trigger_controller_dag.py
[2025-03-18T11:00:42.710+0000] {processor.py:925} INFO - DAG(s) 'example_trigger_controller_dag' retrieved from /usr/local/python/3.12.1/lib/python3.12/site-packages/airflow/example_dags/example_trigger_controller_dag.py
[2025-03-18T11:00:42.720+0000] {logging_mixin.py:190} INFO - [2025-03-18T11:00:42.720+0000] {dag.py:3239} INFO - Sync 1 DAGs
[2025-03-18T11:00:42.734+0000] {logging_mixin.py:190} INFO - [2025-03-18T11:00:42.734+0000] {dag.py:4180} INFO - Setting next_dagrun for example_trigger_controller_dag to 2021-01-01 00:00:00+00:00, run_after=2021-01-01 00:00:00+00:00
[2025-03-18T11:00:42.748+0000] {processor.py:208} INFO - Processing /usr/local/python/3.12.1/lib/python3.12/site-packages/airflow/example_dags/example_trigger_controller_dag.py took 0.049 seconds
[2025-03-18T11:01:34.278+0000] {processor.py:186} INFO - Started process (PID=57795) to work on /usr/local/python/3.12.1/lib/python3.12/site-packages/airflow/example_dags/example_trigger_controller_dag.py
[2025-03-18T11:01:34.278+0000] {processor.py:914} INFO - Processing file /usr/local/python/3.12.1/lib/python3.12/site-packages/airflow/example_dags/example_trigger_controller_dag.py for tasks to queue
[2025-03-18T11:01:34.280+0000] {logging_mixin.py:190} INFO - [2025-03-18T11:01:34.280+0000] {dagbag.py:588} INFO - Filling up the DagBag from /usr/local/python/3.12.1/lib/python3.12/site-packages/airflow/example_dags/example_trigger_controller_dag.py
[2025-03-18T11:01:34.285+0000] {processor.py:925} INFO - DAG(s) 'example_trigger_controller_dag' retrieved from /usr/local/python/3.12.1/lib/python3.12/site-packages/airflow/example_dags/example_trigger_controller_dag.py
[2025-03-18T11:01:34.295+0000] {logging_mixin.py:190} INFO - [2025-03-18T11:01:34.295+0000] {dag.py:3239} INFO - Sync 1 DAGs
[2025-03-18T11:01:34.309+0000] {logging_mixin.py:190} INFO - [2025-03-18T11:01:34.309+0000] {dag.py:4180} INFO - Setting next_dagrun for example_trigger_controller_dag to 2021-01-01 00:00:00+00:00, run_after=2021-01-01 00:00:00+00:00
[2025-03-18T11:01:34.323+0000] {processor.py:208} INFO - Processing /usr/local/python/3.12.1/lib/python3.12/site-packages/airflow/example_dags/example_trigger_controller_dag.py took 0.050 seconds
[2025-03-18T11:02:25.681+0000] {processor.py:186} INFO - Started process (PID=58202) to work on /usr/local/python/3.12.1/lib/python3.12/site-packages/airflow/example_dags/example_trigger_controller_dag.py
[2025-03-18T11:02:25.682+0000] {processor.py:914} INFO - Processing file /usr/local/python/3.12.1/lib/python3.12/site-packages/airflow/example_dags/example_trigger_controller_dag.py for tasks to queue
[2025-03-18T11:02:25.684+0000] {logging_mixin.py:190} INFO - [2025-03-18T11:02:25.684+0000] {dagbag.py:588} INFO - Filling up the DagBag from /usr/local/python/3.12.1/lib/python3.12/site-packages/airflow/example_dags/example_trigger_controller_dag.py
[2025-03-18T11:02:25.689+0000] {processor.py:925} INFO - DAG(s) 'example_trigger_controller_dag' retrieved from /usr/local/python/3.12.1/lib/python3.12/site-packages/airflow/example_dags/example_trigger_controller_dag.py
[2025-03-18T11:02:25.699+0000] {logging_mixin.py:190} INFO - [2025-03-18T11:02:25.699+0000] {dag.py:3239} INFO - Sync 1 DAGs
[2025-03-18T11:02:25.714+0000] {logging_mixin.py:190} INFO - [2025-03-18T11:02:25.714+0000] {dag.py:4180} INFO - Setting next_dagrun for example_trigger_controller_dag to 2021-01-01 00:00:00+00:00, run_after=2021-01-01 00:00:00+00:00
[2025-03-18T11:02:25.728+0000] {processor.py:208} INFO - Processing /usr/local/python/3.12.1/lib/python3.12/site-packages/airflow/example_dags/example_trigger_controller_dag.py took 0.051 seconds
[2025-03-18T11:03:14.213+0000] {processor.py:186} INFO - Started process (PID=58615) to work on /usr/local/python/3.12.1/lib/python3.12/site-packages/airflow/example_dags/example_trigger_controller_dag.py
[2025-03-18T11:03:14.214+0000] {processor.py:914} INFO - Processing file /usr/local/python/3.12.1/lib/python3.12/site-packages/airflow/example_dags/example_trigger_controller_dag.py for tasks to queue
[2025-03-18T11:03:14.215+0000] {logging_mixin.py:190} INFO - [2025-03-18T11:03:14.215+0000] {dagbag.py:588} INFO - Filling up the DagBag from /usr/local/python/3.12.1/lib/python3.12/site-packages/airflow/example_dags/example_trigger_controller_dag.py
[2025-03-18T11:03:14.221+0000] {processor.py:925} INFO - DAG(s) 'example_trigger_controller_dag' retrieved from /usr/local/python/3.12.1/lib/python3.12/site-packages/airflow/example_dags/example_trigger_controller_dag.py
[2025-03-18T11:03:14.231+0000] {logging_mixin.py:190} INFO - [2025-03-18T11:03:14.230+0000] {dag.py:3239} INFO - Sync 1 DAGs
[2025-03-18T11:03:14.245+0000] {logging_mixin.py:190} INFO - [2025-03-18T11:03:14.245+0000] {dag.py:4180} INFO - Setting next_dagrun for example_trigger_controller_dag to 2021-01-01 00:00:00+00:00, run_after=2021-01-01 00:00:00+00:00
[2025-03-18T11:03:14.259+0000] {processor.py:208} INFO - Processing /usr/local/python/3.12.1/lib/python3.12/site-packages/airflow/example_dags/example_trigger_controller_dag.py took 0.050 seconds
[2025-03-18T11:04:00.735+0000] {processor.py:186} INFO - Started process (PID=58969) to work on /usr/local/python/3.12.1/lib/python3.12/site-packages/airflow/example_dags/example_trigger_controller_dag.py
[2025-03-18T11:04:00.736+0000] {processor.py:914} INFO - Processing file /usr/local/python/3.12.1/lib/python3.12/site-packages/airflow/example_dags/example_trigger_controller_dag.py for tasks to queue
[2025-03-18T11:04:00.737+0000] {logging_mixin.py:190} INFO - [2025-03-18T11:04:00.737+0000] {dagbag.py:588} INFO - Filling up the DagBag from /usr/local/python/3.12.1/lib/python3.12/site-packages/airflow/example_dags/example_trigger_controller_dag.py
[2025-03-18T11:04:00.742+0000] {processor.py:925} INFO - DAG(s) 'example_trigger_controller_dag' retrieved from /usr/local/python/3.12.1/lib/python3.12/site-packages/airflow/example_dags/example_trigger_controller_dag.py
[2025-03-18T11:04:00.752+0000] {logging_mixin.py:190} INFO - [2025-03-18T11:04:00.752+0000] {dag.py:3239} INFO - Sync 1 DAGs
[2025-03-18T11:04:00.767+0000] {logging_mixin.py:190} INFO - [2025-03-18T11:04:00.767+0000] {dag.py:4180} INFO - Setting next_dagrun for example_trigger_controller_dag to 2021-01-01 00:00:00+00:00, run_after=2021-01-01 00:00:00+00:00
[2025-03-18T11:04:00.781+0000] {processor.py:208} INFO - Processing /usr/local/python/3.12.1/lib/python3.12/site-packages/airflow/example_dags/example_trigger_controller_dag.py took 0.050 seconds
[2025-03-18T11:04:49.144+0000] {processor.py:186} INFO - Started process (PID=59359) to work on /usr/local/python/3.12.1/lib/python3.12/site-packages/airflow/example_dags/example_trigger_controller_dag.py
[2025-03-18T11:04:49.145+0000] {processor.py:914} INFO - Processing file /usr/local/python/3.12.1/lib/python3.12/site-packages/airflow/example_dags/example_trigger_controller_dag.py for tasks to queue
[2025-03-18T11:04:49.147+0000] {logging_mixin.py:190} INFO - [2025-03-18T11:04:49.146+0000] {dagbag.py:588} INFO - Filling up the DagBag from /usr/local/python/3.12.1/lib/python3.12/site-packages/airflow/example_dags/example_trigger_controller_dag.py
[2025-03-18T11:04:49.152+0000] {processor.py:925} INFO - DAG(s) 'example_trigger_controller_dag' retrieved from /usr/local/python/3.12.1/lib/python3.12/site-packages/airflow/example_dags/example_trigger_controller_dag.py
[2025-03-18T11:04:49.162+0000] {logging_mixin.py:190} INFO - [2025-03-18T11:04:49.162+0000] {dag.py:3239} INFO - Sync 1 DAGs
[2025-03-18T11:04:49.177+0000] {logging_mixin.py:190} INFO - [2025-03-18T11:04:49.177+0000] {dag.py:4180} INFO - Setting next_dagrun for example_trigger_controller_dag to 2021-01-01 00:00:00+00:00, run_after=2021-01-01 00:00:00+00:00
[2025-03-18T11:04:49.190+0000] {processor.py:208} INFO - Processing /usr/local/python/3.12.1/lib/python3.12/site-packages/airflow/example_dags/example_trigger_controller_dag.py took 0.050 seconds
[2025-03-18T11:05:37.975+0000] {processor.py:186} INFO - Started process (PID=59742) to work on /usr/local/python/3.12.1/lib/python3.12/site-packages/airflow/example_dags/example_trigger_controller_dag.py
[2025-03-18T11:05:37.975+0000] {processor.py:914} INFO - Processing file /usr/local/python/3.12.1/lib/python3.12/site-packages/airflow/example_dags/example_trigger_controller_dag.py for tasks to queue
[2025-03-18T11:05:37.977+0000] {logging_mixin.py:190} INFO - [2025-03-18T11:05:37.976+0000] {dagbag.py:588} INFO - Filling up the DagBag from /usr/local/python/3.12.1/lib/python3.12/site-packages/airflow/example_dags/example_trigger_controller_dag.py
[2025-03-18T11:05:37.982+0000] {processor.py:925} INFO - DAG(s) 'example_trigger_controller_dag' retrieved from /usr/local/python/3.12.1/lib/python3.12/site-packages/airflow/example_dags/example_trigger_controller_dag.py
[2025-03-18T11:05:37.992+0000] {logging_mixin.py:190} INFO - [2025-03-18T11:05:37.991+0000] {dag.py:3239} INFO - Sync 1 DAGs
[2025-03-18T11:05:38.006+0000] {logging_mixin.py:190} INFO - [2025-03-18T11:05:38.006+0000] {dag.py:4180} INFO - Setting next_dagrun for example_trigger_controller_dag to 2021-01-01 00:00:00+00:00, run_after=2021-01-01 00:00:00+00:00
[2025-03-18T11:05:38.020+0000] {processor.py:208} INFO - Processing /usr/local/python/3.12.1/lib/python3.12/site-packages/airflow/example_dags/example_trigger_controller_dag.py took 0.050 seconds
[2025-03-18T11:06:27.065+0000] {processor.py:186} INFO - Started process (PID=60135) to work on /usr/local/python/3.12.1/lib/python3.12/site-packages/airflow/example_dags/example_trigger_controller_dag.py
[2025-03-18T11:06:27.066+0000] {processor.py:914} INFO - Processing file /usr/local/python/3.12.1/lib/python3.12/site-packages/airflow/example_dags/example_trigger_controller_dag.py for tasks to queue
[2025-03-18T11:06:27.067+0000] {logging_mixin.py:190} INFO - [2025-03-18T11:06:27.067+0000] {dagbag.py:588} INFO - Filling up the DagBag from /usr/local/python/3.12.1/lib/python3.12/site-packages/airflow/example_dags/example_trigger_controller_dag.py
[2025-03-18T11:06:27.073+0000] {processor.py:925} INFO - DAG(s) 'example_trigger_controller_dag' retrieved from /usr/local/python/3.12.1/lib/python3.12/site-packages/airflow/example_dags/example_trigger_controller_dag.py
[2025-03-18T11:06:27.083+0000] {logging_mixin.py:190} INFO - [2025-03-18T11:06:27.082+0000] {dag.py:3239} INFO - Sync 1 DAGs
[2025-03-18T11:06:27.097+0000] {logging_mixin.py:190} INFO - [2025-03-18T11:06:27.097+0000] {dag.py:4180} INFO - Setting next_dagrun for example_trigger_controller_dag to 2021-01-01 00:00:00+00:00, run_after=2021-01-01 00:00:00+00:00
[2025-03-18T11:06:27.111+0000] {processor.py:208} INFO - Processing /usr/local/python/3.12.1/lib/python3.12/site-packages/airflow/example_dags/example_trigger_controller_dag.py took 0.050 seconds
[2025-03-18T11:07:19.552+0000] {processor.py:186} INFO - Started process (PID=60547) to work on /usr/local/python/3.12.1/lib/python3.12/site-packages/airflow/example_dags/example_trigger_controller_dag.py
[2025-03-18T11:07:19.553+0000] {processor.py:914} INFO - Processing file /usr/local/python/3.12.1/lib/python3.12/site-packages/airflow/example_dags/example_trigger_controller_dag.py for tasks to queue
[2025-03-18T11:07:19.554+0000] {logging_mixin.py:190} INFO - [2025-03-18T11:07:19.554+0000] {dagbag.py:588} INFO - Filling up the DagBag from /usr/local/python/3.12.1/lib/python3.12/site-packages/airflow/example_dags/example_trigger_controller_dag.py
[2025-03-18T11:07:19.559+0000] {processor.py:925} INFO - DAG(s) 'example_trigger_controller_dag' retrieved from /usr/local/python/3.12.1/lib/python3.12/site-packages/airflow/example_dags/example_trigger_controller_dag.py
[2025-03-18T11:07:19.569+0000] {logging_mixin.py:190} INFO - [2025-03-18T11:07:19.569+0000] {dag.py:3239} INFO - Sync 1 DAGs
[2025-03-18T11:07:19.584+0000] {logging_mixin.py:190} INFO - [2025-03-18T11:07:19.584+0000] {dag.py:4180} INFO - Setting next_dagrun for example_trigger_controller_dag to 2021-01-01 00:00:00+00:00, run_after=2021-01-01 00:00:00+00:00
[2025-03-18T11:07:19.598+0000] {processor.py:208} INFO - Processing /usr/local/python/3.12.1/lib/python3.12/site-packages/airflow/example_dags/example_trigger_controller_dag.py took 0.050 seconds
[2025-03-18T11:08:09.815+0000] {processor.py:186} INFO - Started process (PID=60974) to work on /usr/local/python/3.12.1/lib/python3.12/site-packages/airflow/example_dags/example_trigger_controller_dag.py
[2025-03-18T11:08:09.815+0000] {processor.py:914} INFO - Processing file /usr/local/python/3.12.1/lib/python3.12/site-packages/airflow/example_dags/example_trigger_controller_dag.py for tasks to queue
[2025-03-18T11:08:09.817+0000] {logging_mixin.py:190} INFO - [2025-03-18T11:08:09.817+0000] {dagbag.py:588} INFO - Filling up the DagBag from /usr/local/python/3.12.1/lib/python3.12/site-packages/airflow/example_dags/example_trigger_controller_dag.py
[2025-03-18T11:08:09.822+0000] {processor.py:925} INFO - DAG(s) 'example_trigger_controller_dag' retrieved from /usr/local/python/3.12.1/lib/python3.12/site-packages/airflow/example_dags/example_trigger_controller_dag.py
[2025-03-18T11:08:09.832+0000] {logging_mixin.py:190} INFO - [2025-03-18T11:08:09.832+0000] {dag.py:3239} INFO - Sync 1 DAGs
[2025-03-18T11:08:09.847+0000] {logging_mixin.py:190} INFO - [2025-03-18T11:08:09.846+0000] {dag.py:4180} INFO - Setting next_dagrun for example_trigger_controller_dag to 2021-01-01 00:00:00+00:00, run_after=2021-01-01 00:00:00+00:00
[2025-03-18T11:08:09.863+0000] {processor.py:208} INFO - Processing /usr/local/python/3.12.1/lib/python3.12/site-packages/airflow/example_dags/example_trigger_controller_dag.py took 0.052 seconds
[2025-03-18T11:09:00.431+0000] {processor.py:186} INFO - Started process (PID=61407) to work on /usr/local/python/3.12.1/lib/python3.12/site-packages/airflow/example_dags/example_trigger_controller_dag.py
[2025-03-18T11:09:00.432+0000] {processor.py:914} INFO - Processing file /usr/local/python/3.12.1/lib/python3.12/site-packages/airflow/example_dags/example_trigger_controller_dag.py for tasks to queue
[2025-03-18T11:09:00.433+0000] {logging_mixin.py:190} INFO - [2025-03-18T11:09:00.433+0000] {dagbag.py:588} INFO - Filling up the DagBag from /usr/local/python/3.12.1/lib/python3.12/site-packages/airflow/example_dags/example_trigger_controller_dag.py
[2025-03-18T11:09:00.438+0000] {processor.py:925} INFO - DAG(s) 'example_trigger_controller_dag' retrieved from /usr/local/python/3.12.1/lib/python3.12/site-packages/airflow/example_dags/example_trigger_controller_dag.py
[2025-03-18T11:09:00.448+0000] {logging_mixin.py:190} INFO - [2025-03-18T11:09:00.448+0000] {dag.py:3239} INFO - Sync 1 DAGs
[2025-03-18T11:09:00.463+0000] {logging_mixin.py:190} INFO - [2025-03-18T11:09:00.462+0000] {dag.py:4180} INFO - Setting next_dagrun for example_trigger_controller_dag to 2021-01-01 00:00:00+00:00, run_after=2021-01-01 00:00:00+00:00
[2025-03-18T11:09:00.476+0000] {processor.py:208} INFO - Processing /usr/local/python/3.12.1/lib/python3.12/site-packages/airflow/example_dags/example_trigger_controller_dag.py took 0.049 seconds
[2025-03-18T11:09:53.839+0000] {processor.py:186} INFO - Started process (PID=61846) to work on /usr/local/python/3.12.1/lib/python3.12/site-packages/airflow/example_dags/example_trigger_controller_dag.py
[2025-03-18T11:09:53.840+0000] {processor.py:914} INFO - Processing file /usr/local/python/3.12.1/lib/python3.12/site-packages/airflow/example_dags/example_trigger_controller_dag.py for tasks to queue
[2025-03-18T11:09:53.841+0000] {logging_mixin.py:190} INFO - [2025-03-18T11:09:53.841+0000] {dagbag.py:588} INFO - Filling up the DagBag from /usr/local/python/3.12.1/lib/python3.12/site-packages/airflow/example_dags/example_trigger_controller_dag.py
[2025-03-18T11:09:53.847+0000] {processor.py:925} INFO - DAG(s) 'example_trigger_controller_dag' retrieved from /usr/local/python/3.12.1/lib/python3.12/site-packages/airflow/example_dags/example_trigger_controller_dag.py
[2025-03-18T11:09:53.857+0000] {logging_mixin.py:190} INFO - [2025-03-18T11:09:53.856+0000] {dag.py:3239} INFO - Sync 1 DAGs
[2025-03-18T11:09:53.871+0000] {logging_mixin.py:190} INFO - [2025-03-18T11:09:53.871+0000] {dag.py:4180} INFO - Setting next_dagrun for example_trigger_controller_dag to 2021-01-01 00:00:00+00:00, run_after=2021-01-01 00:00:00+00:00
[2025-03-18T11:09:53.885+0000] {processor.py:208} INFO - Processing /usr/local/python/3.12.1/lib/python3.12/site-packages/airflow/example_dags/example_trigger_controller_dag.py took 0.050 seconds
[2025-03-18T11:10:44.889+0000] {processor.py:186} INFO - Started process (PID=62287) to work on /usr/local/python/3.12.1/lib/python3.12/site-packages/airflow/example_dags/example_trigger_controller_dag.py
[2025-03-18T11:10:44.890+0000] {processor.py:914} INFO - Processing file /usr/local/python/3.12.1/lib/python3.12/site-packages/airflow/example_dags/example_trigger_controller_dag.py for tasks to queue
[2025-03-18T11:10:44.892+0000] {logging_mixin.py:190} INFO - [2025-03-18T11:10:44.891+0000] {dagbag.py:588} INFO - Filling up the DagBag from /usr/local/python/3.12.1/lib/python3.12/site-packages/airflow/example_dags/example_trigger_controller_dag.py
[2025-03-18T11:10:44.897+0000] {processor.py:925} INFO - DAG(s) 'example_trigger_controller_dag' retrieved from /usr/local/python/3.12.1/lib/python3.12/site-packages/airflow/example_dags/example_trigger_controller_dag.py
[2025-03-18T11:10:44.907+0000] {logging_mixin.py:190} INFO - [2025-03-18T11:10:44.907+0000] {dag.py:3239} INFO - Sync 1 DAGs
[2025-03-18T11:10:44.921+0000] {logging_mixin.py:190} INFO - [2025-03-18T11:10:44.921+0000] {dag.py:4180} INFO - Setting next_dagrun for example_trigger_controller_dag to 2021-01-01 00:00:00+00:00, run_after=2021-01-01 00:00:00+00:00
[2025-03-18T11:10:44.936+0000] {processor.py:208} INFO - Processing /usr/local/python/3.12.1/lib/python3.12/site-packages/airflow/example_dags/example_trigger_controller_dag.py took 0.051 seconds
[2025-03-18T11:11:34.302+0000] {processor.py:186} INFO - Started process (PID=62720) to work on /usr/local/python/3.12.1/lib/python3.12/site-packages/airflow/example_dags/example_trigger_controller_dag.py
[2025-03-18T11:11:34.303+0000] {processor.py:914} INFO - Processing file /usr/local/python/3.12.1/lib/python3.12/site-packages/airflow/example_dags/example_trigger_controller_dag.py for tasks to queue
[2025-03-18T11:11:34.304+0000] {logging_mixin.py:190} INFO - [2025-03-18T11:11:34.304+0000] {dagbag.py:588} INFO - Filling up the DagBag from /usr/local/python/3.12.1/lib/python3.12/site-packages/airflow/example_dags/example_trigger_controller_dag.py
[2025-03-18T11:11:34.311+0000] {processor.py:925} INFO - DAG(s) 'example_trigger_controller_dag' retrieved from /usr/local/python/3.12.1/lib/python3.12/site-packages/airflow/example_dags/example_trigger_controller_dag.py
[2025-03-18T11:11:34.322+0000] {logging_mixin.py:190} INFO - [2025-03-18T11:11:34.322+0000] {dag.py:3239} INFO - Sync 1 DAGs
[2025-03-18T11:11:34.340+0000] {logging_mixin.py:190} INFO - [2025-03-18T11:11:34.340+0000] {dag.py:4180} INFO - Setting next_dagrun for example_trigger_controller_dag to 2021-01-01 00:00:00+00:00, run_after=2021-01-01 00:00:00+00:00
[2025-03-18T11:11:34.357+0000] {processor.py:208} INFO - Processing /usr/local/python/3.12.1/lib/python3.12/site-packages/airflow/example_dags/example_trigger_controller_dag.py took 0.059 seconds
[2025-03-18T11:49:51.939+0000] {processor.py:186} INFO - Started process (PID=82459) to work on /usr/local/python/3.12.1/lib/python3.12/site-packages/airflow/example_dags/example_trigger_controller_dag.py
[2025-03-18T11:49:51.940+0000] {processor.py:914} INFO - Processing file /usr/local/python/3.12.1/lib/python3.12/site-packages/airflow/example_dags/example_trigger_controller_dag.py for tasks to queue
[2025-03-18T11:49:51.942+0000] {logging_mixin.py:190} INFO - [2025-03-18T11:49:51.941+0000] {dagbag.py:588} INFO - Filling up the DagBag from /usr/local/python/3.12.1/lib/python3.12/site-packages/airflow/example_dags/example_trigger_controller_dag.py
[2025-03-18T11:49:51.947+0000] {processor.py:925} INFO - DAG(s) 'example_trigger_controller_dag' retrieved from /usr/local/python/3.12.1/lib/python3.12/site-packages/airflow/example_dags/example_trigger_controller_dag.py
[2025-03-18T11:49:51.958+0000] {logging_mixin.py:190} INFO - [2025-03-18T11:49:51.958+0000] {dag.py:3239} INFO - Sync 1 DAGs
[2025-03-18T11:49:51.972+0000] {logging_mixin.py:190} INFO - [2025-03-18T11:49:51.972+0000] {dag.py:4180} INFO - Setting next_dagrun for example_trigger_controller_dag to 2021-01-01 00:00:00+00:00, run_after=2021-01-01 00:00:00+00:00
[2025-03-18T11:49:51.987+0000] {processor.py:208} INFO - Processing /usr/local/python/3.12.1/lib/python3.12/site-packages/airflow/example_dags/example_trigger_controller_dag.py took 0.052 seconds
[2025-03-18T11:50:26.631+0000] {processor.py:186} INFO - Started process (PID=82918) to work on /usr/local/python/3.12.1/lib/python3.12/site-packages/airflow/example_dags/example_trigger_controller_dag.py
[2025-03-18T11:50:26.632+0000] {processor.py:914} INFO - Processing file /usr/local/python/3.12.1/lib/python3.12/site-packages/airflow/example_dags/example_trigger_controller_dag.py for tasks to queue
[2025-03-18T11:50:26.633+0000] {logging_mixin.py:190} INFO - [2025-03-18T11:50:26.633+0000] {dagbag.py:588} INFO - Filling up the DagBag from /usr/local/python/3.12.1/lib/python3.12/site-packages/airflow/example_dags/example_trigger_controller_dag.py
[2025-03-18T11:50:26.638+0000] {processor.py:925} INFO - DAG(s) 'example_trigger_controller_dag' retrieved from /usr/local/python/3.12.1/lib/python3.12/site-packages/airflow/example_dags/example_trigger_controller_dag.py
[2025-03-18T11:50:26.649+0000] {logging_mixin.py:190} INFO - [2025-03-18T11:50:26.649+0000] {dag.py:3239} INFO - Sync 1 DAGs
[2025-03-18T11:50:26.663+0000] {logging_mixin.py:190} INFO - [2025-03-18T11:50:26.663+0000] {dag.py:4180} INFO - Setting next_dagrun for example_trigger_controller_dag to 2021-01-01 00:00:00+00:00, run_after=2021-01-01 00:00:00+00:00
[2025-03-18T11:50:26.678+0000] {processor.py:208} INFO - Processing /usr/local/python/3.12.1/lib/python3.12/site-packages/airflow/example_dags/example_trigger_controller_dag.py took 0.051 seconds
[2025-03-18T11:57:44.391+0000] {processor.py:186} INFO - Started process (PID=86757) to work on /usr/local/python/3.12.1/lib/python3.12/site-packages/airflow/example_dags/example_trigger_controller_dag.py
[2025-03-18T11:57:44.391+0000] {processor.py:914} INFO - Processing file /usr/local/python/3.12.1/lib/python3.12/site-packages/airflow/example_dags/example_trigger_controller_dag.py for tasks to queue
[2025-03-18T11:57:44.393+0000] {logging_mixin.py:190} INFO - [2025-03-18T11:57:44.393+0000] {dagbag.py:588} INFO - Filling up the DagBag from /usr/local/python/3.12.1/lib/python3.12/site-packages/airflow/example_dags/example_trigger_controller_dag.py
[2025-03-18T11:57:44.398+0000] {processor.py:925} INFO - DAG(s) 'example_trigger_controller_dag' retrieved from /usr/local/python/3.12.1/lib/python3.12/site-packages/airflow/example_dags/example_trigger_controller_dag.py
[2025-03-18T11:57:44.409+0000] {logging_mixin.py:190} INFO - [2025-03-18T11:57:44.409+0000] {dag.py:3239} INFO - Sync 1 DAGs
[2025-03-18T11:57:44.423+0000] {logging_mixin.py:190} INFO - [2025-03-18T11:57:44.423+0000] {dag.py:4180} INFO - Setting next_dagrun for example_trigger_controller_dag to 2021-01-01 00:00:00+00:00, run_after=2021-01-01 00:00:00+00:00
[2025-03-18T11:57:44.437+0000] {processor.py:208} INFO - Processing /usr/local/python/3.12.1/lib/python3.12/site-packages/airflow/example_dags/example_trigger_controller_dag.py took 0.050 seconds
