[2025-03-18T10:52:02.842+0000] {processor.py:186} INFO - Started process (PID=49512) to work on /usr/local/python/3.12.1/lib/python3.12/site-packages/airflow/example_dags/example_dataset_alias.py
[2025-03-18T10:52:02.843+0000] {processor.py:914} INFO - Processing file /usr/local/python/3.12.1/lib/python3.12/site-packages/airflow/example_dags/example_dataset_alias.py for tasks to queue
[2025-03-18T10:52:02.844+0000] {logging_mixin.py:190} INFO - [2025-03-18T10:52:02.844+0000] {dagbag.py:588} INFO - Filling up the DagBag from /usr/local/python/3.12.1/lib/python3.12/site-packages/airflow/example_dags/example_dataset_alias.py
[2025-03-18T10:52:02.857+0000] {processor.py:925} INFO - DAG(s) 'dataset_s3_bucket_producer', 'dataset_alias_example_alias_producer', 'dataset_alias_example_alias_consumer', 'dataset_s3_bucket_consumer' retrieved from /usr/local/python/3.12.1/lib/python3.12/site-packages/airflow/example_dags/example_dataset_alias.py
[2025-03-18T10:52:02.942+0000] {logging_mixin.py:190} INFO - [2025-03-18T10:52:02.941+0000] {override.py:1930} INFO - Created Permission View: can read on DAG:dataset_s3_bucket_producer
[2025-03-18T10:52:02.954+0000] {logging_mixin.py:190} INFO - [2025-03-18T10:52:02.953+0000] {override.py:1930} INFO - Created Permission View: can edit on DAG:dataset_s3_bucket_producer
[2025-03-18T10:52:02.962+0000] {logging_mixin.py:190} INFO - [2025-03-18T10:52:02.961+0000] {override.py:1930} INFO - Created Permission View: can delete on DAG:dataset_s3_bucket_producer
[2025-03-18T10:52:02.972+0000] {logging_mixin.py:190} INFO - [2025-03-18T10:52:02.971+0000] {override.py:1930} INFO - Created Permission View: can read on DAG Run:dataset_s3_bucket_producer
[2025-03-18T10:52:02.978+0000] {logging_mixin.py:190} INFO - [2025-03-18T10:52:02.977+0000] {override.py:1930} INFO - Created Permission View: can create on DAG Run:dataset_s3_bucket_producer
[2025-03-18T10:52:02.984+0000] {logging_mixin.py:190} INFO - [2025-03-18T10:52:02.984+0000] {override.py:1930} INFO - Created Permission View: menu access on DAG Run:dataset_s3_bucket_producer
[2025-03-18T10:52:02.992+0000] {logging_mixin.py:190} INFO - [2025-03-18T10:52:02.992+0000] {override.py:1930} INFO - Created Permission View: can delete on DAG Run:dataset_s3_bucket_producer
[2025-03-18T10:52:03.007+0000] {logging_mixin.py:190} INFO - [2025-03-18T10:52:03.006+0000] {override.py:1930} INFO - Created Permission View: can read on DAG:dataset_alias_example_alias_producer
[2025-03-18T10:52:03.013+0000] {logging_mixin.py:190} INFO - [2025-03-18T10:52:03.013+0000] {override.py:1930} INFO - Created Permission View: can edit on DAG:dataset_alias_example_alias_producer
[2025-03-18T10:52:03.018+0000] {logging_mixin.py:190} INFO - [2025-03-18T10:52:03.017+0000] {override.py:1930} INFO - Created Permission View: can delete on DAG:dataset_alias_example_alias_producer
[2025-03-18T10:52:03.025+0000] {logging_mixin.py:190} INFO - [2025-03-18T10:52:03.025+0000] {override.py:1930} INFO - Created Permission View: can read on DAG Run:dataset_alias_example_alias_producer
[2025-03-18T10:52:03.031+0000] {logging_mixin.py:190} INFO - [2025-03-18T10:52:03.031+0000] {override.py:1930} INFO - Created Permission View: can create on DAG Run:dataset_alias_example_alias_producer
[2025-03-18T10:52:03.038+0000] {logging_mixin.py:190} INFO - [2025-03-18T10:52:03.038+0000] {override.py:1930} INFO - Created Permission View: menu access on DAG Run:dataset_alias_example_alias_producer
[2025-03-18T10:52:03.045+0000] {logging_mixin.py:190} INFO - [2025-03-18T10:52:03.044+0000] {override.py:1930} INFO - Created Permission View: can delete on DAG Run:dataset_alias_example_alias_producer
[2025-03-18T10:52:03.059+0000] {logging_mixin.py:190} INFO - [2025-03-18T10:52:03.059+0000] {override.py:1930} INFO - Created Permission View: can read on DAG:dataset_alias_example_alias_consumer
[2025-03-18T10:52:03.065+0000] {logging_mixin.py:190} INFO - [2025-03-18T10:52:03.065+0000] {override.py:1930} INFO - Created Permission View: can edit on DAG:dataset_alias_example_alias_consumer
[2025-03-18T10:52:03.071+0000] {logging_mixin.py:190} INFO - [2025-03-18T10:52:03.071+0000] {override.py:1930} INFO - Created Permission View: can delete on DAG:dataset_alias_example_alias_consumer
[2025-03-18T10:52:03.080+0000] {logging_mixin.py:190} INFO - [2025-03-18T10:52:03.080+0000] {override.py:1930} INFO - Created Permission View: can read on DAG Run:dataset_alias_example_alias_consumer
[2025-03-18T10:52:03.086+0000] {logging_mixin.py:190} INFO - [2025-03-18T10:52:03.086+0000] {override.py:1930} INFO - Created Permission View: can create on DAG Run:dataset_alias_example_alias_consumer
[2025-03-18T10:52:03.092+0000] {logging_mixin.py:190} INFO - [2025-03-18T10:52:03.092+0000] {override.py:1930} INFO - Created Permission View: menu access on DAG Run:dataset_alias_example_alias_consumer
[2025-03-18T10:52:03.099+0000] {logging_mixin.py:190} INFO - [2025-03-18T10:52:03.098+0000] {override.py:1930} INFO - Created Permission View: can delete on DAG Run:dataset_alias_example_alias_consumer
[2025-03-18T10:52:03.111+0000] {logging_mixin.py:190} INFO - [2025-03-18T10:52:03.111+0000] {override.py:1930} INFO - Created Permission View: can read on DAG:dataset_s3_bucket_consumer
[2025-03-18T10:52:03.117+0000] {logging_mixin.py:190} INFO - [2025-03-18T10:52:03.117+0000] {override.py:1930} INFO - Created Permission View: can edit on DAG:dataset_s3_bucket_consumer
[2025-03-18T10:52:03.122+0000] {logging_mixin.py:190} INFO - [2025-03-18T10:52:03.122+0000] {override.py:1930} INFO - Created Permission View: can delete on DAG:dataset_s3_bucket_consumer
[2025-03-18T10:52:03.131+0000] {logging_mixin.py:190} INFO - [2025-03-18T10:52:03.131+0000] {override.py:1930} INFO - Created Permission View: can read on DAG Run:dataset_s3_bucket_consumer
[2025-03-18T10:52:03.137+0000] {logging_mixin.py:190} INFO - [2025-03-18T10:52:03.137+0000] {override.py:1930} INFO - Created Permission View: can create on DAG Run:dataset_s3_bucket_consumer
[2025-03-18T10:52:03.143+0000] {logging_mixin.py:190} INFO - [2025-03-18T10:52:03.142+0000] {override.py:1930} INFO - Created Permission View: menu access on DAG Run:dataset_s3_bucket_consumer
[2025-03-18T10:52:03.148+0000] {logging_mixin.py:190} INFO - [2025-03-18T10:52:03.148+0000] {override.py:1930} INFO - Created Permission View: can delete on DAG Run:dataset_s3_bucket_consumer
[2025-03-18T10:52:03.148+0000] {logging_mixin.py:190} INFO - [2025-03-18T10:52:03.148+0000] {dag.py:3239} INFO - Sync 4 DAGs
[2025-03-18T10:52:03.157+0000] {logging_mixin.py:190} INFO - [2025-03-18T10:52:03.157+0000] {dag.py:3262} INFO - Creating ORM DAG for dataset_s3_bucket_consumer
[2025-03-18T10:52:03.157+0000] {logging_mixin.py:190} INFO - [2025-03-18T10:52:03.157+0000] {dag.py:3262} INFO - Creating ORM DAG for dataset_alias_example_alias_producer
[2025-03-18T10:52:03.158+0000] {logging_mixin.py:190} INFO - [2025-03-18T10:52:03.158+0000] {dag.py:3262} INFO - Creating ORM DAG for dataset_s3_bucket_producer
[2025-03-18T10:52:03.158+0000] {logging_mixin.py:190} INFO - [2025-03-18T10:52:03.158+0000] {dag.py:3262} INFO - Creating ORM DAG for dataset_alias_example_alias_consumer
[2025-03-18T10:52:03.164+0000] {logging_mixin.py:190} INFO - [2025-03-18T10:52:03.164+0000] {dag.py:4180} INFO - Setting next_dagrun for dataset_alias_example_alias_consumer to None, run_after=None
[2025-03-18T10:52:03.164+0000] {logging_mixin.py:190} INFO - [2025-03-18T10:52:03.164+0000] {dag.py:4180} INFO - Setting next_dagrun for dataset_alias_example_alias_producer to None, run_after=None
[2025-03-18T10:52:03.165+0000] {logging_mixin.py:190} INFO - [2025-03-18T10:52:03.165+0000] {dag.py:4180} INFO - Setting next_dagrun for dataset_s3_bucket_consumer to None, run_after=None
[2025-03-18T10:52:03.165+0000] {logging_mixin.py:190} INFO - [2025-03-18T10:52:03.165+0000] {dag.py:4180} INFO - Setting next_dagrun for dataset_s3_bucket_producer to None, run_after=None
[2025-03-18T10:52:03.187+0000] {processor.py:208} INFO - Processing /usr/local/python/3.12.1/lib/python3.12/site-packages/airflow/example_dags/example_dataset_alias.py took 0.348 seconds
[2025-03-18T10:53:41.214+0000] {processor.py:186} INFO - Started process (PID=50785) to work on /usr/local/python/3.12.1/lib/python3.12/site-packages/airflow/example_dags/example_dataset_alias.py
[2025-03-18T10:53:41.215+0000] {processor.py:914} INFO - Processing file /usr/local/python/3.12.1/lib/python3.12/site-packages/airflow/example_dags/example_dataset_alias.py for tasks to queue
[2025-03-18T10:53:41.216+0000] {logging_mixin.py:190} INFO - [2025-03-18T10:53:41.216+0000] {dagbag.py:588} INFO - Filling up the DagBag from /usr/local/python/3.12.1/lib/python3.12/site-packages/airflow/example_dags/example_dataset_alias.py
[2025-03-18T10:53:41.233+0000] {processor.py:925} INFO - DAG(s) 'dataset_alias_example_alias_consumer', 'dataset_s3_bucket_consumer', 'dataset_s3_bucket_producer', 'dataset_alias_example_alias_producer' retrieved from /usr/local/python/3.12.1/lib/python3.12/site-packages/airflow/example_dags/example_dataset_alias.py
[2025-03-18T10:53:41.247+0000] {logging_mixin.py:190} INFO - [2025-03-18T10:53:41.247+0000] {dag.py:3239} INFO - Sync 4 DAGs
[2025-03-18T10:53:41.263+0000] {logging_mixin.py:190} INFO - [2025-03-18T10:53:41.262+0000] {dag.py:4180} INFO - Setting next_dagrun for dataset_alias_example_alias_consumer to None, run_after=None
[2025-03-18T10:53:41.265+0000] {logging_mixin.py:190} INFO - [2025-03-18T10:53:41.264+0000] {dag.py:4180} INFO - Setting next_dagrun for dataset_alias_example_alias_producer to None, run_after=None
[2025-03-18T10:53:41.265+0000] {logging_mixin.py:190} INFO - [2025-03-18T10:53:41.265+0000] {dag.py:4180} INFO - Setting next_dagrun for dataset_s3_bucket_consumer to None, run_after=None
[2025-03-18T10:53:41.266+0000] {logging_mixin.py:190} INFO - [2025-03-18T10:53:41.266+0000] {dag.py:4180} INFO - Setting next_dagrun for dataset_s3_bucket_producer to None, run_after=None
[2025-03-18T10:53:41.284+0000] {processor.py:208} INFO - Processing /usr/local/python/3.12.1/lib/python3.12/site-packages/airflow/example_dags/example_dataset_alias.py took 0.073 seconds
[2025-03-18T10:54:37.354+0000] {processor.py:186} INFO - Started process (PID=51306) to work on /usr/local/python/3.12.1/lib/python3.12/site-packages/airflow/example_dags/example_dataset_alias.py
[2025-03-18T10:54:37.355+0000] {processor.py:914} INFO - Processing file /usr/local/python/3.12.1/lib/python3.12/site-packages/airflow/example_dags/example_dataset_alias.py for tasks to queue
[2025-03-18T10:54:37.356+0000] {logging_mixin.py:190} INFO - [2025-03-18T10:54:37.356+0000] {dagbag.py:588} INFO - Filling up the DagBag from /usr/local/python/3.12.1/lib/python3.12/site-packages/airflow/example_dags/example_dataset_alias.py
[2025-03-18T10:54:37.372+0000] {processor.py:925} INFO - DAG(s) 'dataset_s3_bucket_producer', 'dataset_alias_example_alias_producer', 'dataset_alias_example_alias_consumer', 'dataset_s3_bucket_consumer' retrieved from /usr/local/python/3.12.1/lib/python3.12/site-packages/airflow/example_dags/example_dataset_alias.py
[2025-03-18T10:54:37.386+0000] {logging_mixin.py:190} INFO - [2025-03-18T10:54:37.386+0000] {dag.py:3239} INFO - Sync 4 DAGs
[2025-03-18T10:54:37.401+0000] {logging_mixin.py:190} INFO - [2025-03-18T10:54:37.401+0000] {dag.py:4180} INFO - Setting next_dagrun for dataset_alias_example_alias_consumer to None, run_after=None
[2025-03-18T10:54:37.402+0000] {logging_mixin.py:190} INFO - [2025-03-18T10:54:37.402+0000] {dag.py:4180} INFO - Setting next_dagrun for dataset_alias_example_alias_producer to None, run_after=None
[2025-03-18T10:54:37.403+0000] {logging_mixin.py:190} INFO - [2025-03-18T10:54:37.403+0000] {dag.py:4180} INFO - Setting next_dagrun for dataset_s3_bucket_consumer to None, run_after=None
[2025-03-18T10:54:37.404+0000] {logging_mixin.py:190} INFO - [2025-03-18T10:54:37.404+0000] {dag.py:4180} INFO - Setting next_dagrun for dataset_s3_bucket_producer to None, run_after=None
[2025-03-18T10:54:37.420+0000] {processor.py:208} INFO - Processing /usr/local/python/3.12.1/lib/python3.12/site-packages/airflow/example_dags/example_dataset_alias.py took 0.070 seconds
[2025-03-18T10:55:31.287+0000] {processor.py:186} INFO - Started process (PID=51817) to work on /usr/local/python/3.12.1/lib/python3.12/site-packages/airflow/example_dags/example_dataset_alias.py
[2025-03-18T10:55:31.288+0000] {processor.py:914} INFO - Processing file /usr/local/python/3.12.1/lib/python3.12/site-packages/airflow/example_dags/example_dataset_alias.py for tasks to queue
[2025-03-18T10:55:31.289+0000] {logging_mixin.py:190} INFO - [2025-03-18T10:55:31.289+0000] {dagbag.py:588} INFO - Filling up the DagBag from /usr/local/python/3.12.1/lib/python3.12/site-packages/airflow/example_dags/example_dataset_alias.py
[2025-03-18T10:55:31.305+0000] {processor.py:925} INFO - DAG(s) 'dataset_alias_example_alias_producer', 'dataset_s3_bucket_consumer', 'dataset_alias_example_alias_consumer', 'dataset_s3_bucket_producer' retrieved from /usr/local/python/3.12.1/lib/python3.12/site-packages/airflow/example_dags/example_dataset_alias.py
[2025-03-18T10:55:31.319+0000] {logging_mixin.py:190} INFO - [2025-03-18T10:55:31.318+0000] {dag.py:3239} INFO - Sync 4 DAGs
[2025-03-18T10:55:31.333+0000] {logging_mixin.py:190} INFO - [2025-03-18T10:55:31.333+0000] {dag.py:4180} INFO - Setting next_dagrun for dataset_alias_example_alias_consumer to None, run_after=None
[2025-03-18T10:55:31.335+0000] {logging_mixin.py:190} INFO - [2025-03-18T10:55:31.335+0000] {dag.py:4180} INFO - Setting next_dagrun for dataset_alias_example_alias_producer to None, run_after=None
[2025-03-18T10:55:31.336+0000] {logging_mixin.py:190} INFO - [2025-03-18T10:55:31.336+0000] {dag.py:4180} INFO - Setting next_dagrun for dataset_s3_bucket_consumer to None, run_after=None
[2025-03-18T10:55:31.336+0000] {logging_mixin.py:190} INFO - [2025-03-18T10:55:31.336+0000] {dag.py:4180} INFO - Setting next_dagrun for dataset_s3_bucket_producer to None, run_after=None
[2025-03-18T10:55:31.353+0000] {processor.py:208} INFO - Processing /usr/local/python/3.12.1/lib/python3.12/site-packages/airflow/example_dags/example_dataset_alias.py took 0.070 seconds
[2025-03-18T10:56:24.660+0000] {processor.py:186} INFO - Started process (PID=52575) to work on /usr/local/python/3.12.1/lib/python3.12/site-packages/airflow/example_dags/example_dataset_alias.py
[2025-03-18T10:56:24.660+0000] {processor.py:914} INFO - Processing file /usr/local/python/3.12.1/lib/python3.12/site-packages/airflow/example_dags/example_dataset_alias.py for tasks to queue
[2025-03-18T10:56:24.662+0000] {logging_mixin.py:190} INFO - [2025-03-18T10:56:24.662+0000] {dagbag.py:588} INFO - Filling up the DagBag from /usr/local/python/3.12.1/lib/python3.12/site-packages/airflow/example_dags/example_dataset_alias.py
[2025-03-18T10:56:24.679+0000] {processor.py:925} INFO - DAG(s) 'dataset_s3_bucket_consumer', 'dataset_s3_bucket_producer', 'dataset_alias_example_alias_producer', 'dataset_alias_example_alias_consumer' retrieved from /usr/local/python/3.12.1/lib/python3.12/site-packages/airflow/example_dags/example_dataset_alias.py
[2025-03-18T10:56:24.693+0000] {logging_mixin.py:190} INFO - [2025-03-18T10:56:24.693+0000] {dag.py:3239} INFO - Sync 4 DAGs
[2025-03-18T10:56:24.708+0000] {logging_mixin.py:190} INFO - [2025-03-18T10:56:24.708+0000] {dag.py:4180} INFO - Setting next_dagrun for dataset_alias_example_alias_consumer to None, run_after=None
[2025-03-18T10:56:24.709+0000] {logging_mixin.py:190} INFO - [2025-03-18T10:56:24.709+0000] {dag.py:4180} INFO - Setting next_dagrun for dataset_alias_example_alias_producer to None, run_after=None
[2025-03-18T10:56:24.710+0000] {logging_mixin.py:190} INFO - [2025-03-18T10:56:24.710+0000] {dag.py:4180} INFO - Setting next_dagrun for dataset_s3_bucket_consumer to None, run_after=None
[2025-03-18T10:56:24.711+0000] {logging_mixin.py:190} INFO - [2025-03-18T10:56:24.711+0000] {dag.py:4180} INFO - Setting next_dagrun for dataset_s3_bucket_producer to None, run_after=None
[2025-03-18T10:56:24.729+0000] {processor.py:208} INFO - Processing /usr/local/python/3.12.1/lib/python3.12/site-packages/airflow/example_dags/example_dataset_alias.py took 0.073 seconds
[2025-03-18T10:57:36.734+0000] {processor.py:186} INFO - Started process (PID=53361) to work on /usr/local/python/3.12.1/lib/python3.12/site-packages/airflow/example_dags/example_dataset_alias.py
[2025-03-18T10:57:36.734+0000] {processor.py:914} INFO - Processing file /usr/local/python/3.12.1/lib/python3.12/site-packages/airflow/example_dags/example_dataset_alias.py for tasks to queue
[2025-03-18T10:57:36.736+0000] {logging_mixin.py:190} INFO - [2025-03-18T10:57:36.736+0000] {dagbag.py:588} INFO - Filling up the DagBag from /usr/local/python/3.12.1/lib/python3.12/site-packages/airflow/example_dags/example_dataset_alias.py
[2025-03-18T10:57:36.756+0000] {processor.py:925} INFO - DAG(s) 'dataset_alias_example_alias_consumer', 'dataset_s3_bucket_consumer', 'dataset_alias_example_alias_producer', 'dataset_s3_bucket_producer' retrieved from /usr/local/python/3.12.1/lib/python3.12/site-packages/airflow/example_dags/example_dataset_alias.py
[2025-03-18T10:57:36.772+0000] {logging_mixin.py:190} INFO - [2025-03-18T10:57:36.772+0000] {dag.py:3239} INFO - Sync 4 DAGs
[2025-03-18T10:57:36.787+0000] {logging_mixin.py:190} INFO - [2025-03-18T10:57:36.787+0000] {dag.py:4180} INFO - Setting next_dagrun for dataset_alias_example_alias_consumer to None, run_after=None
[2025-03-18T10:57:36.788+0000] {logging_mixin.py:190} INFO - [2025-03-18T10:57:36.788+0000] {dag.py:4180} INFO - Setting next_dagrun for dataset_alias_example_alias_producer to None, run_after=None
[2025-03-18T10:57:36.789+0000] {logging_mixin.py:190} INFO - [2025-03-18T10:57:36.789+0000] {dag.py:4180} INFO - Setting next_dagrun for dataset_s3_bucket_consumer to None, run_after=None
[2025-03-18T10:57:36.790+0000] {logging_mixin.py:190} INFO - [2025-03-18T10:57:36.790+0000] {dag.py:4180} INFO - Setting next_dagrun for dataset_s3_bucket_producer to None, run_after=None
[2025-03-18T10:57:36.807+0000] {processor.py:208} INFO - Processing /usr/local/python/3.12.1/lib/python3.12/site-packages/airflow/example_dags/example_dataset_alias.py took 0.077 seconds
[2025-03-18T10:58:49.628+0000] {processor.py:186} INFO - Started process (PID=54104) to work on /usr/local/python/3.12.1/lib/python3.12/site-packages/airflow/example_dags/example_dataset_alias.py
[2025-03-18T10:58:49.628+0000] {processor.py:914} INFO - Processing file /usr/local/python/3.12.1/lib/python3.12/site-packages/airflow/example_dags/example_dataset_alias.py for tasks to queue
[2025-03-18T10:58:49.630+0000] {logging_mixin.py:190} INFO - [2025-03-18T10:58:49.629+0000] {dagbag.py:588} INFO - Filling up the DagBag from /usr/local/python/3.12.1/lib/python3.12/site-packages/airflow/example_dags/example_dataset_alias.py
[2025-03-18T10:58:49.646+0000] {processor.py:925} INFO - DAG(s) 'dataset_alias_example_alias_producer', 'dataset_s3_bucket_consumer', 'dataset_s3_bucket_producer', 'dataset_alias_example_alias_consumer' retrieved from /usr/local/python/3.12.1/lib/python3.12/site-packages/airflow/example_dags/example_dataset_alias.py
[2025-03-18T10:58:49.660+0000] {logging_mixin.py:190} INFO - [2025-03-18T10:58:49.660+0000] {dag.py:3239} INFO - Sync 4 DAGs
[2025-03-18T10:58:49.675+0000] {logging_mixin.py:190} INFO - [2025-03-18T10:58:49.675+0000] {dag.py:4180} INFO - Setting next_dagrun for dataset_alias_example_alias_consumer to None, run_after=None
[2025-03-18T10:58:49.676+0000] {logging_mixin.py:190} INFO - [2025-03-18T10:58:49.676+0000] {dag.py:4180} INFO - Setting next_dagrun for dataset_alias_example_alias_producer to None, run_after=None
[2025-03-18T10:58:49.677+0000] {logging_mixin.py:190} INFO - [2025-03-18T10:58:49.677+0000] {dag.py:4180} INFO - Setting next_dagrun for dataset_s3_bucket_consumer to None, run_after=None
[2025-03-18T10:58:49.678+0000] {logging_mixin.py:190} INFO - [2025-03-18T10:58:49.678+0000] {dag.py:4180} INFO - Setting next_dagrun for dataset_s3_bucket_producer to None, run_after=None
[2025-03-18T10:58:49.693+0000] {processor.py:208} INFO - Processing /usr/local/python/3.12.1/lib/python3.12/site-packages/airflow/example_dags/example_dataset_alias.py took 0.069 seconds
[2025-03-18T11:00:01.581+0000] {processor.py:186} INFO - Started process (PID=54953) to work on /usr/local/python/3.12.1/lib/python3.12/site-packages/airflow/example_dags/example_dataset_alias.py
[2025-03-18T11:00:01.581+0000] {processor.py:914} INFO - Processing file /usr/local/python/3.12.1/lib/python3.12/site-packages/airflow/example_dags/example_dataset_alias.py for tasks to queue
[2025-03-18T11:00:01.583+0000] {logging_mixin.py:190} INFO - [2025-03-18T11:00:01.582+0000] {dagbag.py:588} INFO - Filling up the DagBag from /usr/local/python/3.12.1/lib/python3.12/site-packages/airflow/example_dags/example_dataset_alias.py
[2025-03-18T11:00:01.599+0000] {processor.py:925} INFO - DAG(s) 'dataset_alias_example_alias_consumer', 'dataset_alias_example_alias_producer', 'dataset_s3_bucket_producer', 'dataset_s3_bucket_consumer' retrieved from /usr/local/python/3.12.1/lib/python3.12/site-packages/airflow/example_dags/example_dataset_alias.py
[2025-03-18T11:00:01.612+0000] {logging_mixin.py:190} INFO - [2025-03-18T11:00:01.612+0000] {dag.py:3239} INFO - Sync 4 DAGs
[2025-03-18T11:00:01.627+0000] {logging_mixin.py:190} INFO - [2025-03-18T11:00:01.627+0000] {dag.py:4180} INFO - Setting next_dagrun for dataset_alias_example_alias_consumer to None, run_after=None
[2025-03-18T11:00:01.629+0000] {logging_mixin.py:190} INFO - [2025-03-18T11:00:01.629+0000] {dag.py:4180} INFO - Setting next_dagrun for dataset_alias_example_alias_producer to None, run_after=None
[2025-03-18T11:00:01.629+0000] {logging_mixin.py:190} INFO - [2025-03-18T11:00:01.629+0000] {dag.py:4180} INFO - Setting next_dagrun for dataset_s3_bucket_consumer to None, run_after=None
[2025-03-18T11:00:01.630+0000] {logging_mixin.py:190} INFO - [2025-03-18T11:00:01.630+0000] {dag.py:4180} INFO - Setting next_dagrun for dataset_s3_bucket_producer to None, run_after=None
[2025-03-18T11:00:01.646+0000] {processor.py:208} INFO - Processing /usr/local/python/3.12.1/lib/python3.12/site-packages/airflow/example_dags/example_dataset_alias.py took 0.069 seconds
[2025-03-18T11:01:17.457+0000] {processor.py:186} INFO - Started process (PID=57617) to work on /usr/local/python/3.12.1/lib/python3.12/site-packages/airflow/example_dags/example_dataset_alias.py
[2025-03-18T11:01:17.458+0000] {processor.py:914} INFO - Processing file /usr/local/python/3.12.1/lib/python3.12/site-packages/airflow/example_dags/example_dataset_alias.py for tasks to queue
[2025-03-18T11:01:17.459+0000] {logging_mixin.py:190} INFO - [2025-03-18T11:01:17.459+0000] {dagbag.py:588} INFO - Filling up the DagBag from /usr/local/python/3.12.1/lib/python3.12/site-packages/airflow/example_dags/example_dataset_alias.py
[2025-03-18T11:01:17.475+0000] {processor.py:925} INFO - DAG(s) 'dataset_alias_example_alias_producer', 'dataset_s3_bucket_producer', 'dataset_s3_bucket_consumer', 'dataset_alias_example_alias_consumer' retrieved from /usr/local/python/3.12.1/lib/python3.12/site-packages/airflow/example_dags/example_dataset_alias.py
[2025-03-18T11:01:17.489+0000] {logging_mixin.py:190} INFO - [2025-03-18T11:01:17.489+0000] {dag.py:3239} INFO - Sync 4 DAGs
[2025-03-18T11:01:17.504+0000] {logging_mixin.py:190} INFO - [2025-03-18T11:01:17.504+0000] {dag.py:4180} INFO - Setting next_dagrun for dataset_alias_example_alias_consumer to None, run_after=None
[2025-03-18T11:01:17.505+0000] {logging_mixin.py:190} INFO - [2025-03-18T11:01:17.505+0000] {dag.py:4180} INFO - Setting next_dagrun for dataset_alias_example_alias_producer to None, run_after=None
[2025-03-18T11:01:17.506+0000] {logging_mixin.py:190} INFO - [2025-03-18T11:01:17.506+0000] {dag.py:4180} INFO - Setting next_dagrun for dataset_s3_bucket_consumer to None, run_after=None
[2025-03-18T11:01:17.507+0000] {logging_mixin.py:190} INFO - [2025-03-18T11:01:17.507+0000] {dag.py:4180} INFO - Setting next_dagrun for dataset_s3_bucket_producer to None, run_after=None
[2025-03-18T11:01:17.522+0000] {processor.py:208} INFO - Processing /usr/local/python/3.12.1/lib/python3.12/site-packages/airflow/example_dags/example_dataset_alias.py took 0.069 seconds
[2025-03-18T11:02:08.129+0000] {processor.py:186} INFO - Started process (PID=58057) to work on /usr/local/python/3.12.1/lib/python3.12/site-packages/airflow/example_dags/example_dataset_alias.py
[2025-03-18T11:02:08.129+0000] {processor.py:914} INFO - Processing file /usr/local/python/3.12.1/lib/python3.12/site-packages/airflow/example_dags/example_dataset_alias.py for tasks to queue
[2025-03-18T11:02:08.131+0000] {logging_mixin.py:190} INFO - [2025-03-18T11:02:08.130+0000] {dagbag.py:588} INFO - Filling up the DagBag from /usr/local/python/3.12.1/lib/python3.12/site-packages/airflow/example_dags/example_dataset_alias.py
[2025-03-18T11:02:08.147+0000] {processor.py:925} INFO - DAG(s) 'dataset_s3_bucket_producer', 'dataset_alias_example_alias_consumer', 'dataset_alias_example_alias_producer', 'dataset_s3_bucket_consumer' retrieved from /usr/local/python/3.12.1/lib/python3.12/site-packages/airflow/example_dags/example_dataset_alias.py
[2025-03-18T11:02:08.161+0000] {logging_mixin.py:190} INFO - [2025-03-18T11:02:08.160+0000] {dag.py:3239} INFO - Sync 4 DAGs
[2025-03-18T11:02:08.175+0000] {logging_mixin.py:190} INFO - [2025-03-18T11:02:08.175+0000] {dag.py:4180} INFO - Setting next_dagrun for dataset_alias_example_alias_consumer to None, run_after=None
[2025-03-18T11:02:08.177+0000] {logging_mixin.py:190} INFO - [2025-03-18T11:02:08.177+0000] {dag.py:4180} INFO - Setting next_dagrun for dataset_alias_example_alias_producer to None, run_after=None
[2025-03-18T11:02:08.178+0000] {logging_mixin.py:190} INFO - [2025-03-18T11:02:08.178+0000] {dag.py:4180} INFO - Setting next_dagrun for dataset_s3_bucket_consumer to None, run_after=None
[2025-03-18T11:02:08.178+0000] {logging_mixin.py:190} INFO - [2025-03-18T11:02:08.178+0000] {dag.py:4180} INFO - Setting next_dagrun for dataset_s3_bucket_producer to None, run_after=None
[2025-03-18T11:02:08.195+0000] {processor.py:208} INFO - Processing /usr/local/python/3.12.1/lib/python3.12/site-packages/airflow/example_dags/example_dataset_alias.py took 0.071 seconds
[2025-03-18T11:02:58.796+0000] {processor.py:186} INFO - Started process (PID=58458) to work on /usr/local/python/3.12.1/lib/python3.12/site-packages/airflow/example_dags/example_dataset_alias.py
[2025-03-18T11:02:58.797+0000] {processor.py:914} INFO - Processing file /usr/local/python/3.12.1/lib/python3.12/site-packages/airflow/example_dags/example_dataset_alias.py for tasks to queue
[2025-03-18T11:02:58.798+0000] {logging_mixin.py:190} INFO - [2025-03-18T11:02:58.798+0000] {dagbag.py:588} INFO - Filling up the DagBag from /usr/local/python/3.12.1/lib/python3.12/site-packages/airflow/example_dags/example_dataset_alias.py
[2025-03-18T11:02:58.814+0000] {processor.py:925} INFO - DAG(s) 'dataset_s3_bucket_consumer', 'dataset_s3_bucket_producer', 'dataset_alias_example_alias_producer', 'dataset_alias_example_alias_consumer' retrieved from /usr/local/python/3.12.1/lib/python3.12/site-packages/airflow/example_dags/example_dataset_alias.py
[2025-03-18T11:02:58.828+0000] {logging_mixin.py:190} INFO - [2025-03-18T11:02:58.828+0000] {dag.py:3239} INFO - Sync 4 DAGs
[2025-03-18T11:02:58.842+0000] {logging_mixin.py:190} INFO - [2025-03-18T11:02:58.842+0000] {dag.py:4180} INFO - Setting next_dagrun for dataset_alias_example_alias_consumer to None, run_after=None
[2025-03-18T11:02:58.844+0000] {logging_mixin.py:190} INFO - [2025-03-18T11:02:58.844+0000] {dag.py:4180} INFO - Setting next_dagrun for dataset_alias_example_alias_producer to None, run_after=None
[2025-03-18T11:02:58.845+0000] {logging_mixin.py:190} INFO - [2025-03-18T11:02:58.845+0000] {dag.py:4180} INFO - Setting next_dagrun for dataset_s3_bucket_consumer to None, run_after=None
[2025-03-18T11:02:58.845+0000] {logging_mixin.py:190} INFO - [2025-03-18T11:02:58.845+0000] {dag.py:4180} INFO - Setting next_dagrun for dataset_s3_bucket_producer to None, run_after=None
[2025-03-18T11:02:58.861+0000] {processor.py:208} INFO - Processing /usr/local/python/3.12.1/lib/python3.12/site-packages/airflow/example_dags/example_dataset_alias.py took 0.069 seconds
[2025-03-18T11:04:08.603+0000] {processor.py:186} INFO - Started process (PID=59039) to work on /usr/local/python/3.12.1/lib/python3.12/site-packages/airflow/example_dags/example_dataset_alias.py
[2025-03-18T11:04:08.604+0000] {processor.py:914} INFO - Processing file /usr/local/python/3.12.1/lib/python3.12/site-packages/airflow/example_dags/example_dataset_alias.py for tasks to queue
[2025-03-18T11:04:08.606+0000] {logging_mixin.py:190} INFO - [2025-03-18T11:04:08.605+0000] {dagbag.py:588} INFO - Filling up the DagBag from /usr/local/python/3.12.1/lib/python3.12/site-packages/airflow/example_dags/example_dataset_alias.py
[2025-03-18T11:04:08.623+0000] {processor.py:925} INFO - DAG(s) 'dataset_s3_bucket_producer', 'dataset_alias_example_alias_consumer', 'dataset_s3_bucket_consumer', 'dataset_alias_example_alias_producer' retrieved from /usr/local/python/3.12.1/lib/python3.12/site-packages/airflow/example_dags/example_dataset_alias.py
[2025-03-18T11:04:08.637+0000] {logging_mixin.py:190} INFO - [2025-03-18T11:04:08.637+0000] {dag.py:3239} INFO - Sync 4 DAGs
[2025-03-18T11:04:08.652+0000] {logging_mixin.py:190} INFO - [2025-03-18T11:04:08.652+0000] {dag.py:4180} INFO - Setting next_dagrun for dataset_alias_example_alias_consumer to None, run_after=None
[2025-03-18T11:04:08.653+0000] {logging_mixin.py:190} INFO - [2025-03-18T11:04:08.653+0000] {dag.py:4180} INFO - Setting next_dagrun for dataset_alias_example_alias_producer to None, run_after=None
[2025-03-18T11:04:08.654+0000] {logging_mixin.py:190} INFO - [2025-03-18T11:04:08.654+0000] {dag.py:4180} INFO - Setting next_dagrun for dataset_s3_bucket_consumer to None, run_after=None
[2025-03-18T11:04:08.655+0000] {logging_mixin.py:190} INFO - [2025-03-18T11:04:08.655+0000] {dag.py:4180} INFO - Setting next_dagrun for dataset_s3_bucket_producer to None, run_after=None
[2025-03-18T11:04:08.671+0000] {processor.py:208} INFO - Processing /usr/local/python/3.12.1/lib/python3.12/site-packages/airflow/example_dags/example_dataset_alias.py took 0.072 seconds
[2025-03-18T11:05:20.277+0000] {processor.py:186} INFO - Started process (PID=59604) to work on /usr/local/python/3.12.1/lib/python3.12/site-packages/airflow/example_dags/example_dataset_alias.py
[2025-03-18T11:05:20.278+0000] {processor.py:914} INFO - Processing file /usr/local/python/3.12.1/lib/python3.12/site-packages/airflow/example_dags/example_dataset_alias.py for tasks to queue
[2025-03-18T11:05:20.279+0000] {logging_mixin.py:190} INFO - [2025-03-18T11:05:20.279+0000] {dagbag.py:588} INFO - Filling up the DagBag from /usr/local/python/3.12.1/lib/python3.12/site-packages/airflow/example_dags/example_dataset_alias.py
[2025-03-18T11:05:20.296+0000] {processor.py:925} INFO - DAG(s) 'dataset_s3_bucket_producer', 'dataset_alias_example_alias_consumer', 'dataset_s3_bucket_consumer', 'dataset_alias_example_alias_producer' retrieved from /usr/local/python/3.12.1/lib/python3.12/site-packages/airflow/example_dags/example_dataset_alias.py
[2025-03-18T11:05:20.310+0000] {logging_mixin.py:190} INFO - [2025-03-18T11:05:20.310+0000] {dag.py:3239} INFO - Sync 4 DAGs
[2025-03-18T11:05:20.325+0000] {logging_mixin.py:190} INFO - [2025-03-18T11:05:20.324+0000] {dag.py:4180} INFO - Setting next_dagrun for dataset_alias_example_alias_consumer to None, run_after=None
[2025-03-18T11:05:20.326+0000] {logging_mixin.py:190} INFO - [2025-03-18T11:05:20.326+0000] {dag.py:4180} INFO - Setting next_dagrun for dataset_alias_example_alias_producer to None, run_after=None
[2025-03-18T11:05:20.327+0000] {logging_mixin.py:190} INFO - [2025-03-18T11:05:20.327+0000] {dag.py:4180} INFO - Setting next_dagrun for dataset_s3_bucket_consumer to None, run_after=None
[2025-03-18T11:05:20.328+0000] {logging_mixin.py:190} INFO - [2025-03-18T11:05:20.327+0000] {dag.py:4180} INFO - Setting next_dagrun for dataset_s3_bucket_producer to None, run_after=None
[2025-03-18T11:05:20.344+0000] {processor.py:208} INFO - Processing /usr/local/python/3.12.1/lib/python3.12/site-packages/airflow/example_dags/example_dataset_alias.py took 0.071 seconds
[2025-03-18T11:06:10.224+0000] {processor.py:186} INFO - Started process (PID=59997) to work on /usr/local/python/3.12.1/lib/python3.12/site-packages/airflow/example_dags/example_dataset_alias.py
[2025-03-18T11:06:10.225+0000] {processor.py:914} INFO - Processing file /usr/local/python/3.12.1/lib/python3.12/site-packages/airflow/example_dags/example_dataset_alias.py for tasks to queue
[2025-03-18T11:06:10.226+0000] {logging_mixin.py:190} INFO - [2025-03-18T11:06:10.226+0000] {dagbag.py:588} INFO - Filling up the DagBag from /usr/local/python/3.12.1/lib/python3.12/site-packages/airflow/example_dags/example_dataset_alias.py
[2025-03-18T11:06:10.242+0000] {processor.py:925} INFO - DAG(s) 'dataset_alias_example_alias_consumer', 'dataset_alias_example_alias_producer', 'dataset_s3_bucket_producer', 'dataset_s3_bucket_consumer' retrieved from /usr/local/python/3.12.1/lib/python3.12/site-packages/airflow/example_dags/example_dataset_alias.py
[2025-03-18T11:06:10.256+0000] {logging_mixin.py:190} INFO - [2025-03-18T11:06:10.256+0000] {dag.py:3239} INFO - Sync 4 DAGs
[2025-03-18T11:06:10.271+0000] {logging_mixin.py:190} INFO - [2025-03-18T11:06:10.270+0000] {dag.py:4180} INFO - Setting next_dagrun for dataset_alias_example_alias_consumer to None, run_after=None
[2025-03-18T11:06:10.272+0000] {logging_mixin.py:190} INFO - [2025-03-18T11:06:10.272+0000] {dag.py:4180} INFO - Setting next_dagrun for dataset_alias_example_alias_producer to None, run_after=None
[2025-03-18T11:06:10.273+0000] {logging_mixin.py:190} INFO - [2025-03-18T11:06:10.273+0000] {dag.py:4180} INFO - Setting next_dagrun for dataset_s3_bucket_consumer to None, run_after=None
[2025-03-18T11:06:10.274+0000] {logging_mixin.py:190} INFO - [2025-03-18T11:06:10.274+0000] {dag.py:4180} INFO - Setting next_dagrun for dataset_s3_bucket_producer to None, run_after=None
[2025-03-18T11:06:10.289+0000] {processor.py:208} INFO - Processing /usr/local/python/3.12.1/lib/python3.12/site-packages/airflow/example_dags/example_dataset_alias.py took 0.069 seconds
[2025-03-18T11:07:00.873+0000] {processor.py:186} INFO - Started process (PID=60401) to work on /usr/local/python/3.12.1/lib/python3.12/site-packages/airflow/example_dags/example_dataset_alias.py
[2025-03-18T11:07:00.873+0000] {processor.py:914} INFO - Processing file /usr/local/python/3.12.1/lib/python3.12/site-packages/airflow/example_dags/example_dataset_alias.py for tasks to queue
[2025-03-18T11:07:00.875+0000] {logging_mixin.py:190} INFO - [2025-03-18T11:07:00.875+0000] {dagbag.py:588} INFO - Filling up the DagBag from /usr/local/python/3.12.1/lib/python3.12/site-packages/airflow/example_dags/example_dataset_alias.py
[2025-03-18T11:07:00.891+0000] {processor.py:925} INFO - DAG(s) 'dataset_alias_example_alias_producer', 'dataset_s3_bucket_producer', 'dataset_alias_example_alias_consumer', 'dataset_s3_bucket_consumer' retrieved from /usr/local/python/3.12.1/lib/python3.12/site-packages/airflow/example_dags/example_dataset_alias.py
[2025-03-18T11:07:00.905+0000] {logging_mixin.py:190} INFO - [2025-03-18T11:07:00.905+0000] {dag.py:3239} INFO - Sync 4 DAGs
[2025-03-18T11:07:00.919+0000] {logging_mixin.py:190} INFO - [2025-03-18T11:07:00.919+0000] {dag.py:4180} INFO - Setting next_dagrun for dataset_alias_example_alias_consumer to None, run_after=None
[2025-03-18T11:07:00.920+0000] {logging_mixin.py:190} INFO - [2025-03-18T11:07:00.920+0000] {dag.py:4180} INFO - Setting next_dagrun for dataset_alias_example_alias_producer to None, run_after=None
[2025-03-18T11:07:00.921+0000] {logging_mixin.py:190} INFO - [2025-03-18T11:07:00.921+0000] {dag.py:4180} INFO - Setting next_dagrun for dataset_s3_bucket_consumer to None, run_after=None
[2025-03-18T11:07:00.923+0000] {logging_mixin.py:190} INFO - [2025-03-18T11:07:00.923+0000] {dag.py:4180} INFO - Setting next_dagrun for dataset_s3_bucket_producer to None, run_after=None
[2025-03-18T11:07:00.938+0000] {processor.py:208} INFO - Processing /usr/local/python/3.12.1/lib/python3.12/site-packages/airflow/example_dags/example_dataset_alias.py took 0.070 seconds
[2025-03-18T11:07:52.660+0000] {processor.py:186} INFO - Started process (PID=60802) to work on /usr/local/python/3.12.1/lib/python3.12/site-packages/airflow/example_dags/example_dataset_alias.py
[2025-03-18T11:07:52.661+0000] {processor.py:914} INFO - Processing file /usr/local/python/3.12.1/lib/python3.12/site-packages/airflow/example_dags/example_dataset_alias.py for tasks to queue
[2025-03-18T11:07:52.662+0000] {logging_mixin.py:190} INFO - [2025-03-18T11:07:52.662+0000] {dagbag.py:588} INFO - Filling up the DagBag from /usr/local/python/3.12.1/lib/python3.12/site-packages/airflow/example_dags/example_dataset_alias.py
[2025-03-18T11:07:52.683+0000] {processor.py:925} INFO - DAG(s) 'dataset_s3_bucket_producer', 'dataset_s3_bucket_consumer', 'dataset_alias_example_alias_consumer', 'dataset_alias_example_alias_producer' retrieved from /usr/local/python/3.12.1/lib/python3.12/site-packages/airflow/example_dags/example_dataset_alias.py
[2025-03-18T11:07:52.700+0000] {logging_mixin.py:190} INFO - [2025-03-18T11:07:52.700+0000] {dag.py:3239} INFO - Sync 4 DAGs
[2025-03-18T11:07:52.720+0000] {logging_mixin.py:190} INFO - [2025-03-18T11:07:52.720+0000] {dag.py:4180} INFO - Setting next_dagrun for dataset_alias_example_alias_consumer to None, run_after=None
[2025-03-18T11:07:52.722+0000] {logging_mixin.py:190} INFO - [2025-03-18T11:07:52.722+0000] {dag.py:4180} INFO - Setting next_dagrun for dataset_alias_example_alias_producer to None, run_after=None
[2025-03-18T11:07:52.723+0000] {logging_mixin.py:190} INFO - [2025-03-18T11:07:52.723+0000] {dag.py:4180} INFO - Setting next_dagrun for dataset_s3_bucket_consumer to None, run_after=None
[2025-03-18T11:07:52.724+0000] {logging_mixin.py:190} INFO - [2025-03-18T11:07:52.724+0000] {dag.py:4180} INFO - Setting next_dagrun for dataset_s3_bucket_producer to None, run_after=None
[2025-03-18T11:07:52.740+0000] {processor.py:208} INFO - Processing /usr/local/python/3.12.1/lib/python3.12/site-packages/airflow/example_dags/example_dataset_alias.py took 0.084 seconds
[2025-03-18T11:09:07.289+0000] {processor.py:186} INFO - Started process (PID=61452) to work on /usr/local/python/3.12.1/lib/python3.12/site-packages/airflow/example_dags/example_dataset_alias.py
[2025-03-18T11:09:07.290+0000] {processor.py:914} INFO - Processing file /usr/local/python/3.12.1/lib/python3.12/site-packages/airflow/example_dags/example_dataset_alias.py for tasks to queue
[2025-03-18T11:09:07.291+0000] {logging_mixin.py:190} INFO - [2025-03-18T11:09:07.291+0000] {dagbag.py:588} INFO - Filling up the DagBag from /usr/local/python/3.12.1/lib/python3.12/site-packages/airflow/example_dags/example_dataset_alias.py
[2025-03-18T11:09:07.307+0000] {processor.py:925} INFO - DAG(s) 'dataset_s3_bucket_consumer', 'dataset_alias_example_alias_producer', 'dataset_s3_bucket_producer', 'dataset_alias_example_alias_consumer' retrieved from /usr/local/python/3.12.1/lib/python3.12/site-packages/airflow/example_dags/example_dataset_alias.py
[2025-03-18T11:09:07.321+0000] {logging_mixin.py:190} INFO - [2025-03-18T11:09:07.321+0000] {dag.py:3239} INFO - Sync 4 DAGs
[2025-03-18T11:09:07.336+0000] {logging_mixin.py:190} INFO - [2025-03-18T11:09:07.335+0000] {dag.py:4180} INFO - Setting next_dagrun for dataset_alias_example_alias_consumer to None, run_after=None
[2025-03-18T11:09:07.337+0000] {logging_mixin.py:190} INFO - [2025-03-18T11:09:07.337+0000] {dag.py:4180} INFO - Setting next_dagrun for dataset_alias_example_alias_producer to None, run_after=None
[2025-03-18T11:09:07.338+0000] {logging_mixin.py:190} INFO - [2025-03-18T11:09:07.338+0000] {dag.py:4180} INFO - Setting next_dagrun for dataset_s3_bucket_consumer to None, run_after=None
[2025-03-18T11:09:07.339+0000] {logging_mixin.py:190} INFO - [2025-03-18T11:09:07.339+0000] {dag.py:4180} INFO - Setting next_dagrun for dataset_s3_bucket_producer to None, run_after=None
[2025-03-18T11:09:07.354+0000] {processor.py:208} INFO - Processing /usr/local/python/3.12.1/lib/python3.12/site-packages/airflow/example_dags/example_dataset_alias.py took 0.069 seconds
[2025-03-18T11:10:02.074+0000] {processor.py:186} INFO - Started process (PID=61918) to work on /usr/local/python/3.12.1/lib/python3.12/site-packages/airflow/example_dags/example_dataset_alias.py
[2025-03-18T11:10:02.075+0000] {processor.py:914} INFO - Processing file /usr/local/python/3.12.1/lib/python3.12/site-packages/airflow/example_dags/example_dataset_alias.py for tasks to queue
[2025-03-18T11:10:02.077+0000] {logging_mixin.py:190} INFO - [2025-03-18T11:10:02.076+0000] {dagbag.py:588} INFO - Filling up the DagBag from /usr/local/python/3.12.1/lib/python3.12/site-packages/airflow/example_dags/example_dataset_alias.py
[2025-03-18T11:10:02.093+0000] {processor.py:925} INFO - DAG(s) 'dataset_s3_bucket_producer', 'dataset_alias_example_alias_consumer', 'dataset_s3_bucket_consumer', 'dataset_alias_example_alias_producer' retrieved from /usr/local/python/3.12.1/lib/python3.12/site-packages/airflow/example_dags/example_dataset_alias.py
[2025-03-18T11:10:02.107+0000] {logging_mixin.py:190} INFO - [2025-03-18T11:10:02.107+0000] {dag.py:3239} INFO - Sync 4 DAGs
[2025-03-18T11:10:02.128+0000] {logging_mixin.py:190} INFO - [2025-03-18T11:10:02.127+0000] {dag.py:4180} INFO - Setting next_dagrun for dataset_alias_example_alias_consumer to None, run_after=None
[2025-03-18T11:10:02.130+0000] {logging_mixin.py:190} INFO - [2025-03-18T11:10:02.130+0000] {dag.py:4180} INFO - Setting next_dagrun for dataset_alias_example_alias_producer to None, run_after=None
[2025-03-18T11:10:02.131+0000] {logging_mixin.py:190} INFO - [2025-03-18T11:10:02.131+0000] {dag.py:4180} INFO - Setting next_dagrun for dataset_s3_bucket_consumer to None, run_after=None
[2025-03-18T11:10:02.132+0000] {logging_mixin.py:190} INFO - [2025-03-18T11:10:02.131+0000] {dag.py:4180} INFO - Setting next_dagrun for dataset_s3_bucket_producer to None, run_after=None
[2025-03-18T11:10:02.150+0000] {processor.py:208} INFO - Processing /usr/local/python/3.12.1/lib/python3.12/site-packages/airflow/example_dags/example_dataset_alias.py took 0.079 seconds
[2025-03-18T11:10:53.432+0000] {processor.py:186} INFO - Started process (PID=62370) to work on /usr/local/python/3.12.1/lib/python3.12/site-packages/airflow/example_dags/example_dataset_alias.py
[2025-03-18T11:10:53.432+0000] {processor.py:914} INFO - Processing file /usr/local/python/3.12.1/lib/python3.12/site-packages/airflow/example_dags/example_dataset_alias.py for tasks to queue
[2025-03-18T11:10:53.434+0000] {logging_mixin.py:190} INFO - [2025-03-18T11:10:53.434+0000] {dagbag.py:588} INFO - Filling up the DagBag from /usr/local/python/3.12.1/lib/python3.12/site-packages/airflow/example_dags/example_dataset_alias.py
[2025-03-18T11:10:53.451+0000] {processor.py:925} INFO - DAG(s) 'dataset_s3_bucket_producer', 'dataset_alias_example_alias_consumer', 'dataset_s3_bucket_consumer', 'dataset_alias_example_alias_producer' retrieved from /usr/local/python/3.12.1/lib/python3.12/site-packages/airflow/example_dags/example_dataset_alias.py
[2025-03-18T11:10:53.467+0000] {logging_mixin.py:190} INFO - [2025-03-18T11:10:53.466+0000] {dag.py:3239} INFO - Sync 4 DAGs
[2025-03-18T11:10:53.482+0000] {logging_mixin.py:190} INFO - [2025-03-18T11:10:53.482+0000] {dag.py:4180} INFO - Setting next_dagrun for dataset_alias_example_alias_consumer to None, run_after=None
[2025-03-18T11:10:53.483+0000] {logging_mixin.py:190} INFO - [2025-03-18T11:10:53.483+0000] {dag.py:4180} INFO - Setting next_dagrun for dataset_alias_example_alias_producer to None, run_after=None
[2025-03-18T11:10:53.484+0000] {logging_mixin.py:190} INFO - [2025-03-18T11:10:53.484+0000] {dag.py:4180} INFO - Setting next_dagrun for dataset_s3_bucket_consumer to None, run_after=None
[2025-03-18T11:10:53.485+0000] {logging_mixin.py:190} INFO - [2025-03-18T11:10:53.485+0000] {dag.py:4180} INFO - Setting next_dagrun for dataset_s3_bucket_producer to None, run_after=None
[2025-03-18T11:10:53.501+0000] {processor.py:208} INFO - Processing /usr/local/python/3.12.1/lib/python3.12/site-packages/airflow/example_dags/example_dataset_alias.py took 0.074 seconds
[2025-03-18T11:12:01.747+0000] {processor.py:186} INFO - Started process (PID=63130) to work on /usr/local/python/3.12.1/lib/python3.12/site-packages/airflow/example_dags/example_dataset_alias.py
[2025-03-18T11:12:01.747+0000] {processor.py:914} INFO - Processing file /usr/local/python/3.12.1/lib/python3.12/site-packages/airflow/example_dags/example_dataset_alias.py for tasks to queue
[2025-03-18T11:12:01.749+0000] {logging_mixin.py:190} INFO - [2025-03-18T11:12:01.749+0000] {dagbag.py:588} INFO - Filling up the DagBag from /usr/local/python/3.12.1/lib/python3.12/site-packages/airflow/example_dags/example_dataset_alias.py
[2025-03-18T11:12:01.765+0000] {processor.py:925} INFO - DAG(s) 'dataset_s3_bucket_consumer', 'dataset_alias_example_alias_producer', 'dataset_s3_bucket_producer', 'dataset_alias_example_alias_consumer' retrieved from /usr/local/python/3.12.1/lib/python3.12/site-packages/airflow/example_dags/example_dataset_alias.py
[2025-03-18T11:12:01.779+0000] {logging_mixin.py:190} INFO - [2025-03-18T11:12:01.778+0000] {dag.py:3239} INFO - Sync 4 DAGs
[2025-03-18T11:12:01.794+0000] {logging_mixin.py:190} INFO - [2025-03-18T11:12:01.793+0000] {dag.py:4180} INFO - Setting next_dagrun for dataset_alias_example_alias_consumer to None, run_after=None
[2025-03-18T11:12:01.795+0000] {logging_mixin.py:190} INFO - [2025-03-18T11:12:01.795+0000] {dag.py:4180} INFO - Setting next_dagrun for dataset_alias_example_alias_producer to None, run_after=None
[2025-03-18T11:12:01.796+0000] {logging_mixin.py:190} INFO - [2025-03-18T11:12:01.796+0000] {dag.py:4180} INFO - Setting next_dagrun for dataset_s3_bucket_consumer to None, run_after=None
[2025-03-18T11:12:01.797+0000] {logging_mixin.py:190} INFO - [2025-03-18T11:12:01.796+0000] {dag.py:4180} INFO - Setting next_dagrun for dataset_s3_bucket_producer to None, run_after=None
[2025-03-18T11:12:01.812+0000] {processor.py:208} INFO - Processing /usr/local/python/3.12.1/lib/python3.12/site-packages/airflow/example_dags/example_dataset_alias.py took 0.069 seconds
