[2025-03-18T10:52:06.947+0000] {processor.py:186} INFO - Started process (PID=49553) to work on /usr/local/python/3.12.1/lib/python3.12/site-packages/airflow/example_dags/example_datasets.py
[2025-03-18T10:52:06.947+0000] {processor.py:914} INFO - Processing file /usr/local/python/3.12.1/lib/python3.12/site-packages/airflow/example_dags/example_datasets.py for tasks to queue
[2025-03-18T10:52:06.949+0000] {logging_mixin.py:190} INFO - [2025-03-18T10:52:06.948+0000] {dagbag.py:588} INFO - Filling up the DagBag from /usr/local/python/3.12.1/lib/python3.12/site-packages/airflow/example_dags/example_datasets.py
[2025-03-18T10:52:06.961+0000] {processor.py:925} INFO - DAG(s) 'consume_1_and_2_with_dataset_expressions', 'dataset_produces_2', 'consume_1_or_both_2_and_3_with_dataset_expressions', 'dataset_consumes_1_and_2', 'dataset_consumes_unknown_never_scheduled', 'dataset_produces_1', 'consume_1_or_2_with_dataset_expressions', 'dataset_consumes_1_never_scheduled', 'dataset_consumes_1', 'conditional_dataset_and_time_based_timetable' retrieved from /usr/local/python/3.12.1/lib/python3.12/site-packages/airflow/example_dags/example_datasets.py
[2025-03-18T10:52:07.043+0000] {logging_mixin.py:190} INFO - [2025-03-18T10:52:07.043+0000] {override.py:1930} INFO - Created Permission View: can read on DAG:consume_1_and_2_with_dataset_expressions
[2025-03-18T10:52:07.051+0000] {logging_mixin.py:190} INFO - [2025-03-18T10:52:07.051+0000] {override.py:1930} INFO - Created Permission View: can edit on DAG:consume_1_and_2_with_dataset_expressions
[2025-03-18T10:52:07.057+0000] {logging_mixin.py:190} INFO - [2025-03-18T10:52:07.057+0000] {override.py:1930} INFO - Created Permission View: can delete on DAG:consume_1_and_2_with_dataset_expressions
[2025-03-18T10:52:07.065+0000] {logging_mixin.py:190} INFO - [2025-03-18T10:52:07.065+0000] {override.py:1930} INFO - Created Permission View: can read on DAG Run:consume_1_and_2_with_dataset_expressions
[2025-03-18T10:52:07.071+0000] {logging_mixin.py:190} INFO - [2025-03-18T10:52:07.070+0000] {override.py:1930} INFO - Created Permission View: can create on DAG Run:consume_1_and_2_with_dataset_expressions
[2025-03-18T10:52:07.076+0000] {logging_mixin.py:190} INFO - [2025-03-18T10:52:07.076+0000] {override.py:1930} INFO - Created Permission View: menu access on DAG Run:consume_1_and_2_with_dataset_expressions
[2025-03-18T10:52:07.082+0000] {logging_mixin.py:190} INFO - [2025-03-18T10:52:07.082+0000] {override.py:1930} INFO - Created Permission View: can delete on DAG Run:consume_1_and_2_with_dataset_expressions
[2025-03-18T10:52:07.094+0000] {logging_mixin.py:190} INFO - [2025-03-18T10:52:07.094+0000] {override.py:1930} INFO - Created Permission View: can read on DAG:dataset_produces_2
[2025-03-18T10:52:07.100+0000] {logging_mixin.py:190} INFO - [2025-03-18T10:52:07.100+0000] {override.py:1930} INFO - Created Permission View: can edit on DAG:dataset_produces_2
[2025-03-18T10:52:07.106+0000] {logging_mixin.py:190} INFO - [2025-03-18T10:52:07.105+0000] {override.py:1930} INFO - Created Permission View: can delete on DAG:dataset_produces_2
[2025-03-18T10:52:07.114+0000] {logging_mixin.py:190} INFO - [2025-03-18T10:52:07.114+0000] {override.py:1930} INFO - Created Permission View: can read on DAG Run:dataset_produces_2
[2025-03-18T10:52:07.119+0000] {logging_mixin.py:190} INFO - [2025-03-18T10:52:07.119+0000] {override.py:1930} INFO - Created Permission View: can create on DAG Run:dataset_produces_2
[2025-03-18T10:52:07.125+0000] {logging_mixin.py:190} INFO - [2025-03-18T10:52:07.125+0000] {override.py:1930} INFO - Created Permission View: menu access on DAG Run:dataset_produces_2
[2025-03-18T10:52:07.130+0000] {logging_mixin.py:190} INFO - [2025-03-18T10:52:07.130+0000] {override.py:1930} INFO - Created Permission View: can delete on DAG Run:dataset_produces_2
[2025-03-18T10:52:07.142+0000] {logging_mixin.py:190} INFO - [2025-03-18T10:52:07.142+0000] {override.py:1930} INFO - Created Permission View: can read on DAG:consume_1_or_both_2_and_3_with_dataset_expressions
[2025-03-18T10:52:07.148+0000] {logging_mixin.py:190} INFO - [2025-03-18T10:52:07.148+0000] {override.py:1930} INFO - Created Permission View: can edit on DAG:consume_1_or_both_2_and_3_with_dataset_expressions
[2025-03-18T10:52:07.154+0000] {logging_mixin.py:190} INFO - [2025-03-18T10:52:07.154+0000] {override.py:1930} INFO - Created Permission View: can delete on DAG:consume_1_or_both_2_and_3_with_dataset_expressions
[2025-03-18T10:52:07.162+0000] {logging_mixin.py:190} INFO - [2025-03-18T10:52:07.162+0000] {override.py:1930} INFO - Created Permission View: can read on DAG Run:consume_1_or_both_2_and_3_with_dataset_expressions
[2025-03-18T10:52:07.168+0000] {logging_mixin.py:190} INFO - [2025-03-18T10:52:07.167+0000] {override.py:1930} INFO - Created Permission View: can create on DAG Run:consume_1_or_both_2_and_3_with_dataset_expressions
[2025-03-18T10:52:07.173+0000] {logging_mixin.py:190} INFO - [2025-03-18T10:52:07.173+0000] {override.py:1930} INFO - Created Permission View: menu access on DAG Run:consume_1_or_both_2_and_3_with_dataset_expressions
[2025-03-18T10:52:07.179+0000] {logging_mixin.py:190} INFO - [2025-03-18T10:52:07.179+0000] {override.py:1930} INFO - Created Permission View: can delete on DAG Run:consume_1_or_both_2_and_3_with_dataset_expressions
[2025-03-18T10:52:07.191+0000] {logging_mixin.py:190} INFO - [2025-03-18T10:52:07.191+0000] {override.py:1930} INFO - Created Permission View: can read on DAG:dataset_consumes_1_and_2
[2025-03-18T10:52:07.197+0000] {logging_mixin.py:190} INFO - [2025-03-18T10:52:07.196+0000] {override.py:1930} INFO - Created Permission View: can edit on DAG:dataset_consumes_1_and_2
[2025-03-18T10:52:07.202+0000] {logging_mixin.py:190} INFO - [2025-03-18T10:52:07.202+0000] {override.py:1930} INFO - Created Permission View: can delete on DAG:dataset_consumes_1_and_2
[2025-03-18T10:52:07.211+0000] {logging_mixin.py:190} INFO - [2025-03-18T10:52:07.211+0000] {override.py:1930} INFO - Created Permission View: can read on DAG Run:dataset_consumes_1_and_2
[2025-03-18T10:52:07.217+0000] {logging_mixin.py:190} INFO - [2025-03-18T10:52:07.217+0000] {override.py:1930} INFO - Created Permission View: can create on DAG Run:dataset_consumes_1_and_2
[2025-03-18T10:52:07.223+0000] {logging_mixin.py:190} INFO - [2025-03-18T10:52:07.222+0000] {override.py:1930} INFO - Created Permission View: menu access on DAG Run:dataset_consumes_1_and_2
[2025-03-18T10:52:07.228+0000] {logging_mixin.py:190} INFO - [2025-03-18T10:52:07.228+0000] {override.py:1930} INFO - Created Permission View: can delete on DAG Run:dataset_consumes_1_and_2
[2025-03-18T10:52:07.240+0000] {logging_mixin.py:190} INFO - [2025-03-18T10:52:07.240+0000] {override.py:1930} INFO - Created Permission View: can read on DAG:dataset_consumes_unknown_never_scheduled
[2025-03-18T10:52:07.246+0000] {logging_mixin.py:190} INFO - [2025-03-18T10:52:07.245+0000] {override.py:1930} INFO - Created Permission View: can edit on DAG:dataset_consumes_unknown_never_scheduled
[2025-03-18T10:52:07.251+0000] {logging_mixin.py:190} INFO - [2025-03-18T10:52:07.251+0000] {override.py:1930} INFO - Created Permission View: can delete on DAG:dataset_consumes_unknown_never_scheduled
[2025-03-18T10:52:07.260+0000] {logging_mixin.py:190} INFO - [2025-03-18T10:52:07.260+0000] {override.py:1930} INFO - Created Permission View: can read on DAG Run:dataset_consumes_unknown_never_scheduled
[2025-03-18T10:52:07.266+0000] {logging_mixin.py:190} INFO - [2025-03-18T10:52:07.266+0000] {override.py:1930} INFO - Created Permission View: can create on DAG Run:dataset_consumes_unknown_never_scheduled
[2025-03-18T10:52:07.272+0000] {logging_mixin.py:190} INFO - [2025-03-18T10:52:07.272+0000] {override.py:1930} INFO - Created Permission View: menu access on DAG Run:dataset_consumes_unknown_never_scheduled
[2025-03-18T10:52:07.278+0000] {logging_mixin.py:190} INFO - [2025-03-18T10:52:07.278+0000] {override.py:1930} INFO - Created Permission View: can delete on DAG Run:dataset_consumes_unknown_never_scheduled
[2025-03-18T10:52:07.290+0000] {logging_mixin.py:190} INFO - [2025-03-18T10:52:07.290+0000] {override.py:1930} INFO - Created Permission View: can read on DAG:dataset_produces_1
[2025-03-18T10:52:07.295+0000] {logging_mixin.py:190} INFO - [2025-03-18T10:52:07.295+0000] {override.py:1930} INFO - Created Permission View: can edit on DAG:dataset_produces_1
[2025-03-18T10:52:07.301+0000] {logging_mixin.py:190} INFO - [2025-03-18T10:52:07.301+0000] {override.py:1930} INFO - Created Permission View: can delete on DAG:dataset_produces_1
[2025-03-18T10:52:07.310+0000] {logging_mixin.py:190} INFO - [2025-03-18T10:52:07.309+0000] {override.py:1930} INFO - Created Permission View: can read on DAG Run:dataset_produces_1
[2025-03-18T10:52:07.315+0000] {logging_mixin.py:190} INFO - [2025-03-18T10:52:07.315+0000] {override.py:1930} INFO - Created Permission View: can create on DAG Run:dataset_produces_1
[2025-03-18T10:52:07.320+0000] {logging_mixin.py:190} INFO - [2025-03-18T10:52:07.320+0000] {override.py:1930} INFO - Created Permission View: menu access on DAG Run:dataset_produces_1
[2025-03-18T10:52:07.326+0000] {logging_mixin.py:190} INFO - [2025-03-18T10:52:07.325+0000] {override.py:1930} INFO - Created Permission View: can delete on DAG Run:dataset_produces_1
[2025-03-18T10:52:07.337+0000] {logging_mixin.py:190} INFO - [2025-03-18T10:52:07.337+0000] {override.py:1930} INFO - Created Permission View: can read on DAG:consume_1_or_2_with_dataset_expressions
[2025-03-18T10:52:07.343+0000] {logging_mixin.py:190} INFO - [2025-03-18T10:52:07.343+0000] {override.py:1930} INFO - Created Permission View: can edit on DAG:consume_1_or_2_with_dataset_expressions
[2025-03-18T10:52:07.348+0000] {logging_mixin.py:190} INFO - [2025-03-18T10:52:07.348+0000] {override.py:1930} INFO - Created Permission View: can delete on DAG:consume_1_or_2_with_dataset_expressions
[2025-03-18T10:52:07.356+0000] {logging_mixin.py:190} INFO - [2025-03-18T10:52:07.356+0000] {override.py:1930} INFO - Created Permission View: can read on DAG Run:consume_1_or_2_with_dataset_expressions
[2025-03-18T10:52:07.362+0000] {logging_mixin.py:190} INFO - [2025-03-18T10:52:07.362+0000] {override.py:1930} INFO - Created Permission View: can create on DAG Run:consume_1_or_2_with_dataset_expressions
[2025-03-18T10:52:07.367+0000] {logging_mixin.py:190} INFO - [2025-03-18T10:52:07.367+0000] {override.py:1930} INFO - Created Permission View: menu access on DAG Run:consume_1_or_2_with_dataset_expressions
[2025-03-18T10:52:07.373+0000] {logging_mixin.py:190} INFO - [2025-03-18T10:52:07.372+0000] {override.py:1930} INFO - Created Permission View: can delete on DAG Run:consume_1_or_2_with_dataset_expressions
[2025-03-18T10:52:07.384+0000] {logging_mixin.py:190} INFO - [2025-03-18T10:52:07.384+0000] {override.py:1930} INFO - Created Permission View: can read on DAG:dataset_consumes_1_never_scheduled
[2025-03-18T10:52:07.390+0000] {logging_mixin.py:190} INFO - [2025-03-18T10:52:07.390+0000] {override.py:1930} INFO - Created Permission View: can edit on DAG:dataset_consumes_1_never_scheduled
[2025-03-18T10:52:07.395+0000] {logging_mixin.py:190} INFO - [2025-03-18T10:52:07.395+0000] {override.py:1930} INFO - Created Permission View: can delete on DAG:dataset_consumes_1_never_scheduled
[2025-03-18T10:52:07.404+0000] {logging_mixin.py:190} INFO - [2025-03-18T10:52:07.404+0000] {override.py:1930} INFO - Created Permission View: can read on DAG Run:dataset_consumes_1_never_scheduled
[2025-03-18T10:52:07.410+0000] {logging_mixin.py:190} INFO - [2025-03-18T10:52:07.409+0000] {override.py:1930} INFO - Created Permission View: can create on DAG Run:dataset_consumes_1_never_scheduled
[2025-03-18T10:52:07.415+0000] {logging_mixin.py:190} INFO - [2025-03-18T10:52:07.415+0000] {override.py:1930} INFO - Created Permission View: menu access on DAG Run:dataset_consumes_1_never_scheduled
[2025-03-18T10:52:07.421+0000] {logging_mixin.py:190} INFO - [2025-03-18T10:52:07.421+0000] {override.py:1930} INFO - Created Permission View: can delete on DAG Run:dataset_consumes_1_never_scheduled
[2025-03-18T10:52:07.433+0000] {logging_mixin.py:190} INFO - [2025-03-18T10:52:07.433+0000] {override.py:1930} INFO - Created Permission View: can read on DAG:dataset_consumes_1
[2025-03-18T10:52:07.439+0000] {logging_mixin.py:190} INFO - [2025-03-18T10:52:07.438+0000] {override.py:1930} INFO - Created Permission View: can edit on DAG:dataset_consumes_1
[2025-03-18T10:52:07.444+0000] {logging_mixin.py:190} INFO - [2025-03-18T10:52:07.444+0000] {override.py:1930} INFO - Created Permission View: can delete on DAG:dataset_consumes_1
[2025-03-18T10:52:07.453+0000] {logging_mixin.py:190} INFO - [2025-03-18T10:52:07.453+0000] {override.py:1930} INFO - Created Permission View: can read on DAG Run:dataset_consumes_1
[2025-03-18T10:52:07.459+0000] {logging_mixin.py:190} INFO - [2025-03-18T10:52:07.459+0000] {override.py:1930} INFO - Created Permission View: can create on DAG Run:dataset_consumes_1
[2025-03-18T10:52:07.465+0000] {logging_mixin.py:190} INFO - [2025-03-18T10:52:07.465+0000] {override.py:1930} INFO - Created Permission View: menu access on DAG Run:dataset_consumes_1
[2025-03-18T10:52:07.471+0000] {logging_mixin.py:190} INFO - [2025-03-18T10:52:07.470+0000] {override.py:1930} INFO - Created Permission View: can delete on DAG Run:dataset_consumes_1
[2025-03-18T10:52:07.483+0000] {logging_mixin.py:190} INFO - [2025-03-18T10:52:07.483+0000] {override.py:1930} INFO - Created Permission View: can read on DAG:conditional_dataset_and_time_based_timetable
[2025-03-18T10:52:07.489+0000] {logging_mixin.py:190} INFO - [2025-03-18T10:52:07.488+0000] {override.py:1930} INFO - Created Permission View: can edit on DAG:conditional_dataset_and_time_based_timetable
[2025-03-18T10:52:07.494+0000] {logging_mixin.py:190} INFO - [2025-03-18T10:52:07.494+0000] {override.py:1930} INFO - Created Permission View: can delete on DAG:conditional_dataset_and_time_based_timetable
[2025-03-18T10:52:07.503+0000] {logging_mixin.py:190} INFO - [2025-03-18T10:52:07.503+0000] {override.py:1930} INFO - Created Permission View: can read on DAG Run:conditional_dataset_and_time_based_timetable
[2025-03-18T10:52:07.508+0000] {logging_mixin.py:190} INFO - [2025-03-18T10:52:07.508+0000] {override.py:1930} INFO - Created Permission View: can create on DAG Run:conditional_dataset_and_time_based_timetable
[2025-03-18T10:52:07.514+0000] {logging_mixin.py:190} INFO - [2025-03-18T10:52:07.513+0000] {override.py:1930} INFO - Created Permission View: menu access on DAG Run:conditional_dataset_and_time_based_timetable
[2025-03-18T10:52:07.519+0000] {logging_mixin.py:190} INFO - [2025-03-18T10:52:07.519+0000] {override.py:1930} INFO - Created Permission View: can delete on DAG Run:conditional_dataset_and_time_based_timetable
[2025-03-18T10:52:07.519+0000] {logging_mixin.py:190} INFO - [2025-03-18T10:52:07.519+0000] {dag.py:3239} INFO - Sync 10 DAGs
[2025-03-18T10:52:07.528+0000] {logging_mixin.py:190} INFO - [2025-03-18T10:52:07.528+0000] {dag.py:3262} INFO - Creating ORM DAG for consume_1_and_2_with_dataset_expressions
[2025-03-18T10:52:07.529+0000] {logging_mixin.py:190} INFO - [2025-03-18T10:52:07.529+0000] {dag.py:3262} INFO - Creating ORM DAG for consume_1_or_both_2_and_3_with_dataset_expressions
[2025-03-18T10:52:07.529+0000] {logging_mixin.py:190} INFO - [2025-03-18T10:52:07.529+0000] {dag.py:3262} INFO - Creating ORM DAG for dataset_consumes_1_never_scheduled
[2025-03-18T10:52:07.529+0000] {logging_mixin.py:190} INFO - [2025-03-18T10:52:07.529+0000] {dag.py:3262} INFO - Creating ORM DAG for dataset_consumes_1
[2025-03-18T10:52:07.530+0000] {logging_mixin.py:190} INFO - [2025-03-18T10:52:07.530+0000] {dag.py:3262} INFO - Creating ORM DAG for dataset_produces_2
[2025-03-18T10:52:07.530+0000] {logging_mixin.py:190} INFO - [2025-03-18T10:52:07.530+0000] {dag.py:3262} INFO - Creating ORM DAG for conditional_dataset_and_time_based_timetable
[2025-03-18T10:52:07.531+0000] {logging_mixin.py:190} INFO - [2025-03-18T10:52:07.531+0000] {dag.py:3262} INFO - Creating ORM DAG for consume_1_or_2_with_dataset_expressions
[2025-03-18T10:52:07.531+0000] {logging_mixin.py:190} INFO - [2025-03-18T10:52:07.531+0000] {dag.py:3262} INFO - Creating ORM DAG for dataset_consumes_1_and_2
[2025-03-18T10:52:07.531+0000] {logging_mixin.py:190} INFO - [2025-03-18T10:52:07.531+0000] {dag.py:3262} INFO - Creating ORM DAG for dataset_consumes_unknown_never_scheduled
[2025-03-18T10:52:07.532+0000] {logging_mixin.py:190} INFO - [2025-03-18T10:52:07.532+0000] {dag.py:3262} INFO - Creating ORM DAG for dataset_produces_1
[2025-03-18T10:52:07.540+0000] {logging_mixin.py:190} INFO - [2025-03-18T10:52:07.540+0000] {dag.py:4180} INFO - Setting next_dagrun for conditional_dataset_and_time_based_timetable to 2025-03-12 01:00:00+00:00, run_after=2025-03-12 01:00:00+00:00
[2025-03-18T10:52:07.540+0000] {logging_mixin.py:190} INFO - [2025-03-18T10:52:07.540+0000] {dag.py:4180} INFO - Setting next_dagrun for consume_1_and_2_with_dataset_expressions to None, run_after=None
[2025-03-18T10:52:07.541+0000] {logging_mixin.py:190} INFO - [2025-03-18T10:52:07.541+0000] {dag.py:4180} INFO - Setting next_dagrun for consume_1_or_2_with_dataset_expressions to None, run_after=None
[2025-03-18T10:52:07.541+0000] {logging_mixin.py:190} INFO - [2025-03-18T10:52:07.541+0000] {dag.py:4180} INFO - Setting next_dagrun for consume_1_or_both_2_and_3_with_dataset_expressions to None, run_after=None
[2025-03-18T10:52:07.541+0000] {logging_mixin.py:190} INFO - [2025-03-18T10:52:07.541+0000] {dag.py:4180} INFO - Setting next_dagrun for dataset_consumes_1 to None, run_after=None
[2025-03-18T10:52:07.542+0000] {logging_mixin.py:190} INFO - [2025-03-18T10:52:07.542+0000] {dag.py:4180} INFO - Setting next_dagrun for dataset_consumes_1_and_2 to None, run_after=None
[2025-03-18T10:52:07.542+0000] {logging_mixin.py:190} INFO - [2025-03-18T10:52:07.542+0000] {dag.py:4180} INFO - Setting next_dagrun for dataset_consumes_1_never_scheduled to None, run_after=None
[2025-03-18T10:52:07.542+0000] {logging_mixin.py:190} INFO - [2025-03-18T10:52:07.542+0000] {dag.py:4180} INFO - Setting next_dagrun for dataset_consumes_unknown_never_scheduled to None, run_after=None
[2025-03-18T10:52:07.544+0000] {logging_mixin.py:190} INFO - [2025-03-18T10:52:07.544+0000] {dag.py:4180} INFO - Setting next_dagrun for dataset_produces_1 to 2025-03-17 00:00:00+00:00, run_after=2025-03-18 00:00:00+00:00
[2025-03-18T10:52:07.544+0000] {logging_mixin.py:190} INFO - [2025-03-18T10:52:07.544+0000] {dag.py:4180} INFO - Setting next_dagrun for dataset_produces_2 to None, run_after=None
[2025-03-18T10:52:07.568+0000] {processor.py:208} INFO - Processing /usr/local/python/3.12.1/lib/python3.12/site-packages/airflow/example_dags/example_datasets.py took 0.626 seconds
[2025-03-18T10:53:44.623+0000] {processor.py:186} INFO - Started process (PID=50849) to work on /usr/local/python/3.12.1/lib/python3.12/site-packages/airflow/example_dags/example_datasets.py
[2025-03-18T10:53:44.623+0000] {processor.py:914} INFO - Processing file /usr/local/python/3.12.1/lib/python3.12/site-packages/airflow/example_dags/example_datasets.py for tasks to queue
[2025-03-18T10:53:44.625+0000] {logging_mixin.py:190} INFO - [2025-03-18T10:53:44.625+0000] {dagbag.py:588} INFO - Filling up the DagBag from /usr/local/python/3.12.1/lib/python3.12/site-packages/airflow/example_dags/example_datasets.py
[2025-03-18T10:53:44.639+0000] {processor.py:925} INFO - DAG(s) 'consume_1_or_2_with_dataset_expressions', 'dataset_consumes_1', 'conditional_dataset_and_time_based_timetable', 'consume_1_and_2_with_dataset_expressions', 'dataset_produces_2', 'dataset_consumes_1_never_scheduled', 'dataset_consumes_1_and_2', 'dataset_produces_1', 'consume_1_or_both_2_and_3_with_dataset_expressions', 'dataset_consumes_unknown_never_scheduled' retrieved from /usr/local/python/3.12.1/lib/python3.12/site-packages/airflow/example_dags/example_datasets.py
[2025-03-18T10:53:44.665+0000] {logging_mixin.py:190} INFO - [2025-03-18T10:53:44.664+0000] {dag.py:3239} INFO - Sync 10 DAGs
[2025-03-18T10:53:44.682+0000] {logging_mixin.py:190} INFO - [2025-03-18T10:53:44.682+0000] {dag.py:4180} INFO - Setting next_dagrun for conditional_dataset_and_time_based_timetable to 2025-03-12 01:00:00+00:00, run_after=2025-03-12 01:00:00+00:00
[2025-03-18T10:53:44.684+0000] {logging_mixin.py:190} INFO - [2025-03-18T10:53:44.684+0000] {dag.py:4180} INFO - Setting next_dagrun for consume_1_and_2_with_dataset_expressions to None, run_after=None
[2025-03-18T10:53:44.685+0000] {logging_mixin.py:190} INFO - [2025-03-18T10:53:44.685+0000] {dag.py:4180} INFO - Setting next_dagrun for consume_1_or_2_with_dataset_expressions to None, run_after=None
[2025-03-18T10:53:44.686+0000] {logging_mixin.py:190} INFO - [2025-03-18T10:53:44.685+0000] {dag.py:4180} INFO - Setting next_dagrun for consume_1_or_both_2_and_3_with_dataset_expressions to None, run_after=None
[2025-03-18T10:53:44.686+0000] {logging_mixin.py:190} INFO - [2025-03-18T10:53:44.686+0000] {dag.py:4180} INFO - Setting next_dagrun for dataset_consumes_1 to None, run_after=None
[2025-03-18T10:53:44.687+0000] {logging_mixin.py:190} INFO - [2025-03-18T10:53:44.687+0000] {dag.py:4180} INFO - Setting next_dagrun for dataset_consumes_1_and_2 to None, run_after=None
[2025-03-18T10:53:44.687+0000] {logging_mixin.py:190} INFO - [2025-03-18T10:53:44.687+0000] {dag.py:4180} INFO - Setting next_dagrun for dataset_consumes_1_never_scheduled to None, run_after=None
[2025-03-18T10:53:44.688+0000] {logging_mixin.py:190} INFO - [2025-03-18T10:53:44.688+0000] {dag.py:4180} INFO - Setting next_dagrun for dataset_consumes_unknown_never_scheduled to None, run_after=None
[2025-03-18T10:53:44.690+0000] {logging_mixin.py:190} INFO - [2025-03-18T10:53:44.690+0000] {dag.py:4180} INFO - Setting next_dagrun for dataset_produces_1 to 2025-03-17 00:00:00+00:00, run_after=2025-03-18 00:00:00+00:00
[2025-03-18T10:53:44.690+0000] {logging_mixin.py:190} INFO - [2025-03-18T10:53:44.690+0000] {dag.py:4180} INFO - Setting next_dagrun for dataset_produces_2 to None, run_after=None
[2025-03-18T10:53:44.713+0000] {processor.py:208} INFO - Processing /usr/local/python/3.12.1/lib/python3.12/site-packages/airflow/example_dags/example_datasets.py took 0.094 seconds
[2025-03-18T10:54:40.225+0000] {processor.py:186} INFO - Started process (PID=51325) to work on /usr/local/python/3.12.1/lib/python3.12/site-packages/airflow/example_dags/example_datasets.py
[2025-03-18T10:54:40.226+0000] {processor.py:914} INFO - Processing file /usr/local/python/3.12.1/lib/python3.12/site-packages/airflow/example_dags/example_datasets.py for tasks to queue
[2025-03-18T10:54:40.227+0000] {logging_mixin.py:190} INFO - [2025-03-18T10:54:40.227+0000] {dagbag.py:588} INFO - Filling up the DagBag from /usr/local/python/3.12.1/lib/python3.12/site-packages/airflow/example_dags/example_datasets.py
[2025-03-18T10:54:40.239+0000] {processor.py:925} INFO - DAG(s) 'dataset_consumes_1', 'dataset_produces_1', 'dataset_produces_2', 'dataset_consumes_1_never_scheduled', 'consume_1_and_2_with_dataset_expressions', 'consume_1_or_both_2_and_3_with_dataset_expressions', 'conditional_dataset_and_time_based_timetable', 'dataset_consumes_unknown_never_scheduled', 'consume_1_or_2_with_dataset_expressions', 'dataset_consumes_1_and_2' retrieved from /usr/local/python/3.12.1/lib/python3.12/site-packages/airflow/example_dags/example_datasets.py
[2025-03-18T10:54:40.263+0000] {logging_mixin.py:190} INFO - [2025-03-18T10:54:40.263+0000] {dag.py:3239} INFO - Sync 10 DAGs
[2025-03-18T10:54:40.280+0000] {logging_mixin.py:190} INFO - [2025-03-18T10:54:40.280+0000] {dag.py:4180} INFO - Setting next_dagrun for conditional_dataset_and_time_based_timetable to 2025-03-12 01:00:00+00:00, run_after=2025-03-12 01:00:00+00:00
[2025-03-18T10:54:40.283+0000] {logging_mixin.py:190} INFO - [2025-03-18T10:54:40.282+0000] {dag.py:4180} INFO - Setting next_dagrun for consume_1_and_2_with_dataset_expressions to None, run_after=None
[2025-03-18T10:54:40.283+0000] {logging_mixin.py:190} INFO - [2025-03-18T10:54:40.283+0000] {dag.py:4180} INFO - Setting next_dagrun for consume_1_or_2_with_dataset_expressions to None, run_after=None
[2025-03-18T10:54:40.284+0000] {logging_mixin.py:190} INFO - [2025-03-18T10:54:40.284+0000] {dag.py:4180} INFO - Setting next_dagrun for consume_1_or_both_2_and_3_with_dataset_expressions to None, run_after=None
[2025-03-18T10:54:40.285+0000] {logging_mixin.py:190} INFO - [2025-03-18T10:54:40.284+0000] {dag.py:4180} INFO - Setting next_dagrun for dataset_consumes_1 to None, run_after=None
[2025-03-18T10:54:40.285+0000] {logging_mixin.py:190} INFO - [2025-03-18T10:54:40.285+0000] {dag.py:4180} INFO - Setting next_dagrun for dataset_consumes_1_and_2 to None, run_after=None
[2025-03-18T10:54:40.286+0000] {logging_mixin.py:190} INFO - [2025-03-18T10:54:40.286+0000] {dag.py:4180} INFO - Setting next_dagrun for dataset_consumes_1_never_scheduled to None, run_after=None
[2025-03-18T10:54:40.287+0000] {logging_mixin.py:190} INFO - [2025-03-18T10:54:40.286+0000] {dag.py:4180} INFO - Setting next_dagrun for dataset_consumes_unknown_never_scheduled to None, run_after=None
[2025-03-18T10:54:40.288+0000] {logging_mixin.py:190} INFO - [2025-03-18T10:54:40.288+0000] {dag.py:4180} INFO - Setting next_dagrun for dataset_produces_1 to 2025-03-17 00:00:00+00:00, run_after=2025-03-18 00:00:00+00:00
[2025-03-18T10:54:40.289+0000] {logging_mixin.py:190} INFO - [2025-03-18T10:54:40.289+0000] {dag.py:4180} INFO - Setting next_dagrun for dataset_produces_2 to None, run_after=None
[2025-03-18T10:54:40.313+0000] {processor.py:208} INFO - Processing /usr/local/python/3.12.1/lib/python3.12/site-packages/airflow/example_dags/example_datasets.py took 0.092 seconds
[2025-03-18T10:55:34.013+0000] {processor.py:186} INFO - Started process (PID=51839) to work on /usr/local/python/3.12.1/lib/python3.12/site-packages/airflow/example_dags/example_datasets.py
[2025-03-18T10:55:34.014+0000] {processor.py:914} INFO - Processing file /usr/local/python/3.12.1/lib/python3.12/site-packages/airflow/example_dags/example_datasets.py for tasks to queue
[2025-03-18T10:55:34.016+0000] {logging_mixin.py:190} INFO - [2025-03-18T10:55:34.015+0000] {dagbag.py:588} INFO - Filling up the DagBag from /usr/local/python/3.12.1/lib/python3.12/site-packages/airflow/example_dags/example_datasets.py
[2025-03-18T10:55:34.030+0000] {processor.py:925} INFO - DAG(s) 'dataset_consumes_1_and_2', 'consume_1_or_2_with_dataset_expressions', 'dataset_produces_1', 'consume_1_or_both_2_and_3_with_dataset_expressions', 'dataset_consumes_1', 'dataset_produces_2', 'conditional_dataset_and_time_based_timetable', 'dataset_consumes_1_never_scheduled', 'dataset_consumes_unknown_never_scheduled', 'consume_1_and_2_with_dataset_expressions' retrieved from /usr/local/python/3.12.1/lib/python3.12/site-packages/airflow/example_dags/example_datasets.py
[2025-03-18T10:55:34.054+0000] {logging_mixin.py:190} INFO - [2025-03-18T10:55:34.054+0000] {dag.py:3239} INFO - Sync 10 DAGs
[2025-03-18T10:55:34.072+0000] {logging_mixin.py:190} INFO - [2025-03-18T10:55:34.072+0000] {dag.py:4180} INFO - Setting next_dagrun for conditional_dataset_and_time_based_timetable to 2025-03-12 01:00:00+00:00, run_after=2025-03-12 01:00:00+00:00
[2025-03-18T10:55:34.074+0000] {logging_mixin.py:190} INFO - [2025-03-18T10:55:34.074+0000] {dag.py:4180} INFO - Setting next_dagrun for consume_1_and_2_with_dataset_expressions to None, run_after=None
[2025-03-18T10:55:34.075+0000] {logging_mixin.py:190} INFO - [2025-03-18T10:55:34.075+0000] {dag.py:4180} INFO - Setting next_dagrun for consume_1_or_2_with_dataset_expressions to None, run_after=None
[2025-03-18T10:55:34.076+0000] {logging_mixin.py:190} INFO - [2025-03-18T10:55:34.076+0000] {dag.py:4180} INFO - Setting next_dagrun for consume_1_or_both_2_and_3_with_dataset_expressions to None, run_after=None
[2025-03-18T10:55:34.077+0000] {logging_mixin.py:190} INFO - [2025-03-18T10:55:34.077+0000] {dag.py:4180} INFO - Setting next_dagrun for dataset_consumes_1 to None, run_after=None
[2025-03-18T10:55:34.078+0000] {logging_mixin.py:190} INFO - [2025-03-18T10:55:34.078+0000] {dag.py:4180} INFO - Setting next_dagrun for dataset_consumes_1_and_2 to None, run_after=None
[2025-03-18T10:55:34.078+0000] {logging_mixin.py:190} INFO - [2025-03-18T10:55:34.078+0000] {dag.py:4180} INFO - Setting next_dagrun for dataset_consumes_1_never_scheduled to None, run_after=None
[2025-03-18T10:55:34.079+0000] {logging_mixin.py:190} INFO - [2025-03-18T10:55:34.079+0000] {dag.py:4180} INFO - Setting next_dagrun for dataset_consumes_unknown_never_scheduled to None, run_after=None
[2025-03-18T10:55:34.081+0000] {logging_mixin.py:190} INFO - [2025-03-18T10:55:34.081+0000] {dag.py:4180} INFO - Setting next_dagrun for dataset_produces_1 to 2025-03-17 00:00:00+00:00, run_after=2025-03-18 00:00:00+00:00
[2025-03-18T10:55:34.081+0000] {logging_mixin.py:190} INFO - [2025-03-18T10:55:34.081+0000] {dag.py:4180} INFO - Setting next_dagrun for dataset_produces_2 to None, run_after=None
[2025-03-18T10:55:34.105+0000] {processor.py:208} INFO - Processing /usr/local/python/3.12.1/lib/python3.12/site-packages/airflow/example_dags/example_datasets.py took 0.096 seconds
[2025-03-18T10:56:48.099+0000] {processor.py:186} INFO - Started process (PID=52775) to work on /usr/local/python/3.12.1/lib/python3.12/site-packages/airflow/example_dags/example_datasets.py
[2025-03-18T10:56:48.099+0000] {processor.py:914} INFO - Processing file /usr/local/python/3.12.1/lib/python3.12/site-packages/airflow/example_dags/example_datasets.py for tasks to queue
[2025-03-18T10:56:48.101+0000] {logging_mixin.py:190} INFO - [2025-03-18T10:56:48.101+0000] {dagbag.py:588} INFO - Filling up the DagBag from /usr/local/python/3.12.1/lib/python3.12/site-packages/airflow/example_dags/example_datasets.py
[2025-03-18T10:56:48.113+0000] {processor.py:925} INFO - DAG(s) 'dataset_consumes_1_and_2', 'consume_1_and_2_with_dataset_expressions', 'dataset_consumes_unknown_never_scheduled', 'conditional_dataset_and_time_based_timetable', 'dataset_produces_2', 'consume_1_or_both_2_and_3_with_dataset_expressions', 'consume_1_or_2_with_dataset_expressions', 'dataset_consumes_1', 'dataset_consumes_1_never_scheduled', 'dataset_produces_1' retrieved from /usr/local/python/3.12.1/lib/python3.12/site-packages/airflow/example_dags/example_datasets.py
[2025-03-18T10:56:48.136+0000] {logging_mixin.py:190} INFO - [2025-03-18T10:56:48.136+0000] {dag.py:3239} INFO - Sync 10 DAGs
[2025-03-18T10:56:48.154+0000] {logging_mixin.py:190} INFO - [2025-03-18T10:56:48.154+0000] {dag.py:4180} INFO - Setting next_dagrun for conditional_dataset_and_time_based_timetable to 2025-03-12 01:00:00+00:00, run_after=2025-03-12 01:00:00+00:00
[2025-03-18T10:56:48.156+0000] {logging_mixin.py:190} INFO - [2025-03-18T10:56:48.156+0000] {dag.py:4180} INFO - Setting next_dagrun for consume_1_and_2_with_dataset_expressions to None, run_after=None
[2025-03-18T10:56:48.157+0000] {logging_mixin.py:190} INFO - [2025-03-18T10:56:48.157+0000] {dag.py:4180} INFO - Setting next_dagrun for consume_1_or_2_with_dataset_expressions to None, run_after=None
[2025-03-18T10:56:48.158+0000] {logging_mixin.py:190} INFO - [2025-03-18T10:56:48.158+0000] {dag.py:4180} INFO - Setting next_dagrun for consume_1_or_both_2_and_3_with_dataset_expressions to None, run_after=None
[2025-03-18T10:56:48.158+0000] {logging_mixin.py:190} INFO - [2025-03-18T10:56:48.158+0000] {dag.py:4180} INFO - Setting next_dagrun for dataset_consumes_1 to None, run_after=None
[2025-03-18T10:56:48.159+0000] {logging_mixin.py:190} INFO - [2025-03-18T10:56:48.159+0000] {dag.py:4180} INFO - Setting next_dagrun for dataset_consumes_1_and_2 to None, run_after=None
[2025-03-18T10:56:48.160+0000] {logging_mixin.py:190} INFO - [2025-03-18T10:56:48.160+0000] {dag.py:4180} INFO - Setting next_dagrun for dataset_consumes_1_never_scheduled to None, run_after=None
[2025-03-18T10:56:48.160+0000] {logging_mixin.py:190} INFO - [2025-03-18T10:56:48.160+0000] {dag.py:4180} INFO - Setting next_dagrun for dataset_consumes_unknown_never_scheduled to None, run_after=None
[2025-03-18T10:56:48.162+0000] {logging_mixin.py:190} INFO - [2025-03-18T10:56:48.162+0000] {dag.py:4180} INFO - Setting next_dagrun for dataset_produces_1 to 2025-03-17 00:00:00+00:00, run_after=2025-03-18 00:00:00+00:00
[2025-03-18T10:56:48.163+0000] {logging_mixin.py:190} INFO - [2025-03-18T10:56:48.162+0000] {dag.py:4180} INFO - Setting next_dagrun for dataset_produces_2 to None, run_after=None
[2025-03-18T10:56:48.183+0000] {processor.py:208} INFO - Processing /usr/local/python/3.12.1/lib/python3.12/site-packages/airflow/example_dags/example_datasets.py took 0.088 seconds
[2025-03-18T10:58:01.703+0000] {processor.py:186} INFO - Started process (PID=53659) to work on /usr/local/python/3.12.1/lib/python3.12/site-packages/airflow/example_dags/example_datasets.py
[2025-03-18T10:58:01.704+0000] {processor.py:914} INFO - Processing file /usr/local/python/3.12.1/lib/python3.12/site-packages/airflow/example_dags/example_datasets.py for tasks to queue
[2025-03-18T10:58:01.705+0000] {logging_mixin.py:190} INFO - [2025-03-18T10:58:01.705+0000] {dagbag.py:588} INFO - Filling up the DagBag from /usr/local/python/3.12.1/lib/python3.12/site-packages/airflow/example_dags/example_datasets.py
[2025-03-18T10:58:01.717+0000] {processor.py:925} INFO - DAG(s) 'dataset_produces_1', 'consume_1_or_both_2_and_3_with_dataset_expressions', 'consume_1_or_2_with_dataset_expressions', 'conditional_dataset_and_time_based_timetable', 'dataset_consumes_1', 'dataset_consumes_unknown_never_scheduled', 'dataset_consumes_1_never_scheduled', 'consume_1_and_2_with_dataset_expressions', 'dataset_produces_2', 'dataset_consumes_1_and_2' retrieved from /usr/local/python/3.12.1/lib/python3.12/site-packages/airflow/example_dags/example_datasets.py
[2025-03-18T10:58:01.741+0000] {logging_mixin.py:190} INFO - [2025-03-18T10:58:01.741+0000] {dag.py:3239} INFO - Sync 10 DAGs
[2025-03-18T10:58:01.758+0000] {logging_mixin.py:190} INFO - [2025-03-18T10:58:01.758+0000] {dag.py:4180} INFO - Setting next_dagrun for conditional_dataset_and_time_based_timetable to 2025-03-12 01:00:00+00:00, run_after=2025-03-12 01:00:00+00:00
[2025-03-18T10:58:01.760+0000] {logging_mixin.py:190} INFO - [2025-03-18T10:58:01.760+0000] {dag.py:4180} INFO - Setting next_dagrun for consume_1_and_2_with_dataset_expressions to None, run_after=None
[2025-03-18T10:58:01.761+0000] {logging_mixin.py:190} INFO - [2025-03-18T10:58:01.761+0000] {dag.py:4180} INFO - Setting next_dagrun for consume_1_or_2_with_dataset_expressions to None, run_after=None
[2025-03-18T10:58:01.762+0000] {logging_mixin.py:190} INFO - [2025-03-18T10:58:01.762+0000] {dag.py:4180} INFO - Setting next_dagrun for consume_1_or_both_2_and_3_with_dataset_expressions to None, run_after=None
[2025-03-18T10:58:01.763+0000] {logging_mixin.py:190} INFO - [2025-03-18T10:58:01.762+0000] {dag.py:4180} INFO - Setting next_dagrun for dataset_consumes_1 to None, run_after=None
[2025-03-18T10:58:01.763+0000] {logging_mixin.py:190} INFO - [2025-03-18T10:58:01.763+0000] {dag.py:4180} INFO - Setting next_dagrun for dataset_consumes_1_and_2 to None, run_after=None
[2025-03-18T10:58:01.764+0000] {logging_mixin.py:190} INFO - [2025-03-18T10:58:01.764+0000] {dag.py:4180} INFO - Setting next_dagrun for dataset_consumes_1_never_scheduled to None, run_after=None
[2025-03-18T10:58:01.765+0000] {logging_mixin.py:190} INFO - [2025-03-18T10:58:01.764+0000] {dag.py:4180} INFO - Setting next_dagrun for dataset_consumes_unknown_never_scheduled to None, run_after=None
[2025-03-18T10:58:01.766+0000] {logging_mixin.py:190} INFO - [2025-03-18T10:58:01.766+0000] {dag.py:4180} INFO - Setting next_dagrun for dataset_produces_1 to 2025-03-17 00:00:00+00:00, run_after=2025-03-18 00:00:00+00:00
[2025-03-18T10:58:01.767+0000] {logging_mixin.py:190} INFO - [2025-03-18T10:58:01.767+0000] {dag.py:4180} INFO - Setting next_dagrun for dataset_produces_2 to None, run_after=None
[2025-03-18T10:58:01.787+0000] {processor.py:208} INFO - Processing /usr/local/python/3.12.1/lib/python3.12/site-packages/airflow/example_dags/example_datasets.py took 0.088 seconds
[2025-03-18T10:59:13.592+0000] {processor.py:186} INFO - Started process (PID=54483) to work on /usr/local/python/3.12.1/lib/python3.12/site-packages/airflow/example_dags/example_datasets.py
[2025-03-18T10:59:13.593+0000] {processor.py:914} INFO - Processing file /usr/local/python/3.12.1/lib/python3.12/site-packages/airflow/example_dags/example_datasets.py for tasks to queue
[2025-03-18T10:59:13.595+0000] {logging_mixin.py:190} INFO - [2025-03-18T10:59:13.594+0000] {dagbag.py:588} INFO - Filling up the DagBag from /usr/local/python/3.12.1/lib/python3.12/site-packages/airflow/example_dags/example_datasets.py
[2025-03-18T10:59:13.606+0000] {processor.py:925} INFO - DAG(s) 'conditional_dataset_and_time_based_timetable', 'dataset_consumes_1_never_scheduled', 'consume_1_or_both_2_and_3_with_dataset_expressions', 'consume_1_and_2_with_dataset_expressions', 'dataset_produces_2', 'consume_1_or_2_with_dataset_expressions', 'dataset_consumes_1_and_2', 'dataset_produces_1', 'dataset_consumes_1', 'dataset_consumes_unknown_never_scheduled' retrieved from /usr/local/python/3.12.1/lib/python3.12/site-packages/airflow/example_dags/example_datasets.py
[2025-03-18T10:59:13.631+0000] {logging_mixin.py:190} INFO - [2025-03-18T10:59:13.630+0000] {dag.py:3239} INFO - Sync 10 DAGs
[2025-03-18T10:59:13.648+0000] {logging_mixin.py:190} INFO - [2025-03-18T10:59:13.648+0000] {dag.py:4180} INFO - Setting next_dagrun for conditional_dataset_and_time_based_timetable to 2025-03-12 01:00:00+00:00, run_after=2025-03-12 01:00:00+00:00
[2025-03-18T10:59:13.650+0000] {logging_mixin.py:190} INFO - [2025-03-18T10:59:13.650+0000] {dag.py:4180} INFO - Setting next_dagrun for consume_1_and_2_with_dataset_expressions to None, run_after=None
[2025-03-18T10:59:13.651+0000] {logging_mixin.py:190} INFO - [2025-03-18T10:59:13.651+0000] {dag.py:4180} INFO - Setting next_dagrun for consume_1_or_2_with_dataset_expressions to None, run_after=None
[2025-03-18T10:59:13.652+0000] {logging_mixin.py:190} INFO - [2025-03-18T10:59:13.652+0000] {dag.py:4180} INFO - Setting next_dagrun for consume_1_or_both_2_and_3_with_dataset_expressions to None, run_after=None
[2025-03-18T10:59:13.652+0000] {logging_mixin.py:190} INFO - [2025-03-18T10:59:13.652+0000] {dag.py:4180} INFO - Setting next_dagrun for dataset_consumes_1 to None, run_after=None
[2025-03-18T10:59:13.653+0000] {logging_mixin.py:190} INFO - [2025-03-18T10:59:13.653+0000] {dag.py:4180} INFO - Setting next_dagrun for dataset_consumes_1_and_2 to None, run_after=None
[2025-03-18T10:59:13.654+0000] {logging_mixin.py:190} INFO - [2025-03-18T10:59:13.654+0000] {dag.py:4180} INFO - Setting next_dagrun for dataset_consumes_1_never_scheduled to None, run_after=None
[2025-03-18T10:59:13.654+0000] {logging_mixin.py:190} INFO - [2025-03-18T10:59:13.654+0000] {dag.py:4180} INFO - Setting next_dagrun for dataset_consumes_unknown_never_scheduled to None, run_after=None
[2025-03-18T10:59:13.656+0000] {logging_mixin.py:190} INFO - [2025-03-18T10:59:13.656+0000] {dag.py:4180} INFO - Setting next_dagrun for dataset_produces_1 to 2025-03-17 00:00:00+00:00, run_after=2025-03-18 00:00:00+00:00
[2025-03-18T10:59:13.657+0000] {logging_mixin.py:190} INFO - [2025-03-18T10:59:13.656+0000] {dag.py:4180} INFO - Setting next_dagrun for dataset_produces_2 to None, run_after=None
[2025-03-18T10:59:13.680+0000] {processor.py:208} INFO - Processing /usr/local/python/3.12.1/lib/python3.12/site-packages/airflow/example_dags/example_datasets.py took 0.091 seconds
[2025-03-18T11:00:26.538+0000] {processor.py:186} INFO - Started process (PID=55308) to work on /usr/local/python/3.12.1/lib/python3.12/site-packages/airflow/example_dags/example_datasets.py
[2025-03-18T11:00:26.539+0000] {processor.py:914} INFO - Processing file /usr/local/python/3.12.1/lib/python3.12/site-packages/airflow/example_dags/example_datasets.py for tasks to queue
[2025-03-18T11:00:26.540+0000] {logging_mixin.py:190} INFO - [2025-03-18T11:00:26.540+0000] {dagbag.py:588} INFO - Filling up the DagBag from /usr/local/python/3.12.1/lib/python3.12/site-packages/airflow/example_dags/example_datasets.py
[2025-03-18T11:00:26.552+0000] {processor.py:925} INFO - DAG(s) 'dataset_consumes_1', 'dataset_consumes_1_and_2', 'consume_1_or_2_with_dataset_expressions', 'dataset_produces_2', 'dataset_consumes_unknown_never_scheduled', 'dataset_produces_1', 'consume_1_or_both_2_and_3_with_dataset_expressions', 'dataset_consumes_1_never_scheduled', 'conditional_dataset_and_time_based_timetable', 'consume_1_and_2_with_dataset_expressions' retrieved from /usr/local/python/3.12.1/lib/python3.12/site-packages/airflow/example_dags/example_datasets.py
[2025-03-18T11:00:26.576+0000] {logging_mixin.py:190} INFO - [2025-03-18T11:00:26.576+0000] {dag.py:3239} INFO - Sync 10 DAGs
[2025-03-18T11:00:26.593+0000] {logging_mixin.py:190} INFO - [2025-03-18T11:00:26.593+0000] {dag.py:4180} INFO - Setting next_dagrun for conditional_dataset_and_time_based_timetable to 2025-03-12 01:00:00+00:00, run_after=2025-03-12 01:00:00+00:00
[2025-03-18T11:00:26.596+0000] {logging_mixin.py:190} INFO - [2025-03-18T11:00:26.596+0000] {dag.py:4180} INFO - Setting next_dagrun for consume_1_and_2_with_dataset_expressions to None, run_after=None
[2025-03-18T11:00:26.597+0000] {logging_mixin.py:190} INFO - [2025-03-18T11:00:26.596+0000] {dag.py:4180} INFO - Setting next_dagrun for consume_1_or_2_with_dataset_expressions to None, run_after=None
[2025-03-18T11:00:26.597+0000] {logging_mixin.py:190} INFO - [2025-03-18T11:00:26.597+0000] {dag.py:4180} INFO - Setting next_dagrun for consume_1_or_both_2_and_3_with_dataset_expressions to None, run_after=None
[2025-03-18T11:00:26.598+0000] {logging_mixin.py:190} INFO - [2025-03-18T11:00:26.598+0000] {dag.py:4180} INFO - Setting next_dagrun for dataset_consumes_1 to None, run_after=None
[2025-03-18T11:00:26.599+0000] {logging_mixin.py:190} INFO - [2025-03-18T11:00:26.598+0000] {dag.py:4180} INFO - Setting next_dagrun for dataset_consumes_1_and_2 to None, run_after=None
[2025-03-18T11:00:26.599+0000] {logging_mixin.py:190} INFO - [2025-03-18T11:00:26.599+0000] {dag.py:4180} INFO - Setting next_dagrun for dataset_consumes_1_never_scheduled to None, run_after=None
[2025-03-18T11:00:26.600+0000] {logging_mixin.py:190} INFO - [2025-03-18T11:00:26.600+0000] {dag.py:4180} INFO - Setting next_dagrun for dataset_consumes_unknown_never_scheduled to None, run_after=None
[2025-03-18T11:00:26.601+0000] {logging_mixin.py:190} INFO - [2025-03-18T11:00:26.601+0000] {dag.py:4180} INFO - Setting next_dagrun for dataset_produces_1 to 2025-03-17 00:00:00+00:00, run_after=2025-03-18 00:00:00+00:00
[2025-03-18T11:00:26.602+0000] {logging_mixin.py:190} INFO - [2025-03-18T11:00:26.602+0000] {dag.py:4180} INFO - Setting next_dagrun for dataset_produces_2 to None, run_after=None
[2025-03-18T11:00:26.625+0000] {processor.py:208} INFO - Processing /usr/local/python/3.12.1/lib/python3.12/site-packages/airflow/example_dags/example_datasets.py took 0.091 seconds
[2025-03-18T11:01:42.828+0000] {processor.py:186} INFO - Started process (PID=57868) to work on /usr/local/python/3.12.1/lib/python3.12/site-packages/airflow/example_dags/example_datasets.py
[2025-03-18T11:01:42.828+0000] {processor.py:914} INFO - Processing file /usr/local/python/3.12.1/lib/python3.12/site-packages/airflow/example_dags/example_datasets.py for tasks to queue
[2025-03-18T11:01:42.830+0000] {logging_mixin.py:190} INFO - [2025-03-18T11:01:42.830+0000] {dagbag.py:588} INFO - Filling up the DagBag from /usr/local/python/3.12.1/lib/python3.12/site-packages/airflow/example_dags/example_datasets.py
[2025-03-18T11:01:42.842+0000] {processor.py:925} INFO - DAG(s) 'consume_1_or_2_with_dataset_expressions', 'dataset_consumes_1_and_2', 'dataset_consumes_1', 'dataset_consumes_unknown_never_scheduled', 'dataset_consumes_1_never_scheduled', 'conditional_dataset_and_time_based_timetable', 'dataset_produces_1', 'consume_1_or_both_2_and_3_with_dataset_expressions', 'consume_1_and_2_with_dataset_expressions', 'dataset_produces_2' retrieved from /usr/local/python/3.12.1/lib/python3.12/site-packages/airflow/example_dags/example_datasets.py
[2025-03-18T11:01:42.866+0000] {logging_mixin.py:190} INFO - [2025-03-18T11:01:42.866+0000] {dag.py:3239} INFO - Sync 10 DAGs
[2025-03-18T11:01:42.884+0000] {logging_mixin.py:190} INFO - [2025-03-18T11:01:42.884+0000] {dag.py:4180} INFO - Setting next_dagrun for conditional_dataset_and_time_based_timetable to 2025-03-12 01:00:00+00:00, run_after=2025-03-12 01:00:00+00:00
[2025-03-18T11:01:42.887+0000] {logging_mixin.py:190} INFO - [2025-03-18T11:01:42.887+0000] {dag.py:4180} INFO - Setting next_dagrun for consume_1_and_2_with_dataset_expressions to None, run_after=None
[2025-03-18T11:01:42.888+0000] {logging_mixin.py:190} INFO - [2025-03-18T11:01:42.888+0000] {dag.py:4180} INFO - Setting next_dagrun for consume_1_or_2_with_dataset_expressions to None, run_after=None
[2025-03-18T11:01:42.888+0000] {logging_mixin.py:190} INFO - [2025-03-18T11:01:42.888+0000] {dag.py:4180} INFO - Setting next_dagrun for consume_1_or_both_2_and_3_with_dataset_expressions to None, run_after=None
[2025-03-18T11:01:42.889+0000] {logging_mixin.py:190} INFO - [2025-03-18T11:01:42.889+0000] {dag.py:4180} INFO - Setting next_dagrun for dataset_consumes_1 to None, run_after=None
[2025-03-18T11:01:42.890+0000] {logging_mixin.py:190} INFO - [2025-03-18T11:01:42.890+0000] {dag.py:4180} INFO - Setting next_dagrun for dataset_consumes_1_and_2 to None, run_after=None
[2025-03-18T11:01:42.890+0000] {logging_mixin.py:190} INFO - [2025-03-18T11:01:42.890+0000] {dag.py:4180} INFO - Setting next_dagrun for dataset_consumes_1_never_scheduled to None, run_after=None
[2025-03-18T11:01:42.891+0000] {logging_mixin.py:190} INFO - [2025-03-18T11:01:42.891+0000] {dag.py:4180} INFO - Setting next_dagrun for dataset_consumes_unknown_never_scheduled to None, run_after=None
[2025-03-18T11:01:42.893+0000] {logging_mixin.py:190} INFO - [2025-03-18T11:01:42.893+0000] {dag.py:4180} INFO - Setting next_dagrun for dataset_produces_1 to 2025-03-17 00:00:00+00:00, run_after=2025-03-18 00:00:00+00:00
[2025-03-18T11:01:42.894+0000] {logging_mixin.py:190} INFO - [2025-03-18T11:01:42.893+0000] {dag.py:4180} INFO - Setting next_dagrun for dataset_produces_2 to None, run_after=None
[2025-03-18T11:01:42.915+0000] {processor.py:208} INFO - Processing /usr/local/python/3.12.1/lib/python3.12/site-packages/airflow/example_dags/example_datasets.py took 0.091 seconds
[2025-03-18T11:02:35.960+0000] {processor.py:186} INFO - Started process (PID=58283) to work on /usr/local/python/3.12.1/lib/python3.12/site-packages/airflow/example_dags/example_datasets.py
[2025-03-18T11:02:35.960+0000] {processor.py:914} INFO - Processing file /usr/local/python/3.12.1/lib/python3.12/site-packages/airflow/example_dags/example_datasets.py for tasks to queue
[2025-03-18T11:02:35.962+0000] {logging_mixin.py:190} INFO - [2025-03-18T11:02:35.962+0000] {dagbag.py:588} INFO - Filling up the DagBag from /usr/local/python/3.12.1/lib/python3.12/site-packages/airflow/example_dags/example_datasets.py
[2025-03-18T11:02:35.974+0000] {processor.py:925} INFO - DAG(s) 'consume_1_and_2_with_dataset_expressions', 'dataset_consumes_1_and_2', 'conditional_dataset_and_time_based_timetable', 'dataset_consumes_1', 'dataset_consumes_1_never_scheduled', 'dataset_produces_1', 'consume_1_or_both_2_and_3_with_dataset_expressions', 'consume_1_or_2_with_dataset_expressions', 'dataset_consumes_unknown_never_scheduled', 'dataset_produces_2' retrieved from /usr/local/python/3.12.1/lib/python3.12/site-packages/airflow/example_dags/example_datasets.py
[2025-03-18T11:02:35.998+0000] {logging_mixin.py:190} INFO - [2025-03-18T11:02:35.998+0000] {dag.py:3239} INFO - Sync 10 DAGs
[2025-03-18T11:02:36.016+0000] {logging_mixin.py:190} INFO - [2025-03-18T11:02:36.015+0000] {dag.py:4180} INFO - Setting next_dagrun for conditional_dataset_and_time_based_timetable to 2025-03-12 01:00:00+00:00, run_after=2025-03-12 01:00:00+00:00
[2025-03-18T11:02:36.018+0000] {logging_mixin.py:190} INFO - [2025-03-18T11:02:36.018+0000] {dag.py:4180} INFO - Setting next_dagrun for consume_1_and_2_with_dataset_expressions to None, run_after=None
[2025-03-18T11:02:36.019+0000] {logging_mixin.py:190} INFO - [2025-03-18T11:02:36.019+0000] {dag.py:4180} INFO - Setting next_dagrun for consume_1_or_2_with_dataset_expressions to None, run_after=None
[2025-03-18T11:02:36.020+0000] {logging_mixin.py:190} INFO - [2025-03-18T11:02:36.020+0000] {dag.py:4180} INFO - Setting next_dagrun for consume_1_or_both_2_and_3_with_dataset_expressions to None, run_after=None
[2025-03-18T11:02:36.020+0000] {logging_mixin.py:190} INFO - [2025-03-18T11:02:36.020+0000] {dag.py:4180} INFO - Setting next_dagrun for dataset_consumes_1 to None, run_after=None
[2025-03-18T11:02:36.021+0000] {logging_mixin.py:190} INFO - [2025-03-18T11:02:36.021+0000] {dag.py:4180} INFO - Setting next_dagrun for dataset_consumes_1_and_2 to None, run_after=None
[2025-03-18T11:02:36.022+0000] {logging_mixin.py:190} INFO - [2025-03-18T11:02:36.022+0000] {dag.py:4180} INFO - Setting next_dagrun for dataset_consumes_1_never_scheduled to None, run_after=None
[2025-03-18T11:02:36.023+0000] {logging_mixin.py:190} INFO - [2025-03-18T11:02:36.022+0000] {dag.py:4180} INFO - Setting next_dagrun for dataset_consumes_unknown_never_scheduled to None, run_after=None
[2025-03-18T11:02:36.024+0000] {logging_mixin.py:190} INFO - [2025-03-18T11:02:36.024+0000] {dag.py:4180} INFO - Setting next_dagrun for dataset_produces_1 to 2025-03-17 00:00:00+00:00, run_after=2025-03-18 00:00:00+00:00
[2025-03-18T11:02:36.025+0000] {logging_mixin.py:190} INFO - [2025-03-18T11:02:36.025+0000] {dag.py:4180} INFO - Setting next_dagrun for dataset_produces_2 to None, run_after=None
[2025-03-18T11:02:36.047+0000] {processor.py:208} INFO - Processing /usr/local/python/3.12.1/lib/python3.12/site-packages/airflow/example_dags/example_datasets.py took 0.091 seconds
[2025-03-18T11:03:46.141+0000] {processor.py:186} INFO - Started process (PID=58866) to work on /usr/local/python/3.12.1/lib/python3.12/site-packages/airflow/example_dags/example_datasets.py
[2025-03-18T11:03:46.141+0000] {processor.py:914} INFO - Processing file /usr/local/python/3.12.1/lib/python3.12/site-packages/airflow/example_dags/example_datasets.py for tasks to queue
[2025-03-18T11:03:46.143+0000] {logging_mixin.py:190} INFO - [2025-03-18T11:03:46.143+0000] {dagbag.py:588} INFO - Filling up the DagBag from /usr/local/python/3.12.1/lib/python3.12/site-packages/airflow/example_dags/example_datasets.py
[2025-03-18T11:03:46.159+0000] {processor.py:925} INFO - DAG(s) 'dataset_produces_1', 'dataset_consumes_1_never_scheduled', 'consume_1_or_2_with_dataset_expressions', 'dataset_consumes_unknown_never_scheduled', 'dataset_consumes_1', 'dataset_produces_2', 'conditional_dataset_and_time_based_timetable', 'consume_1_and_2_with_dataset_expressions', 'dataset_consumes_1_and_2', 'consume_1_or_both_2_and_3_with_dataset_expressions' retrieved from /usr/local/python/3.12.1/lib/python3.12/site-packages/airflow/example_dags/example_datasets.py
[2025-03-18T11:03:46.184+0000] {logging_mixin.py:190} INFO - [2025-03-18T11:03:46.184+0000] {dag.py:3239} INFO - Sync 10 DAGs
[2025-03-18T11:03:46.202+0000] {logging_mixin.py:190} INFO - [2025-03-18T11:03:46.202+0000] {dag.py:4180} INFO - Setting next_dagrun for conditional_dataset_and_time_based_timetable to 2025-03-12 01:00:00+00:00, run_after=2025-03-12 01:00:00+00:00
[2025-03-18T11:03:46.204+0000] {logging_mixin.py:190} INFO - [2025-03-18T11:03:46.204+0000] {dag.py:4180} INFO - Setting next_dagrun for consume_1_and_2_with_dataset_expressions to None, run_after=None
[2025-03-18T11:03:46.205+0000] {logging_mixin.py:190} INFO - [2025-03-18T11:03:46.205+0000] {dag.py:4180} INFO - Setting next_dagrun for consume_1_or_2_with_dataset_expressions to None, run_after=None
[2025-03-18T11:03:46.206+0000] {logging_mixin.py:190} INFO - [2025-03-18T11:03:46.206+0000] {dag.py:4180} INFO - Setting next_dagrun for consume_1_or_both_2_and_3_with_dataset_expressions to None, run_after=None
[2025-03-18T11:03:46.207+0000] {logging_mixin.py:190} INFO - [2025-03-18T11:03:46.206+0000] {dag.py:4180} INFO - Setting next_dagrun for dataset_consumes_1 to None, run_after=None
[2025-03-18T11:03:46.207+0000] {logging_mixin.py:190} INFO - [2025-03-18T11:03:46.207+0000] {dag.py:4180} INFO - Setting next_dagrun for dataset_consumes_1_and_2 to None, run_after=None
[2025-03-18T11:03:46.208+0000] {logging_mixin.py:190} INFO - [2025-03-18T11:03:46.208+0000] {dag.py:4180} INFO - Setting next_dagrun for dataset_consumes_1_never_scheduled to None, run_after=None
[2025-03-18T11:03:46.209+0000] {logging_mixin.py:190} INFO - [2025-03-18T11:03:46.209+0000] {dag.py:4180} INFO - Setting next_dagrun for dataset_consumes_unknown_never_scheduled to None, run_after=None
[2025-03-18T11:03:46.210+0000] {logging_mixin.py:190} INFO - [2025-03-18T11:03:46.210+0000] {dag.py:4180} INFO - Setting next_dagrun for dataset_produces_1 to 2025-03-17 00:00:00+00:00, run_after=2025-03-18 00:00:00+00:00
[2025-03-18T11:03:46.211+0000] {logging_mixin.py:190} INFO - [2025-03-18T11:03:46.211+0000] {dag.py:4180} INFO - Setting next_dagrun for dataset_produces_2 to None, run_after=None
[2025-03-18T11:03:46.233+0000] {processor.py:208} INFO - Processing /usr/local/python/3.12.1/lib/python3.12/site-packages/airflow/example_dags/example_datasets.py took 0.098 seconds
[2025-03-18T11:04:59.120+0000] {processor.py:186} INFO - Started process (PID=59433) to work on /usr/local/python/3.12.1/lib/python3.12/site-packages/airflow/example_dags/example_datasets.py
[2025-03-18T11:04:59.120+0000] {processor.py:914} INFO - Processing file /usr/local/python/3.12.1/lib/python3.12/site-packages/airflow/example_dags/example_datasets.py for tasks to queue
[2025-03-18T11:04:59.122+0000] {logging_mixin.py:190} INFO - [2025-03-18T11:04:59.121+0000] {dagbag.py:588} INFO - Filling up the DagBag from /usr/local/python/3.12.1/lib/python3.12/site-packages/airflow/example_dags/example_datasets.py
[2025-03-18T11:04:59.134+0000] {processor.py:925} INFO - DAG(s) 'dataset_consumes_1', 'consume_1_and_2_with_dataset_expressions', 'consume_1_or_both_2_and_3_with_dataset_expressions', 'dataset_consumes_unknown_never_scheduled', 'dataset_consumes_1_and_2', 'dataset_produces_2', 'consume_1_or_2_with_dataset_expressions', 'dataset_consumes_1_never_scheduled', 'conditional_dataset_and_time_based_timetable', 'dataset_produces_1' retrieved from /usr/local/python/3.12.1/lib/python3.12/site-packages/airflow/example_dags/example_datasets.py
[2025-03-18T11:04:59.158+0000] {logging_mixin.py:190} INFO - [2025-03-18T11:04:59.157+0000] {dag.py:3239} INFO - Sync 10 DAGs
[2025-03-18T11:04:59.175+0000] {logging_mixin.py:190} INFO - [2025-03-18T11:04:59.175+0000] {dag.py:4180} INFO - Setting next_dagrun for conditional_dataset_and_time_based_timetable to 2025-03-12 01:00:00+00:00, run_after=2025-03-12 01:00:00+00:00
[2025-03-18T11:04:59.178+0000] {logging_mixin.py:190} INFO - [2025-03-18T11:04:59.177+0000] {dag.py:4180} INFO - Setting next_dagrun for consume_1_and_2_with_dataset_expressions to None, run_after=None
[2025-03-18T11:04:59.178+0000] {logging_mixin.py:190} INFO - [2025-03-18T11:04:59.178+0000] {dag.py:4180} INFO - Setting next_dagrun for consume_1_or_2_with_dataset_expressions to None, run_after=None
[2025-03-18T11:04:59.179+0000] {logging_mixin.py:190} INFO - [2025-03-18T11:04:59.179+0000] {dag.py:4180} INFO - Setting next_dagrun for consume_1_or_both_2_and_3_with_dataset_expressions to None, run_after=None
[2025-03-18T11:04:59.180+0000] {logging_mixin.py:190} INFO - [2025-03-18T11:04:59.180+0000] {dag.py:4180} INFO - Setting next_dagrun for dataset_consumes_1 to None, run_after=None
[2025-03-18T11:04:59.181+0000] {logging_mixin.py:190} INFO - [2025-03-18T11:04:59.180+0000] {dag.py:4180} INFO - Setting next_dagrun for dataset_consumes_1_and_2 to None, run_after=None
[2025-03-18T11:04:59.181+0000] {logging_mixin.py:190} INFO - [2025-03-18T11:04:59.181+0000] {dag.py:4180} INFO - Setting next_dagrun for dataset_consumes_1_never_scheduled to None, run_after=None
[2025-03-18T11:04:59.182+0000] {logging_mixin.py:190} INFO - [2025-03-18T11:04:59.182+0000] {dag.py:4180} INFO - Setting next_dagrun for dataset_consumes_unknown_never_scheduled to None, run_after=None
[2025-03-18T11:04:59.184+0000] {logging_mixin.py:190} INFO - [2025-03-18T11:04:59.183+0000] {dag.py:4180} INFO - Setting next_dagrun for dataset_produces_1 to 2025-03-17 00:00:00+00:00, run_after=2025-03-18 00:00:00+00:00
[2025-03-18T11:04:59.184+0000] {logging_mixin.py:190} INFO - [2025-03-18T11:04:59.184+0000] {dag.py:4180} INFO - Setting next_dagrun for dataset_produces_2 to None, run_after=None
[2025-03-18T11:04:59.206+0000] {processor.py:208} INFO - Processing /usr/local/python/3.12.1/lib/python3.12/site-packages/airflow/example_dags/example_datasets.py took 0.090 seconds
[2025-03-18T11:06:12.785+0000] {processor.py:186} INFO - Started process (PID=60014) to work on /usr/local/python/3.12.1/lib/python3.12/site-packages/airflow/example_dags/example_datasets.py
[2025-03-18T11:06:12.786+0000] {processor.py:914} INFO - Processing file /usr/local/python/3.12.1/lib/python3.12/site-packages/airflow/example_dags/example_datasets.py for tasks to queue
[2025-03-18T11:06:12.788+0000] {logging_mixin.py:190} INFO - [2025-03-18T11:06:12.787+0000] {dagbag.py:588} INFO - Filling up the DagBag from /usr/local/python/3.12.1/lib/python3.12/site-packages/airflow/example_dags/example_datasets.py
[2025-03-18T11:06:12.799+0000] {processor.py:925} INFO - DAG(s) 'dataset_produces_1', 'conditional_dataset_and_time_based_timetable', 'consume_1_or_both_2_and_3_with_dataset_expressions', 'dataset_consumes_1', 'dataset_consumes_unknown_never_scheduled', 'dataset_produces_2', 'dataset_consumes_1_and_2', 'dataset_consumes_1_never_scheduled', 'consume_1_or_2_with_dataset_expressions', 'consume_1_and_2_with_dataset_expressions' retrieved from /usr/local/python/3.12.1/lib/python3.12/site-packages/airflow/example_dags/example_datasets.py
[2025-03-18T11:06:12.823+0000] {logging_mixin.py:190} INFO - [2025-03-18T11:06:12.823+0000] {dag.py:3239} INFO - Sync 10 DAGs
[2025-03-18T11:06:12.841+0000] {logging_mixin.py:190} INFO - [2025-03-18T11:06:12.841+0000] {dag.py:4180} INFO - Setting next_dagrun for conditional_dataset_and_time_based_timetable to 2025-03-12 01:00:00+00:00, run_after=2025-03-12 01:00:00+00:00
[2025-03-18T11:06:12.843+0000] {logging_mixin.py:190} INFO - [2025-03-18T11:06:12.843+0000] {dag.py:4180} INFO - Setting next_dagrun for consume_1_and_2_with_dataset_expressions to None, run_after=None
[2025-03-18T11:06:12.844+0000] {logging_mixin.py:190} INFO - [2025-03-18T11:06:12.844+0000] {dag.py:4180} INFO - Setting next_dagrun for consume_1_or_2_with_dataset_expressions to None, run_after=None
[2025-03-18T11:06:12.845+0000] {logging_mixin.py:190} INFO - [2025-03-18T11:06:12.845+0000] {dag.py:4180} INFO - Setting next_dagrun for consume_1_or_both_2_and_3_with_dataset_expressions to None, run_after=None
[2025-03-18T11:06:12.845+0000] {logging_mixin.py:190} INFO - [2025-03-18T11:06:12.845+0000] {dag.py:4180} INFO - Setting next_dagrun for dataset_consumes_1 to None, run_after=None
[2025-03-18T11:06:12.846+0000] {logging_mixin.py:190} INFO - [2025-03-18T11:06:12.846+0000] {dag.py:4180} INFO - Setting next_dagrun for dataset_consumes_1_and_2 to None, run_after=None
[2025-03-18T11:06:12.847+0000] {logging_mixin.py:190} INFO - [2025-03-18T11:06:12.847+0000] {dag.py:4180} INFO - Setting next_dagrun for dataset_consumes_1_never_scheduled to None, run_after=None
[2025-03-18T11:06:12.848+0000] {logging_mixin.py:190} INFO - [2025-03-18T11:06:12.847+0000] {dag.py:4180} INFO - Setting next_dagrun for dataset_consumes_unknown_never_scheduled to None, run_after=None
[2025-03-18T11:06:12.849+0000] {logging_mixin.py:190} INFO - [2025-03-18T11:06:12.849+0000] {dag.py:4180} INFO - Setting next_dagrun for dataset_produces_1 to 2025-03-17 00:00:00+00:00, run_after=2025-03-18 00:00:00+00:00
[2025-03-18T11:06:12.850+0000] {logging_mixin.py:190} INFO - [2025-03-18T11:06:12.850+0000] {dag.py:4180} INFO - Setting next_dagrun for dataset_produces_2 to None, run_after=None
[2025-03-18T11:06:12.871+0000] {processor.py:208} INFO - Processing /usr/local/python/3.12.1/lib/python3.12/site-packages/airflow/example_dags/example_datasets.py took 0.090 seconds
[2025-03-18T11:07:29.831+0000] {processor.py:186} INFO - Started process (PID=60628) to work on /usr/local/python/3.12.1/lib/python3.12/site-packages/airflow/example_dags/example_datasets.py
[2025-03-18T11:07:29.832+0000] {processor.py:914} INFO - Processing file /usr/local/python/3.12.1/lib/python3.12/site-packages/airflow/example_dags/example_datasets.py for tasks to queue
[2025-03-18T11:07:29.834+0000] {logging_mixin.py:190} INFO - [2025-03-18T11:07:29.833+0000] {dagbag.py:588} INFO - Filling up the DagBag from /usr/local/python/3.12.1/lib/python3.12/site-packages/airflow/example_dags/example_datasets.py
[2025-03-18T11:07:29.845+0000] {processor.py:925} INFO - DAG(s) 'consume_1_or_both_2_and_3_with_dataset_expressions', 'dataset_produces_2', 'consume_1_or_2_with_dataset_expressions', 'dataset_produces_1', 'consume_1_and_2_with_dataset_expressions', 'dataset_consumes_1', 'dataset_consumes_1_never_scheduled', 'dataset_consumes_unknown_never_scheduled', 'dataset_consumes_1_and_2', 'conditional_dataset_and_time_based_timetable' retrieved from /usr/local/python/3.12.1/lib/python3.12/site-packages/airflow/example_dags/example_datasets.py
[2025-03-18T11:07:29.869+0000] {logging_mixin.py:190} INFO - [2025-03-18T11:07:29.869+0000] {dag.py:3239} INFO - Sync 10 DAGs
[2025-03-18T11:07:29.887+0000] {logging_mixin.py:190} INFO - [2025-03-18T11:07:29.887+0000] {dag.py:4180} INFO - Setting next_dagrun for conditional_dataset_and_time_based_timetable to 2025-03-12 01:00:00+00:00, run_after=2025-03-12 01:00:00+00:00
[2025-03-18T11:07:29.889+0000] {logging_mixin.py:190} INFO - [2025-03-18T11:07:29.889+0000] {dag.py:4180} INFO - Setting next_dagrun for consume_1_and_2_with_dataset_expressions to None, run_after=None
[2025-03-18T11:07:29.890+0000] {logging_mixin.py:190} INFO - [2025-03-18T11:07:29.890+0000] {dag.py:4180} INFO - Setting next_dagrun for consume_1_or_2_with_dataset_expressions to None, run_after=None
[2025-03-18T11:07:29.891+0000] {logging_mixin.py:190} INFO - [2025-03-18T11:07:29.891+0000] {dag.py:4180} INFO - Setting next_dagrun for consume_1_or_both_2_and_3_with_dataset_expressions to None, run_after=None
[2025-03-18T11:07:29.892+0000] {logging_mixin.py:190} INFO - [2025-03-18T11:07:29.892+0000] {dag.py:4180} INFO - Setting next_dagrun for dataset_consumes_1 to None, run_after=None
[2025-03-18T11:07:29.892+0000] {logging_mixin.py:190} INFO - [2025-03-18T11:07:29.892+0000] {dag.py:4180} INFO - Setting next_dagrun for dataset_consumes_1_and_2 to None, run_after=None
[2025-03-18T11:07:29.893+0000] {logging_mixin.py:190} INFO - [2025-03-18T11:07:29.893+0000] {dag.py:4180} INFO - Setting next_dagrun for dataset_consumes_1_never_scheduled to None, run_after=None
[2025-03-18T11:07:29.894+0000] {logging_mixin.py:190} INFO - [2025-03-18T11:07:29.893+0000] {dag.py:4180} INFO - Setting next_dagrun for dataset_consumes_unknown_never_scheduled to None, run_after=None
[2025-03-18T11:07:29.895+0000] {logging_mixin.py:190} INFO - [2025-03-18T11:07:29.895+0000] {dag.py:4180} INFO - Setting next_dagrun for dataset_produces_1 to 2025-03-17 00:00:00+00:00, run_after=2025-03-18 00:00:00+00:00
[2025-03-18T11:07:29.896+0000] {logging_mixin.py:190} INFO - [2025-03-18T11:07:29.896+0000] {dag.py:4180} INFO - Setting next_dagrun for dataset_produces_2 to None, run_after=None
[2025-03-18T11:07:29.917+0000] {processor.py:208} INFO - Processing /usr/local/python/3.12.1/lib/python3.12/site-packages/airflow/example_dags/example_datasets.py took 0.089 seconds
[2025-03-18T11:08:44.383+0000] {processor.py:186} INFO - Started process (PID=61241) to work on /usr/local/python/3.12.1/lib/python3.12/site-packages/airflow/example_dags/example_datasets.py
[2025-03-18T11:08:44.384+0000] {processor.py:914} INFO - Processing file /usr/local/python/3.12.1/lib/python3.12/site-packages/airflow/example_dags/example_datasets.py for tasks to queue
[2025-03-18T11:08:44.386+0000] {logging_mixin.py:190} INFO - [2025-03-18T11:08:44.386+0000] {dagbag.py:588} INFO - Filling up the DagBag from /usr/local/python/3.12.1/lib/python3.12/site-packages/airflow/example_dags/example_datasets.py
[2025-03-18T11:08:44.402+0000] {processor.py:925} INFO - DAG(s) 'dataset_produces_1', 'dataset_produces_2', 'consume_1_or_both_2_and_3_with_dataset_expressions', 'dataset_consumes_1_and_2', 'dataset_consumes_1_never_scheduled', 'consume_1_or_2_with_dataset_expressions', 'consume_1_and_2_with_dataset_expressions', 'conditional_dataset_and_time_based_timetable', 'dataset_consumes_1', 'dataset_consumes_unknown_never_scheduled' retrieved from /usr/local/python/3.12.1/lib/python3.12/site-packages/airflow/example_dags/example_datasets.py
[2025-03-18T11:08:44.427+0000] {logging_mixin.py:190} INFO - [2025-03-18T11:08:44.427+0000] {dag.py:3239} INFO - Sync 10 DAGs
[2025-03-18T11:08:44.444+0000] {logging_mixin.py:190} INFO - [2025-03-18T11:08:44.444+0000] {dag.py:4180} INFO - Setting next_dagrun for conditional_dataset_and_time_based_timetable to 2025-03-12 01:00:00+00:00, run_after=2025-03-12 01:00:00+00:00
[2025-03-18T11:08:44.447+0000] {logging_mixin.py:190} INFO - [2025-03-18T11:08:44.447+0000] {dag.py:4180} INFO - Setting next_dagrun for consume_1_and_2_with_dataset_expressions to None, run_after=None
[2025-03-18T11:08:44.448+0000] {logging_mixin.py:190} INFO - [2025-03-18T11:08:44.447+0000] {dag.py:4180} INFO - Setting next_dagrun for consume_1_or_2_with_dataset_expressions to None, run_after=None
[2025-03-18T11:08:44.448+0000] {logging_mixin.py:190} INFO - [2025-03-18T11:08:44.448+0000] {dag.py:4180} INFO - Setting next_dagrun for consume_1_or_both_2_and_3_with_dataset_expressions to None, run_after=None
[2025-03-18T11:08:44.449+0000] {logging_mixin.py:190} INFO - [2025-03-18T11:08:44.449+0000] {dag.py:4180} INFO - Setting next_dagrun for dataset_consumes_1 to None, run_after=None
[2025-03-18T11:08:44.450+0000] {logging_mixin.py:190} INFO - [2025-03-18T11:08:44.449+0000] {dag.py:4180} INFO - Setting next_dagrun for dataset_consumes_1_and_2 to None, run_after=None
[2025-03-18T11:08:44.450+0000] {logging_mixin.py:190} INFO - [2025-03-18T11:08:44.450+0000] {dag.py:4180} INFO - Setting next_dagrun for dataset_consumes_1_never_scheduled to None, run_after=None
[2025-03-18T11:08:44.451+0000] {logging_mixin.py:190} INFO - [2025-03-18T11:08:44.451+0000] {dag.py:4180} INFO - Setting next_dagrun for dataset_consumes_unknown_never_scheduled to None, run_after=None
[2025-03-18T11:08:44.453+0000] {logging_mixin.py:190} INFO - [2025-03-18T11:08:44.452+0000] {dag.py:4180} INFO - Setting next_dagrun for dataset_produces_1 to 2025-03-17 00:00:00+00:00, run_after=2025-03-18 00:00:00+00:00
[2025-03-18T11:08:44.453+0000] {logging_mixin.py:190} INFO - [2025-03-18T11:08:44.453+0000] {dag.py:4180} INFO - Setting next_dagrun for dataset_produces_2 to None, run_after=None
[2025-03-18T11:08:44.476+0000] {processor.py:208} INFO - Processing /usr/local/python/3.12.1/lib/python3.12/site-packages/airflow/example_dags/example_datasets.py took 0.098 seconds
[2025-03-18T11:10:02.285+0000] {processor.py:186} INFO - Started process (PID=61923) to work on /usr/local/python/3.12.1/lib/python3.12/site-packages/airflow/example_dags/example_datasets.py
[2025-03-18T11:10:02.286+0000] {processor.py:914} INFO - Processing file /usr/local/python/3.12.1/lib/python3.12/site-packages/airflow/example_dags/example_datasets.py for tasks to queue
[2025-03-18T11:10:02.288+0000] {logging_mixin.py:190} INFO - [2025-03-18T11:10:02.288+0000] {dagbag.py:588} INFO - Filling up the DagBag from /usr/local/python/3.12.1/lib/python3.12/site-packages/airflow/example_dags/example_datasets.py
[2025-03-18T11:10:02.303+0000] {processor.py:925} INFO - DAG(s) 'dataset_consumes_1', 'dataset_produces_2', 'consume_1_and_2_with_dataset_expressions', 'consume_1_or_2_with_dataset_expressions', 'dataset_produces_1', 'consume_1_or_both_2_and_3_with_dataset_expressions', 'conditional_dataset_and_time_based_timetable', 'dataset_consumes_unknown_never_scheduled', 'dataset_consumes_1_never_scheduled', 'dataset_consumes_1_and_2' retrieved from /usr/local/python/3.12.1/lib/python3.12/site-packages/airflow/example_dags/example_datasets.py
[2025-03-18T11:10:02.330+0000] {logging_mixin.py:190} INFO - [2025-03-18T11:10:02.329+0000] {dag.py:3239} INFO - Sync 10 DAGs
[2025-03-18T11:10:02.347+0000] {logging_mixin.py:190} INFO - [2025-03-18T11:10:02.347+0000] {dag.py:4180} INFO - Setting next_dagrun for conditional_dataset_and_time_based_timetable to 2025-03-12 01:00:00+00:00, run_after=2025-03-12 01:00:00+00:00
[2025-03-18T11:10:02.350+0000] {logging_mixin.py:190} INFO - [2025-03-18T11:10:02.350+0000] {dag.py:4180} INFO - Setting next_dagrun for consume_1_and_2_with_dataset_expressions to None, run_after=None
[2025-03-18T11:10:02.351+0000] {logging_mixin.py:190} INFO - [2025-03-18T11:10:02.350+0000] {dag.py:4180} INFO - Setting next_dagrun for consume_1_or_2_with_dataset_expressions to None, run_after=None
[2025-03-18T11:10:02.351+0000] {logging_mixin.py:190} INFO - [2025-03-18T11:10:02.351+0000] {dag.py:4180} INFO - Setting next_dagrun for consume_1_or_both_2_and_3_with_dataset_expressions to None, run_after=None
[2025-03-18T11:10:02.352+0000] {logging_mixin.py:190} INFO - [2025-03-18T11:10:02.352+0000] {dag.py:4180} INFO - Setting next_dagrun for dataset_consumes_1 to None, run_after=None
[2025-03-18T11:10:02.353+0000] {logging_mixin.py:190} INFO - [2025-03-18T11:10:02.352+0000] {dag.py:4180} INFO - Setting next_dagrun for dataset_consumes_1_and_2 to None, run_after=None
[2025-03-18T11:10:02.353+0000] {logging_mixin.py:190} INFO - [2025-03-18T11:10:02.353+0000] {dag.py:4180} INFO - Setting next_dagrun for dataset_consumes_1_never_scheduled to None, run_after=None
[2025-03-18T11:10:02.354+0000] {logging_mixin.py:190} INFO - [2025-03-18T11:10:02.354+0000] {dag.py:4180} INFO - Setting next_dagrun for dataset_consumes_unknown_never_scheduled to None, run_after=None
[2025-03-18T11:10:02.356+0000] {logging_mixin.py:190} INFO - [2025-03-18T11:10:02.356+0000] {dag.py:4180} INFO - Setting next_dagrun for dataset_produces_1 to 2025-03-17 00:00:00+00:00, run_after=2025-03-18 00:00:00+00:00
[2025-03-18T11:10:02.357+0000] {logging_mixin.py:190} INFO - [2025-03-18T11:10:02.357+0000] {dag.py:4180} INFO - Setting next_dagrun for dataset_produces_2 to None, run_after=None
[2025-03-18T11:10:02.380+0000] {processor.py:208} INFO - Processing /usr/local/python/3.12.1/lib/python3.12/site-packages/airflow/example_dags/example_datasets.py took 0.099 seconds
[2025-03-18T11:10:53.890+0000] {processor.py:186} INFO - Started process (PID=62374) to work on /usr/local/python/3.12.1/lib/python3.12/site-packages/airflow/example_dags/example_datasets.py
[2025-03-18T11:10:53.891+0000] {processor.py:914} INFO - Processing file /usr/local/python/3.12.1/lib/python3.12/site-packages/airflow/example_dags/example_datasets.py for tasks to queue
[2025-03-18T11:10:53.892+0000] {logging_mixin.py:190} INFO - [2025-03-18T11:10:53.892+0000] {dagbag.py:588} INFO - Filling up the DagBag from /usr/local/python/3.12.1/lib/python3.12/site-packages/airflow/example_dags/example_datasets.py
[2025-03-18T11:10:53.904+0000] {processor.py:925} INFO - DAG(s) 'dataset_produces_2', 'dataset_consumes_1', 'consume_1_and_2_with_dataset_expressions', 'dataset_consumes_1_never_scheduled', 'dataset_consumes_1_and_2', 'conditional_dataset_and_time_based_timetable', 'dataset_consumes_unknown_never_scheduled', 'dataset_produces_1', 'consume_1_or_both_2_and_3_with_dataset_expressions', 'consume_1_or_2_with_dataset_expressions' retrieved from /usr/local/python/3.12.1/lib/python3.12/site-packages/airflow/example_dags/example_datasets.py
[2025-03-18T11:10:53.928+0000] {logging_mixin.py:190} INFO - [2025-03-18T11:10:53.928+0000] {dag.py:3239} INFO - Sync 10 DAGs
[2025-03-18T11:10:53.946+0000] {logging_mixin.py:190} INFO - [2025-03-18T11:10:53.946+0000] {dag.py:4180} INFO - Setting next_dagrun for conditional_dataset_and_time_based_timetable to 2025-03-12 01:00:00+00:00, run_after=2025-03-12 01:00:00+00:00
[2025-03-18T11:10:53.948+0000] {logging_mixin.py:190} INFO - [2025-03-18T11:10:53.948+0000] {dag.py:4180} INFO - Setting next_dagrun for consume_1_and_2_with_dataset_expressions to None, run_after=None
[2025-03-18T11:10:53.949+0000] {logging_mixin.py:190} INFO - [2025-03-18T11:10:53.949+0000] {dag.py:4180} INFO - Setting next_dagrun for consume_1_or_2_with_dataset_expressions to None, run_after=None
[2025-03-18T11:10:53.950+0000] {logging_mixin.py:190} INFO - [2025-03-18T11:10:53.950+0000] {dag.py:4180} INFO - Setting next_dagrun for consume_1_or_both_2_and_3_with_dataset_expressions to None, run_after=None
[2025-03-18T11:10:53.951+0000] {logging_mixin.py:190} INFO - [2025-03-18T11:10:53.950+0000] {dag.py:4180} INFO - Setting next_dagrun for dataset_consumes_1 to None, run_after=None
[2025-03-18T11:10:53.951+0000] {logging_mixin.py:190} INFO - [2025-03-18T11:10:53.951+0000] {dag.py:4180} INFO - Setting next_dagrun for dataset_consumes_1_and_2 to None, run_after=None
[2025-03-18T11:10:53.952+0000] {logging_mixin.py:190} INFO - [2025-03-18T11:10:53.952+0000] {dag.py:4180} INFO - Setting next_dagrun for dataset_consumes_1_never_scheduled to None, run_after=None
[2025-03-18T11:10:53.953+0000] {logging_mixin.py:190} INFO - [2025-03-18T11:10:53.952+0000] {dag.py:4180} INFO - Setting next_dagrun for dataset_consumes_unknown_never_scheduled to None, run_after=None
[2025-03-18T11:10:53.954+0000] {logging_mixin.py:190} INFO - [2025-03-18T11:10:53.954+0000] {dag.py:4180} INFO - Setting next_dagrun for dataset_produces_1 to 2025-03-17 00:00:00+00:00, run_after=2025-03-18 00:00:00+00:00
[2025-03-18T11:10:53.955+0000] {logging_mixin.py:190} INFO - [2025-03-18T11:10:53.955+0000] {dag.py:4180} INFO - Setting next_dagrun for dataset_produces_2 to None, run_after=None
[2025-03-18T11:10:53.976+0000] {processor.py:208} INFO - Processing /usr/local/python/3.12.1/lib/python3.12/site-packages/airflow/example_dags/example_datasets.py took 0.089 seconds
[2025-03-18T11:12:02.659+0000] {processor.py:186} INFO - Started process (PID=63138) to work on /usr/local/python/3.12.1/lib/python3.12/site-packages/airflow/example_dags/example_datasets.py
[2025-03-18T11:12:02.660+0000] {processor.py:914} INFO - Processing file /usr/local/python/3.12.1/lib/python3.12/site-packages/airflow/example_dags/example_datasets.py for tasks to queue
[2025-03-18T11:12:02.661+0000] {logging_mixin.py:190} INFO - [2025-03-18T11:12:02.661+0000] {dagbag.py:588} INFO - Filling up the DagBag from /usr/local/python/3.12.1/lib/python3.12/site-packages/airflow/example_dags/example_datasets.py
[2025-03-18T11:12:02.673+0000] {processor.py:925} INFO - DAG(s) 'consume_1_or_2_with_dataset_expressions', 'dataset_consumes_1', 'conditional_dataset_and_time_based_timetable', 'consume_1_or_both_2_and_3_with_dataset_expressions', 'dataset_consumes_1_never_scheduled', 'dataset_consumes_unknown_never_scheduled', 'dataset_produces_1', 'consume_1_and_2_with_dataset_expressions', 'dataset_consumes_1_and_2', 'dataset_produces_2' retrieved from /usr/local/python/3.12.1/lib/python3.12/site-packages/airflow/example_dags/example_datasets.py
[2025-03-18T11:12:02.697+0000] {logging_mixin.py:190} INFO - [2025-03-18T11:12:02.697+0000] {dag.py:3239} INFO - Sync 10 DAGs
[2025-03-18T11:12:02.715+0000] {logging_mixin.py:190} INFO - [2025-03-18T11:12:02.715+0000] {dag.py:4180} INFO - Setting next_dagrun for conditional_dataset_and_time_based_timetable to 2025-03-12 01:00:00+00:00, run_after=2025-03-12 01:00:00+00:00
[2025-03-18T11:12:02.717+0000] {logging_mixin.py:190} INFO - [2025-03-18T11:12:02.717+0000] {dag.py:4180} INFO - Setting next_dagrun for consume_1_and_2_with_dataset_expressions to None, run_after=None
[2025-03-18T11:12:02.718+0000] {logging_mixin.py:190} INFO - [2025-03-18T11:12:02.718+0000] {dag.py:4180} INFO - Setting next_dagrun for consume_1_or_2_with_dataset_expressions to None, run_after=None
[2025-03-18T11:12:02.719+0000] {logging_mixin.py:190} INFO - [2025-03-18T11:12:02.719+0000] {dag.py:4180} INFO - Setting next_dagrun for consume_1_or_both_2_and_3_with_dataset_expressions to None, run_after=None
[2025-03-18T11:12:02.719+0000] {logging_mixin.py:190} INFO - [2025-03-18T11:12:02.719+0000] {dag.py:4180} INFO - Setting next_dagrun for dataset_consumes_1 to None, run_after=None
[2025-03-18T11:12:02.720+0000] {logging_mixin.py:190} INFO - [2025-03-18T11:12:02.720+0000] {dag.py:4180} INFO - Setting next_dagrun for dataset_consumes_1_and_2 to None, run_after=None
[2025-03-18T11:12:02.721+0000] {logging_mixin.py:190} INFO - [2025-03-18T11:12:02.721+0000] {dag.py:4180} INFO - Setting next_dagrun for dataset_consumes_1_never_scheduled to None, run_after=None
[2025-03-18T11:12:02.721+0000] {logging_mixin.py:190} INFO - [2025-03-18T11:12:02.721+0000] {dag.py:4180} INFO - Setting next_dagrun for dataset_consumes_unknown_never_scheduled to None, run_after=None
[2025-03-18T11:12:02.723+0000] {logging_mixin.py:190} INFO - [2025-03-18T11:12:02.723+0000] {dag.py:4180} INFO - Setting next_dagrun for dataset_produces_1 to 2025-03-17 00:00:00+00:00, run_after=2025-03-18 00:00:00+00:00
[2025-03-18T11:12:02.724+0000] {logging_mixin.py:190} INFO - [2025-03-18T11:12:02.724+0000] {dag.py:4180} INFO - Setting next_dagrun for dataset_produces_2 to None, run_after=None
[2025-03-18T11:12:02.744+0000] {processor.py:208} INFO - Processing /usr/local/python/3.12.1/lib/python3.12/site-packages/airflow/example_dags/example_datasets.py took 0.091 seconds
