[2025-03-18T10:52:13.223+0000] {processor.py:186} INFO - Started process (PID=49632) to work on /usr/local/python/3.12.1/lib/python3.12/site-packages/airflow/example_dags/example_dag_decorator.py
[2025-03-18T10:52:13.224+0000] {processor.py:914} INFO - Processing file /usr/local/python/3.12.1/lib/python3.12/site-packages/airflow/example_dags/example_dag_decorator.py for tasks to queue
[2025-03-18T10:52:13.225+0000] {logging_mixin.py:190} INFO - [2025-03-18T10:52:13.225+0000] {dagbag.py:588} INFO - Filling up the DagBag from /usr/local/python/3.12.1/lib/python3.12/site-packages/airflow/example_dags/example_dag_decorator.py
[2025-03-18T10:52:13.265+0000] {processor.py:925} INFO - DAG(s) 'example_dag_decorator' retrieved from /usr/local/python/3.12.1/lib/python3.12/site-packages/airflow/example_dags/example_dag_decorator.py
[2025-03-18T10:52:13.354+0000] {logging_mixin.py:190} INFO - [2025-03-18T10:52:13.353+0000] {override.py:1930} INFO - Created Permission View: can read on DAG:example_dag_decorator
[2025-03-18T10:52:13.362+0000] {logging_mixin.py:190} INFO - [2025-03-18T10:52:13.362+0000] {override.py:1930} INFO - Created Permission View: can edit on DAG:example_dag_decorator
[2025-03-18T10:52:13.368+0000] {logging_mixin.py:190} INFO - [2025-03-18T10:52:13.368+0000] {override.py:1930} INFO - Created Permission View: can delete on DAG:example_dag_decorator
[2025-03-18T10:52:13.377+0000] {logging_mixin.py:190} INFO - [2025-03-18T10:52:13.377+0000] {override.py:1930} INFO - Created Permission View: can read on DAG Run:example_dag_decorator
[2025-03-18T10:52:13.383+0000] {logging_mixin.py:190} INFO - [2025-03-18T10:52:13.382+0000] {override.py:1930} INFO - Created Permission View: can create on DAG Run:example_dag_decorator
[2025-03-18T10:52:13.388+0000] {logging_mixin.py:190} INFO - [2025-03-18T10:52:13.388+0000] {override.py:1930} INFO - Created Permission View: menu access on DAG Run:example_dag_decorator
[2025-03-18T10:52:13.394+0000] {logging_mixin.py:190} INFO - [2025-03-18T10:52:13.394+0000] {override.py:1930} INFO - Created Permission View: can delete on DAG Run:example_dag_decorator
[2025-03-18T10:52:13.394+0000] {logging_mixin.py:190} INFO - [2025-03-18T10:52:13.394+0000] {dag.py:3239} INFO - Sync 1 DAGs
[2025-03-18T10:52:13.402+0000] {logging_mixin.py:190} INFO - [2025-03-18T10:52:13.402+0000] {dag.py:3262} INFO - Creating ORM DAG for example_dag_decorator
[2025-03-18T10:52:13.403+0000] {logging_mixin.py:190} INFO - [2025-03-18T10:52:13.403+0000] {dag.py:4180} INFO - Setting next_dagrun for example_dag_decorator to None, run_after=None
[2025-03-18T10:52:13.416+0000] {processor.py:208} INFO - Processing /usr/local/python/3.12.1/lib/python3.12/site-packages/airflow/example_dags/example_dag_decorator.py took 0.197 seconds
[2025-03-18T10:53:49.960+0000] {processor.py:186} INFO - Started process (PID=50924) to work on /usr/local/python/3.12.1/lib/python3.12/site-packages/airflow/example_dags/example_dag_decorator.py
[2025-03-18T10:53:49.960+0000] {processor.py:914} INFO - Processing file /usr/local/python/3.12.1/lib/python3.12/site-packages/airflow/example_dags/example_dag_decorator.py for tasks to queue
[2025-03-18T10:53:49.962+0000] {logging_mixin.py:190} INFO - [2025-03-18T10:53:49.961+0000] {dagbag.py:588} INFO - Filling up the DagBag from /usr/local/python/3.12.1/lib/python3.12/site-packages/airflow/example_dags/example_dag_decorator.py
[2025-03-18T10:53:49.992+0000] {processor.py:925} INFO - DAG(s) 'example_dag_decorator' retrieved from /usr/local/python/3.12.1/lib/python3.12/site-packages/airflow/example_dags/example_dag_decorator.py
[2025-03-18T10:53:50.072+0000] {logging_mixin.py:190} INFO - [2025-03-18T10:53:50.072+0000] {dag.py:3239} INFO - Sync 1 DAGs
[2025-03-18T10:53:50.080+0000] {logging_mixin.py:190} INFO - [2025-03-18T10:53:50.080+0000] {dag.py:4180} INFO - Setting next_dagrun for example_dag_decorator to None, run_after=None
[2025-03-18T10:53:50.098+0000] {processor.py:208} INFO - Processing /usr/local/python/3.12.1/lib/python3.12/site-packages/airflow/example_dags/example_dag_decorator.py took 0.142 seconds
[2025-03-18T10:54:45.365+0000] {processor.py:186} INFO - Started process (PID=51389) to work on /usr/local/python/3.12.1/lib/python3.12/site-packages/airflow/example_dags/example_dag_decorator.py
[2025-03-18T10:54:45.366+0000] {processor.py:914} INFO - Processing file /usr/local/python/3.12.1/lib/python3.12/site-packages/airflow/example_dags/example_dag_decorator.py for tasks to queue
[2025-03-18T10:54:45.368+0000] {logging_mixin.py:190} INFO - [2025-03-18T10:54:45.367+0000] {dagbag.py:588} INFO - Filling up the DagBag from /usr/local/python/3.12.1/lib/python3.12/site-packages/airflow/example_dags/example_dag_decorator.py
[2025-03-18T10:54:45.403+0000] {processor.py:925} INFO - DAG(s) 'example_dag_decorator' retrieved from /usr/local/python/3.12.1/lib/python3.12/site-packages/airflow/example_dags/example_dag_decorator.py
[2025-03-18T10:54:45.500+0000] {logging_mixin.py:190} INFO - [2025-03-18T10:54:45.500+0000] {dag.py:3239} INFO - Sync 1 DAGs
[2025-03-18T10:54:45.511+0000] {logging_mixin.py:190} INFO - [2025-03-18T10:54:45.511+0000] {dag.py:4180} INFO - Setting next_dagrun for example_dag_decorator to None, run_after=None
[2025-03-18T10:54:45.525+0000] {processor.py:208} INFO - Processing /usr/local/python/3.12.1/lib/python3.12/site-packages/airflow/example_dags/example_dag_decorator.py took 0.165 seconds
[2025-03-18T10:55:59.512+0000] {processor.py:186} INFO - Started process (PID=52258) to work on /usr/local/python/3.12.1/lib/python3.12/site-packages/airflow/example_dags/example_dag_decorator.py
[2025-03-18T10:55:59.513+0000] {processor.py:914} INFO - Processing file /usr/local/python/3.12.1/lib/python3.12/site-packages/airflow/example_dags/example_dag_decorator.py for tasks to queue
[2025-03-18T10:55:59.514+0000] {logging_mixin.py:190} INFO - [2025-03-18T10:55:59.514+0000] {dagbag.py:588} INFO - Filling up the DagBag from /usr/local/python/3.12.1/lib/python3.12/site-packages/airflow/example_dags/example_dag_decorator.py
[2025-03-18T10:55:59.545+0000] {processor.py:925} INFO - DAG(s) 'example_dag_decorator' retrieved from /usr/local/python/3.12.1/lib/python3.12/site-packages/airflow/example_dags/example_dag_decorator.py
[2025-03-18T10:55:59.625+0000] {logging_mixin.py:190} INFO - [2025-03-18T10:55:59.624+0000] {dag.py:3239} INFO - Sync 1 DAGs
[2025-03-18T10:55:59.633+0000] {logging_mixin.py:190} INFO - [2025-03-18T10:55:59.633+0000] {dag.py:4180} INFO - Setting next_dagrun for example_dag_decorator to None, run_after=None
[2025-03-18T10:55:59.647+0000] {processor.py:208} INFO - Processing /usr/local/python/3.12.1/lib/python3.12/site-packages/airflow/example_dags/example_dag_decorator.py took 0.139 seconds
[2025-03-18T10:57:11.967+0000] {processor.py:186} INFO - Started process (PID=53068) to work on /usr/local/python/3.12.1/lib/python3.12/site-packages/airflow/example_dags/example_dag_decorator.py
[2025-03-18T10:57:11.967+0000] {processor.py:914} INFO - Processing file /usr/local/python/3.12.1/lib/python3.12/site-packages/airflow/example_dags/example_dag_decorator.py for tasks to queue
[2025-03-18T10:57:11.969+0000] {logging_mixin.py:190} INFO - [2025-03-18T10:57:11.968+0000] {dagbag.py:588} INFO - Filling up the DagBag from /usr/local/python/3.12.1/lib/python3.12/site-packages/airflow/example_dags/example_dag_decorator.py
[2025-03-18T10:57:11.998+0000] {processor.py:925} INFO - DAG(s) 'example_dag_decorator' retrieved from /usr/local/python/3.12.1/lib/python3.12/site-packages/airflow/example_dags/example_dag_decorator.py
[2025-03-18T10:57:12.080+0000] {logging_mixin.py:190} INFO - [2025-03-18T10:57:12.080+0000] {dag.py:3239} INFO - Sync 1 DAGs
[2025-03-18T10:57:12.089+0000] {logging_mixin.py:190} INFO - [2025-03-18T10:57:12.088+0000] {dag.py:4180} INFO - Setting next_dagrun for example_dag_decorator to None, run_after=None
[2025-03-18T10:57:12.103+0000] {processor.py:208} INFO - Processing /usr/local/python/3.12.1/lib/python3.12/site-packages/airflow/example_dags/example_dag_decorator.py took 0.141 seconds
[2025-03-18T10:58:26.204+0000] {processor.py:186} INFO - Started process (PID=53855) to work on /usr/local/python/3.12.1/lib/python3.12/site-packages/airflow/example_dags/example_dag_decorator.py
[2025-03-18T10:58:26.205+0000] {processor.py:914} INFO - Processing file /usr/local/python/3.12.1/lib/python3.12/site-packages/airflow/example_dags/example_dag_decorator.py for tasks to queue
[2025-03-18T10:58:26.206+0000] {logging_mixin.py:190} INFO - [2025-03-18T10:58:26.206+0000] {dagbag.py:588} INFO - Filling up the DagBag from /usr/local/python/3.12.1/lib/python3.12/site-packages/airflow/example_dags/example_dag_decorator.py
[2025-03-18T10:58:26.240+0000] {processor.py:925} INFO - DAG(s) 'example_dag_decorator' retrieved from /usr/local/python/3.12.1/lib/python3.12/site-packages/airflow/example_dags/example_dag_decorator.py
[2025-03-18T10:58:26.327+0000] {logging_mixin.py:190} INFO - [2025-03-18T10:58:26.327+0000] {dag.py:3239} INFO - Sync 1 DAGs
[2025-03-18T10:58:26.336+0000] {logging_mixin.py:190} INFO - [2025-03-18T10:58:26.336+0000] {dag.py:4180} INFO - Setting next_dagrun for example_dag_decorator to None, run_after=None
[2025-03-18T10:58:26.350+0000] {processor.py:208} INFO - Processing /usr/local/python/3.12.1/lib/python3.12/site-packages/airflow/example_dags/example_dag_decorator.py took 0.152 seconds
[2025-03-18T10:59:37.026+0000] {processor.py:186} INFO - Started process (PID=54746) to work on /usr/local/python/3.12.1/lib/python3.12/site-packages/airflow/example_dags/example_dag_decorator.py
[2025-03-18T10:59:37.027+0000] {processor.py:914} INFO - Processing file /usr/local/python/3.12.1/lib/python3.12/site-packages/airflow/example_dags/example_dag_decorator.py for tasks to queue
[2025-03-18T10:59:37.028+0000] {logging_mixin.py:190} INFO - [2025-03-18T10:59:37.028+0000] {dagbag.py:588} INFO - Filling up the DagBag from /usr/local/python/3.12.1/lib/python3.12/site-packages/airflow/example_dags/example_dag_decorator.py
[2025-03-18T10:59:37.058+0000] {processor.py:925} INFO - DAG(s) 'example_dag_decorator' retrieved from /usr/local/python/3.12.1/lib/python3.12/site-packages/airflow/example_dags/example_dag_decorator.py
[2025-03-18T10:59:37.140+0000] {logging_mixin.py:190} INFO - [2025-03-18T10:59:37.140+0000] {dag.py:3239} INFO - Sync 1 DAGs
[2025-03-18T10:59:37.148+0000] {logging_mixin.py:190} INFO - [2025-03-18T10:59:37.148+0000] {dag.py:4180} INFO - Setting next_dagrun for example_dag_decorator to None, run_after=None
[2025-03-18T10:59:37.162+0000] {processor.py:208} INFO - Processing /usr/local/python/3.12.1/lib/python3.12/site-packages/airflow/example_dags/example_dag_decorator.py took 0.140 seconds
[2025-03-18T11:00:52.584+0000] {processor.py:186} INFO - Started process (PID=56306) to work on /usr/local/python/3.12.1/lib/python3.12/site-packages/airflow/example_dags/example_dag_decorator.py
[2025-03-18T11:00:52.585+0000] {processor.py:914} INFO - Processing file /usr/local/python/3.12.1/lib/python3.12/site-packages/airflow/example_dags/example_dag_decorator.py for tasks to queue
[2025-03-18T11:00:52.586+0000] {logging_mixin.py:190} INFO - [2025-03-18T11:00:52.586+0000] {dagbag.py:588} INFO - Filling up the DagBag from /usr/local/python/3.12.1/lib/python3.12/site-packages/airflow/example_dags/example_dag_decorator.py
[2025-03-18T11:00:52.618+0000] {processor.py:925} INFO - DAG(s) 'example_dag_decorator' retrieved from /usr/local/python/3.12.1/lib/python3.12/site-packages/airflow/example_dags/example_dag_decorator.py
[2025-03-18T11:00:52.711+0000] {logging_mixin.py:190} INFO - [2025-03-18T11:00:52.710+0000] {dag.py:3239} INFO - Sync 1 DAGs
[2025-03-18T11:00:52.720+0000] {logging_mixin.py:190} INFO - [2025-03-18T11:00:52.720+0000] {dag.py:4180} INFO - Setting next_dagrun for example_dag_decorator to None, run_after=None
[2025-03-18T11:00:52.736+0000] {processor.py:208} INFO - Processing /usr/local/python/3.12.1/lib/python3.12/site-packages/airflow/example_dags/example_dag_decorator.py took 0.156 seconds
[2025-03-18T11:02:09.265+0000] {processor.py:186} INFO - Started process (PID=58065) to work on /usr/local/python/3.12.1/lib/python3.12/site-packages/airflow/example_dags/example_dag_decorator.py
[2025-03-18T11:02:09.266+0000] {processor.py:914} INFO - Processing file /usr/local/python/3.12.1/lib/python3.12/site-packages/airflow/example_dags/example_dag_decorator.py for tasks to queue
[2025-03-18T11:02:09.267+0000] {logging_mixin.py:190} INFO - [2025-03-18T11:02:09.267+0000] {dagbag.py:588} INFO - Filling up the DagBag from /usr/local/python/3.12.1/lib/python3.12/site-packages/airflow/example_dags/example_dag_decorator.py
[2025-03-18T11:02:09.299+0000] {processor.py:925} INFO - DAG(s) 'example_dag_decorator' retrieved from /usr/local/python/3.12.1/lib/python3.12/site-packages/airflow/example_dags/example_dag_decorator.py
[2025-03-18T11:02:09.379+0000] {logging_mixin.py:190} INFO - [2025-03-18T11:02:09.379+0000] {dag.py:3239} INFO - Sync 1 DAGs
[2025-03-18T11:02:09.388+0000] {logging_mixin.py:190} INFO - [2025-03-18T11:02:09.388+0000] {dag.py:4180} INFO - Setting next_dagrun for example_dag_decorator to None, run_after=None
[2025-03-18T11:02:09.402+0000] {processor.py:208} INFO - Processing /usr/local/python/3.12.1/lib/python3.12/site-packages/airflow/example_dags/example_dag_decorator.py took 0.141 seconds
[2025-03-18T11:03:20.534+0000] {processor.py:186} INFO - Started process (PID=58652) to work on /usr/local/python/3.12.1/lib/python3.12/site-packages/airflow/example_dags/example_dag_decorator.py
[2025-03-18T11:03:20.535+0000] {processor.py:914} INFO - Processing file /usr/local/python/3.12.1/lib/python3.12/site-packages/airflow/example_dags/example_dag_decorator.py for tasks to queue
[2025-03-18T11:03:20.536+0000] {logging_mixin.py:190} INFO - [2025-03-18T11:03:20.536+0000] {dagbag.py:588} INFO - Filling up the DagBag from /usr/local/python/3.12.1/lib/python3.12/site-packages/airflow/example_dags/example_dag_decorator.py
[2025-03-18T11:03:20.567+0000] {processor.py:925} INFO - DAG(s) 'example_dag_decorator' retrieved from /usr/local/python/3.12.1/lib/python3.12/site-packages/airflow/example_dags/example_dag_decorator.py
[2025-03-18T11:03:20.648+0000] {logging_mixin.py:190} INFO - [2025-03-18T11:03:20.648+0000] {dag.py:3239} INFO - Sync 1 DAGs
[2025-03-18T11:03:20.656+0000] {logging_mixin.py:190} INFO - [2025-03-18T11:03:20.656+0000] {dag.py:4180} INFO - Setting next_dagrun for example_dag_decorator to None, run_after=None
[2025-03-18T11:03:20.670+0000] {processor.py:208} INFO - Processing /usr/local/python/3.12.1/lib/python3.12/site-packages/airflow/example_dags/example_dag_decorator.py took 0.140 seconds
[2025-03-18T11:04:33.410+0000] {processor.py:186} INFO - Started process (PID=59223) to work on /usr/local/python/3.12.1/lib/python3.12/site-packages/airflow/example_dags/example_dag_decorator.py
[2025-03-18T11:04:33.411+0000] {processor.py:914} INFO - Processing file /usr/local/python/3.12.1/lib/python3.12/site-packages/airflow/example_dags/example_dag_decorator.py for tasks to queue
[2025-03-18T11:04:33.412+0000] {logging_mixin.py:190} INFO - [2025-03-18T11:04:33.412+0000] {dagbag.py:588} INFO - Filling up the DagBag from /usr/local/python/3.12.1/lib/python3.12/site-packages/airflow/example_dags/example_dag_decorator.py
[2025-03-18T11:04:33.443+0000] {processor.py:925} INFO - DAG(s) 'example_dag_decorator' retrieved from /usr/local/python/3.12.1/lib/python3.12/site-packages/airflow/example_dags/example_dag_decorator.py
[2025-03-18T11:04:33.523+0000] {logging_mixin.py:190} INFO - [2025-03-18T11:04:33.523+0000] {dag.py:3239} INFO - Sync 1 DAGs
[2025-03-18T11:04:33.531+0000] {logging_mixin.py:190} INFO - [2025-03-18T11:04:33.531+0000] {dag.py:4180} INFO - Setting next_dagrun for example_dag_decorator to None, run_after=None
[2025-03-18T11:04:33.548+0000] {processor.py:208} INFO - Processing /usr/local/python/3.12.1/lib/python3.12/site-packages/airflow/example_dags/example_dag_decorator.py took 0.141 seconds
[2025-03-18T11:05:47.113+0000] {processor.py:186} INFO - Started process (PID=59822) to work on /usr/local/python/3.12.1/lib/python3.12/site-packages/airflow/example_dags/example_dag_decorator.py
[2025-03-18T11:05:47.114+0000] {processor.py:914} INFO - Processing file /usr/local/python/3.12.1/lib/python3.12/site-packages/airflow/example_dags/example_dag_decorator.py for tasks to queue
[2025-03-18T11:05:47.115+0000] {logging_mixin.py:190} INFO - [2025-03-18T11:05:47.115+0000] {dagbag.py:588} INFO - Filling up the DagBag from /usr/local/python/3.12.1/lib/python3.12/site-packages/airflow/example_dags/example_dag_decorator.py
[2025-03-18T11:05:47.146+0000] {processor.py:925} INFO - DAG(s) 'example_dag_decorator' retrieved from /usr/local/python/3.12.1/lib/python3.12/site-packages/airflow/example_dags/example_dag_decorator.py
[2025-03-18T11:05:47.231+0000] {logging_mixin.py:190} INFO - [2025-03-18T11:05:47.231+0000] {dag.py:3239} INFO - Sync 1 DAGs
[2025-03-18T11:05:47.239+0000] {logging_mixin.py:190} INFO - [2025-03-18T11:05:47.239+0000] {dag.py:4180} INFO - Setting next_dagrun for example_dag_decorator to None, run_after=None
[2025-03-18T11:05:47.253+0000] {processor.py:208} INFO - Processing /usr/local/python/3.12.1/lib/python3.12/site-packages/airflow/example_dags/example_dag_decorator.py took 0.144 seconds
[2025-03-18T11:07:01.794+0000] {processor.py:186} INFO - Started process (PID=60403) to work on /usr/local/python/3.12.1/lib/python3.12/site-packages/airflow/example_dags/example_dag_decorator.py
[2025-03-18T11:07:01.795+0000] {processor.py:914} INFO - Processing file /usr/local/python/3.12.1/lib/python3.12/site-packages/airflow/example_dags/example_dag_decorator.py for tasks to queue
[2025-03-18T11:07:01.796+0000] {logging_mixin.py:190} INFO - [2025-03-18T11:07:01.796+0000] {dagbag.py:588} INFO - Filling up the DagBag from /usr/local/python/3.12.1/lib/python3.12/site-packages/airflow/example_dags/example_dag_decorator.py
[2025-03-18T11:07:01.827+0000] {processor.py:925} INFO - DAG(s) 'example_dag_decorator' retrieved from /usr/local/python/3.12.1/lib/python3.12/site-packages/airflow/example_dags/example_dag_decorator.py
[2025-03-18T11:07:01.924+0000] {logging_mixin.py:190} INFO - [2025-03-18T11:07:01.924+0000] {dag.py:3239} INFO - Sync 1 DAGs
[2025-03-18T11:07:01.933+0000] {logging_mixin.py:190} INFO - [2025-03-18T11:07:01.932+0000] {dag.py:4180} INFO - Setting next_dagrun for example_dag_decorator to None, run_after=None
[2025-03-18T11:07:01.947+0000] {processor.py:208} INFO - Processing /usr/local/python/3.12.1/lib/python3.12/site-packages/airflow/example_dags/example_dag_decorator.py took 0.157 seconds
[2025-03-18T11:07:56.665+0000] {processor.py:186} INFO - Started process (PID=60829) to work on /usr/local/python/3.12.1/lib/python3.12/site-packages/airflow/example_dags/example_dag_decorator.py
[2025-03-18T11:07:56.666+0000] {processor.py:914} INFO - Processing file /usr/local/python/3.12.1/lib/python3.12/site-packages/airflow/example_dags/example_dag_decorator.py for tasks to queue
[2025-03-18T11:07:56.667+0000] {logging_mixin.py:190} INFO - [2025-03-18T11:07:56.667+0000] {dagbag.py:588} INFO - Filling up the DagBag from /usr/local/python/3.12.1/lib/python3.12/site-packages/airflow/example_dags/example_dag_decorator.py
[2025-03-18T11:07:56.699+0000] {processor.py:925} INFO - DAG(s) 'example_dag_decorator' retrieved from /usr/local/python/3.12.1/lib/python3.12/site-packages/airflow/example_dags/example_dag_decorator.py
[2025-03-18T11:07:56.780+0000] {logging_mixin.py:190} INFO - [2025-03-18T11:07:56.779+0000] {dag.py:3239} INFO - Sync 1 DAGs
[2025-03-18T11:07:56.894+0000] {logging_mixin.py:190} INFO - [2025-03-18T11:07:56.894+0000] {dag.py:4180} INFO - Setting next_dagrun for example_dag_decorator to None, run_after=None
[2025-03-18T11:07:56.909+0000] {processor.py:208} INFO - Processing /usr/local/python/3.12.1/lib/python3.12/site-packages/airflow/example_dags/example_dag_decorator.py took 0.247 seconds
[2025-03-18T11:09:12.428+0000] {processor.py:186} INFO - Started process (PID=61498) to work on /usr/local/python/3.12.1/lib/python3.12/site-packages/airflow/example_dags/example_dag_decorator.py
[2025-03-18T11:09:12.429+0000] {processor.py:914} INFO - Processing file /usr/local/python/3.12.1/lib/python3.12/site-packages/airflow/example_dags/example_dag_decorator.py for tasks to queue
[2025-03-18T11:09:12.430+0000] {logging_mixin.py:190} INFO - [2025-03-18T11:09:12.430+0000] {dagbag.py:588} INFO - Filling up the DagBag from /usr/local/python/3.12.1/lib/python3.12/site-packages/airflow/example_dags/example_dag_decorator.py
[2025-03-18T11:09:12.460+0000] {processor.py:925} INFO - DAG(s) 'example_dag_decorator' retrieved from /usr/local/python/3.12.1/lib/python3.12/site-packages/airflow/example_dags/example_dag_decorator.py
[2025-03-18T11:09:12.543+0000] {logging_mixin.py:190} INFO - [2025-03-18T11:09:12.543+0000] {dag.py:3239} INFO - Sync 1 DAGs
[2025-03-18T11:09:12.677+0000] {logging_mixin.py:190} INFO - [2025-03-18T11:09:12.677+0000] {dag.py:4180} INFO - Setting next_dagrun for example_dag_decorator to None, run_after=None
[2025-03-18T11:09:12.691+0000] {processor.py:208} INFO - Processing /usr/local/python/3.12.1/lib/python3.12/site-packages/airflow/example_dags/example_dag_decorator.py took 0.267 seconds
[2025-03-18T11:10:31.741+0000] {processor.py:186} INFO - Started process (PID=62181) to work on /usr/local/python/3.12.1/lib/python3.12/site-packages/airflow/example_dags/example_dag_decorator.py
[2025-03-18T11:10:31.742+0000] {processor.py:914} INFO - Processing file /usr/local/python/3.12.1/lib/python3.12/site-packages/airflow/example_dags/example_dag_decorator.py for tasks to queue
[2025-03-18T11:10:31.743+0000] {logging_mixin.py:190} INFO - [2025-03-18T11:10:31.743+0000] {dagbag.py:588} INFO - Filling up the DagBag from /usr/local/python/3.12.1/lib/python3.12/site-packages/airflow/example_dags/example_dag_decorator.py
[2025-03-18T11:10:31.775+0000] {processor.py:925} INFO - DAG(s) 'example_dag_decorator' retrieved from /usr/local/python/3.12.1/lib/python3.12/site-packages/airflow/example_dags/example_dag_decorator.py
[2025-03-18T11:10:31.967+0000] {logging_mixin.py:190} INFO - [2025-03-18T11:10:31.967+0000] {dag.py:3239} INFO - Sync 1 DAGs
[2025-03-18T11:10:31.976+0000] {logging_mixin.py:190} INFO - [2025-03-18T11:10:31.975+0000] {dag.py:4180} INFO - Setting next_dagrun for example_dag_decorator to None, run_after=None
[2025-03-18T11:10:31.990+0000] {processor.py:208} INFO - Processing /usr/local/python/3.12.1/lib/python3.12/site-packages/airflow/example_dags/example_dag_decorator.py took 0.253 seconds
[2025-03-18T11:11:42.317+0000] {processor.py:186} INFO - Started process (PID=62850) to work on /usr/local/python/3.12.1/lib/python3.12/site-packages/airflow/example_dags/example_dag_decorator.py
[2025-03-18T11:11:42.317+0000] {processor.py:914} INFO - Processing file /usr/local/python/3.12.1/lib/python3.12/site-packages/airflow/example_dags/example_dag_decorator.py for tasks to queue
[2025-03-18T11:11:42.319+0000] {logging_mixin.py:190} INFO - [2025-03-18T11:11:42.319+0000] {dagbag.py:588} INFO - Filling up the DagBag from /usr/local/python/3.12.1/lib/python3.12/site-packages/airflow/example_dags/example_dag_decorator.py
[2025-03-18T11:11:42.349+0000] {processor.py:925} INFO - DAG(s) 'example_dag_decorator' retrieved from /usr/local/python/3.12.1/lib/python3.12/site-packages/airflow/example_dags/example_dag_decorator.py
[2025-03-18T11:11:42.430+0000] {logging_mixin.py:190} INFO - [2025-03-18T11:11:42.429+0000] {dag.py:3239} INFO - Sync 1 DAGs
[2025-03-18T11:11:42.561+0000] {logging_mixin.py:190} INFO - [2025-03-18T11:11:42.560+0000] {dag.py:4180} INFO - Setting next_dagrun for example_dag_decorator to None, run_after=None
[2025-03-18T11:11:42.575+0000] {processor.py:208} INFO - Processing /usr/local/python/3.12.1/lib/python3.12/site-packages/airflow/example_dags/example_dag_decorator.py took 0.262 seconds
