[2025-03-18T10:51:38.385+0000] {processor.py:186} INFO - Started process (PID=49326) to work on /usr/local/python/3.12.1/lib/python3.12/site-packages/airflow/example_dags/example_task_group.py
[2025-03-18T10:51:38.386+0000] {processor.py:914} INFO - Processing file /usr/local/python/3.12.1/lib/python3.12/site-packages/airflow/example_dags/example_task_group.py for tasks to queue
[2025-03-18T10:51:38.387+0000] {logging_mixin.py:190} INFO - [2025-03-18T10:51:38.387+0000] {dagbag.py:588} INFO - Filling up the DagBag from /usr/local/python/3.12.1/lib/python3.12/site-packages/airflow/example_dags/example_task_group.py
[2025-03-18T10:51:38.394+0000] {processor.py:925} INFO - DAG(s) 'example_task_group' retrieved from /usr/local/python/3.12.1/lib/python3.12/site-packages/airflow/example_dags/example_task_group.py
[2025-03-18T10:51:38.477+0000] {logging_mixin.py:190} INFO - [2025-03-18T10:51:38.476+0000] {override.py:1930} INFO - Created Permission View: can read on DAG:example_task_group
[2025-03-18T10:51:38.484+0000] {logging_mixin.py:190} INFO - [2025-03-18T10:51:38.484+0000] {override.py:1930} INFO - Created Permission View: can edit on DAG:example_task_group
[2025-03-18T10:51:38.490+0000] {logging_mixin.py:190} INFO - [2025-03-18T10:51:38.489+0000] {override.py:1930} INFO - Created Permission View: can delete on DAG:example_task_group
[2025-03-18T10:51:38.497+0000] {logging_mixin.py:190} INFO - [2025-03-18T10:51:38.497+0000] {override.py:1930} INFO - Created Permission View: can read on DAG Run:example_task_group
[2025-03-18T10:51:38.503+0000] {logging_mixin.py:190} INFO - [2025-03-18T10:51:38.503+0000] {override.py:1930} INFO - Created Permission View: can create on DAG Run:example_task_group
[2025-03-18T10:51:38.509+0000] {logging_mixin.py:190} INFO - [2025-03-18T10:51:38.508+0000] {override.py:1930} INFO - Created Permission View: menu access on DAG Run:example_task_group
[2025-03-18T10:51:38.514+0000] {logging_mixin.py:190} INFO - [2025-03-18T10:51:38.514+0000] {override.py:1930} INFO - Created Permission View: can delete on DAG Run:example_task_group
[2025-03-18T10:51:38.514+0000] {logging_mixin.py:190} INFO - [2025-03-18T10:51:38.514+0000] {dag.py:3239} INFO - Sync 1 DAGs
[2025-03-18T10:51:38.524+0000] {logging_mixin.py:190} INFO - [2025-03-18T10:51:38.524+0000] {dag.py:3262} INFO - Creating ORM DAG for example_task_group
[2025-03-18T10:51:38.525+0000] {logging_mixin.py:190} INFO - [2025-03-18T10:51:38.524+0000] {dag.py:4180} INFO - Setting next_dagrun for example_task_group to None, run_after=None
[2025-03-18T10:51:38.538+0000] {processor.py:208} INFO - Processing /usr/local/python/3.12.1/lib/python3.12/site-packages/airflow/example_dags/example_task_group.py took 0.157 seconds
[2025-03-18T10:52:39.105+0000] {processor.py:186} INFO - Started process (PID=50024) to work on /usr/local/python/3.12.1/lib/python3.12/site-packages/airflow/example_dags/example_task_group.py
[2025-03-18T10:52:39.111+0000] {processor.py:914} INFO - Processing file /usr/local/python/3.12.1/lib/python3.12/site-packages/airflow/example_dags/example_task_group.py for tasks to queue
[2025-03-18T10:52:39.113+0000] {logging_mixin.py:190} INFO - [2025-03-18T10:52:39.112+0000] {dagbag.py:588} INFO - Filling up the DagBag from /usr/local/python/3.12.1/lib/python3.12/site-packages/airflow/example_dags/example_task_group.py
[2025-03-18T10:52:39.134+0000] {processor.py:925} INFO - DAG(s) 'example_task_group' retrieved from /usr/local/python/3.12.1/lib/python3.12/site-packages/airflow/example_dags/example_task_group.py
[2025-03-18T10:52:39.167+0000] {logging_mixin.py:190} INFO - [2025-03-18T10:52:39.166+0000] {dag.py:3239} INFO - Sync 1 DAGs
[2025-03-18T10:52:39.188+0000] {logging_mixin.py:190} INFO - [2025-03-18T10:52:39.188+0000] {dag.py:4180} INFO - Setting next_dagrun for example_task_group to None, run_after=None
[2025-03-18T10:52:39.228+0000] {processor.py:208} INFO - Processing /usr/local/python/3.12.1/lib/python3.12/site-packages/airflow/example_dags/example_task_group.py took 0.128 seconds
[2025-03-18T10:53:19.953+0000] {processor.py:186} INFO - Started process (PID=50500) to work on /usr/local/python/3.12.1/lib/python3.12/site-packages/airflow/example_dags/example_task_group.py
[2025-03-18T10:53:19.954+0000] {processor.py:914} INFO - Processing file /usr/local/python/3.12.1/lib/python3.12/site-packages/airflow/example_dags/example_task_group.py for tasks to queue
[2025-03-18T10:53:19.955+0000] {logging_mixin.py:190} INFO - [2025-03-18T10:53:19.955+0000] {dagbag.py:588} INFO - Filling up the DagBag from /usr/local/python/3.12.1/lib/python3.12/site-packages/airflow/example_dags/example_task_group.py
[2025-03-18T10:53:19.962+0000] {processor.py:925} INFO - DAG(s) 'example_task_group' retrieved from /usr/local/python/3.12.1/lib/python3.12/site-packages/airflow/example_dags/example_task_group.py
[2025-03-18T10:53:19.975+0000] {logging_mixin.py:190} INFO - [2025-03-18T10:53:19.975+0000] {dag.py:3239} INFO - Sync 1 DAGs
[2025-03-18T10:53:19.984+0000] {logging_mixin.py:190} INFO - [2025-03-18T10:53:19.984+0000] {dag.py:4180} INFO - Setting next_dagrun for example_task_group to None, run_after=None
[2025-03-18T10:53:20.000+0000] {processor.py:208} INFO - Processing /usr/local/python/3.12.1/lib/python3.12/site-packages/airflow/example_dags/example_task_group.py took 0.051 seconds
[2025-03-18T10:54:15.659+0000] {processor.py:186} INFO - Started process (PID=51137) to work on /usr/local/python/3.12.1/lib/python3.12/site-packages/airflow/example_dags/example_task_group.py
[2025-03-18T10:54:15.660+0000] {processor.py:914} INFO - Processing file /usr/local/python/3.12.1/lib/python3.12/site-packages/airflow/example_dags/example_task_group.py for tasks to queue
[2025-03-18T10:54:15.661+0000] {logging_mixin.py:190} INFO - [2025-03-18T10:54:15.661+0000] {dagbag.py:588} INFO - Filling up the DagBag from /usr/local/python/3.12.1/lib/python3.12/site-packages/airflow/example_dags/example_task_group.py
[2025-03-18T10:54:15.668+0000] {processor.py:925} INFO - DAG(s) 'example_task_group' retrieved from /usr/local/python/3.12.1/lib/python3.12/site-packages/airflow/example_dags/example_task_group.py
[2025-03-18T10:54:15.679+0000] {logging_mixin.py:190} INFO - [2025-03-18T10:54:15.679+0000] {dag.py:3239} INFO - Sync 1 DAGs
[2025-03-18T10:54:15.688+0000] {logging_mixin.py:190} INFO - [2025-03-18T10:54:15.688+0000] {dag.py:4180} INFO - Setting next_dagrun for example_task_group to None, run_after=None
[2025-03-18T10:54:15.706+0000] {processor.py:208} INFO - Processing /usr/local/python/3.12.1/lib/python3.12/site-packages/airflow/example_dags/example_task_group.py took 0.050 seconds
[2025-03-18T10:55:08.743+0000] {processor.py:186} INFO - Started process (PID=51593) to work on /usr/local/python/3.12.1/lib/python3.12/site-packages/airflow/example_dags/example_task_group.py
[2025-03-18T10:55:08.744+0000] {processor.py:914} INFO - Processing file /usr/local/python/3.12.1/lib/python3.12/site-packages/airflow/example_dags/example_task_group.py for tasks to queue
[2025-03-18T10:55:08.745+0000] {logging_mixin.py:190} INFO - [2025-03-18T10:55:08.745+0000] {dagbag.py:588} INFO - Filling up the DagBag from /usr/local/python/3.12.1/lib/python3.12/site-packages/airflow/example_dags/example_task_group.py
[2025-03-18T10:55:08.752+0000] {processor.py:925} INFO - DAG(s) 'example_task_group' retrieved from /usr/local/python/3.12.1/lib/python3.12/site-packages/airflow/example_dags/example_task_group.py
[2025-03-18T10:55:08.763+0000] {logging_mixin.py:190} INFO - [2025-03-18T10:55:08.763+0000] {dag.py:3239} INFO - Sync 1 DAGs
[2025-03-18T10:55:08.772+0000] {logging_mixin.py:190} INFO - [2025-03-18T10:55:08.772+0000] {dag.py:4180} INFO - Setting next_dagrun for example_task_group to None, run_after=None
[2025-03-18T10:55:08.787+0000] {processor.py:208} INFO - Processing /usr/local/python/3.12.1/lib/python3.12/site-packages/airflow/example_dags/example_task_group.py took 0.048 seconds
[2025-03-18T10:56:02.122+0000] {processor.py:186} INFO - Started process (PID=52290) to work on /usr/local/python/3.12.1/lib/python3.12/site-packages/airflow/example_dags/example_task_group.py
[2025-03-18T10:56:02.123+0000] {processor.py:914} INFO - Processing file /usr/local/python/3.12.1/lib/python3.12/site-packages/airflow/example_dags/example_task_group.py for tasks to queue
[2025-03-18T10:56:02.124+0000] {logging_mixin.py:190} INFO - [2025-03-18T10:56:02.124+0000] {dagbag.py:588} INFO - Filling up the DagBag from /usr/local/python/3.12.1/lib/python3.12/site-packages/airflow/example_dags/example_task_group.py
[2025-03-18T10:56:02.131+0000] {processor.py:925} INFO - DAG(s) 'example_task_group' retrieved from /usr/local/python/3.12.1/lib/python3.12/site-packages/airflow/example_dags/example_task_group.py
[2025-03-18T10:56:02.144+0000] {logging_mixin.py:190} INFO - [2025-03-18T10:56:02.144+0000] {dag.py:3239} INFO - Sync 1 DAGs
[2025-03-18T10:56:02.154+0000] {logging_mixin.py:190} INFO - [2025-03-18T10:56:02.153+0000] {dag.py:4180} INFO - Setting next_dagrun for example_task_group to None, run_after=None
[2025-03-18T10:56:02.167+0000] {processor.py:208} INFO - Processing /usr/local/python/3.12.1/lib/python3.12/site-packages/airflow/example_dags/example_task_group.py took 0.049 seconds
[2025-03-18T10:56:52.794+0000] {processor.py:186} INFO - Started process (PID=52802) to work on /usr/local/python/3.12.1/lib/python3.12/site-packages/airflow/example_dags/example_task_group.py
[2025-03-18T10:56:52.795+0000] {processor.py:914} INFO - Processing file /usr/local/python/3.12.1/lib/python3.12/site-packages/airflow/example_dags/example_task_group.py for tasks to queue
[2025-03-18T10:56:52.797+0000] {logging_mixin.py:190} INFO - [2025-03-18T10:56:52.796+0000] {dagbag.py:588} INFO - Filling up the DagBag from /usr/local/python/3.12.1/lib/python3.12/site-packages/airflow/example_dags/example_task_group.py
[2025-03-18T10:56:52.803+0000] {processor.py:925} INFO - DAG(s) 'example_task_group' retrieved from /usr/local/python/3.12.1/lib/python3.12/site-packages/airflow/example_dags/example_task_group.py
[2025-03-18T10:56:52.815+0000] {logging_mixin.py:190} INFO - [2025-03-18T10:56:52.815+0000] {dag.py:3239} INFO - Sync 1 DAGs
[2025-03-18T10:56:52.825+0000] {logging_mixin.py:190} INFO - [2025-03-18T10:56:52.825+0000] {dag.py:4180} INFO - Setting next_dagrun for example_task_group to None, run_after=None
[2025-03-18T10:56:52.840+0000] {processor.py:208} INFO - Processing /usr/local/python/3.12.1/lib/python3.12/site-packages/airflow/example_dags/example_task_group.py took 0.049 seconds
[2025-03-18T10:57:42.345+0000] {processor.py:186} INFO - Started process (PID=53419) to work on /usr/local/python/3.12.1/lib/python3.12/site-packages/airflow/example_dags/example_task_group.py
[2025-03-18T10:57:42.345+0000] {processor.py:914} INFO - Processing file /usr/local/python/3.12.1/lib/python3.12/site-packages/airflow/example_dags/example_task_group.py for tasks to queue
[2025-03-18T10:57:42.347+0000] {logging_mixin.py:190} INFO - [2025-03-18T10:57:42.346+0000] {dagbag.py:588} INFO - Filling up the DagBag from /usr/local/python/3.12.1/lib/python3.12/site-packages/airflow/example_dags/example_task_group.py
[2025-03-18T10:57:42.353+0000] {processor.py:925} INFO - DAG(s) 'example_task_group' retrieved from /usr/local/python/3.12.1/lib/python3.12/site-packages/airflow/example_dags/example_task_group.py
[2025-03-18T10:57:42.365+0000] {logging_mixin.py:190} INFO - [2025-03-18T10:57:42.365+0000] {dag.py:3239} INFO - Sync 1 DAGs
[2025-03-18T10:57:42.374+0000] {logging_mixin.py:190} INFO - [2025-03-18T10:57:42.374+0000] {dag.py:4180} INFO - Setting next_dagrun for example_task_group to None, run_after=None
[2025-03-18T10:57:42.389+0000] {processor.py:208} INFO - Processing /usr/local/python/3.12.1/lib/python3.12/site-packages/airflow/example_dags/example_task_group.py took 0.048 seconds
[2025-03-18T10:58:31.341+0000] {processor.py:186} INFO - Started process (PID=53901) to work on /usr/local/python/3.12.1/lib/python3.12/site-packages/airflow/example_dags/example_task_group.py
[2025-03-18T10:58:31.342+0000] {processor.py:914} INFO - Processing file /usr/local/python/3.12.1/lib/python3.12/site-packages/airflow/example_dags/example_task_group.py for tasks to queue
[2025-03-18T10:58:31.343+0000] {logging_mixin.py:190} INFO - [2025-03-18T10:58:31.343+0000] {dagbag.py:588} INFO - Filling up the DagBag from /usr/local/python/3.12.1/lib/python3.12/site-packages/airflow/example_dags/example_task_group.py
[2025-03-18T10:58:31.350+0000] {processor.py:925} INFO - DAG(s) 'example_task_group' retrieved from /usr/local/python/3.12.1/lib/python3.12/site-packages/airflow/example_dags/example_task_group.py
[2025-03-18T10:58:31.362+0000] {logging_mixin.py:190} INFO - [2025-03-18T10:58:31.361+0000] {dag.py:3239} INFO - Sync 1 DAGs
[2025-03-18T10:58:31.371+0000] {logging_mixin.py:190} INFO - [2025-03-18T10:58:31.371+0000] {dag.py:4180} INFO - Setting next_dagrun for example_task_group to None, run_after=None
[2025-03-18T10:58:31.386+0000] {processor.py:208} INFO - Processing /usr/local/python/3.12.1/lib/python3.12/site-packages/airflow/example_dags/example_task_group.py took 0.048 seconds
[2025-03-18T10:59:18.350+0000] {processor.py:186} INFO - Started process (PID=54547) to work on /usr/local/python/3.12.1/lib/python3.12/site-packages/airflow/example_dags/example_task_group.py
[2025-03-18T10:59:18.350+0000] {processor.py:914} INFO - Processing file /usr/local/python/3.12.1/lib/python3.12/site-packages/airflow/example_dags/example_task_group.py for tasks to queue
[2025-03-18T10:59:18.352+0000] {logging_mixin.py:190} INFO - [2025-03-18T10:59:18.352+0000] {dagbag.py:588} INFO - Filling up the DagBag from /usr/local/python/3.12.1/lib/python3.12/site-packages/airflow/example_dags/example_task_group.py
[2025-03-18T10:59:18.358+0000] {processor.py:925} INFO - DAG(s) 'example_task_group' retrieved from /usr/local/python/3.12.1/lib/python3.12/site-packages/airflow/example_dags/example_task_group.py
[2025-03-18T10:59:18.370+0000] {logging_mixin.py:190} INFO - [2025-03-18T10:59:18.369+0000] {dag.py:3239} INFO - Sync 1 DAGs
[2025-03-18T10:59:18.379+0000] {logging_mixin.py:190} INFO - [2025-03-18T10:59:18.379+0000] {dag.py:4180} INFO - Setting next_dagrun for example_task_group to None, run_after=None
[2025-03-18T10:59:18.393+0000] {processor.py:208} INFO - Processing /usr/local/python/3.12.1/lib/python3.12/site-packages/airflow/example_dags/example_task_group.py took 0.047 seconds
[2025-03-18T11:00:06.289+0000] {processor.py:186} INFO - Started process (PID=54984) to work on /usr/local/python/3.12.1/lib/python3.12/site-packages/airflow/example_dags/example_task_group.py
[2025-03-18T11:00:06.289+0000] {processor.py:914} INFO - Processing file /usr/local/python/3.12.1/lib/python3.12/site-packages/airflow/example_dags/example_task_group.py for tasks to queue
[2025-03-18T11:00:06.291+0000] {logging_mixin.py:190} INFO - [2025-03-18T11:00:06.290+0000] {dagbag.py:588} INFO - Filling up the DagBag from /usr/local/python/3.12.1/lib/python3.12/site-packages/airflow/example_dags/example_task_group.py
[2025-03-18T11:00:06.297+0000] {processor.py:925} INFO - DAG(s) 'example_task_group' retrieved from /usr/local/python/3.12.1/lib/python3.12/site-packages/airflow/example_dags/example_task_group.py
[2025-03-18T11:00:06.309+0000] {logging_mixin.py:190} INFO - [2025-03-18T11:00:06.309+0000] {dag.py:3239} INFO - Sync 1 DAGs
[2025-03-18T11:00:06.318+0000] {logging_mixin.py:190} INFO - [2025-03-18T11:00:06.318+0000] {dag.py:4180} INFO - Setting next_dagrun for example_task_group to None, run_after=None
[2025-03-18T11:00:06.333+0000] {processor.py:208} INFO - Processing /usr/local/python/3.12.1/lib/python3.12/site-packages/airflow/example_dags/example_task_group.py took 0.048 seconds
[2025-03-18T11:00:57.120+0000] {processor.py:186} INFO - Started process (PID=57453) to work on /usr/local/python/3.12.1/lib/python3.12/site-packages/airflow/example_dags/example_task_group.py
[2025-03-18T11:00:57.125+0000] {processor.py:914} INFO - Processing file /usr/local/python/3.12.1/lib/python3.12/site-packages/airflow/example_dags/example_task_group.py for tasks to queue
[2025-03-18T11:00:57.128+0000] {logging_mixin.py:190} INFO - [2025-03-18T11:00:57.127+0000] {dagbag.py:588} INFO - Filling up the DagBag from /usr/local/python/3.12.1/lib/python3.12/site-packages/airflow/example_dags/example_task_group.py
[2025-03-18T11:00:57.146+0000] {processor.py:925} INFO - DAG(s) 'example_task_group' retrieved from /usr/local/python/3.12.1/lib/python3.12/site-packages/airflow/example_dags/example_task_group.py
[2025-03-18T11:00:57.173+0000] {logging_mixin.py:190} INFO - [2025-03-18T11:00:57.172+0000] {dag.py:3239} INFO - Sync 1 DAGs
[2025-03-18T11:00:57.187+0000] {logging_mixin.py:190} INFO - [2025-03-18T11:00:57.187+0000] {dag.py:4180} INFO - Setting next_dagrun for example_task_group to None, run_after=None
[2025-03-18T11:00:57.207+0000] {processor.py:208} INFO - Processing /usr/local/python/3.12.1/lib/python3.12/site-packages/airflow/example_dags/example_task_group.py took 0.095 seconds
[2025-03-18T11:01:48.993+0000] {processor.py:186} INFO - Started process (PID=57904) to work on /usr/local/python/3.12.1/lib/python3.12/site-packages/airflow/example_dags/example_task_group.py
[2025-03-18T11:01:48.994+0000] {processor.py:914} INFO - Processing file /usr/local/python/3.12.1/lib/python3.12/site-packages/airflow/example_dags/example_task_group.py for tasks to queue
[2025-03-18T11:01:48.995+0000] {logging_mixin.py:190} INFO - [2025-03-18T11:01:48.995+0000] {dagbag.py:588} INFO - Filling up the DagBag from /usr/local/python/3.12.1/lib/python3.12/site-packages/airflow/example_dags/example_task_group.py
[2025-03-18T11:01:49.002+0000] {processor.py:925} INFO - DAG(s) 'example_task_group' retrieved from /usr/local/python/3.12.1/lib/python3.12/site-packages/airflow/example_dags/example_task_group.py
[2025-03-18T11:01:49.014+0000] {logging_mixin.py:190} INFO - [2025-03-18T11:01:49.014+0000] {dag.py:3239} INFO - Sync 1 DAGs
[2025-03-18T11:01:49.024+0000] {logging_mixin.py:190} INFO - [2025-03-18T11:01:49.023+0000] {dag.py:4180} INFO - Setting next_dagrun for example_task_group to None, run_after=None
[2025-03-18T11:01:49.038+0000] {processor.py:208} INFO - Processing /usr/local/python/3.12.1/lib/python3.12/site-packages/airflow/example_dags/example_task_group.py took 0.049 seconds
[2025-03-18T11:02:39.664+0000] {processor.py:186} INFO - Started process (PID=58298) to work on /usr/local/python/3.12.1/lib/python3.12/site-packages/airflow/example_dags/example_task_group.py
[2025-03-18T11:02:39.665+0000] {processor.py:914} INFO - Processing file /usr/local/python/3.12.1/lib/python3.12/site-packages/airflow/example_dags/example_task_group.py for tasks to queue
[2025-03-18T11:02:39.667+0000] {logging_mixin.py:190} INFO - [2025-03-18T11:02:39.666+0000] {dagbag.py:588} INFO - Filling up the DagBag from /usr/local/python/3.12.1/lib/python3.12/site-packages/airflow/example_dags/example_task_group.py
[2025-03-18T11:02:39.673+0000] {processor.py:925} INFO - DAG(s) 'example_task_group' retrieved from /usr/local/python/3.12.1/lib/python3.12/site-packages/airflow/example_dags/example_task_group.py
[2025-03-18T11:02:39.685+0000] {logging_mixin.py:190} INFO - [2025-03-18T11:02:39.685+0000] {dag.py:3239} INFO - Sync 1 DAGs
[2025-03-18T11:02:39.694+0000] {logging_mixin.py:190} INFO - [2025-03-18T11:02:39.694+0000] {dag.py:4180} INFO - Setting next_dagrun for example_task_group to None, run_after=None
[2025-03-18T11:02:39.709+0000] {processor.py:208} INFO - Processing /usr/local/python/3.12.1/lib/python3.12/site-packages/airflow/example_dags/example_task_group.py took 0.049 seconds
[2025-03-18T11:03:25.627+0000] {processor.py:186} INFO - Started process (PID=58704) to work on /usr/local/python/3.12.1/lib/python3.12/site-packages/airflow/example_dags/example_task_group.py
[2025-03-18T11:03:25.628+0000] {processor.py:914} INFO - Processing file /usr/local/python/3.12.1/lib/python3.12/site-packages/airflow/example_dags/example_task_group.py for tasks to queue
[2025-03-18T11:03:25.629+0000] {logging_mixin.py:190} INFO - [2025-03-18T11:03:25.629+0000] {dagbag.py:588} INFO - Filling up the DagBag from /usr/local/python/3.12.1/lib/python3.12/site-packages/airflow/example_dags/example_task_group.py
[2025-03-18T11:03:25.636+0000] {processor.py:925} INFO - DAG(s) 'example_task_group' retrieved from /usr/local/python/3.12.1/lib/python3.12/site-packages/airflow/example_dags/example_task_group.py
[2025-03-18T11:03:25.648+0000] {logging_mixin.py:190} INFO - [2025-03-18T11:03:25.648+0000] {dag.py:3239} INFO - Sync 1 DAGs
[2025-03-18T11:03:25.657+0000] {logging_mixin.py:190} INFO - [2025-03-18T11:03:25.657+0000] {dag.py:4180} INFO - Setting next_dagrun for example_task_group to None, run_after=None
[2025-03-18T11:03:25.671+0000] {processor.py:208} INFO - Processing /usr/local/python/3.12.1/lib/python3.12/site-packages/airflow/example_dags/example_task_group.py took 0.048 seconds
[2025-03-18T11:04:16.862+0000] {processor.py:186} INFO - Started process (PID=59105) to work on /usr/local/python/3.12.1/lib/python3.12/site-packages/airflow/example_dags/example_task_group.py
[2025-03-18T11:04:16.863+0000] {processor.py:914} INFO - Processing file /usr/local/python/3.12.1/lib/python3.12/site-packages/airflow/example_dags/example_task_group.py for tasks to queue
[2025-03-18T11:04:16.865+0000] {logging_mixin.py:190} INFO - [2025-03-18T11:04:16.864+0000] {dagbag.py:588} INFO - Filling up the DagBag from /usr/local/python/3.12.1/lib/python3.12/site-packages/airflow/example_dags/example_task_group.py
[2025-03-18T11:04:16.871+0000] {processor.py:925} INFO - DAG(s) 'example_task_group' retrieved from /usr/local/python/3.12.1/lib/python3.12/site-packages/airflow/example_dags/example_task_group.py
[2025-03-18T11:04:16.883+0000] {logging_mixin.py:190} INFO - [2025-03-18T11:04:16.883+0000] {dag.py:3239} INFO - Sync 1 DAGs
[2025-03-18T11:04:16.892+0000] {logging_mixin.py:190} INFO - [2025-03-18T11:04:16.892+0000] {dag.py:4180} INFO - Setting next_dagrun for example_task_group to None, run_after=None
[2025-03-18T11:04:16.907+0000] {processor.py:208} INFO - Processing /usr/local/python/3.12.1/lib/python3.12/site-packages/airflow/example_dags/example_task_group.py took 0.048 seconds
[2025-03-18T11:05:03.794+0000] {processor.py:186} INFO - Started process (PID=59468) to work on /usr/local/python/3.12.1/lib/python3.12/site-packages/airflow/example_dags/example_task_group.py
[2025-03-18T11:05:03.795+0000] {processor.py:914} INFO - Processing file /usr/local/python/3.12.1/lib/python3.12/site-packages/airflow/example_dags/example_task_group.py for tasks to queue
[2025-03-18T11:05:03.797+0000] {logging_mixin.py:190} INFO - [2025-03-18T11:05:03.796+0000] {dagbag.py:588} INFO - Filling up the DagBag from /usr/local/python/3.12.1/lib/python3.12/site-packages/airflow/example_dags/example_task_group.py
[2025-03-18T11:05:03.803+0000] {processor.py:925} INFO - DAG(s) 'example_task_group' retrieved from /usr/local/python/3.12.1/lib/python3.12/site-packages/airflow/example_dags/example_task_group.py
[2025-03-18T11:05:03.815+0000] {logging_mixin.py:190} INFO - [2025-03-18T11:05:03.815+0000] {dag.py:3239} INFO - Sync 1 DAGs
[2025-03-18T11:05:03.825+0000] {logging_mixin.py:190} INFO - [2025-03-18T11:05:03.824+0000] {dag.py:4180} INFO - Setting next_dagrun for example_task_group to None, run_after=None
[2025-03-18T11:05:03.839+0000] {processor.py:208} INFO - Processing /usr/local/python/3.12.1/lib/python3.12/site-packages/airflow/example_dags/example_task_group.py took 0.049 seconds
[2025-03-18T11:05:54.242+0000] {processor.py:186} INFO - Started process (PID=59860) to work on /usr/local/python/3.12.1/lib/python3.12/site-packages/airflow/example_dags/example_task_group.py
[2025-03-18T11:05:54.243+0000] {processor.py:914} INFO - Processing file /usr/local/python/3.12.1/lib/python3.12/site-packages/airflow/example_dags/example_task_group.py for tasks to queue
[2025-03-18T11:05:54.245+0000] {logging_mixin.py:190} INFO - [2025-03-18T11:05:54.244+0000] {dagbag.py:588} INFO - Filling up the DagBag from /usr/local/python/3.12.1/lib/python3.12/site-packages/airflow/example_dags/example_task_group.py
[2025-03-18T11:05:54.251+0000] {processor.py:925} INFO - DAG(s) 'example_task_group' retrieved from /usr/local/python/3.12.1/lib/python3.12/site-packages/airflow/example_dags/example_task_group.py
[2025-03-18T11:05:54.264+0000] {logging_mixin.py:190} INFO - [2025-03-18T11:05:54.263+0000] {dag.py:3239} INFO - Sync 1 DAGs
[2025-03-18T11:05:54.273+0000] {logging_mixin.py:190} INFO - [2025-03-18T11:05:54.273+0000] {dag.py:4180} INFO - Setting next_dagrun for example_task_group to None, run_after=None
[2025-03-18T11:05:54.288+0000] {processor.py:208} INFO - Processing /usr/local/python/3.12.1/lib/python3.12/site-packages/airflow/example_dags/example_task_group.py took 0.049 seconds
[2025-03-18T11:06:43.637+0000] {processor.py:186} INFO - Started process (PID=60258) to work on /usr/local/python/3.12.1/lib/python3.12/site-packages/airflow/example_dags/example_task_group.py
[2025-03-18T11:06:43.637+0000] {processor.py:914} INFO - Processing file /usr/local/python/3.12.1/lib/python3.12/site-packages/airflow/example_dags/example_task_group.py for tasks to queue
[2025-03-18T11:06:43.639+0000] {logging_mixin.py:190} INFO - [2025-03-18T11:06:43.639+0000] {dagbag.py:588} INFO - Filling up the DagBag from /usr/local/python/3.12.1/lib/python3.12/site-packages/airflow/example_dags/example_task_group.py
[2025-03-18T11:06:43.646+0000] {processor.py:925} INFO - DAG(s) 'example_task_group' retrieved from /usr/local/python/3.12.1/lib/python3.12/site-packages/airflow/example_dags/example_task_group.py
[2025-03-18T11:06:43.661+0000] {logging_mixin.py:190} INFO - [2025-03-18T11:06:43.661+0000] {dag.py:3239} INFO - Sync 1 DAGs
[2025-03-18T11:06:43.671+0000] {logging_mixin.py:190} INFO - [2025-03-18T11:06:43.671+0000] {dag.py:4180} INFO - Setting next_dagrun for example_task_group to None, run_after=None
[2025-03-18T11:06:43.686+0000] {processor.py:208} INFO - Processing /usr/local/python/3.12.1/lib/python3.12/site-packages/airflow/example_dags/example_task_group.py took 0.053 seconds
[2025-03-18T11:07:34.969+0000] {processor.py:186} INFO - Started process (PID=60657) to work on /usr/local/python/3.12.1/lib/python3.12/site-packages/airflow/example_dags/example_task_group.py
[2025-03-18T11:07:34.970+0000] {processor.py:914} INFO - Processing file /usr/local/python/3.12.1/lib/python3.12/site-packages/airflow/example_dags/example_task_group.py for tasks to queue
[2025-03-18T11:07:34.972+0000] {logging_mixin.py:190} INFO - [2025-03-18T11:07:34.971+0000] {dagbag.py:588} INFO - Filling up the DagBag from /usr/local/python/3.12.1/lib/python3.12/site-packages/airflow/example_dags/example_task_group.py
[2025-03-18T11:07:34.979+0000] {processor.py:925} INFO - DAG(s) 'example_task_group' retrieved from /usr/local/python/3.12.1/lib/python3.12/site-packages/airflow/example_dags/example_task_group.py
[2025-03-18T11:07:34.995+0000] {logging_mixin.py:190} INFO - [2025-03-18T11:07:34.995+0000] {dag.py:3239} INFO - Sync 1 DAGs
[2025-03-18T11:07:35.008+0000] {logging_mixin.py:190} INFO - [2025-03-18T11:07:35.007+0000] {dag.py:4180} INFO - Setting next_dagrun for example_task_group to None, run_after=None
[2025-03-18T11:07:35.024+0000] {processor.py:208} INFO - Processing /usr/local/python/3.12.1/lib/python3.12/site-packages/airflow/example_dags/example_task_group.py took 0.058 seconds
[2025-03-18T11:08:24.357+0000] {processor.py:186} INFO - Started process (PID=61082) to work on /usr/local/python/3.12.1/lib/python3.12/site-packages/airflow/example_dags/example_task_group.py
[2025-03-18T11:08:24.358+0000] {processor.py:914} INFO - Processing file /usr/local/python/3.12.1/lib/python3.12/site-packages/airflow/example_dags/example_task_group.py for tasks to queue
[2025-03-18T11:08:24.360+0000] {logging_mixin.py:190} INFO - [2025-03-18T11:08:24.359+0000] {dagbag.py:588} INFO - Filling up the DagBag from /usr/local/python/3.12.1/lib/python3.12/site-packages/airflow/example_dags/example_task_group.py
[2025-03-18T11:08:24.366+0000] {processor.py:925} INFO - DAG(s) 'example_task_group' retrieved from /usr/local/python/3.12.1/lib/python3.12/site-packages/airflow/example_dags/example_task_group.py
[2025-03-18T11:08:24.378+0000] {logging_mixin.py:190} INFO - [2025-03-18T11:08:24.377+0000] {dag.py:3239} INFO - Sync 1 DAGs
[2025-03-18T11:08:24.387+0000] {logging_mixin.py:190} INFO - [2025-03-18T11:08:24.386+0000] {dag.py:4180} INFO - Setting next_dagrun for example_task_group to None, run_after=None
[2025-03-18T11:08:24.401+0000] {processor.py:208} INFO - Processing /usr/local/python/3.12.1/lib/python3.12/site-packages/airflow/example_dags/example_task_group.py took 0.047 seconds
[2025-03-18T11:09:16.427+0000] {processor.py:186} INFO - Started process (PID=61524) to work on /usr/local/python/3.12.1/lib/python3.12/site-packages/airflow/example_dags/example_task_group.py
[2025-03-18T11:09:16.428+0000] {processor.py:914} INFO - Processing file /usr/local/python/3.12.1/lib/python3.12/site-packages/airflow/example_dags/example_task_group.py for tasks to queue
[2025-03-18T11:09:16.429+0000] {logging_mixin.py:190} INFO - [2025-03-18T11:09:16.429+0000] {dagbag.py:588} INFO - Filling up the DagBag from /usr/local/python/3.12.1/lib/python3.12/site-packages/airflow/example_dags/example_task_group.py
[2025-03-18T11:09:16.436+0000] {processor.py:925} INFO - DAG(s) 'example_task_group' retrieved from /usr/local/python/3.12.1/lib/python3.12/site-packages/airflow/example_dags/example_task_group.py
[2025-03-18T11:09:16.448+0000] {logging_mixin.py:190} INFO - [2025-03-18T11:09:16.448+0000] {dag.py:3239} INFO - Sync 1 DAGs
[2025-03-18T11:09:16.457+0000] {logging_mixin.py:190} INFO - [2025-03-18T11:09:16.457+0000] {dag.py:4180} INFO - Setting next_dagrun for example_task_group to None, run_after=None
[2025-03-18T11:09:16.471+0000] {processor.py:208} INFO - Processing /usr/local/python/3.12.1/lib/python3.12/site-packages/airflow/example_dags/example_task_group.py took 0.048 seconds
[2025-03-18T11:10:11.207+0000] {processor.py:186} INFO - Started process (PID=62002) to work on /usr/local/python/3.12.1/lib/python3.12/site-packages/airflow/example_dags/example_task_group.py
[2025-03-18T11:10:11.208+0000] {processor.py:914} INFO - Processing file /usr/local/python/3.12.1/lib/python3.12/site-packages/airflow/example_dags/example_task_group.py for tasks to queue
[2025-03-18T11:10:11.210+0000] {logging_mixin.py:190} INFO - [2025-03-18T11:10:11.209+0000] {dagbag.py:588} INFO - Filling up the DagBag from /usr/local/python/3.12.1/lib/python3.12/site-packages/airflow/example_dags/example_task_group.py
[2025-03-18T11:10:11.216+0000] {processor.py:925} INFO - DAG(s) 'example_task_group' retrieved from /usr/local/python/3.12.1/lib/python3.12/site-packages/airflow/example_dags/example_task_group.py
[2025-03-18T11:10:11.228+0000] {logging_mixin.py:190} INFO - [2025-03-18T11:10:11.228+0000] {dag.py:3239} INFO - Sync 1 DAGs
[2025-03-18T11:10:11.238+0000] {logging_mixin.py:190} INFO - [2025-03-18T11:10:11.237+0000] {dag.py:4180} INFO - Setting next_dagrun for example_task_group to None, run_after=None
[2025-03-18T11:10:11.252+0000] {processor.py:208} INFO - Processing /usr/local/python/3.12.1/lib/python3.12/site-packages/airflow/example_dags/example_task_group.py took 0.048 seconds
[2025-03-18T11:11:01.147+0000] {processor.py:186} INFO - Started process (PID=62435) to work on /usr/local/python/3.12.1/lib/python3.12/site-packages/airflow/example_dags/example_task_group.py
[2025-03-18T11:11:01.147+0000] {processor.py:914} INFO - Processing file /usr/local/python/3.12.1/lib/python3.12/site-packages/airflow/example_dags/example_task_group.py for tasks to queue
[2025-03-18T11:11:01.149+0000] {logging_mixin.py:190} INFO - [2025-03-18T11:11:01.149+0000] {dagbag.py:588} INFO - Filling up the DagBag from /usr/local/python/3.12.1/lib/python3.12/site-packages/airflow/example_dags/example_task_group.py
[2025-03-18T11:11:01.156+0000] {processor.py:925} INFO - DAG(s) 'example_task_group' retrieved from /usr/local/python/3.12.1/lib/python3.12/site-packages/airflow/example_dags/example_task_group.py
[2025-03-18T11:11:01.167+0000] {logging_mixin.py:190} INFO - [2025-03-18T11:11:01.167+0000] {dag.py:3239} INFO - Sync 1 DAGs
[2025-03-18T11:11:01.177+0000] {logging_mixin.py:190} INFO - [2025-03-18T11:11:01.177+0000] {dag.py:4180} INFO - Setting next_dagrun for example_task_group to None, run_after=None
[2025-03-18T11:11:01.191+0000] {processor.py:208} INFO - Processing /usr/local/python/3.12.1/lib/python3.12/site-packages/airflow/example_dags/example_task_group.py took 0.048 seconds
[2025-03-18T11:11:46.326+0000] {processor.py:186} INFO - Started process (PID=62880) to work on /usr/local/python/3.12.1/lib/python3.12/site-packages/airflow/example_dags/example_task_group.py
[2025-03-18T11:11:46.326+0000] {processor.py:914} INFO - Processing file /usr/local/python/3.12.1/lib/python3.12/site-packages/airflow/example_dags/example_task_group.py for tasks to queue
[2025-03-18T11:11:46.328+0000] {logging_mixin.py:190} INFO - [2025-03-18T11:11:46.327+0000] {dagbag.py:588} INFO - Filling up the DagBag from /usr/local/python/3.12.1/lib/python3.12/site-packages/airflow/example_dags/example_task_group.py
[2025-03-18T11:11:46.334+0000] {processor.py:925} INFO - DAG(s) 'example_task_group' retrieved from /usr/local/python/3.12.1/lib/python3.12/site-packages/airflow/example_dags/example_task_group.py
[2025-03-18T11:11:46.346+0000] {logging_mixin.py:190} INFO - [2025-03-18T11:11:46.346+0000] {dag.py:3239} INFO - Sync 1 DAGs
[2025-03-18T11:11:46.355+0000] {logging_mixin.py:190} INFO - [2025-03-18T11:11:46.355+0000] {dag.py:4180} INFO - Setting next_dagrun for example_task_group to None, run_after=None
[2025-03-18T11:11:46.373+0000] {processor.py:208} INFO - Processing /usr/local/python/3.12.1/lib/python3.12/site-packages/airflow/example_dags/example_task_group.py took 0.051 seconds
[2025-03-18T11:50:34.027+0000] {processor.py:186} INFO - Started process (PID=82979) to work on /usr/local/python/3.12.1/lib/python3.12/site-packages/airflow/example_dags/example_task_group.py
[2025-03-18T11:50:34.027+0000] {processor.py:914} INFO - Processing file /usr/local/python/3.12.1/lib/python3.12/site-packages/airflow/example_dags/example_task_group.py for tasks to queue
[2025-03-18T11:50:34.029+0000] {logging_mixin.py:190} INFO - [2025-03-18T11:50:34.029+0000] {dagbag.py:588} INFO - Filling up the DagBag from /usr/local/python/3.12.1/lib/python3.12/site-packages/airflow/example_dags/example_task_group.py
[2025-03-18T11:50:34.035+0000] {processor.py:925} INFO - DAG(s) 'example_task_group' retrieved from /usr/local/python/3.12.1/lib/python3.12/site-packages/airflow/example_dags/example_task_group.py
[2025-03-18T11:50:34.048+0000] {logging_mixin.py:190} INFO - [2025-03-18T11:50:34.048+0000] {dag.py:3239} INFO - Sync 1 DAGs
[2025-03-18T11:50:34.058+0000] {logging_mixin.py:190} INFO - [2025-03-18T11:50:34.058+0000] {dag.py:4180} INFO - Setting next_dagrun for example_task_group to None, run_after=None
[2025-03-18T11:50:34.073+0000] {processor.py:208} INFO - Processing /usr/local/python/3.12.1/lib/python3.12/site-packages/airflow/example_dags/example_task_group.py took 0.049 seconds
