[2025-03-18T10:52:10.755+0000] {processor.py:186} INFO - Started process (PID=49610) to work on /usr/local/python/3.12.1/lib/python3.12/site-packages/airflow/example_dags/example_branch_labels.py
[2025-03-18T10:52:10.755+0000] {processor.py:914} INFO - Processing file /usr/local/python/3.12.1/lib/python3.12/site-packages/airflow/example_dags/example_branch_labels.py for tasks to queue
[2025-03-18T10:52:10.756+0000] {logging_mixin.py:190} INFO - [2025-03-18T10:52:10.756+0000] {dagbag.py:588} INFO - Filling up the DagBag from /usr/local/python/3.12.1/lib/python3.12/site-packages/airflow/example_dags/example_branch_labels.py
[2025-03-18T10:52:10.764+0000] {processor.py:925} INFO - DAG(s) 'example_branch_labels' retrieved from /usr/local/python/3.12.1/lib/python3.12/site-packages/airflow/example_dags/example_branch_labels.py
[2025-03-18T10:52:10.846+0000] {logging_mixin.py:190} INFO - [2025-03-18T10:52:10.845+0000] {override.py:1930} INFO - Created Permission View: can read on DAG:example_branch_labels
[2025-03-18T10:52:10.853+0000] {logging_mixin.py:190} INFO - [2025-03-18T10:52:10.853+0000] {override.py:1930} INFO - Created Permission View: can edit on DAG:example_branch_labels
[2025-03-18T10:52:10.859+0000] {logging_mixin.py:190} INFO - [2025-03-18T10:52:10.859+0000] {override.py:1930} INFO - Created Permission View: can delete on DAG:example_branch_labels
[2025-03-18T10:52:10.868+0000] {logging_mixin.py:190} INFO - [2025-03-18T10:52:10.868+0000] {override.py:1930} INFO - Created Permission View: can read on DAG Run:example_branch_labels
[2025-03-18T10:52:10.874+0000] {logging_mixin.py:190} INFO - [2025-03-18T10:52:10.874+0000] {override.py:1930} INFO - Created Permission View: can create on DAG Run:example_branch_labels
[2025-03-18T10:52:10.880+0000] {logging_mixin.py:190} INFO - [2025-03-18T10:52:10.880+0000] {override.py:1930} INFO - Created Permission View: menu access on DAG Run:example_branch_labels
[2025-03-18T10:52:10.886+0000] {logging_mixin.py:190} INFO - [2025-03-18T10:52:10.885+0000] {override.py:1930} INFO - Created Permission View: can delete on DAG Run:example_branch_labels
[2025-03-18T10:52:10.886+0000] {logging_mixin.py:190} INFO - [2025-03-18T10:52:10.886+0000] {dag.py:3239} INFO - Sync 1 DAGs
[2025-03-18T10:52:10.894+0000] {logging_mixin.py:190} INFO - [2025-03-18T10:52:10.894+0000] {dag.py:3262} INFO - Creating ORM DAG for example_branch_labels
[2025-03-18T10:52:10.901+0000] {logging_mixin.py:190} INFO - [2025-03-18T10:52:10.901+0000] {dag.py:4180} INFO - Setting next_dagrun for example_branch_labels to 2025-03-17 00:00:00+00:00, run_after=2025-03-18 00:00:00+00:00
[2025-03-18T10:52:10.913+0000] {processor.py:208} INFO - Processing /usr/local/python/3.12.1/lib/python3.12/site-packages/airflow/example_dags/example_branch_labels.py took 0.163 seconds
[2025-03-18T10:53:47.594+0000] {processor.py:186} INFO - Started process (PID=50909) to work on /usr/local/python/3.12.1/lib/python3.12/site-packages/airflow/example_dags/example_branch_labels.py
[2025-03-18T10:53:47.594+0000] {processor.py:914} INFO - Processing file /usr/local/python/3.12.1/lib/python3.12/site-packages/airflow/example_dags/example_branch_labels.py for tasks to queue
[2025-03-18T10:53:47.596+0000] {logging_mixin.py:190} INFO - [2025-03-18T10:53:47.596+0000] {dagbag.py:588} INFO - Filling up the DagBag from /usr/local/python/3.12.1/lib/python3.12/site-packages/airflow/example_dags/example_branch_labels.py
[2025-03-18T10:53:47.603+0000] {processor.py:925} INFO - DAG(s) 'example_branch_labels' retrieved from /usr/local/python/3.12.1/lib/python3.12/site-packages/airflow/example_dags/example_branch_labels.py
[2025-03-18T10:53:47.614+0000] {logging_mixin.py:190} INFO - [2025-03-18T10:53:47.614+0000] {dag.py:3239} INFO - Sync 1 DAGs
[2025-03-18T10:53:47.630+0000] {logging_mixin.py:190} INFO - [2025-03-18T10:53:47.630+0000] {dag.py:4180} INFO - Setting next_dagrun for example_branch_labels to 2025-03-17 00:00:00+00:00, run_after=2025-03-18 00:00:00+00:00
[2025-03-18T10:53:47.643+0000] {processor.py:208} INFO - Processing /usr/local/python/3.12.1/lib/python3.12/site-packages/airflow/example_dags/example_branch_labels.py took 0.054 seconds
[2025-03-18T10:54:43.093+0000] {processor.py:186} INFO - Started process (PID=51343) to work on /usr/local/python/3.12.1/lib/python3.12/site-packages/airflow/example_dags/example_branch_labels.py
[2025-03-18T10:54:43.093+0000] {processor.py:914} INFO - Processing file /usr/local/python/3.12.1/lib/python3.12/site-packages/airflow/example_dags/example_branch_labels.py for tasks to queue
[2025-03-18T10:54:43.095+0000] {logging_mixin.py:190} INFO - [2025-03-18T10:54:43.094+0000] {dagbag.py:588} INFO - Filling up the DagBag from /usr/local/python/3.12.1/lib/python3.12/site-packages/airflow/example_dags/example_branch_labels.py
[2025-03-18T10:54:43.103+0000] {processor.py:925} INFO - DAG(s) 'example_branch_labels' retrieved from /usr/local/python/3.12.1/lib/python3.12/site-packages/airflow/example_dags/example_branch_labels.py
[2025-03-18T10:54:43.113+0000] {logging_mixin.py:190} INFO - [2025-03-18T10:54:43.113+0000] {dag.py:3239} INFO - Sync 1 DAGs
[2025-03-18T10:54:43.128+0000] {logging_mixin.py:190} INFO - [2025-03-18T10:54:43.128+0000] {dag.py:4180} INFO - Setting next_dagrun for example_branch_labels to 2025-03-17 00:00:00+00:00, run_after=2025-03-18 00:00:00+00:00
[2025-03-18T10:54:43.142+0000] {processor.py:208} INFO - Processing /usr/local/python/3.12.1/lib/python3.12/site-packages/airflow/example_dags/example_branch_labels.py took 0.053 seconds
[2025-03-18T10:55:36.711+0000] {processor.py:186} INFO - Started process (PID=51874) to work on /usr/local/python/3.12.1/lib/python3.12/site-packages/airflow/example_dags/example_branch_labels.py
[2025-03-18T10:55:36.712+0000] {processor.py:914} INFO - Processing file /usr/local/python/3.12.1/lib/python3.12/site-packages/airflow/example_dags/example_branch_labels.py for tasks to queue
[2025-03-18T10:55:36.713+0000] {logging_mixin.py:190} INFO - [2025-03-18T10:55:36.713+0000] {dagbag.py:588} INFO - Filling up the DagBag from /usr/local/python/3.12.1/lib/python3.12/site-packages/airflow/example_dags/example_branch_labels.py
[2025-03-18T10:55:36.721+0000] {processor.py:925} INFO - DAG(s) 'example_branch_labels' retrieved from /usr/local/python/3.12.1/lib/python3.12/site-packages/airflow/example_dags/example_branch_labels.py
[2025-03-18T10:55:36.732+0000] {logging_mixin.py:190} INFO - [2025-03-18T10:55:36.731+0000] {dag.py:3239} INFO - Sync 1 DAGs
[2025-03-18T10:55:36.747+0000] {logging_mixin.py:190} INFO - [2025-03-18T10:55:36.747+0000] {dag.py:4180} INFO - Setting next_dagrun for example_branch_labels to 2025-03-17 00:00:00+00:00, run_after=2025-03-18 00:00:00+00:00
[2025-03-18T10:55:36.762+0000] {processor.py:208} INFO - Processing /usr/local/python/3.12.1/lib/python3.12/site-packages/airflow/example_dags/example_branch_labels.py took 0.054 seconds
[2025-03-18T10:56:51.489+0000] {processor.py:186} INFO - Started process (PID=52793) to work on /usr/local/python/3.12.1/lib/python3.12/site-packages/airflow/example_dags/example_branch_labels.py
[2025-03-18T10:56:51.490+0000] {processor.py:914} INFO - Processing file /usr/local/python/3.12.1/lib/python3.12/site-packages/airflow/example_dags/example_branch_labels.py for tasks to queue
[2025-03-18T10:56:51.491+0000] {logging_mixin.py:190} INFO - [2025-03-18T10:56:51.491+0000] {dagbag.py:588} INFO - Filling up the DagBag from /usr/local/python/3.12.1/lib/python3.12/site-packages/airflow/example_dags/example_branch_labels.py
[2025-03-18T10:56:51.499+0000] {processor.py:925} INFO - DAG(s) 'example_branch_labels' retrieved from /usr/local/python/3.12.1/lib/python3.12/site-packages/airflow/example_dags/example_branch_labels.py
[2025-03-18T10:56:51.509+0000] {logging_mixin.py:190} INFO - [2025-03-18T10:56:51.509+0000] {dag.py:3239} INFO - Sync 1 DAGs
[2025-03-18T10:56:51.525+0000] {logging_mixin.py:190} INFO - [2025-03-18T10:56:51.525+0000] {dag.py:4180} INFO - Setting next_dagrun for example_branch_labels to 2025-03-17 00:00:00+00:00, run_after=2025-03-18 00:00:00+00:00
[2025-03-18T10:56:51.540+0000] {processor.py:208} INFO - Processing /usr/local/python/3.12.1/lib/python3.12/site-packages/airflow/example_dags/example_branch_labels.py took 0.054 seconds
[2025-03-18T10:58:03.736+0000] {processor.py:186} INFO - Started process (PID=53683) to work on /usr/local/python/3.12.1/lib/python3.12/site-packages/airflow/example_dags/example_branch_labels.py
[2025-03-18T10:58:03.737+0000] {processor.py:914} INFO - Processing file /usr/local/python/3.12.1/lib/python3.12/site-packages/airflow/example_dags/example_branch_labels.py for tasks to queue
[2025-03-18T10:58:03.738+0000] {logging_mixin.py:190} INFO - [2025-03-18T10:58:03.738+0000] {dagbag.py:588} INFO - Filling up the DagBag from /usr/local/python/3.12.1/lib/python3.12/site-packages/airflow/example_dags/example_branch_labels.py
[2025-03-18T10:58:03.746+0000] {processor.py:925} INFO - DAG(s) 'example_branch_labels' retrieved from /usr/local/python/3.12.1/lib/python3.12/site-packages/airflow/example_dags/example_branch_labels.py
[2025-03-18T10:58:03.757+0000] {logging_mixin.py:190} INFO - [2025-03-18T10:58:03.757+0000] {dag.py:3239} INFO - Sync 1 DAGs
[2025-03-18T10:58:03.773+0000] {logging_mixin.py:190} INFO - [2025-03-18T10:58:03.773+0000] {dag.py:4180} INFO - Setting next_dagrun for example_branch_labels to 2025-03-17 00:00:00+00:00, run_after=2025-03-18 00:00:00+00:00
[2025-03-18T10:58:03.786+0000] {processor.py:208} INFO - Processing /usr/local/python/3.12.1/lib/python3.12/site-packages/airflow/example_dags/example_branch_labels.py took 0.054 seconds
[2025-03-18T10:59:16.467+0000] {processor.py:186} INFO - Started process (PID=54537) to work on /usr/local/python/3.12.1/lib/python3.12/site-packages/airflow/example_dags/example_branch_labels.py
[2025-03-18T10:59:16.467+0000] {processor.py:914} INFO - Processing file /usr/local/python/3.12.1/lib/python3.12/site-packages/airflow/example_dags/example_branch_labels.py for tasks to queue
[2025-03-18T10:59:16.469+0000] {logging_mixin.py:190} INFO - [2025-03-18T10:59:16.469+0000] {dagbag.py:588} INFO - Filling up the DagBag from /usr/local/python/3.12.1/lib/python3.12/site-packages/airflow/example_dags/example_branch_labels.py
[2025-03-18T10:59:16.477+0000] {processor.py:925} INFO - DAG(s) 'example_branch_labels' retrieved from /usr/local/python/3.12.1/lib/python3.12/site-packages/airflow/example_dags/example_branch_labels.py
[2025-03-18T10:59:16.487+0000] {logging_mixin.py:190} INFO - [2025-03-18T10:59:16.487+0000] {dag.py:3239} INFO - Sync 1 DAGs
[2025-03-18T10:59:16.503+0000] {logging_mixin.py:190} INFO - [2025-03-18T10:59:16.503+0000] {dag.py:4180} INFO - Setting next_dagrun for example_branch_labels to 2025-03-17 00:00:00+00:00, run_after=2025-03-18 00:00:00+00:00
[2025-03-18T10:59:16.516+0000] {processor.py:208} INFO - Processing /usr/local/python/3.12.1/lib/python3.12/site-packages/airflow/example_dags/example_branch_labels.py took 0.054 seconds
[2025-03-18T11:00:29.557+0000] {processor.py:186} INFO - Started process (PID=55362) to work on /usr/local/python/3.12.1/lib/python3.12/site-packages/airflow/example_dags/example_branch_labels.py
[2025-03-18T11:00:29.558+0000] {processor.py:914} INFO - Processing file /usr/local/python/3.12.1/lib/python3.12/site-packages/airflow/example_dags/example_branch_labels.py for tasks to queue
[2025-03-18T11:00:29.559+0000] {logging_mixin.py:190} INFO - [2025-03-18T11:00:29.559+0000] {dagbag.py:588} INFO - Filling up the DagBag from /usr/local/python/3.12.1/lib/python3.12/site-packages/airflow/example_dags/example_branch_labels.py
[2025-03-18T11:00:29.569+0000] {processor.py:925} INFO - DAG(s) 'example_branch_labels' retrieved from /usr/local/python/3.12.1/lib/python3.12/site-packages/airflow/example_dags/example_branch_labels.py
[2025-03-18T11:00:29.580+0000] {logging_mixin.py:190} INFO - [2025-03-18T11:00:29.580+0000] {dag.py:3239} INFO - Sync 1 DAGs
[2025-03-18T11:00:29.596+0000] {logging_mixin.py:190} INFO - [2025-03-18T11:00:29.596+0000] {dag.py:4180} INFO - Setting next_dagrun for example_branch_labels to 2025-03-17 00:00:00+00:00, run_after=2025-03-18 00:00:00+00:00
[2025-03-18T11:00:29.610+0000] {processor.py:208} INFO - Processing /usr/local/python/3.12.1/lib/python3.12/site-packages/airflow/example_dags/example_branch_labels.py took 0.059 seconds
[2025-03-18T11:01:45.697+0000] {processor.py:186} INFO - Started process (PID=57880) to work on /usr/local/python/3.12.1/lib/python3.12/site-packages/airflow/example_dags/example_branch_labels.py
[2025-03-18T11:01:45.697+0000] {processor.py:914} INFO - Processing file /usr/local/python/3.12.1/lib/python3.12/site-packages/airflow/example_dags/example_branch_labels.py for tasks to queue
[2025-03-18T11:01:45.699+0000] {logging_mixin.py:190} INFO - [2025-03-18T11:01:45.699+0000] {dagbag.py:588} INFO - Filling up the DagBag from /usr/local/python/3.12.1/lib/python3.12/site-packages/airflow/example_dags/example_branch_labels.py
[2025-03-18T11:01:45.707+0000] {processor.py:925} INFO - DAG(s) 'example_branch_labels' retrieved from /usr/local/python/3.12.1/lib/python3.12/site-packages/airflow/example_dags/example_branch_labels.py
[2025-03-18T11:01:45.717+0000] {logging_mixin.py:190} INFO - [2025-03-18T11:01:45.717+0000] {dag.py:3239} INFO - Sync 1 DAGs
[2025-03-18T11:01:45.733+0000] {logging_mixin.py:190} INFO - [2025-03-18T11:01:45.733+0000] {dag.py:4180} INFO - Setting next_dagrun for example_branch_labels to 2025-03-17 00:00:00+00:00, run_after=2025-03-18 00:00:00+00:00
[2025-03-18T11:01:45.747+0000] {processor.py:208} INFO - Processing /usr/local/python/3.12.1/lib/python3.12/site-packages/airflow/example_dags/example_branch_labels.py took 0.054 seconds
[2025-03-18T11:03:00.855+0000] {processor.py:186} INFO - Started process (PID=58469) to work on /usr/local/python/3.12.1/lib/python3.12/site-packages/airflow/example_dags/example_branch_labels.py
[2025-03-18T11:03:00.855+0000] {processor.py:914} INFO - Processing file /usr/local/python/3.12.1/lib/python3.12/site-packages/airflow/example_dags/example_branch_labels.py for tasks to queue
[2025-03-18T11:03:00.857+0000] {logging_mixin.py:190} INFO - [2025-03-18T11:03:00.857+0000] {dagbag.py:588} INFO - Filling up the DagBag from /usr/local/python/3.12.1/lib/python3.12/site-packages/airflow/example_dags/example_branch_labels.py
[2025-03-18T11:03:00.865+0000] {processor.py:925} INFO - DAG(s) 'example_branch_labels' retrieved from /usr/local/python/3.12.1/lib/python3.12/site-packages/airflow/example_dags/example_branch_labels.py
[2025-03-18T11:03:00.876+0000] {logging_mixin.py:190} INFO - [2025-03-18T11:03:00.875+0000] {dag.py:3239} INFO - Sync 1 DAGs
[2025-03-18T11:03:00.892+0000] {logging_mixin.py:190} INFO - [2025-03-18T11:03:00.891+0000] {dag.py:4180} INFO - Setting next_dagrun for example_branch_labels to 2025-03-17 00:00:00+00:00, run_after=2025-03-18 00:00:00+00:00
[2025-03-18T11:03:00.906+0000] {processor.py:208} INFO - Processing /usr/local/python/3.12.1/lib/python3.12/site-packages/airflow/example_dags/example_branch_labels.py took 0.055 seconds
[2025-03-18T11:04:12.003+0000] {processor.py:186} INFO - Started process (PID=59053) to work on /usr/local/python/3.12.1/lib/python3.12/site-packages/airflow/example_dags/example_branch_labels.py
[2025-03-18T11:04:12.004+0000] {processor.py:914} INFO - Processing file /usr/local/python/3.12.1/lib/python3.12/site-packages/airflow/example_dags/example_branch_labels.py for tasks to queue
[2025-03-18T11:04:12.005+0000] {logging_mixin.py:190} INFO - [2025-03-18T11:04:12.005+0000] {dagbag.py:588} INFO - Filling up the DagBag from /usr/local/python/3.12.1/lib/python3.12/site-packages/airflow/example_dags/example_branch_labels.py
[2025-03-18T11:04:12.013+0000] {processor.py:925} INFO - DAG(s) 'example_branch_labels' retrieved from /usr/local/python/3.12.1/lib/python3.12/site-packages/airflow/example_dags/example_branch_labels.py
[2025-03-18T11:04:12.024+0000] {logging_mixin.py:190} INFO - [2025-03-18T11:04:12.024+0000] {dag.py:3239} INFO - Sync 1 DAGs
[2025-03-18T11:04:12.040+0000] {logging_mixin.py:190} INFO - [2025-03-18T11:04:12.040+0000] {dag.py:4180} INFO - Setting next_dagrun for example_branch_labels to 2025-03-17 00:00:00+00:00, run_after=2025-03-18 00:00:00+00:00
[2025-03-18T11:04:12.054+0000] {processor.py:208} INFO - Processing /usr/local/python/3.12.1/lib/python3.12/site-packages/airflow/example_dags/example_branch_labels.py took 0.055 seconds
[2025-03-18T11:05:22.841+0000] {processor.py:186} INFO - Started process (PID=59622) to work on /usr/local/python/3.12.1/lib/python3.12/site-packages/airflow/example_dags/example_branch_labels.py
[2025-03-18T11:05:22.841+0000] {processor.py:914} INFO - Processing file /usr/local/python/3.12.1/lib/python3.12/site-packages/airflow/example_dags/example_branch_labels.py for tasks to queue
[2025-03-18T11:05:22.843+0000] {logging_mixin.py:190} INFO - [2025-03-18T11:05:22.843+0000] {dagbag.py:588} INFO - Filling up the DagBag from /usr/local/python/3.12.1/lib/python3.12/site-packages/airflow/example_dags/example_branch_labels.py
[2025-03-18T11:05:22.850+0000] {processor.py:925} INFO - DAG(s) 'example_branch_labels' retrieved from /usr/local/python/3.12.1/lib/python3.12/site-packages/airflow/example_dags/example_branch_labels.py
[2025-03-18T11:05:22.861+0000] {logging_mixin.py:190} INFO - [2025-03-18T11:05:22.861+0000] {dag.py:3239} INFO - Sync 1 DAGs
[2025-03-18T11:05:22.877+0000] {logging_mixin.py:190} INFO - [2025-03-18T11:05:22.877+0000] {dag.py:4180} INFO - Setting next_dagrun for example_branch_labels to 2025-03-17 00:00:00+00:00, run_after=2025-03-18 00:00:00+00:00
[2025-03-18T11:05:22.891+0000] {processor.py:208} INFO - Processing /usr/local/python/3.12.1/lib/python3.12/site-packages/airflow/example_dags/example_branch_labels.py took 0.054 seconds
[2025-03-18T11:06:38.499+0000] {processor.py:186} INFO - Started process (PID=60229) to work on /usr/local/python/3.12.1/lib/python3.12/site-packages/airflow/example_dags/example_branch_labels.py
[2025-03-18T11:06:38.499+0000] {processor.py:914} INFO - Processing file /usr/local/python/3.12.1/lib/python3.12/site-packages/airflow/example_dags/example_branch_labels.py for tasks to queue
[2025-03-18T11:06:38.501+0000] {logging_mixin.py:190} INFO - [2025-03-18T11:06:38.501+0000] {dagbag.py:588} INFO - Filling up the DagBag from /usr/local/python/3.12.1/lib/python3.12/site-packages/airflow/example_dags/example_branch_labels.py
[2025-03-18T11:06:38.508+0000] {processor.py:925} INFO - DAG(s) 'example_branch_labels' retrieved from /usr/local/python/3.12.1/lib/python3.12/site-packages/airflow/example_dags/example_branch_labels.py
[2025-03-18T11:06:38.519+0000] {logging_mixin.py:190} INFO - [2025-03-18T11:06:38.519+0000] {dag.py:3239} INFO - Sync 1 DAGs
[2025-03-18T11:06:38.535+0000] {logging_mixin.py:190} INFO - [2025-03-18T11:06:38.535+0000] {dag.py:4180} INFO - Setting next_dagrun for example_branch_labels to 2025-03-17 00:00:00+00:00, run_after=2025-03-18 00:00:00+00:00
[2025-03-18T11:06:38.549+0000] {processor.py:208} INFO - Processing /usr/local/python/3.12.1/lib/python3.12/site-packages/airflow/example_dags/example_branch_labels.py took 0.054 seconds
[2025-03-18T11:07:54.393+0000] {processor.py:186} INFO - Started process (PID=60819) to work on /usr/local/python/3.12.1/lib/python3.12/site-packages/airflow/example_dags/example_branch_labels.py
[2025-03-18T11:07:54.394+0000] {processor.py:914} INFO - Processing file /usr/local/python/3.12.1/lib/python3.12/site-packages/airflow/example_dags/example_branch_labels.py for tasks to queue
[2025-03-18T11:07:54.395+0000] {logging_mixin.py:190} INFO - [2025-03-18T11:07:54.395+0000] {dagbag.py:588} INFO - Filling up the DagBag from /usr/local/python/3.12.1/lib/python3.12/site-packages/airflow/example_dags/example_branch_labels.py
[2025-03-18T11:07:54.403+0000] {processor.py:925} INFO - DAG(s) 'example_branch_labels' retrieved from /usr/local/python/3.12.1/lib/python3.12/site-packages/airflow/example_dags/example_branch_labels.py
[2025-03-18T11:07:54.414+0000] {logging_mixin.py:190} INFO - [2025-03-18T11:07:54.414+0000] {dag.py:3239} INFO - Sync 1 DAGs
[2025-03-18T11:07:54.430+0000] {logging_mixin.py:190} INFO - [2025-03-18T11:07:54.430+0000] {dag.py:4180} INFO - Setting next_dagrun for example_branch_labels to 2025-03-17 00:00:00+00:00, run_after=2025-03-18 00:00:00+00:00
[2025-03-18T11:07:54.444+0000] {processor.py:208} INFO - Processing /usr/local/python/3.12.1/lib/python3.12/site-packages/airflow/example_dags/example_branch_labels.py took 0.055 seconds
[2025-03-18T11:09:10.703+0000] {processor.py:186} INFO - Started process (PID=61488) to work on /usr/local/python/3.12.1/lib/python3.12/site-packages/airflow/example_dags/example_branch_labels.py
[2025-03-18T11:09:10.703+0000] {processor.py:914} INFO - Processing file /usr/local/python/3.12.1/lib/python3.12/site-packages/airflow/example_dags/example_branch_labels.py for tasks to queue
[2025-03-18T11:09:10.705+0000] {logging_mixin.py:190} INFO - [2025-03-18T11:09:10.705+0000] {dagbag.py:588} INFO - Filling up the DagBag from /usr/local/python/3.12.1/lib/python3.12/site-packages/airflow/example_dags/example_branch_labels.py
[2025-03-18T11:09:10.713+0000] {processor.py:925} INFO - DAG(s) 'example_branch_labels' retrieved from /usr/local/python/3.12.1/lib/python3.12/site-packages/airflow/example_dags/example_branch_labels.py
[2025-03-18T11:09:10.723+0000] {logging_mixin.py:190} INFO - [2025-03-18T11:09:10.723+0000] {dag.py:3239} INFO - Sync 1 DAGs
[2025-03-18T11:09:10.739+0000] {logging_mixin.py:190} INFO - [2025-03-18T11:09:10.739+0000] {dag.py:4180} INFO - Setting next_dagrun for example_branch_labels to 2025-03-17 00:00:00+00:00, run_after=2025-03-18 00:00:00+00:00
[2025-03-18T11:09:10.753+0000] {processor.py:208} INFO - Processing /usr/local/python/3.12.1/lib/python3.12/site-packages/airflow/example_dags/example_branch_labels.py took 0.054 seconds
[2025-03-18T11:10:04.380+0000] {processor.py:186} INFO - Started process (PID=61943) to work on /usr/local/python/3.12.1/lib/python3.12/site-packages/airflow/example_dags/example_branch_labels.py
[2025-03-18T11:10:04.381+0000] {processor.py:914} INFO - Processing file /usr/local/python/3.12.1/lib/python3.12/site-packages/airflow/example_dags/example_branch_labels.py for tasks to queue
[2025-03-18T11:10:04.382+0000] {logging_mixin.py:190} INFO - [2025-03-18T11:10:04.382+0000] {dagbag.py:588} INFO - Filling up the DagBag from /usr/local/python/3.12.1/lib/python3.12/site-packages/airflow/example_dags/example_branch_labels.py
[2025-03-18T11:10:04.390+0000] {processor.py:925} INFO - DAG(s) 'example_branch_labels' retrieved from /usr/local/python/3.12.1/lib/python3.12/site-packages/airflow/example_dags/example_branch_labels.py
[2025-03-18T11:10:04.401+0000] {logging_mixin.py:190} INFO - [2025-03-18T11:10:04.401+0000] {dag.py:3239} INFO - Sync 1 DAGs
[2025-03-18T11:10:04.417+0000] {logging_mixin.py:190} INFO - [2025-03-18T11:10:04.417+0000] {dag.py:4180} INFO - Setting next_dagrun for example_branch_labels to 2025-03-17 00:00:00+00:00, run_after=2025-03-18 00:00:00+00:00
[2025-03-18T11:10:04.431+0000] {processor.py:208} INFO - Processing /usr/local/python/3.12.1/lib/python3.12/site-packages/airflow/example_dags/example_branch_labels.py took 0.055 seconds
[2025-03-18T11:11:18.992+0000] {processor.py:186} INFO - Started process (PID=62581) to work on /usr/local/python/3.12.1/lib/python3.12/site-packages/airflow/example_dags/example_branch_labels.py
[2025-03-18T11:11:18.992+0000] {processor.py:914} INFO - Processing file /usr/local/python/3.12.1/lib/python3.12/site-packages/airflow/example_dags/example_branch_labels.py for tasks to queue
[2025-03-18T11:11:18.994+0000] {logging_mixin.py:190} INFO - [2025-03-18T11:11:18.993+0000] {dagbag.py:588} INFO - Filling up the DagBag from /usr/local/python/3.12.1/lib/python3.12/site-packages/airflow/example_dags/example_branch_labels.py
[2025-03-18T11:11:19.001+0000] {processor.py:925} INFO - DAG(s) 'example_branch_labels' retrieved from /usr/local/python/3.12.1/lib/python3.12/site-packages/airflow/example_dags/example_branch_labels.py
[2025-03-18T11:11:19.012+0000] {logging_mixin.py:190} INFO - [2025-03-18T11:11:19.012+0000] {dag.py:3239} INFO - Sync 1 DAGs
[2025-03-18T11:11:19.032+0000] {logging_mixin.py:190} INFO - [2025-03-18T11:11:19.031+0000] {dag.py:4180} INFO - Setting next_dagrun for example_branch_labels to 2025-03-17 00:00:00+00:00, run_after=2025-03-18 00:00:00+00:00
[2025-03-18T11:11:19.048+0000] {processor.py:208} INFO - Processing /usr/local/python/3.12.1/lib/python3.12/site-packages/airflow/example_dags/example_branch_labels.py took 0.060 seconds
