[2025-03-18T10:52:05.514+0000] {processor.py:186} INFO - Started process (PID=49544) to work on /usr/local/python/3.12.1/lib/python3.12/site-packages/airflow/example_dags/example_dataset_alias_with_no_taskflow.py
[2025-03-18T10:52:05.514+0000] {processor.py:914} INFO - Processing file /usr/local/python/3.12.1/lib/python3.12/site-packages/airflow/example_dags/example_dataset_alias_with_no_taskflow.py for tasks to queue
[2025-03-18T10:52:05.516+0000] {logging_mixin.py:190} INFO - [2025-03-18T10:52:05.515+0000] {dagbag.py:588} INFO - Filling up the DagBag from /usr/local/python/3.12.1/lib/python3.12/site-packages/airflow/example_dags/example_dataset_alias_with_no_taskflow.py
[2025-03-18T10:52:05.527+0000] {processor.py:925} INFO - DAG(s) 'dataset_alias_example_alias_producer_with_no_taskflow', 'dataset_s3_bucket_consumer_with_no_taskflow', 'dataset_s3_bucket_producer_with_no_taskflow', 'dataset_alias_example_alias_consumer_with_no_taskflow' retrieved from /usr/local/python/3.12.1/lib/python3.12/site-packages/airflow/example_dags/example_dataset_alias_with_no_taskflow.py
[2025-03-18T10:52:05.606+0000] {logging_mixin.py:190} INFO - [2025-03-18T10:52:05.606+0000] {override.py:1930} INFO - Created Permission View: can read on DAG:dataset_alias_example_alias_producer_with_no_taskflow
[2025-03-18T10:52:05.614+0000] {logging_mixin.py:190} INFO - [2025-03-18T10:52:05.614+0000] {override.py:1930} INFO - Created Permission View: can edit on DAG:dataset_alias_example_alias_producer_with_no_taskflow
[2025-03-18T10:52:05.620+0000] {logging_mixin.py:190} INFO - [2025-03-18T10:52:05.619+0000] {override.py:1930} INFO - Created Permission View: can delete on DAG:dataset_alias_example_alias_producer_with_no_taskflow
[2025-03-18T10:52:05.628+0000] {logging_mixin.py:190} INFO - [2025-03-18T10:52:05.627+0000] {override.py:1930} INFO - Created Permission View: can read on DAG Run:dataset_alias_example_alias_producer_with_no_taskflow
[2025-03-18T10:52:05.633+0000] {logging_mixin.py:190} INFO - [2025-03-18T10:52:05.633+0000] {override.py:1930} INFO - Created Permission View: can create on DAG Run:dataset_alias_example_alias_producer_with_no_taskflow
[2025-03-18T10:52:05.639+0000] {logging_mixin.py:190} INFO - [2025-03-18T10:52:05.638+0000] {override.py:1930} INFO - Created Permission View: menu access on DAG Run:dataset_alias_example_alias_producer_with_no_taskflow
[2025-03-18T10:52:05.644+0000] {logging_mixin.py:190} INFO - [2025-03-18T10:52:05.644+0000] {override.py:1930} INFO - Created Permission View: can delete on DAG Run:dataset_alias_example_alias_producer_with_no_taskflow
[2025-03-18T10:52:05.656+0000] {logging_mixin.py:190} INFO - [2025-03-18T10:52:05.656+0000] {override.py:1930} INFO - Created Permission View: can read on DAG:dataset_s3_bucket_consumer_with_no_taskflow
[2025-03-18T10:52:05.661+0000] {logging_mixin.py:190} INFO - [2025-03-18T10:52:05.661+0000] {override.py:1930} INFO - Created Permission View: can edit on DAG:dataset_s3_bucket_consumer_with_no_taskflow
[2025-03-18T10:52:05.667+0000] {logging_mixin.py:190} INFO - [2025-03-18T10:52:05.667+0000] {override.py:1930} INFO - Created Permission View: can delete on DAG:dataset_s3_bucket_consumer_with_no_taskflow
[2025-03-18T10:52:05.676+0000] {logging_mixin.py:190} INFO - [2025-03-18T10:52:05.675+0000] {override.py:1930} INFO - Created Permission View: can read on DAG Run:dataset_s3_bucket_consumer_with_no_taskflow
[2025-03-18T10:52:05.682+0000] {logging_mixin.py:190} INFO - [2025-03-18T10:52:05.682+0000] {override.py:1930} INFO - Created Permission View: can create on DAG Run:dataset_s3_bucket_consumer_with_no_taskflow
[2025-03-18T10:52:05.689+0000] {logging_mixin.py:190} INFO - [2025-03-18T10:52:05.689+0000] {override.py:1930} INFO - Created Permission View: menu access on DAG Run:dataset_s3_bucket_consumer_with_no_taskflow
[2025-03-18T10:52:05.695+0000] {logging_mixin.py:190} INFO - [2025-03-18T10:52:05.695+0000] {override.py:1930} INFO - Created Permission View: can delete on DAG Run:dataset_s3_bucket_consumer_with_no_taskflow
[2025-03-18T10:52:05.708+0000] {logging_mixin.py:190} INFO - [2025-03-18T10:52:05.708+0000] {override.py:1930} INFO - Created Permission View: can read on DAG:dataset_s3_bucket_producer_with_no_taskflow
[2025-03-18T10:52:05.715+0000] {logging_mixin.py:190} INFO - [2025-03-18T10:52:05.715+0000] {override.py:1930} INFO - Created Permission View: can edit on DAG:dataset_s3_bucket_producer_with_no_taskflow
[2025-03-18T10:52:05.720+0000] {logging_mixin.py:190} INFO - [2025-03-18T10:52:05.720+0000] {override.py:1930} INFO - Created Permission View: can delete on DAG:dataset_s3_bucket_producer_with_no_taskflow
[2025-03-18T10:52:05.729+0000] {logging_mixin.py:190} INFO - [2025-03-18T10:52:05.729+0000] {override.py:1930} INFO - Created Permission View: can read on DAG Run:dataset_s3_bucket_producer_with_no_taskflow
[2025-03-18T10:52:05.735+0000] {logging_mixin.py:190} INFO - [2025-03-18T10:52:05.734+0000] {override.py:1930} INFO - Created Permission View: can create on DAG Run:dataset_s3_bucket_producer_with_no_taskflow
[2025-03-18T10:52:05.740+0000] {logging_mixin.py:190} INFO - [2025-03-18T10:52:05.740+0000] {override.py:1930} INFO - Created Permission View: menu access on DAG Run:dataset_s3_bucket_producer_with_no_taskflow
[2025-03-18T10:52:05.746+0000] {logging_mixin.py:190} INFO - [2025-03-18T10:52:05.746+0000] {override.py:1930} INFO - Created Permission View: can delete on DAG Run:dataset_s3_bucket_producer_with_no_taskflow
[2025-03-18T10:52:05.758+0000] {logging_mixin.py:190} INFO - [2025-03-18T10:52:05.757+0000] {override.py:1930} INFO - Created Permission View: can read on DAG:dataset_alias_example_alias_consumer_with_no_taskflow
[2025-03-18T10:52:05.763+0000] {logging_mixin.py:190} INFO - [2025-03-18T10:52:05.763+0000] {override.py:1930} INFO - Created Permission View: can edit on DAG:dataset_alias_example_alias_consumer_with_no_taskflow
[2025-03-18T10:52:05.769+0000] {logging_mixin.py:190} INFO - [2025-03-18T10:52:05.768+0000] {override.py:1930} INFO - Created Permission View: can delete on DAG:dataset_alias_example_alias_consumer_with_no_taskflow
[2025-03-18T10:52:05.777+0000] {logging_mixin.py:190} INFO - [2025-03-18T10:52:05.777+0000] {override.py:1930} INFO - Created Permission View: can read on DAG Run:dataset_alias_example_alias_consumer_with_no_taskflow
[2025-03-18T10:52:05.783+0000] {logging_mixin.py:190} INFO - [2025-03-18T10:52:05.782+0000] {override.py:1930} INFO - Created Permission View: can create on DAG Run:dataset_alias_example_alias_consumer_with_no_taskflow
[2025-03-18T10:52:05.788+0000] {logging_mixin.py:190} INFO - [2025-03-18T10:52:05.788+0000] {override.py:1930} INFO - Created Permission View: menu access on DAG Run:dataset_alias_example_alias_consumer_with_no_taskflow
[2025-03-18T10:52:05.793+0000] {logging_mixin.py:190} INFO - [2025-03-18T10:52:05.793+0000] {override.py:1930} INFO - Created Permission View: can delete on DAG Run:dataset_alias_example_alias_consumer_with_no_taskflow
[2025-03-18T10:52:05.794+0000] {logging_mixin.py:190} INFO - [2025-03-18T10:52:05.794+0000] {dag.py:3239} INFO - Sync 4 DAGs
[2025-03-18T10:52:05.802+0000] {logging_mixin.py:190} INFO - [2025-03-18T10:52:05.802+0000] {dag.py:3262} INFO - Creating ORM DAG for dataset_s3_bucket_consumer_with_no_taskflow
[2025-03-18T10:52:05.803+0000] {logging_mixin.py:190} INFO - [2025-03-18T10:52:05.803+0000] {dag.py:3262} INFO - Creating ORM DAG for dataset_s3_bucket_producer_with_no_taskflow
[2025-03-18T10:52:05.803+0000] {logging_mixin.py:190} INFO - [2025-03-18T10:52:05.803+0000] {dag.py:3262} INFO - Creating ORM DAG for dataset_alias_example_alias_consumer_with_no_taskflow
[2025-03-18T10:52:05.804+0000] {logging_mixin.py:190} INFO - [2025-03-18T10:52:05.803+0000] {dag.py:3262} INFO - Creating ORM DAG for dataset_alias_example_alias_producer_with_no_taskflow
[2025-03-18T10:52:05.809+0000] {logging_mixin.py:190} INFO - [2025-03-18T10:52:05.809+0000] {dag.py:4180} INFO - Setting next_dagrun for dataset_alias_example_alias_consumer_with_no_taskflow to None, run_after=None
[2025-03-18T10:52:05.810+0000] {logging_mixin.py:190} INFO - [2025-03-18T10:52:05.810+0000] {dag.py:4180} INFO - Setting next_dagrun for dataset_alias_example_alias_producer_with_no_taskflow to None, run_after=None
[2025-03-18T10:52:05.810+0000] {logging_mixin.py:190} INFO - [2025-03-18T10:52:05.810+0000] {dag.py:4180} INFO - Setting next_dagrun for dataset_s3_bucket_consumer_with_no_taskflow to None, run_after=None
[2025-03-18T10:52:05.811+0000] {logging_mixin.py:190} INFO - [2025-03-18T10:52:05.810+0000] {dag.py:4180} INFO - Setting next_dagrun for dataset_s3_bucket_producer_with_no_taskflow to None, run_after=None
[2025-03-18T10:52:05.835+0000] {processor.py:208} INFO - Processing /usr/local/python/3.12.1/lib/python3.12/site-packages/airflow/example_dags/example_dataset_alias_with_no_taskflow.py took 0.326 seconds
[2025-03-18T10:53:43.488+0000] {processor.py:186} INFO - Started process (PID=50835) to work on /usr/local/python/3.12.1/lib/python3.12/site-packages/airflow/example_dags/example_dataset_alias_with_no_taskflow.py
[2025-03-18T10:53:43.489+0000] {processor.py:914} INFO - Processing file /usr/local/python/3.12.1/lib/python3.12/site-packages/airflow/example_dags/example_dataset_alias_with_no_taskflow.py for tasks to queue
[2025-03-18T10:53:43.490+0000] {logging_mixin.py:190} INFO - [2025-03-18T10:53:43.490+0000] {dagbag.py:588} INFO - Filling up the DagBag from /usr/local/python/3.12.1/lib/python3.12/site-packages/airflow/example_dags/example_dataset_alias_with_no_taskflow.py
[2025-03-18T10:53:43.507+0000] {processor.py:925} INFO - DAG(s) 'dataset_alias_example_alias_consumer_with_no_taskflow', 'dataset_s3_bucket_producer_with_no_taskflow', 'dataset_alias_example_alias_producer_with_no_taskflow', 'dataset_s3_bucket_consumer_with_no_taskflow' retrieved from /usr/local/python/3.12.1/lib/python3.12/site-packages/airflow/example_dags/example_dataset_alias_with_no_taskflow.py
[2025-03-18T10:53:43.523+0000] {logging_mixin.py:190} INFO - [2025-03-18T10:53:43.523+0000] {dag.py:3239} INFO - Sync 4 DAGs
[2025-03-18T10:53:43.538+0000] {logging_mixin.py:190} INFO - [2025-03-18T10:53:43.538+0000] {dag.py:4180} INFO - Setting next_dagrun for dataset_alias_example_alias_consumer_with_no_taskflow to None, run_after=None
[2025-03-18T10:53:43.539+0000] {logging_mixin.py:190} INFO - [2025-03-18T10:53:43.539+0000] {dag.py:4180} INFO - Setting next_dagrun for dataset_alias_example_alias_producer_with_no_taskflow to None, run_after=None
[2025-03-18T10:53:43.540+0000] {logging_mixin.py:190} INFO - [2025-03-18T10:53:43.540+0000] {dag.py:4180} INFO - Setting next_dagrun for dataset_s3_bucket_consumer_with_no_taskflow to None, run_after=None
[2025-03-18T10:53:43.541+0000] {logging_mixin.py:190} INFO - [2025-03-18T10:53:43.541+0000] {dag.py:4180} INFO - Setting next_dagrun for dataset_s3_bucket_producer_with_no_taskflow to None, run_after=None
[2025-03-18T10:53:43.556+0000] {processor.py:208} INFO - Processing /usr/local/python/3.12.1/lib/python3.12/site-packages/airflow/example_dags/example_dataset_alias_with_no_taskflow.py took 0.072 seconds
[2025-03-18T10:54:39.093+0000] {processor.py:186} INFO - Started process (PID=51316) to work on /usr/local/python/3.12.1/lib/python3.12/site-packages/airflow/example_dags/example_dataset_alias_with_no_taskflow.py
[2025-03-18T10:54:39.093+0000] {processor.py:914} INFO - Processing file /usr/local/python/3.12.1/lib/python3.12/site-packages/airflow/example_dags/example_dataset_alias_with_no_taskflow.py for tasks to queue
[2025-03-18T10:54:39.095+0000] {logging_mixin.py:190} INFO - [2025-03-18T10:54:39.095+0000] {dagbag.py:588} INFO - Filling up the DagBag from /usr/local/python/3.12.1/lib/python3.12/site-packages/airflow/example_dags/example_dataset_alias_with_no_taskflow.py
[2025-03-18T10:54:39.111+0000] {processor.py:925} INFO - DAG(s) 'dataset_alias_example_alias_consumer_with_no_taskflow', 'dataset_s3_bucket_consumer_with_no_taskflow', 'dataset_alias_example_alias_producer_with_no_taskflow', 'dataset_s3_bucket_producer_with_no_taskflow' retrieved from /usr/local/python/3.12.1/lib/python3.12/site-packages/airflow/example_dags/example_dataset_alias_with_no_taskflow.py
[2025-03-18T10:54:39.128+0000] {logging_mixin.py:190} INFO - [2025-03-18T10:54:39.127+0000] {dag.py:3239} INFO - Sync 4 DAGs
[2025-03-18T10:54:39.144+0000] {logging_mixin.py:190} INFO - [2025-03-18T10:54:39.144+0000] {dag.py:4180} INFO - Setting next_dagrun for dataset_alias_example_alias_consumer_with_no_taskflow to None, run_after=None
[2025-03-18T10:54:39.146+0000] {logging_mixin.py:190} INFO - [2025-03-18T10:54:39.145+0000] {dag.py:4180} INFO - Setting next_dagrun for dataset_alias_example_alias_producer_with_no_taskflow to None, run_after=None
[2025-03-18T10:54:39.147+0000] {logging_mixin.py:190} INFO - [2025-03-18T10:54:39.147+0000] {dag.py:4180} INFO - Setting next_dagrun for dataset_s3_bucket_consumer_with_no_taskflow to None, run_after=None
[2025-03-18T10:54:39.148+0000] {logging_mixin.py:190} INFO - [2025-03-18T10:54:39.147+0000] {dag.py:4180} INFO - Setting next_dagrun for dataset_s3_bucket_producer_with_no_taskflow to None, run_after=None
[2025-03-18T10:54:39.165+0000] {processor.py:208} INFO - Processing /usr/local/python/3.12.1/lib/python3.12/site-packages/airflow/example_dags/example_dataset_alias_with_no_taskflow.py took 0.077 seconds
[2025-03-18T10:55:32.879+0000] {processor.py:186} INFO - Started process (PID=51831) to work on /usr/local/python/3.12.1/lib/python3.12/site-packages/airflow/example_dags/example_dataset_alias_with_no_taskflow.py
[2025-03-18T10:55:32.880+0000] {processor.py:914} INFO - Processing file /usr/local/python/3.12.1/lib/python3.12/site-packages/airflow/example_dags/example_dataset_alias_with_no_taskflow.py for tasks to queue
[2025-03-18T10:55:32.881+0000] {logging_mixin.py:190} INFO - [2025-03-18T10:55:32.881+0000] {dagbag.py:588} INFO - Filling up the DagBag from /usr/local/python/3.12.1/lib/python3.12/site-packages/airflow/example_dags/example_dataset_alias_with_no_taskflow.py
[2025-03-18T10:55:32.897+0000] {processor.py:925} INFO - DAG(s) 'dataset_alias_example_alias_consumer_with_no_taskflow', 'dataset_alias_example_alias_producer_with_no_taskflow', 'dataset_s3_bucket_producer_with_no_taskflow', 'dataset_s3_bucket_consumer_with_no_taskflow' retrieved from /usr/local/python/3.12.1/lib/python3.12/site-packages/airflow/example_dags/example_dataset_alias_with_no_taskflow.py
[2025-03-18T10:55:32.911+0000] {logging_mixin.py:190} INFO - [2025-03-18T10:55:32.911+0000] {dag.py:3239} INFO - Sync 4 DAGs
[2025-03-18T10:55:32.926+0000] {logging_mixin.py:190} INFO - [2025-03-18T10:55:32.926+0000] {dag.py:4180} INFO - Setting next_dagrun for dataset_alias_example_alias_consumer_with_no_taskflow to None, run_after=None
[2025-03-18T10:55:32.928+0000] {logging_mixin.py:190} INFO - [2025-03-18T10:55:32.927+0000] {dag.py:4180} INFO - Setting next_dagrun for dataset_alias_example_alias_producer_with_no_taskflow to None, run_after=None
[2025-03-18T10:55:32.928+0000] {logging_mixin.py:190} INFO - [2025-03-18T10:55:32.928+0000] {dag.py:4180} INFO - Setting next_dagrun for dataset_s3_bucket_consumer_with_no_taskflow to None, run_after=None
[2025-03-18T10:55:32.929+0000] {logging_mixin.py:190} INFO - [2025-03-18T10:55:32.929+0000] {dag.py:4180} INFO - Setting next_dagrun for dataset_s3_bucket_producer_with_no_taskflow to None, run_after=None
[2025-03-18T10:55:32.945+0000] {processor.py:208} INFO - Processing /usr/local/python/3.12.1/lib/python3.12/site-packages/airflow/example_dags/example_dataset_alias_with_no_taskflow.py took 0.069 seconds
[2025-03-18T10:56:46.964+0000] {processor.py:186} INFO - Started process (PID=52748) to work on /usr/local/python/3.12.1/lib/python3.12/site-packages/airflow/example_dags/example_dataset_alias_with_no_taskflow.py
[2025-03-18T10:56:46.965+0000] {processor.py:914} INFO - Processing file /usr/local/python/3.12.1/lib/python3.12/site-packages/airflow/example_dags/example_dataset_alias_with_no_taskflow.py for tasks to queue
[2025-03-18T10:56:46.966+0000] {logging_mixin.py:190} INFO - [2025-03-18T10:56:46.966+0000] {dagbag.py:588} INFO - Filling up the DagBag from /usr/local/python/3.12.1/lib/python3.12/site-packages/airflow/example_dags/example_dataset_alias_with_no_taskflow.py
[2025-03-18T10:56:46.981+0000] {processor.py:925} INFO - DAG(s) 'dataset_alias_example_alias_consumer_with_no_taskflow', 'dataset_s3_bucket_producer_with_no_taskflow', 'dataset_alias_example_alias_producer_with_no_taskflow', 'dataset_s3_bucket_consumer_with_no_taskflow' retrieved from /usr/local/python/3.12.1/lib/python3.12/site-packages/airflow/example_dags/example_dataset_alias_with_no_taskflow.py
[2025-03-18T10:56:46.995+0000] {logging_mixin.py:190} INFO - [2025-03-18T10:56:46.995+0000] {dag.py:3239} INFO - Sync 4 DAGs
[2025-03-18T10:56:47.010+0000] {logging_mixin.py:190} INFO - [2025-03-18T10:56:47.010+0000] {dag.py:4180} INFO - Setting next_dagrun for dataset_alias_example_alias_consumer_with_no_taskflow to None, run_after=None
[2025-03-18T10:56:47.012+0000] {logging_mixin.py:190} INFO - [2025-03-18T10:56:47.012+0000] {dag.py:4180} INFO - Setting next_dagrun for dataset_alias_example_alias_producer_with_no_taskflow to None, run_after=None
[2025-03-18T10:56:47.013+0000] {logging_mixin.py:190} INFO - [2025-03-18T10:56:47.012+0000] {dag.py:4180} INFO - Setting next_dagrun for dataset_s3_bucket_consumer_with_no_taskflow to None, run_after=None
[2025-03-18T10:56:47.013+0000] {logging_mixin.py:190} INFO - [2025-03-18T10:56:47.013+0000] {dag.py:4180} INFO - Setting next_dagrun for dataset_s3_bucket_producer_with_no_taskflow to None, run_after=None
[2025-03-18T10:56:47.029+0000] {processor.py:208} INFO - Processing /usr/local/python/3.12.1/lib/python3.12/site-packages/airflow/example_dags/example_dataset_alias_with_no_taskflow.py took 0.069 seconds
[2025-03-18T10:58:00.565+0000] {processor.py:186} INFO - Started process (PID=53637) to work on /usr/local/python/3.12.1/lib/python3.12/site-packages/airflow/example_dags/example_dataset_alias_with_no_taskflow.py
[2025-03-18T10:58:00.566+0000] {processor.py:914} INFO - Processing file /usr/local/python/3.12.1/lib/python3.12/site-packages/airflow/example_dags/example_dataset_alias_with_no_taskflow.py for tasks to queue
[2025-03-18T10:58:00.567+0000] {logging_mixin.py:190} INFO - [2025-03-18T10:58:00.567+0000] {dagbag.py:588} INFO - Filling up the DagBag from /usr/local/python/3.12.1/lib/python3.12/site-packages/airflow/example_dags/example_dataset_alias_with_no_taskflow.py
[2025-03-18T10:58:00.582+0000] {processor.py:925} INFO - DAG(s) 'dataset_alias_example_alias_consumer_with_no_taskflow', 'dataset_alias_example_alias_producer_with_no_taskflow', 'dataset_s3_bucket_producer_with_no_taskflow', 'dataset_s3_bucket_consumer_with_no_taskflow' retrieved from /usr/local/python/3.12.1/lib/python3.12/site-packages/airflow/example_dags/example_dataset_alias_with_no_taskflow.py
[2025-03-18T10:58:00.596+0000] {logging_mixin.py:190} INFO - [2025-03-18T10:58:00.596+0000] {dag.py:3239} INFO - Sync 4 DAGs
[2025-03-18T10:58:00.611+0000] {logging_mixin.py:190} INFO - [2025-03-18T10:58:00.611+0000] {dag.py:4180} INFO - Setting next_dagrun for dataset_alias_example_alias_consumer_with_no_taskflow to None, run_after=None
[2025-03-18T10:58:00.612+0000] {logging_mixin.py:190} INFO - [2025-03-18T10:58:00.612+0000] {dag.py:4180} INFO - Setting next_dagrun for dataset_alias_example_alias_producer_with_no_taskflow to None, run_after=None
[2025-03-18T10:58:00.613+0000] {logging_mixin.py:190} INFO - [2025-03-18T10:58:00.613+0000] {dag.py:4180} INFO - Setting next_dagrun for dataset_s3_bucket_consumer_with_no_taskflow to None, run_after=None
[2025-03-18T10:58:00.614+0000] {logging_mixin.py:190} INFO - [2025-03-18T10:58:00.614+0000] {dag.py:4180} INFO - Setting next_dagrun for dataset_s3_bucket_producer_with_no_taskflow to None, run_after=None
[2025-03-18T10:58:00.630+0000] {processor.py:208} INFO - Processing /usr/local/python/3.12.1/lib/python3.12/site-packages/airflow/example_dags/example_dataset_alias_with_no_taskflow.py took 0.069 seconds
[2025-03-18T10:59:12.459+0000] {processor.py:186} INFO - Started process (PID=54475) to work on /usr/local/python/3.12.1/lib/python3.12/site-packages/airflow/example_dags/example_dataset_alias_with_no_taskflow.py
[2025-03-18T10:59:12.460+0000] {processor.py:914} INFO - Processing file /usr/local/python/3.12.1/lib/python3.12/site-packages/airflow/example_dags/example_dataset_alias_with_no_taskflow.py for tasks to queue
[2025-03-18T10:59:12.461+0000] {logging_mixin.py:190} INFO - [2025-03-18T10:59:12.461+0000] {dagbag.py:588} INFO - Filling up the DagBag from /usr/local/python/3.12.1/lib/python3.12/site-packages/airflow/example_dags/example_dataset_alias_with_no_taskflow.py
[2025-03-18T10:59:12.477+0000] {processor.py:925} INFO - DAG(s) 'dataset_alias_example_alias_consumer_with_no_taskflow', 'dataset_s3_bucket_consumer_with_no_taskflow', 'dataset_alias_example_alias_producer_with_no_taskflow', 'dataset_s3_bucket_producer_with_no_taskflow' retrieved from /usr/local/python/3.12.1/lib/python3.12/site-packages/airflow/example_dags/example_dataset_alias_with_no_taskflow.py
[2025-03-18T10:59:12.491+0000] {logging_mixin.py:190} INFO - [2025-03-18T10:59:12.490+0000] {dag.py:3239} INFO - Sync 4 DAGs
[2025-03-18T10:59:12.505+0000] {logging_mixin.py:190} INFO - [2025-03-18T10:59:12.505+0000] {dag.py:4180} INFO - Setting next_dagrun for dataset_alias_example_alias_consumer_with_no_taskflow to None, run_after=None
[2025-03-18T10:59:12.507+0000] {logging_mixin.py:190} INFO - [2025-03-18T10:59:12.507+0000] {dag.py:4180} INFO - Setting next_dagrun for dataset_alias_example_alias_producer_with_no_taskflow to None, run_after=None
[2025-03-18T10:59:12.508+0000] {logging_mixin.py:190} INFO - [2025-03-18T10:59:12.508+0000] {dag.py:4180} INFO - Setting next_dagrun for dataset_s3_bucket_consumer_with_no_taskflow to None, run_after=None
[2025-03-18T10:59:12.508+0000] {logging_mixin.py:190} INFO - [2025-03-18T10:59:12.508+0000] {dag.py:4180} INFO - Setting next_dagrun for dataset_s3_bucket_producer_with_no_taskflow to None, run_after=None
[2025-03-18T10:59:12.524+0000] {processor.py:208} INFO - Processing /usr/local/python/3.12.1/lib/python3.12/site-packages/airflow/example_dags/example_dataset_alias_with_no_taskflow.py took 0.069 seconds
[2025-03-18T11:00:25.403+0000] {processor.py:186} INFO - Started process (PID=55287) to work on /usr/local/python/3.12.1/lib/python3.12/site-packages/airflow/example_dags/example_dataset_alias_with_no_taskflow.py
[2025-03-18T11:00:25.404+0000] {processor.py:914} INFO - Processing file /usr/local/python/3.12.1/lib/python3.12/site-packages/airflow/example_dags/example_dataset_alias_with_no_taskflow.py for tasks to queue
[2025-03-18T11:00:25.405+0000] {logging_mixin.py:190} INFO - [2025-03-18T11:00:25.405+0000] {dagbag.py:588} INFO - Filling up the DagBag from /usr/local/python/3.12.1/lib/python3.12/site-packages/airflow/example_dags/example_dataset_alias_with_no_taskflow.py
[2025-03-18T11:00:25.421+0000] {processor.py:925} INFO - DAG(s) 'dataset_s3_bucket_consumer_with_no_taskflow', 'dataset_s3_bucket_producer_with_no_taskflow', 'dataset_alias_example_alias_consumer_with_no_taskflow', 'dataset_alias_example_alias_producer_with_no_taskflow' retrieved from /usr/local/python/3.12.1/lib/python3.12/site-packages/airflow/example_dags/example_dataset_alias_with_no_taskflow.py
[2025-03-18T11:00:25.437+0000] {logging_mixin.py:190} INFO - [2025-03-18T11:00:25.437+0000] {dag.py:3239} INFO - Sync 4 DAGs
[2025-03-18T11:00:25.458+0000] {logging_mixin.py:190} INFO - [2025-03-18T11:00:25.458+0000] {dag.py:4180} INFO - Setting next_dagrun for dataset_alias_example_alias_consumer_with_no_taskflow to None, run_after=None
[2025-03-18T11:00:25.460+0000] {logging_mixin.py:190} INFO - [2025-03-18T11:00:25.460+0000] {dag.py:4180} INFO - Setting next_dagrun for dataset_alias_example_alias_producer_with_no_taskflow to None, run_after=None
[2025-03-18T11:00:25.461+0000] {logging_mixin.py:190} INFO - [2025-03-18T11:00:25.461+0000] {dag.py:4180} INFO - Setting next_dagrun for dataset_s3_bucket_consumer_with_no_taskflow to None, run_after=None
[2025-03-18T11:00:25.462+0000] {logging_mixin.py:190} INFO - [2025-03-18T11:00:25.462+0000] {dag.py:4180} INFO - Setting next_dagrun for dataset_s3_bucket_producer_with_no_taskflow to None, run_after=None
[2025-03-18T11:00:25.483+0000] {processor.py:208} INFO - Processing /usr/local/python/3.12.1/lib/python3.12/site-packages/airflow/example_dags/example_dataset_alias_with_no_taskflow.py took 0.084 seconds
[2025-03-18T11:01:18.867+0000] {processor.py:186} INFO - Started process (PID=57626) to work on /usr/local/python/3.12.1/lib/python3.12/site-packages/airflow/example_dags/example_dataset_alias_with_no_taskflow.py
[2025-03-18T11:01:18.867+0000] {processor.py:914} INFO - Processing file /usr/local/python/3.12.1/lib/python3.12/site-packages/airflow/example_dags/example_dataset_alias_with_no_taskflow.py for tasks to queue
[2025-03-18T11:01:18.869+0000] {logging_mixin.py:190} INFO - [2025-03-18T11:01:18.869+0000] {dagbag.py:588} INFO - Filling up the DagBag from /usr/local/python/3.12.1/lib/python3.12/site-packages/airflow/example_dags/example_dataset_alias_with_no_taskflow.py
[2025-03-18T11:01:18.885+0000] {processor.py:925} INFO - DAG(s) 'dataset_alias_example_alias_consumer_with_no_taskflow', 'dataset_s3_bucket_producer_with_no_taskflow', 'dataset_s3_bucket_consumer_with_no_taskflow', 'dataset_alias_example_alias_producer_with_no_taskflow' retrieved from /usr/local/python/3.12.1/lib/python3.12/site-packages/airflow/example_dags/example_dataset_alias_with_no_taskflow.py
[2025-03-18T11:01:18.898+0000] {logging_mixin.py:190} INFO - [2025-03-18T11:01:18.898+0000] {dag.py:3239} INFO - Sync 4 DAGs
[2025-03-18T11:01:18.913+0000] {logging_mixin.py:190} INFO - [2025-03-18T11:01:18.913+0000] {dag.py:4180} INFO - Setting next_dagrun for dataset_alias_example_alias_consumer_with_no_taskflow to None, run_after=None
[2025-03-18T11:01:18.915+0000] {logging_mixin.py:190} INFO - [2025-03-18T11:01:18.915+0000] {dag.py:4180} INFO - Setting next_dagrun for dataset_alias_example_alias_producer_with_no_taskflow to None, run_after=None
[2025-03-18T11:01:18.916+0000] {logging_mixin.py:190} INFO - [2025-03-18T11:01:18.916+0000] {dag.py:4180} INFO - Setting next_dagrun for dataset_s3_bucket_consumer_with_no_taskflow to None, run_after=None
[2025-03-18T11:01:18.916+0000] {logging_mixin.py:190} INFO - [2025-03-18T11:01:18.916+0000] {dag.py:4180} INFO - Setting next_dagrun for dataset_s3_bucket_producer_with_no_taskflow to None, run_after=None
[2025-03-18T11:01:18.932+0000] {processor.py:208} INFO - Processing /usr/local/python/3.12.1/lib/python3.12/site-packages/airflow/example_dags/example_dataset_alias_with_no_taskflow.py took 0.070 seconds
[2025-03-18T11:02:35.117+0000] {processor.py:186} INFO - Started process (PID=58275) to work on /usr/local/python/3.12.1/lib/python3.12/site-packages/airflow/example_dags/example_dataset_alias_with_no_taskflow.py
[2025-03-18T11:02:35.117+0000] {processor.py:914} INFO - Processing file /usr/local/python/3.12.1/lib/python3.12/site-packages/airflow/example_dags/example_dataset_alias_with_no_taskflow.py for tasks to queue
[2025-03-18T11:02:35.119+0000] {logging_mixin.py:190} INFO - [2025-03-18T11:02:35.118+0000] {dagbag.py:588} INFO - Filling up the DagBag from /usr/local/python/3.12.1/lib/python3.12/site-packages/airflow/example_dags/example_dataset_alias_with_no_taskflow.py
[2025-03-18T11:02:35.134+0000] {processor.py:925} INFO - DAG(s) 'dataset_alias_example_alias_consumer_with_no_taskflow', 'dataset_alias_example_alias_producer_with_no_taskflow', 'dataset_s3_bucket_producer_with_no_taskflow', 'dataset_s3_bucket_consumer_with_no_taskflow' retrieved from /usr/local/python/3.12.1/lib/python3.12/site-packages/airflow/example_dags/example_dataset_alias_with_no_taskflow.py
[2025-03-18T11:02:35.148+0000] {logging_mixin.py:190} INFO - [2025-03-18T11:02:35.148+0000] {dag.py:3239} INFO - Sync 4 DAGs
[2025-03-18T11:02:35.163+0000] {logging_mixin.py:190} INFO - [2025-03-18T11:02:35.163+0000] {dag.py:4180} INFO - Setting next_dagrun for dataset_alias_example_alias_consumer_with_no_taskflow to None, run_after=None
[2025-03-18T11:02:35.164+0000] {logging_mixin.py:190} INFO - [2025-03-18T11:02:35.164+0000] {dag.py:4180} INFO - Setting next_dagrun for dataset_alias_example_alias_producer_with_no_taskflow to None, run_after=None
[2025-03-18T11:02:35.165+0000] {logging_mixin.py:190} INFO - [2025-03-18T11:02:35.165+0000] {dag.py:4180} INFO - Setting next_dagrun for dataset_s3_bucket_consumer_with_no_taskflow to None, run_after=None
[2025-03-18T11:02:35.166+0000] {logging_mixin.py:190} INFO - [2025-03-18T11:02:35.166+0000] {dag.py:4180} INFO - Setting next_dagrun for dataset_s3_bucket_producer_with_no_taskflow to None, run_after=None
[2025-03-18T11:02:35.181+0000] {processor.py:208} INFO - Processing /usr/local/python/3.12.1/lib/python3.12/site-packages/airflow/example_dags/example_dataset_alias_with_no_taskflow.py took 0.069 seconds
[2025-03-18T11:03:45.004+0000] {processor.py:186} INFO - Started process (PID=58852) to work on /usr/local/python/3.12.1/lib/python3.12/site-packages/airflow/example_dags/example_dataset_alias_with_no_taskflow.py
[2025-03-18T11:03:45.005+0000] {processor.py:914} INFO - Processing file /usr/local/python/3.12.1/lib/python3.12/site-packages/airflow/example_dags/example_dataset_alias_with_no_taskflow.py for tasks to queue
[2025-03-18T11:03:45.006+0000] {logging_mixin.py:190} INFO - [2025-03-18T11:03:45.006+0000] {dagbag.py:588} INFO - Filling up the DagBag from /usr/local/python/3.12.1/lib/python3.12/site-packages/airflow/example_dags/example_dataset_alias_with_no_taskflow.py
[2025-03-18T11:03:45.022+0000] {processor.py:925} INFO - DAG(s) 'dataset_alias_example_alias_producer_with_no_taskflow', 'dataset_s3_bucket_consumer_with_no_taskflow', 'dataset_alias_example_alias_consumer_with_no_taskflow', 'dataset_s3_bucket_producer_with_no_taskflow' retrieved from /usr/local/python/3.12.1/lib/python3.12/site-packages/airflow/example_dags/example_dataset_alias_with_no_taskflow.py
[2025-03-18T11:03:45.035+0000] {logging_mixin.py:190} INFO - [2025-03-18T11:03:45.035+0000] {dag.py:3239} INFO - Sync 4 DAGs
[2025-03-18T11:03:45.050+0000] {logging_mixin.py:190} INFO - [2025-03-18T11:03:45.050+0000] {dag.py:4180} INFO - Setting next_dagrun for dataset_alias_example_alias_consumer_with_no_taskflow to None, run_after=None
[2025-03-18T11:03:45.052+0000] {logging_mixin.py:190} INFO - [2025-03-18T11:03:45.051+0000] {dag.py:4180} INFO - Setting next_dagrun for dataset_alias_example_alias_producer_with_no_taskflow to None, run_after=None
[2025-03-18T11:03:45.052+0000] {logging_mixin.py:190} INFO - [2025-03-18T11:03:45.052+0000] {dag.py:4180} INFO - Setting next_dagrun for dataset_s3_bucket_consumer_with_no_taskflow to None, run_after=None
[2025-03-18T11:03:45.053+0000] {logging_mixin.py:190} INFO - [2025-03-18T11:03:45.053+0000] {dag.py:4180} INFO - Setting next_dagrun for dataset_s3_bucket_producer_with_no_taskflow to None, run_after=None
[2025-03-18T11:03:45.069+0000] {processor.py:208} INFO - Processing /usr/local/python/3.12.1/lib/python3.12/site-packages/airflow/example_dags/example_dataset_alias_with_no_taskflow.py took 0.069 seconds
[2025-03-18T11:04:57.986+0000] {processor.py:186} INFO - Started process (PID=59431) to work on /usr/local/python/3.12.1/lib/python3.12/site-packages/airflow/example_dags/example_dataset_alias_with_no_taskflow.py
[2025-03-18T11:04:57.987+0000] {processor.py:914} INFO - Processing file /usr/local/python/3.12.1/lib/python3.12/site-packages/airflow/example_dags/example_dataset_alias_with_no_taskflow.py for tasks to queue
[2025-03-18T11:04:57.988+0000] {logging_mixin.py:190} INFO - [2025-03-18T11:04:57.988+0000] {dagbag.py:588} INFO - Filling up the DagBag from /usr/local/python/3.12.1/lib/python3.12/site-packages/airflow/example_dags/example_dataset_alias_with_no_taskflow.py
[2025-03-18T11:04:58.003+0000] {processor.py:925} INFO - DAG(s) 'dataset_alias_example_alias_consumer_with_no_taskflow', 'dataset_alias_example_alias_producer_with_no_taskflow', 'dataset_s3_bucket_producer_with_no_taskflow', 'dataset_s3_bucket_consumer_with_no_taskflow' retrieved from /usr/local/python/3.12.1/lib/python3.12/site-packages/airflow/example_dags/example_dataset_alias_with_no_taskflow.py
[2025-03-18T11:04:58.017+0000] {logging_mixin.py:190} INFO - [2025-03-18T11:04:58.017+0000] {dag.py:3239} INFO - Sync 4 DAGs
[2025-03-18T11:04:58.032+0000] {logging_mixin.py:190} INFO - [2025-03-18T11:04:58.032+0000] {dag.py:4180} INFO - Setting next_dagrun for dataset_alias_example_alias_consumer_with_no_taskflow to None, run_after=None
[2025-03-18T11:04:58.034+0000] {logging_mixin.py:190} INFO - [2025-03-18T11:04:58.034+0000] {dag.py:4180} INFO - Setting next_dagrun for dataset_alias_example_alias_producer_with_no_taskflow to None, run_after=None
[2025-03-18T11:04:58.035+0000] {logging_mixin.py:190} INFO - [2025-03-18T11:04:58.035+0000] {dag.py:4180} INFO - Setting next_dagrun for dataset_s3_bucket_consumer_with_no_taskflow to None, run_after=None
[2025-03-18T11:04:58.035+0000] {logging_mixin.py:190} INFO - [2025-03-18T11:04:58.035+0000] {dag.py:4180} INFO - Setting next_dagrun for dataset_s3_bucket_producer_with_no_taskflow to None, run_after=None
[2025-03-18T11:04:58.052+0000] {processor.py:208} INFO - Processing /usr/local/python/3.12.1/lib/python3.12/site-packages/airflow/example_dags/example_dataset_alias_with_no_taskflow.py took 0.070 seconds
[2025-03-18T11:06:11.646+0000] {processor.py:186} INFO - Started process (PID=60012) to work on /usr/local/python/3.12.1/lib/python3.12/site-packages/airflow/example_dags/example_dataset_alias_with_no_taskflow.py
[2025-03-18T11:06:11.647+0000] {processor.py:914} INFO - Processing file /usr/local/python/3.12.1/lib/python3.12/site-packages/airflow/example_dags/example_dataset_alias_with_no_taskflow.py for tasks to queue
[2025-03-18T11:06:11.649+0000] {logging_mixin.py:190} INFO - [2025-03-18T11:06:11.648+0000] {dagbag.py:588} INFO - Filling up the DagBag from /usr/local/python/3.12.1/lib/python3.12/site-packages/airflow/example_dags/example_dataset_alias_with_no_taskflow.py
[2025-03-18T11:06:11.664+0000] {processor.py:925} INFO - DAG(s) 'dataset_s3_bucket_producer_with_no_taskflow', 'dataset_alias_example_alias_consumer_with_no_taskflow', 'dataset_alias_example_alias_producer_with_no_taskflow', 'dataset_s3_bucket_consumer_with_no_taskflow' retrieved from /usr/local/python/3.12.1/lib/python3.12/site-packages/airflow/example_dags/example_dataset_alias_with_no_taskflow.py
[2025-03-18T11:06:11.678+0000] {logging_mixin.py:190} INFO - [2025-03-18T11:06:11.678+0000] {dag.py:3239} INFO - Sync 4 DAGs
[2025-03-18T11:06:11.693+0000] {logging_mixin.py:190} INFO - [2025-03-18T11:06:11.693+0000] {dag.py:4180} INFO - Setting next_dagrun for dataset_alias_example_alias_consumer_with_no_taskflow to None, run_after=None
[2025-03-18T11:06:11.695+0000] {logging_mixin.py:190} INFO - [2025-03-18T11:06:11.694+0000] {dag.py:4180} INFO - Setting next_dagrun for dataset_alias_example_alias_producer_with_no_taskflow to None, run_after=None
[2025-03-18T11:06:11.695+0000] {logging_mixin.py:190} INFO - [2025-03-18T11:06:11.695+0000] {dag.py:4180} INFO - Setting next_dagrun for dataset_s3_bucket_consumer_with_no_taskflow to None, run_after=None
[2025-03-18T11:06:11.696+0000] {logging_mixin.py:190} INFO - [2025-03-18T11:06:11.696+0000] {dag.py:4180} INFO - Setting next_dagrun for dataset_s3_bucket_producer_with_no_taskflow to None, run_after=None
[2025-03-18T11:06:11.713+0000] {processor.py:208} INFO - Processing /usr/local/python/3.12.1/lib/python3.12/site-packages/airflow/example_dags/example_dataset_alias_with_no_taskflow.py took 0.071 seconds
[2025-03-18T11:07:28.692+0000] {processor.py:186} INFO - Started process (PID=60620) to work on /usr/local/python/3.12.1/lib/python3.12/site-packages/airflow/example_dags/example_dataset_alias_with_no_taskflow.py
[2025-03-18T11:07:28.693+0000] {processor.py:914} INFO - Processing file /usr/local/python/3.12.1/lib/python3.12/site-packages/airflow/example_dags/example_dataset_alias_with_no_taskflow.py for tasks to queue
[2025-03-18T11:07:28.694+0000] {logging_mixin.py:190} INFO - [2025-03-18T11:07:28.694+0000] {dagbag.py:588} INFO - Filling up the DagBag from /usr/local/python/3.12.1/lib/python3.12/site-packages/airflow/example_dags/example_dataset_alias_with_no_taskflow.py
[2025-03-18T11:07:28.710+0000] {processor.py:925} INFO - DAG(s) 'dataset_s3_bucket_consumer_with_no_taskflow', 'dataset_alias_example_alias_producer_with_no_taskflow', 'dataset_s3_bucket_producer_with_no_taskflow', 'dataset_alias_example_alias_consumer_with_no_taskflow' retrieved from /usr/local/python/3.12.1/lib/python3.12/site-packages/airflow/example_dags/example_dataset_alias_with_no_taskflow.py
[2025-03-18T11:07:28.724+0000] {logging_mixin.py:190} INFO - [2025-03-18T11:07:28.724+0000] {dag.py:3239} INFO - Sync 4 DAGs
[2025-03-18T11:07:28.739+0000] {logging_mixin.py:190} INFO - [2025-03-18T11:07:28.738+0000] {dag.py:4180} INFO - Setting next_dagrun for dataset_alias_example_alias_consumer_with_no_taskflow to None, run_after=None
[2025-03-18T11:07:28.740+0000] {logging_mixin.py:190} INFO - [2025-03-18T11:07:28.740+0000] {dag.py:4180} INFO - Setting next_dagrun for dataset_alias_example_alias_producer_with_no_taskflow to None, run_after=None
[2025-03-18T11:07:28.741+0000] {logging_mixin.py:190} INFO - [2025-03-18T11:07:28.741+0000] {dag.py:4180} INFO - Setting next_dagrun for dataset_s3_bucket_consumer_with_no_taskflow to None, run_after=None
[2025-03-18T11:07:28.742+0000] {logging_mixin.py:190} INFO - [2025-03-18T11:07:28.741+0000] {dag.py:4180} INFO - Setting next_dagrun for dataset_s3_bucket_producer_with_no_taskflow to None, run_after=None
[2025-03-18T11:07:28.758+0000] {processor.py:208} INFO - Processing /usr/local/python/3.12.1/lib/python3.12/site-packages/airflow/example_dags/example_dataset_alias_with_no_taskflow.py took 0.070 seconds
[2025-03-18T11:08:43.245+0000] {processor.py:186} INFO - Started process (PID=61235) to work on /usr/local/python/3.12.1/lib/python3.12/site-packages/airflow/example_dags/example_dataset_alias_with_no_taskflow.py
[2025-03-18T11:08:43.245+0000] {processor.py:914} INFO - Processing file /usr/local/python/3.12.1/lib/python3.12/site-packages/airflow/example_dags/example_dataset_alias_with_no_taskflow.py for tasks to queue
[2025-03-18T11:08:43.247+0000] {logging_mixin.py:190} INFO - [2025-03-18T11:08:43.246+0000] {dagbag.py:588} INFO - Filling up the DagBag from /usr/local/python/3.12.1/lib/python3.12/site-packages/airflow/example_dags/example_dataset_alias_with_no_taskflow.py
[2025-03-18T11:08:43.262+0000] {processor.py:925} INFO - DAG(s) 'dataset_s3_bucket_consumer_with_no_taskflow', 'dataset_s3_bucket_producer_with_no_taskflow', 'dataset_alias_example_alias_consumer_with_no_taskflow', 'dataset_alias_example_alias_producer_with_no_taskflow' retrieved from /usr/local/python/3.12.1/lib/python3.12/site-packages/airflow/example_dags/example_dataset_alias_with_no_taskflow.py
[2025-03-18T11:08:43.276+0000] {logging_mixin.py:190} INFO - [2025-03-18T11:08:43.276+0000] {dag.py:3239} INFO - Sync 4 DAGs
[2025-03-18T11:08:43.290+0000] {logging_mixin.py:190} INFO - [2025-03-18T11:08:43.290+0000] {dag.py:4180} INFO - Setting next_dagrun for dataset_alias_example_alias_consumer_with_no_taskflow to None, run_after=None
[2025-03-18T11:08:43.292+0000] {logging_mixin.py:190} INFO - [2025-03-18T11:08:43.292+0000] {dag.py:4180} INFO - Setting next_dagrun for dataset_alias_example_alias_producer_with_no_taskflow to None, run_after=None
[2025-03-18T11:08:43.293+0000] {logging_mixin.py:190} INFO - [2025-03-18T11:08:43.292+0000] {dag.py:4180} INFO - Setting next_dagrun for dataset_s3_bucket_consumer_with_no_taskflow to None, run_after=None
[2025-03-18T11:08:43.293+0000] {logging_mixin.py:190} INFO - [2025-03-18T11:08:43.293+0000] {dag.py:4180} INFO - Setting next_dagrun for dataset_s3_bucket_producer_with_no_taskflow to None, run_after=None
[2025-03-18T11:08:43.309+0000] {processor.py:208} INFO - Processing /usr/local/python/3.12.1/lib/python3.12/site-packages/airflow/example_dags/example_dataset_alias_with_no_taskflow.py took 0.068 seconds
[2025-03-18T11:09:36.993+0000] {processor.py:186} INFO - Started process (PID=61697) to work on /usr/local/python/3.12.1/lib/python3.12/site-packages/airflow/example_dags/example_dataset_alias_with_no_taskflow.py
[2025-03-18T11:09:36.993+0000] {processor.py:914} INFO - Processing file /usr/local/python/3.12.1/lib/python3.12/site-packages/airflow/example_dags/example_dataset_alias_with_no_taskflow.py for tasks to queue
[2025-03-18T11:09:36.995+0000] {logging_mixin.py:190} INFO - [2025-03-18T11:09:36.995+0000] {dagbag.py:588} INFO - Filling up the DagBag from /usr/local/python/3.12.1/lib/python3.12/site-packages/airflow/example_dags/example_dataset_alias_with_no_taskflow.py
[2025-03-18T11:09:37.011+0000] {processor.py:925} INFO - DAG(s) 'dataset_alias_example_alias_producer_with_no_taskflow', 'dataset_s3_bucket_consumer_with_no_taskflow', 'dataset_s3_bucket_producer_with_no_taskflow', 'dataset_alias_example_alias_consumer_with_no_taskflow' retrieved from /usr/local/python/3.12.1/lib/python3.12/site-packages/airflow/example_dags/example_dataset_alias_with_no_taskflow.py
[2025-03-18T11:09:37.025+0000] {logging_mixin.py:190} INFO - [2025-03-18T11:09:37.025+0000] {dag.py:3239} INFO - Sync 4 DAGs
[2025-03-18T11:09:37.041+0000] {logging_mixin.py:190} INFO - [2025-03-18T11:09:37.041+0000] {dag.py:4180} INFO - Setting next_dagrun for dataset_alias_example_alias_consumer_with_no_taskflow to None, run_after=None
[2025-03-18T11:09:37.042+0000] {logging_mixin.py:190} INFO - [2025-03-18T11:09:37.042+0000] {dag.py:4180} INFO - Setting next_dagrun for dataset_alias_example_alias_producer_with_no_taskflow to None, run_after=None
[2025-03-18T11:09:37.043+0000] {logging_mixin.py:190} INFO - [2025-03-18T11:09:37.043+0000] {dag.py:4180} INFO - Setting next_dagrun for dataset_s3_bucket_consumer_with_no_taskflow to None, run_after=None
[2025-03-18T11:09:37.044+0000] {logging_mixin.py:190} INFO - [2025-03-18T11:09:37.044+0000] {dag.py:4180} INFO - Setting next_dagrun for dataset_s3_bucket_producer_with_no_taskflow to None, run_after=None
[2025-03-18T11:09:37.060+0000] {processor.py:208} INFO - Processing /usr/local/python/3.12.1/lib/python3.12/site-packages/airflow/example_dags/example_dataset_alias_with_no_taskflow.py took 0.072 seconds
[2025-03-18T11:10:29.475+0000] {processor.py:186} INFO - Started process (PID=62165) to work on /usr/local/python/3.12.1/lib/python3.12/site-packages/airflow/example_dags/example_dataset_alias_with_no_taskflow.py
[2025-03-18T11:10:29.476+0000] {processor.py:914} INFO - Processing file /usr/local/python/3.12.1/lib/python3.12/site-packages/airflow/example_dags/example_dataset_alias_with_no_taskflow.py for tasks to queue
[2025-03-18T11:10:29.477+0000] {logging_mixin.py:190} INFO - [2025-03-18T11:10:29.477+0000] {dagbag.py:588} INFO - Filling up the DagBag from /usr/local/python/3.12.1/lib/python3.12/site-packages/airflow/example_dags/example_dataset_alias_with_no_taskflow.py
[2025-03-18T11:10:29.492+0000] {processor.py:925} INFO - DAG(s) 'dataset_alias_example_alias_consumer_with_no_taskflow', 'dataset_alias_example_alias_producer_with_no_taskflow', 'dataset_s3_bucket_consumer_with_no_taskflow', 'dataset_s3_bucket_producer_with_no_taskflow' retrieved from /usr/local/python/3.12.1/lib/python3.12/site-packages/airflow/example_dags/example_dataset_alias_with_no_taskflow.py
[2025-03-18T11:10:29.506+0000] {logging_mixin.py:190} INFO - [2025-03-18T11:10:29.506+0000] {dag.py:3239} INFO - Sync 4 DAGs
[2025-03-18T11:10:29.520+0000] {logging_mixin.py:190} INFO - [2025-03-18T11:10:29.520+0000] {dag.py:4180} INFO - Setting next_dagrun for dataset_alias_example_alias_consumer_with_no_taskflow to None, run_after=None
[2025-03-18T11:10:29.522+0000] {logging_mixin.py:190} INFO - [2025-03-18T11:10:29.522+0000] {dag.py:4180} INFO - Setting next_dagrun for dataset_alias_example_alias_producer_with_no_taskflow to None, run_after=None
[2025-03-18T11:10:29.522+0000] {logging_mixin.py:190} INFO - [2025-03-18T11:10:29.522+0000] {dag.py:4180} INFO - Setting next_dagrun for dataset_s3_bucket_consumer_with_no_taskflow to None, run_after=None
[2025-03-18T11:10:29.523+0000] {logging_mixin.py:190} INFO - [2025-03-18T11:10:29.523+0000] {dag.py:4180} INFO - Setting next_dagrun for dataset_s3_bucket_producer_with_no_taskflow to None, run_after=None
[2025-03-18T11:10:29.540+0000] {processor.py:208} INFO - Processing /usr/local/python/3.12.1/lib/python3.12/site-packages/airflow/example_dags/example_dataset_alias_with_no_taskflow.py took 0.069 seconds
[2025-03-18T11:11:40.045+0000] {processor.py:186} INFO - Started process (PID=62798) to work on /usr/local/python/3.12.1/lib/python3.12/site-packages/airflow/example_dags/example_dataset_alias_with_no_taskflow.py
[2025-03-18T11:11:40.045+0000] {processor.py:914} INFO - Processing file /usr/local/python/3.12.1/lib/python3.12/site-packages/airflow/example_dags/example_dataset_alias_with_no_taskflow.py for tasks to queue
[2025-03-18T11:11:40.047+0000] {logging_mixin.py:190} INFO - [2025-03-18T11:11:40.046+0000] {dagbag.py:588} INFO - Filling up the DagBag from /usr/local/python/3.12.1/lib/python3.12/site-packages/airflow/example_dags/example_dataset_alias_with_no_taskflow.py
[2025-03-18T11:11:40.062+0000] {processor.py:925} INFO - DAG(s) 'dataset_alias_example_alias_producer_with_no_taskflow', 'dataset_s3_bucket_producer_with_no_taskflow', 'dataset_s3_bucket_consumer_with_no_taskflow', 'dataset_alias_example_alias_consumer_with_no_taskflow' retrieved from /usr/local/python/3.12.1/lib/python3.12/site-packages/airflow/example_dags/example_dataset_alias_with_no_taskflow.py
[2025-03-18T11:11:40.076+0000] {logging_mixin.py:190} INFO - [2025-03-18T11:11:40.076+0000] {dag.py:3239} INFO - Sync 4 DAGs
[2025-03-18T11:11:40.090+0000] {logging_mixin.py:190} INFO - [2025-03-18T11:11:40.090+0000] {dag.py:4180} INFO - Setting next_dagrun for dataset_alias_example_alias_consumer_with_no_taskflow to None, run_after=None
[2025-03-18T11:11:40.092+0000] {logging_mixin.py:190} INFO - [2025-03-18T11:11:40.092+0000] {dag.py:4180} INFO - Setting next_dagrun for dataset_alias_example_alias_producer_with_no_taskflow to None, run_after=None
[2025-03-18T11:11:40.093+0000] {logging_mixin.py:190} INFO - [2025-03-18T11:11:40.093+0000] {dag.py:4180} INFO - Setting next_dagrun for dataset_s3_bucket_consumer_with_no_taskflow to None, run_after=None
[2025-03-18T11:11:40.093+0000] {logging_mixin.py:190} INFO - [2025-03-18T11:11:40.093+0000] {dag.py:4180} INFO - Setting next_dagrun for dataset_s3_bucket_producer_with_no_taskflow to None, run_after=None
[2025-03-18T11:11:40.110+0000] {processor.py:208} INFO - Processing /usr/local/python/3.12.1/lib/python3.12/site-packages/airflow/example_dags/example_dataset_alias_with_no_taskflow.py took 0.070 seconds
