[2025-03-18T10:51:33.152+0000] {processor.py:186} INFO - Started process (PID=49292) to work on /usr/local/python/3.12.1/lib/python3.12/site-packages/airflow/example_dags/example_task_group_decorator.py
[2025-03-18T10:51:33.153+0000] {processor.py:914} INFO - Processing file /usr/local/python/3.12.1/lib/python3.12/site-packages/airflow/example_dags/example_task_group_decorator.py for tasks to queue
[2025-03-18T10:51:33.154+0000] {logging_mixin.py:190} INFO - [2025-03-18T10:51:33.154+0000] {dagbag.py:588} INFO - Filling up the DagBag from /usr/local/python/3.12.1/lib/python3.12/site-packages/airflow/example_dags/example_task_group_decorator.py
[2025-03-18T10:51:33.168+0000] {processor.py:925} INFO - DAG(s) 'example_task_group_decorator' retrieved from /usr/local/python/3.12.1/lib/python3.12/site-packages/airflow/example_dags/example_task_group_decorator.py
[2025-03-18T10:51:33.258+0000] {logging_mixin.py:190} INFO - [2025-03-18T10:51:33.258+0000] {override.py:1930} INFO - Created Permission View: can read on DAG:example_task_group_decorator
[2025-03-18T10:51:33.267+0000] {logging_mixin.py:190} INFO - [2025-03-18T10:51:33.267+0000] {override.py:1930} INFO - Created Permission View: can edit on DAG:example_task_group_decorator
[2025-03-18T10:51:33.273+0000] {logging_mixin.py:190} INFO - [2025-03-18T10:51:33.272+0000] {override.py:1930} INFO - Created Permission View: can delete on DAG:example_task_group_decorator
[2025-03-18T10:51:33.282+0000] {logging_mixin.py:190} INFO - [2025-03-18T10:51:33.281+0000] {override.py:1930} INFO - Created Permission View: can read on DAG Run:example_task_group_decorator
[2025-03-18T10:51:33.287+0000] {logging_mixin.py:190} INFO - [2025-03-18T10:51:33.287+0000] {override.py:1930} INFO - Created Permission View: can create on DAG Run:example_task_group_decorator
[2025-03-18T10:51:33.293+0000] {logging_mixin.py:190} INFO - [2025-03-18T10:51:33.292+0000] {override.py:1930} INFO - Created Permission View: menu access on DAG Run:example_task_group_decorator
[2025-03-18T10:51:33.298+0000] {logging_mixin.py:190} INFO - [2025-03-18T10:51:33.298+0000] {override.py:1930} INFO - Created Permission View: can delete on DAG Run:example_task_group_decorator
[2025-03-18T10:51:33.298+0000] {logging_mixin.py:190} INFO - [2025-03-18T10:51:33.298+0000] {dag.py:3239} INFO - Sync 1 DAGs
[2025-03-18T10:51:33.307+0000] {logging_mixin.py:190} INFO - [2025-03-18T10:51:33.307+0000] {dag.py:3262} INFO - Creating ORM DAG for example_task_group_decorator
[2025-03-18T10:51:33.307+0000] {logging_mixin.py:190} INFO - [2025-03-18T10:51:33.307+0000] {dag.py:4180} INFO - Setting next_dagrun for example_task_group_decorator to None, run_after=None
[2025-03-18T10:51:33.322+0000] {processor.py:208} INFO - Processing /usr/local/python/3.12.1/lib/python3.12/site-packages/airflow/example_dags/example_task_group_decorator.py took 0.174 seconds
[2025-03-18T10:52:34.090+0000] {processor.py:186} INFO - Started process (PID=49970) to work on /usr/local/python/3.12.1/lib/python3.12/site-packages/airflow/example_dags/example_task_group_decorator.py
[2025-03-18T10:52:34.091+0000] {processor.py:914} INFO - Processing file /usr/local/python/3.12.1/lib/python3.12/site-packages/airflow/example_dags/example_task_group_decorator.py for tasks to queue
[2025-03-18T10:52:34.092+0000] {logging_mixin.py:190} INFO - [2025-03-18T10:52:34.092+0000] {dagbag.py:588} INFO - Filling up the DagBag from /usr/local/python/3.12.1/lib/python3.12/site-packages/airflow/example_dags/example_task_group_decorator.py
[2025-03-18T10:52:34.104+0000] {processor.py:925} INFO - DAG(s) 'example_task_group_decorator' retrieved from /usr/local/python/3.12.1/lib/python3.12/site-packages/airflow/example_dags/example_task_group_decorator.py
[2025-03-18T10:52:34.119+0000] {logging_mixin.py:190} INFO - [2025-03-18T10:52:34.118+0000] {dag.py:3239} INFO - Sync 1 DAGs
[2025-03-18T10:52:34.128+0000] {logging_mixin.py:190} INFO - [2025-03-18T10:52:34.128+0000] {dag.py:4180} INFO - Setting next_dagrun for example_task_group_decorator to None, run_after=None
[2025-03-18T10:52:34.142+0000] {processor.py:208} INFO - Processing /usr/local/python/3.12.1/lib/python3.12/site-packages/airflow/example_dags/example_task_group_decorator.py took 0.056 seconds
[2025-03-18T10:53:15.137+0000] {processor.py:186} INFO - Started process (PID=50468) to work on /usr/local/python/3.12.1/lib/python3.12/site-packages/airflow/example_dags/example_task_group_decorator.py
[2025-03-18T10:53:15.137+0000] {processor.py:914} INFO - Processing file /usr/local/python/3.12.1/lib/python3.12/site-packages/airflow/example_dags/example_task_group_decorator.py for tasks to queue
[2025-03-18T10:53:15.139+0000] {logging_mixin.py:190} INFO - [2025-03-18T10:53:15.138+0000] {dagbag.py:588} INFO - Filling up the DagBag from /usr/local/python/3.12.1/lib/python3.12/site-packages/airflow/example_dags/example_task_group_decorator.py
[2025-03-18T10:53:15.151+0000] {processor.py:925} INFO - DAG(s) 'example_task_group_decorator' retrieved from /usr/local/python/3.12.1/lib/python3.12/site-packages/airflow/example_dags/example_task_group_decorator.py
[2025-03-18T10:53:15.166+0000] {logging_mixin.py:190} INFO - [2025-03-18T10:53:15.166+0000] {dag.py:3239} INFO - Sync 1 DAGs
[2025-03-18T10:53:15.176+0000] {logging_mixin.py:190} INFO - [2025-03-18T10:53:15.175+0000] {dag.py:4180} INFO - Setting next_dagrun for example_task_group_decorator to None, run_after=None
[2025-03-18T10:53:15.191+0000] {processor.py:208} INFO - Processing /usr/local/python/3.12.1/lib/python3.12/site-packages/airflow/example_dags/example_task_group_decorator.py took 0.058 seconds
[2025-03-18T10:54:10.697+0000] {processor.py:186} INFO - Started process (PID=51091) to work on /usr/local/python/3.12.1/lib/python3.12/site-packages/airflow/example_dags/example_task_group_decorator.py
[2025-03-18T10:54:10.698+0000] {processor.py:914} INFO - Processing file /usr/local/python/3.12.1/lib/python3.12/site-packages/airflow/example_dags/example_task_group_decorator.py for tasks to queue
[2025-03-18T10:54:10.699+0000] {logging_mixin.py:190} INFO - [2025-03-18T10:54:10.699+0000] {dagbag.py:588} INFO - Filling up the DagBag from /usr/local/python/3.12.1/lib/python3.12/site-packages/airflow/example_dags/example_task_group_decorator.py
[2025-03-18T10:54:10.711+0000] {processor.py:925} INFO - DAG(s) 'example_task_group_decorator' retrieved from /usr/local/python/3.12.1/lib/python3.12/site-packages/airflow/example_dags/example_task_group_decorator.py
[2025-03-18T10:54:10.726+0000] {logging_mixin.py:190} INFO - [2025-03-18T10:54:10.726+0000] {dag.py:3239} INFO - Sync 1 DAGs
[2025-03-18T10:54:10.735+0000] {logging_mixin.py:190} INFO - [2025-03-18T10:54:10.735+0000] {dag.py:4180} INFO - Setting next_dagrun for example_task_group_decorator to None, run_after=None
[2025-03-18T10:54:10.750+0000] {processor.py:208} INFO - Processing /usr/local/python/3.12.1/lib/python3.12/site-packages/airflow/example_dags/example_task_group_decorator.py took 0.057 seconds
[2025-03-18T10:55:03.604+0000] {processor.py:186} INFO - Started process (PID=51547) to work on /usr/local/python/3.12.1/lib/python3.12/site-packages/airflow/example_dags/example_task_group_decorator.py
[2025-03-18T10:55:03.605+0000] {processor.py:914} INFO - Processing file /usr/local/python/3.12.1/lib/python3.12/site-packages/airflow/example_dags/example_task_group_decorator.py for tasks to queue
[2025-03-18T10:55:03.607+0000] {logging_mixin.py:190} INFO - [2025-03-18T10:55:03.606+0000] {dagbag.py:588} INFO - Filling up the DagBag from /usr/local/python/3.12.1/lib/python3.12/site-packages/airflow/example_dags/example_task_group_decorator.py
[2025-03-18T10:55:03.620+0000] {processor.py:925} INFO - DAG(s) 'example_task_group_decorator' retrieved from /usr/local/python/3.12.1/lib/python3.12/site-packages/airflow/example_dags/example_task_group_decorator.py
[2025-03-18T10:55:03.637+0000] {logging_mixin.py:190} INFO - [2025-03-18T10:55:03.637+0000] {dag.py:3239} INFO - Sync 1 DAGs
[2025-03-18T10:55:03.646+0000] {logging_mixin.py:190} INFO - [2025-03-18T10:55:03.646+0000] {dag.py:4180} INFO - Setting next_dagrun for example_task_group_decorator to None, run_after=None
[2025-03-18T10:55:03.660+0000] {processor.py:208} INFO - Processing /usr/local/python/3.12.1/lib/python3.12/site-packages/airflow/example_dags/example_task_group_decorator.py took 0.061 seconds
[2025-03-18T10:55:54.255+0000] {processor.py:186} INFO - Started process (PID=52159) to work on /usr/local/python/3.12.1/lib/python3.12/site-packages/airflow/example_dags/example_task_group_decorator.py
[2025-03-18T10:55:54.256+0000] {processor.py:914} INFO - Processing file /usr/local/python/3.12.1/lib/python3.12/site-packages/airflow/example_dags/example_task_group_decorator.py for tasks to queue
[2025-03-18T10:55:54.258+0000] {logging_mixin.py:190} INFO - [2025-03-18T10:55:54.257+0000] {dagbag.py:588} INFO - Filling up the DagBag from /usr/local/python/3.12.1/lib/python3.12/site-packages/airflow/example_dags/example_task_group_decorator.py
[2025-03-18T10:55:54.269+0000] {processor.py:925} INFO - DAG(s) 'example_task_group_decorator' retrieved from /usr/local/python/3.12.1/lib/python3.12/site-packages/airflow/example_dags/example_task_group_decorator.py
[2025-03-18T10:55:54.283+0000] {logging_mixin.py:190} INFO - [2025-03-18T10:55:54.283+0000] {dag.py:3239} INFO - Sync 1 DAGs
[2025-03-18T10:55:54.292+0000] {logging_mixin.py:190} INFO - [2025-03-18T10:55:54.292+0000] {dag.py:4180} INFO - Setting next_dagrun for example_task_group_decorator to None, run_after=None
[2025-03-18T10:55:54.306+0000] {processor.py:208} INFO - Processing /usr/local/python/3.12.1/lib/python3.12/site-packages/airflow/example_dags/example_task_group_decorator.py took 0.055 seconds
[2025-03-18T10:56:42.661+0000] {processor.py:186} INFO - Started process (PID=52721) to work on /usr/local/python/3.12.1/lib/python3.12/site-packages/airflow/example_dags/example_task_group_decorator.py
[2025-03-18T10:56:42.661+0000] {processor.py:914} INFO - Processing file /usr/local/python/3.12.1/lib/python3.12/site-packages/airflow/example_dags/example_task_group_decorator.py for tasks to queue
[2025-03-18T10:56:42.663+0000] {logging_mixin.py:190} INFO - [2025-03-18T10:56:42.663+0000] {dagbag.py:588} INFO - Filling up the DagBag from /usr/local/python/3.12.1/lib/python3.12/site-packages/airflow/example_dags/example_task_group_decorator.py
[2025-03-18T10:56:42.675+0000] {processor.py:925} INFO - DAG(s) 'example_task_group_decorator' retrieved from /usr/local/python/3.12.1/lib/python3.12/site-packages/airflow/example_dags/example_task_group_decorator.py
[2025-03-18T10:56:42.689+0000] {logging_mixin.py:190} INFO - [2025-03-18T10:56:42.689+0000] {dag.py:3239} INFO - Sync 1 DAGs
[2025-03-18T10:56:42.699+0000] {logging_mixin.py:190} INFO - [2025-03-18T10:56:42.699+0000] {dag.py:4180} INFO - Setting next_dagrun for example_task_group_decorator to None, run_after=None
[2025-03-18T10:56:42.714+0000] {processor.py:208} INFO - Processing /usr/local/python/3.12.1/lib/python3.12/site-packages/airflow/example_dags/example_task_group_decorator.py took 0.057 seconds
[2025-03-18T10:57:32.392+0000] {processor.py:186} INFO - Started process (PID=53336) to work on /usr/local/python/3.12.1/lib/python3.12/site-packages/airflow/example_dags/example_task_group_decorator.py
[2025-03-18T10:57:32.392+0000] {processor.py:914} INFO - Processing file /usr/local/python/3.12.1/lib/python3.12/site-packages/airflow/example_dags/example_task_group_decorator.py for tasks to queue
[2025-03-18T10:57:32.394+0000] {logging_mixin.py:190} INFO - [2025-03-18T10:57:32.394+0000] {dagbag.py:588} INFO - Filling up the DagBag from /usr/local/python/3.12.1/lib/python3.12/site-packages/airflow/example_dags/example_task_group_decorator.py
[2025-03-18T10:57:32.408+0000] {processor.py:925} INFO - DAG(s) 'example_task_group_decorator' retrieved from /usr/local/python/3.12.1/lib/python3.12/site-packages/airflow/example_dags/example_task_group_decorator.py
[2025-03-18T10:57:32.423+0000] {logging_mixin.py:190} INFO - [2025-03-18T10:57:32.423+0000] {dag.py:3239} INFO - Sync 1 DAGs
[2025-03-18T10:57:32.432+0000] {logging_mixin.py:190} INFO - [2025-03-18T10:57:32.432+0000] {dag.py:4180} INFO - Setting next_dagrun for example_task_group_decorator to None, run_after=None
[2025-03-18T10:57:32.447+0000] {processor.py:208} INFO - Processing /usr/local/python/3.12.1/lib/python3.12/site-packages/airflow/example_dags/example_task_group_decorator.py took 0.059 seconds
[2025-03-18T10:58:21.197+0000] {processor.py:186} INFO - Started process (PID=53827) to work on /usr/local/python/3.12.1/lib/python3.12/site-packages/airflow/example_dags/example_task_group_decorator.py
[2025-03-18T10:58:21.198+0000] {processor.py:914} INFO - Processing file /usr/local/python/3.12.1/lib/python3.12/site-packages/airflow/example_dags/example_task_group_decorator.py for tasks to queue
[2025-03-18T10:58:21.200+0000] {logging_mixin.py:190} INFO - [2025-03-18T10:58:21.200+0000] {dagbag.py:588} INFO - Filling up the DagBag from /usr/local/python/3.12.1/lib/python3.12/site-packages/airflow/example_dags/example_task_group_decorator.py
[2025-03-18T10:58:21.212+0000] {processor.py:925} INFO - DAG(s) 'example_task_group_decorator' retrieved from /usr/local/python/3.12.1/lib/python3.12/site-packages/airflow/example_dags/example_task_group_decorator.py
[2025-03-18T10:58:21.230+0000] {logging_mixin.py:190} INFO - [2025-03-18T10:58:21.230+0000] {dag.py:3239} INFO - Sync 1 DAGs
[2025-03-18T10:58:21.240+0000] {logging_mixin.py:190} INFO - [2025-03-18T10:58:21.240+0000] {dag.py:4180} INFO - Setting next_dagrun for example_task_group_decorator to None, run_after=None
[2025-03-18T10:58:21.254+0000] {processor.py:208} INFO - Processing /usr/local/python/3.12.1/lib/python3.12/site-packages/airflow/example_dags/example_task_group_decorator.py took 0.061 seconds
[2025-03-18T10:59:07.320+0000] {processor.py:186} INFO - Started process (PID=54386) to work on /usr/local/python/3.12.1/lib/python3.12/site-packages/airflow/example_dags/example_task_group_decorator.py
[2025-03-18T10:59:07.321+0000] {processor.py:914} INFO - Processing file /usr/local/python/3.12.1/lib/python3.12/site-packages/airflow/example_dags/example_task_group_decorator.py for tasks to queue
[2025-03-18T10:59:07.322+0000] {logging_mixin.py:190} INFO - [2025-03-18T10:59:07.322+0000] {dagbag.py:588} INFO - Filling up the DagBag from /usr/local/python/3.12.1/lib/python3.12/site-packages/airflow/example_dags/example_task_group_decorator.py
[2025-03-18T10:59:07.334+0000] {processor.py:925} INFO - DAG(s) 'example_task_group_decorator' retrieved from /usr/local/python/3.12.1/lib/python3.12/site-packages/airflow/example_dags/example_task_group_decorator.py
[2025-03-18T10:59:07.350+0000] {logging_mixin.py:190} INFO - [2025-03-18T10:59:07.350+0000] {dag.py:3239} INFO - Sync 1 DAGs
[2025-03-18T10:59:07.361+0000] {logging_mixin.py:190} INFO - [2025-03-18T10:59:07.361+0000] {dag.py:4180} INFO - Setting next_dagrun for example_task_group_decorator to None, run_after=None
[2025-03-18T10:59:07.381+0000] {processor.py:208} INFO - Processing /usr/local/python/3.12.1/lib/python3.12/site-packages/airflow/example_dags/example_task_group_decorator.py took 0.065 seconds
[2025-03-18T10:59:55.020+0000] {processor.py:186} INFO - Started process (PID=54897) to work on /usr/local/python/3.12.1/lib/python3.12/site-packages/airflow/example_dags/example_task_group_decorator.py
[2025-03-18T10:59:55.020+0000] {processor.py:914} INFO - Processing file /usr/local/python/3.12.1/lib/python3.12/site-packages/airflow/example_dags/example_task_group_decorator.py for tasks to queue
[2025-03-18T10:59:55.022+0000] {logging_mixin.py:190} INFO - [2025-03-18T10:59:55.022+0000] {dagbag.py:588} INFO - Filling up the DagBag from /usr/local/python/3.12.1/lib/python3.12/site-packages/airflow/example_dags/example_task_group_decorator.py
[2025-03-18T10:59:55.038+0000] {processor.py:925} INFO - DAG(s) 'example_task_group_decorator' retrieved from /usr/local/python/3.12.1/lib/python3.12/site-packages/airflow/example_dags/example_task_group_decorator.py
[2025-03-18T10:59:55.053+0000] {logging_mixin.py:190} INFO - [2025-03-18T10:59:55.053+0000] {dag.py:3239} INFO - Sync 1 DAGs
[2025-03-18T10:59:55.062+0000] {logging_mixin.py:190} INFO - [2025-03-18T10:59:55.062+0000] {dag.py:4180} INFO - Setting next_dagrun for example_task_group_decorator to None, run_after=None
[2025-03-18T10:59:55.077+0000] {processor.py:208} INFO - Processing /usr/local/python/3.12.1/lib/python3.12/site-packages/airflow/example_dags/example_task_group_decorator.py took 0.061 seconds
[2025-03-18T11:00:45.673+0000] {processor.py:186} INFO - Started process (PID=55988) to work on /usr/local/python/3.12.1/lib/python3.12/site-packages/airflow/example_dags/example_task_group_decorator.py
[2025-03-18T11:00:45.673+0000] {processor.py:914} INFO - Processing file /usr/local/python/3.12.1/lib/python3.12/site-packages/airflow/example_dags/example_task_group_decorator.py for tasks to queue
[2025-03-18T11:00:45.676+0000] {logging_mixin.py:190} INFO - [2025-03-18T11:00:45.675+0000] {dagbag.py:588} INFO - Filling up the DagBag from /usr/local/python/3.12.1/lib/python3.12/site-packages/airflow/example_dags/example_task_group_decorator.py
[2025-03-18T11:00:45.689+0000] {processor.py:925} INFO - DAG(s) 'example_task_group_decorator' retrieved from /usr/local/python/3.12.1/lib/python3.12/site-packages/airflow/example_dags/example_task_group_decorator.py
[2025-03-18T11:00:45.704+0000] {logging_mixin.py:190} INFO - [2025-03-18T11:00:45.704+0000] {dag.py:3239} INFO - Sync 1 DAGs
[2025-03-18T11:00:45.713+0000] {logging_mixin.py:190} INFO - [2025-03-18T11:00:45.713+0000] {dag.py:4180} INFO - Setting next_dagrun for example_task_group_decorator to None, run_after=None
[2025-03-18T11:00:45.729+0000] {processor.py:208} INFO - Processing /usr/local/python/3.12.1/lib/python3.12/site-packages/airflow/example_dags/example_task_group_decorator.py took 0.060 seconds
[2025-03-18T11:01:36.591+0000] {processor.py:186} INFO - Started process (PID=57813) to work on /usr/local/python/3.12.1/lib/python3.12/site-packages/airflow/example_dags/example_task_group_decorator.py
[2025-03-18T11:01:36.592+0000] {processor.py:914} INFO - Processing file /usr/local/python/3.12.1/lib/python3.12/site-packages/airflow/example_dags/example_task_group_decorator.py for tasks to queue
[2025-03-18T11:01:36.594+0000] {logging_mixin.py:190} INFO - [2025-03-18T11:01:36.593+0000] {dagbag.py:588} INFO - Filling up the DagBag from /usr/local/python/3.12.1/lib/python3.12/site-packages/airflow/example_dags/example_task_group_decorator.py
[2025-03-18T11:01:36.605+0000] {processor.py:925} INFO - DAG(s) 'example_task_group_decorator' retrieved from /usr/local/python/3.12.1/lib/python3.12/site-packages/airflow/example_dags/example_task_group_decorator.py
[2025-03-18T11:01:36.620+0000] {logging_mixin.py:190} INFO - [2025-03-18T11:01:36.620+0000] {dag.py:3239} INFO - Sync 1 DAGs
[2025-03-18T11:01:36.629+0000] {logging_mixin.py:190} INFO - [2025-03-18T11:01:36.629+0000] {dag.py:4180} INFO - Setting next_dagrun for example_task_group_decorator to None, run_after=None
[2025-03-18T11:01:36.644+0000] {processor.py:208} INFO - Processing /usr/local/python/3.12.1/lib/python3.12/site-packages/airflow/example_dags/example_task_group_decorator.py took 0.057 seconds
[2025-03-18T11:02:28.397+0000] {processor.py:186} INFO - Started process (PID=58213) to work on /usr/local/python/3.12.1/lib/python3.12/site-packages/airflow/example_dags/example_task_group_decorator.py
[2025-03-18T11:02:28.398+0000] {processor.py:914} INFO - Processing file /usr/local/python/3.12.1/lib/python3.12/site-packages/airflow/example_dags/example_task_group_decorator.py for tasks to queue
[2025-03-18T11:02:28.400+0000] {logging_mixin.py:190} INFO - [2025-03-18T11:02:28.399+0000] {dagbag.py:588} INFO - Filling up the DagBag from /usr/local/python/3.12.1/lib/python3.12/site-packages/airflow/example_dags/example_task_group_decorator.py
[2025-03-18T11:02:28.412+0000] {processor.py:925} INFO - DAG(s) 'example_task_group_decorator' retrieved from /usr/local/python/3.12.1/lib/python3.12/site-packages/airflow/example_dags/example_task_group_decorator.py
[2025-03-18T11:02:28.426+0000] {logging_mixin.py:190} INFO - [2025-03-18T11:02:28.426+0000] {dag.py:3239} INFO - Sync 1 DAGs
[2025-03-18T11:02:28.435+0000] {logging_mixin.py:190} INFO - [2025-03-18T11:02:28.435+0000] {dag.py:4180} INFO - Setting next_dagrun for example_task_group_decorator to None, run_after=None
[2025-03-18T11:02:28.450+0000] {processor.py:208} INFO - Processing /usr/local/python/3.12.1/lib/python3.12/site-packages/airflow/example_dags/example_task_group_decorator.py took 0.057 seconds
[2025-03-18T11:03:17.082+0000] {processor.py:186} INFO - Started process (PID=58633) to work on /usr/local/python/3.12.1/lib/python3.12/site-packages/airflow/example_dags/example_task_group_decorator.py
[2025-03-18T11:03:17.082+0000] {processor.py:914} INFO - Processing file /usr/local/python/3.12.1/lib/python3.12/site-packages/airflow/example_dags/example_task_group_decorator.py for tasks to queue
[2025-03-18T11:03:17.084+0000] {logging_mixin.py:190} INFO - [2025-03-18T11:03:17.084+0000] {dagbag.py:588} INFO - Filling up the DagBag from /usr/local/python/3.12.1/lib/python3.12/site-packages/airflow/example_dags/example_task_group_decorator.py
[2025-03-18T11:03:17.097+0000] {processor.py:925} INFO - DAG(s) 'example_task_group_decorator' retrieved from /usr/local/python/3.12.1/lib/python3.12/site-packages/airflow/example_dags/example_task_group_decorator.py
[2025-03-18T11:03:17.112+0000] {logging_mixin.py:190} INFO - [2025-03-18T11:03:17.111+0000] {dag.py:3239} INFO - Sync 1 DAGs
[2025-03-18T11:03:17.121+0000] {logging_mixin.py:190} INFO - [2025-03-18T11:03:17.121+0000] {dag.py:4180} INFO - Setting next_dagrun for example_task_group_decorator to None, run_after=None
[2025-03-18T11:03:17.136+0000] {processor.py:208} INFO - Processing /usr/local/python/3.12.1/lib/python3.12/site-packages/airflow/example_dags/example_task_group_decorator.py took 0.058 seconds
[2025-03-18T11:04:03.291+0000] {processor.py:186} INFO - Started process (PID=58986) to work on /usr/local/python/3.12.1/lib/python3.12/site-packages/airflow/example_dags/example_task_group_decorator.py
[2025-03-18T11:04:03.291+0000] {processor.py:914} INFO - Processing file /usr/local/python/3.12.1/lib/python3.12/site-packages/airflow/example_dags/example_task_group_decorator.py for tasks to queue
[2025-03-18T11:04:03.293+0000] {logging_mixin.py:190} INFO - [2025-03-18T11:04:03.293+0000] {dagbag.py:588} INFO - Filling up the DagBag from /usr/local/python/3.12.1/lib/python3.12/site-packages/airflow/example_dags/example_task_group_decorator.py
[2025-03-18T11:04:03.305+0000] {processor.py:925} INFO - DAG(s) 'example_task_group_decorator' retrieved from /usr/local/python/3.12.1/lib/python3.12/site-packages/airflow/example_dags/example_task_group_decorator.py
[2025-03-18T11:04:03.320+0000] {logging_mixin.py:190} INFO - [2025-03-18T11:04:03.320+0000] {dag.py:3239} INFO - Sync 1 DAGs
[2025-03-18T11:04:03.330+0000] {logging_mixin.py:190} INFO - [2025-03-18T11:04:03.329+0000] {dag.py:4180} INFO - Setting next_dagrun for example_task_group_decorator to None, run_after=None
[2025-03-18T11:04:03.344+0000] {processor.py:208} INFO - Processing /usr/local/python/3.12.1/lib/python3.12/site-packages/airflow/example_dags/example_task_group_decorator.py took 0.058 seconds
[2025-03-18T11:04:51.429+0000] {processor.py:186} INFO - Started process (PID=59376) to work on /usr/local/python/3.12.1/lib/python3.12/site-packages/airflow/example_dags/example_task_group_decorator.py
[2025-03-18T11:04:51.430+0000] {processor.py:914} INFO - Processing file /usr/local/python/3.12.1/lib/python3.12/site-packages/airflow/example_dags/example_task_group_decorator.py for tasks to queue
[2025-03-18T11:04:51.432+0000] {logging_mixin.py:190} INFO - [2025-03-18T11:04:51.431+0000] {dagbag.py:588} INFO - Filling up the DagBag from /usr/local/python/3.12.1/lib/python3.12/site-packages/airflow/example_dags/example_task_group_decorator.py
[2025-03-18T11:04:51.443+0000] {processor.py:925} INFO - DAG(s) 'example_task_group_decorator' retrieved from /usr/local/python/3.12.1/lib/python3.12/site-packages/airflow/example_dags/example_task_group_decorator.py
[2025-03-18T11:04:51.458+0000] {logging_mixin.py:190} INFO - [2025-03-18T11:04:51.458+0000] {dag.py:3239} INFO - Sync 1 DAGs
[2025-03-18T11:04:51.467+0000] {logging_mixin.py:190} INFO - [2025-03-18T11:04:51.467+0000] {dag.py:4180} INFO - Setting next_dagrun for example_task_group_decorator to None, run_after=None
[2025-03-18T11:04:51.482+0000] {processor.py:208} INFO - Processing /usr/local/python/3.12.1/lib/python3.12/site-packages/airflow/example_dags/example_task_group_decorator.py took 0.056 seconds
[2025-03-18T11:05:40.834+0000] {processor.py:186} INFO - Started process (PID=59766) to work on /usr/local/python/3.12.1/lib/python3.12/site-packages/airflow/example_dags/example_task_group_decorator.py
[2025-03-18T11:05:40.835+0000] {processor.py:914} INFO - Processing file /usr/local/python/3.12.1/lib/python3.12/site-packages/airflow/example_dags/example_task_group_decorator.py for tasks to queue
[2025-03-18T11:05:40.837+0000] {logging_mixin.py:190} INFO - [2025-03-18T11:05:40.837+0000] {dagbag.py:588} INFO - Filling up the DagBag from /usr/local/python/3.12.1/lib/python3.12/site-packages/airflow/example_dags/example_task_group_decorator.py
[2025-03-18T11:05:40.851+0000] {processor.py:925} INFO - DAG(s) 'example_task_group_decorator' retrieved from /usr/local/python/3.12.1/lib/python3.12/site-packages/airflow/example_dags/example_task_group_decorator.py
[2025-03-18T11:05:40.866+0000] {logging_mixin.py:190} INFO - [2025-03-18T11:05:40.866+0000] {dag.py:3239} INFO - Sync 1 DAGs
[2025-03-18T11:05:40.876+0000] {logging_mixin.py:190} INFO - [2025-03-18T11:05:40.875+0000] {dag.py:4180} INFO - Setting next_dagrun for example_task_group_decorator to None, run_after=None
[2025-03-18T11:05:40.891+0000] {processor.py:208} INFO - Processing /usr/local/python/3.12.1/lib/python3.12/site-packages/airflow/example_dags/example_task_group_decorator.py took 0.062 seconds
[2025-03-18T11:06:30.470+0000] {processor.py:186} INFO - Started process (PID=60159) to work on /usr/local/python/3.12.1/lib/python3.12/site-packages/airflow/example_dags/example_task_group_decorator.py
[2025-03-18T11:06:30.471+0000] {processor.py:914} INFO - Processing file /usr/local/python/3.12.1/lib/python3.12/site-packages/airflow/example_dags/example_task_group_decorator.py for tasks to queue
[2025-03-18T11:06:30.472+0000] {logging_mixin.py:190} INFO - [2025-03-18T11:06:30.472+0000] {dagbag.py:588} INFO - Filling up the DagBag from /usr/local/python/3.12.1/lib/python3.12/site-packages/airflow/example_dags/example_task_group_decorator.py
[2025-03-18T11:06:30.484+0000] {processor.py:925} INFO - DAG(s) 'example_task_group_decorator' retrieved from /usr/local/python/3.12.1/lib/python3.12/site-packages/airflow/example_dags/example_task_group_decorator.py
[2025-03-18T11:06:30.498+0000] {logging_mixin.py:190} INFO - [2025-03-18T11:06:30.498+0000] {dag.py:3239} INFO - Sync 1 DAGs
[2025-03-18T11:06:30.507+0000] {logging_mixin.py:190} INFO - [2025-03-18T11:06:30.507+0000] {dag.py:4180} INFO - Setting next_dagrun for example_task_group_decorator to None, run_after=None
[2025-03-18T11:06:30.522+0000] {processor.py:208} INFO - Processing /usr/local/python/3.12.1/lib/python3.12/site-packages/airflow/example_dags/example_task_group_decorator.py took 0.056 seconds
[2025-03-18T11:07:22.275+0000] {processor.py:186} INFO - Started process (PID=60565) to work on /usr/local/python/3.12.1/lib/python3.12/site-packages/airflow/example_dags/example_task_group_decorator.py
[2025-03-18T11:07:22.275+0000] {processor.py:914} INFO - Processing file /usr/local/python/3.12.1/lib/python3.12/site-packages/airflow/example_dags/example_task_group_decorator.py for tasks to queue
[2025-03-18T11:07:22.277+0000] {logging_mixin.py:190} INFO - [2025-03-18T11:07:22.277+0000] {dagbag.py:588} INFO - Filling up the DagBag from /usr/local/python/3.12.1/lib/python3.12/site-packages/airflow/example_dags/example_task_group_decorator.py
[2025-03-18T11:07:22.289+0000] {processor.py:925} INFO - DAG(s) 'example_task_group_decorator' retrieved from /usr/local/python/3.12.1/lib/python3.12/site-packages/airflow/example_dags/example_task_group_decorator.py
[2025-03-18T11:07:22.303+0000] {logging_mixin.py:190} INFO - [2025-03-18T11:07:22.303+0000] {dag.py:3239} INFO - Sync 1 DAGs
[2025-03-18T11:07:22.312+0000] {logging_mixin.py:190} INFO - [2025-03-18T11:07:22.312+0000] {dag.py:4180} INFO - Setting next_dagrun for example_task_group_decorator to None, run_after=None
[2025-03-18T11:07:22.327+0000] {processor.py:208} INFO - Processing /usr/local/python/3.12.1/lib/python3.12/site-packages/airflow/example_dags/example_task_group_decorator.py took 0.056 seconds
[2025-03-18T11:08:12.841+0000] {processor.py:186} INFO - Started process (PID=60992) to work on /usr/local/python/3.12.1/lib/python3.12/site-packages/airflow/example_dags/example_task_group_decorator.py
[2025-03-18T11:08:12.842+0000] {processor.py:914} INFO - Processing file /usr/local/python/3.12.1/lib/python3.12/site-packages/airflow/example_dags/example_task_group_decorator.py for tasks to queue
[2025-03-18T11:08:12.844+0000] {logging_mixin.py:190} INFO - [2025-03-18T11:08:12.843+0000] {dagbag.py:588} INFO - Filling up the DagBag from /usr/local/python/3.12.1/lib/python3.12/site-packages/airflow/example_dags/example_task_group_decorator.py
[2025-03-18T11:08:12.855+0000] {processor.py:925} INFO - DAG(s) 'example_task_group_decorator' retrieved from /usr/local/python/3.12.1/lib/python3.12/site-packages/airflow/example_dags/example_task_group_decorator.py
[2025-03-18T11:08:12.869+0000] {logging_mixin.py:190} INFO - [2025-03-18T11:08:12.869+0000] {dag.py:3239} INFO - Sync 1 DAGs
[2025-03-18T11:08:12.879+0000] {logging_mixin.py:190} INFO - [2025-03-18T11:08:12.879+0000] {dag.py:4180} INFO - Setting next_dagrun for example_task_group_decorator to None, run_after=None
[2025-03-18T11:08:12.893+0000] {processor.py:208} INFO - Processing /usr/local/python/3.12.1/lib/python3.12/site-packages/airflow/example_dags/example_task_group_decorator.py took 0.056 seconds
[2025-03-18T11:09:02.384+0000] {processor.py:186} INFO - Started process (PID=61418) to work on /usr/local/python/3.12.1/lib/python3.12/site-packages/airflow/example_dags/example_task_group_decorator.py
[2025-03-18T11:09:02.384+0000] {processor.py:914} INFO - Processing file /usr/local/python/3.12.1/lib/python3.12/site-packages/airflow/example_dags/example_task_group_decorator.py for tasks to queue
[2025-03-18T11:09:02.386+0000] {logging_mixin.py:190} INFO - [2025-03-18T11:09:02.386+0000] {dagbag.py:588} INFO - Filling up the DagBag from /usr/local/python/3.12.1/lib/python3.12/site-packages/airflow/example_dags/example_task_group_decorator.py
[2025-03-18T11:09:02.398+0000] {processor.py:925} INFO - DAG(s) 'example_task_group_decorator' retrieved from /usr/local/python/3.12.1/lib/python3.12/site-packages/airflow/example_dags/example_task_group_decorator.py
[2025-03-18T11:09:02.413+0000] {logging_mixin.py:190} INFO - [2025-03-18T11:09:02.412+0000] {dag.py:3239} INFO - Sync 1 DAGs
[2025-03-18T11:09:02.422+0000] {logging_mixin.py:190} INFO - [2025-03-18T11:09:02.422+0000] {dag.py:4180} INFO - Setting next_dagrun for example_task_group_decorator to None, run_after=None
[2025-03-18T11:09:02.435+0000] {processor.py:208} INFO - Processing /usr/local/python/3.12.1/lib/python3.12/site-packages/airflow/example_dags/example_task_group_decorator.py took 0.056 seconds
[2025-03-18T11:09:57.238+0000] {processor.py:186} INFO - Started process (PID=61868) to work on /usr/local/python/3.12.1/lib/python3.12/site-packages/airflow/example_dags/example_task_group_decorator.py
[2025-03-18T11:09:57.239+0000] {processor.py:914} INFO - Processing file /usr/local/python/3.12.1/lib/python3.12/site-packages/airflow/example_dags/example_task_group_decorator.py for tasks to queue
[2025-03-18T11:09:57.241+0000] {logging_mixin.py:190} INFO - [2025-03-18T11:09:57.241+0000] {dagbag.py:588} INFO - Filling up the DagBag from /usr/local/python/3.12.1/lib/python3.12/site-packages/airflow/example_dags/example_task_group_decorator.py
[2025-03-18T11:09:57.253+0000] {processor.py:925} INFO - DAG(s) 'example_task_group_decorator' retrieved from /usr/local/python/3.12.1/lib/python3.12/site-packages/airflow/example_dags/example_task_group_decorator.py
[2025-03-18T11:09:57.267+0000] {logging_mixin.py:190} INFO - [2025-03-18T11:09:57.267+0000] {dag.py:3239} INFO - Sync 1 DAGs
[2025-03-18T11:09:57.277+0000] {logging_mixin.py:190} INFO - [2025-03-18T11:09:57.277+0000] {dag.py:4180} INFO - Setting next_dagrun for example_task_group_decorator to None, run_after=None
[2025-03-18T11:09:57.292+0000] {processor.py:208} INFO - Processing /usr/local/python/3.12.1/lib/python3.12/site-packages/airflow/example_dags/example_task_group_decorator.py took 0.058 seconds
[2025-03-18T11:10:48.291+0000] {processor.py:186} INFO - Started process (PID=62316) to work on /usr/local/python/3.12.1/lib/python3.12/site-packages/airflow/example_dags/example_task_group_decorator.py
[2025-03-18T11:10:48.292+0000] {processor.py:914} INFO - Processing file /usr/local/python/3.12.1/lib/python3.12/site-packages/airflow/example_dags/example_task_group_decorator.py for tasks to queue
[2025-03-18T11:10:48.294+0000] {logging_mixin.py:190} INFO - [2025-03-18T11:10:48.294+0000] {dagbag.py:588} INFO - Filling up the DagBag from /usr/local/python/3.12.1/lib/python3.12/site-packages/airflow/example_dags/example_task_group_decorator.py
[2025-03-18T11:10:48.306+0000] {processor.py:925} INFO - DAG(s) 'example_task_group_decorator' retrieved from /usr/local/python/3.12.1/lib/python3.12/site-packages/airflow/example_dags/example_task_group_decorator.py
[2025-03-18T11:10:48.320+0000] {logging_mixin.py:190} INFO - [2025-03-18T11:10:48.320+0000] {dag.py:3239} INFO - Sync 1 DAGs
[2025-03-18T11:10:48.330+0000] {logging_mixin.py:190} INFO - [2025-03-18T11:10:48.329+0000] {dag.py:4180} INFO - Setting next_dagrun for example_task_group_decorator to None, run_after=None
[2025-03-18T11:10:48.346+0000] {processor.py:208} INFO - Processing /usr/local/python/3.12.1/lib/python3.12/site-packages/airflow/example_dags/example_task_group_decorator.py took 0.058 seconds
[2025-03-18T11:11:37.177+0000] {processor.py:186} INFO - Started process (PID=62762) to work on /usr/local/python/3.12.1/lib/python3.12/site-packages/airflow/example_dags/example_task_group_decorator.py
[2025-03-18T11:11:37.178+0000] {processor.py:914} INFO - Processing file /usr/local/python/3.12.1/lib/python3.12/site-packages/airflow/example_dags/example_task_group_decorator.py for tasks to queue
[2025-03-18T11:11:37.180+0000] {logging_mixin.py:190} INFO - [2025-03-18T11:11:37.179+0000] {dagbag.py:588} INFO - Filling up the DagBag from /usr/local/python/3.12.1/lib/python3.12/site-packages/airflow/example_dags/example_task_group_decorator.py
[2025-03-18T11:11:37.191+0000] {processor.py:925} INFO - DAG(s) 'example_task_group_decorator' retrieved from /usr/local/python/3.12.1/lib/python3.12/site-packages/airflow/example_dags/example_task_group_decorator.py
[2025-03-18T11:11:37.207+0000] {logging_mixin.py:190} INFO - [2025-03-18T11:11:37.207+0000] {dag.py:3239} INFO - Sync 1 DAGs
[2025-03-18T11:11:37.216+0000] {logging_mixin.py:190} INFO - [2025-03-18T11:11:37.216+0000] {dag.py:4180} INFO - Setting next_dagrun for example_task_group_decorator to None, run_after=None
[2025-03-18T11:11:37.230+0000] {processor.py:208} INFO - Processing /usr/local/python/3.12.1/lib/python3.12/site-packages/airflow/example_dags/example_task_group_decorator.py took 0.057 seconds
[2025-03-18T11:49:54.521+0000] {processor.py:186} INFO - Started process (PID=82519) to work on /usr/local/python/3.12.1/lib/python3.12/site-packages/airflow/example_dags/example_task_group_decorator.py
[2025-03-18T11:49:54.522+0000] {processor.py:914} INFO - Processing file /usr/local/python/3.12.1/lib/python3.12/site-packages/airflow/example_dags/example_task_group_decorator.py for tasks to queue
[2025-03-18T11:49:54.524+0000] {logging_mixin.py:190} INFO - [2025-03-18T11:49:54.523+0000] {dagbag.py:588} INFO - Filling up the DagBag from /usr/local/python/3.12.1/lib/python3.12/site-packages/airflow/example_dags/example_task_group_decorator.py
[2025-03-18T11:49:54.535+0000] {processor.py:925} INFO - DAG(s) 'example_task_group_decorator' retrieved from /usr/local/python/3.12.1/lib/python3.12/site-packages/airflow/example_dags/example_task_group_decorator.py
[2025-03-18T11:49:54.551+0000] {logging_mixin.py:190} INFO - [2025-03-18T11:49:54.551+0000] {dag.py:3239} INFO - Sync 1 DAGs
[2025-03-18T11:49:54.561+0000] {logging_mixin.py:190} INFO - [2025-03-18T11:49:54.561+0000] {dag.py:4180} INFO - Setting next_dagrun for example_task_group_decorator to None, run_after=None
[2025-03-18T11:49:54.576+0000] {processor.py:208} INFO - Processing /usr/local/python/3.12.1/lib/python3.12/site-packages/airflow/example_dags/example_task_group_decorator.py took 0.058 seconds
[2025-03-18T11:50:29.210+0000] {processor.py:186} INFO - Started process (PID=82930) to work on /usr/local/python/3.12.1/lib/python3.12/site-packages/airflow/example_dags/example_task_group_decorator.py
[2025-03-18T11:50:29.210+0000] {processor.py:914} INFO - Processing file /usr/local/python/3.12.1/lib/python3.12/site-packages/airflow/example_dags/example_task_group_decorator.py for tasks to queue
[2025-03-18T11:50:29.212+0000] {logging_mixin.py:190} INFO - [2025-03-18T11:50:29.211+0000] {dagbag.py:588} INFO - Filling up the DagBag from /usr/local/python/3.12.1/lib/python3.12/site-packages/airflow/example_dags/example_task_group_decorator.py
[2025-03-18T11:50:29.224+0000] {processor.py:925} INFO - DAG(s) 'example_task_group_decorator' retrieved from /usr/local/python/3.12.1/lib/python3.12/site-packages/airflow/example_dags/example_task_group_decorator.py
[2025-03-18T11:50:29.241+0000] {logging_mixin.py:190} INFO - [2025-03-18T11:50:29.241+0000] {dag.py:3239} INFO - Sync 1 DAGs
[2025-03-18T11:50:29.250+0000] {logging_mixin.py:190} INFO - [2025-03-18T11:50:29.250+0000] {dag.py:4180} INFO - Setting next_dagrun for example_task_group_decorator to None, run_after=None
[2025-03-18T11:50:29.266+0000] {processor.py:208} INFO - Processing /usr/local/python/3.12.1/lib/python3.12/site-packages/airflow/example_dags/example_task_group_decorator.py took 0.060 seconds
[2025-03-18T11:57:46.971+0000] {processor.py:186} INFO - Started process (PID=86799) to work on /usr/local/python/3.12.1/lib/python3.12/site-packages/airflow/example_dags/example_task_group_decorator.py
[2025-03-18T11:57:46.972+0000] {processor.py:914} INFO - Processing file /usr/local/python/3.12.1/lib/python3.12/site-packages/airflow/example_dags/example_task_group_decorator.py for tasks to queue
[2025-03-18T11:57:46.974+0000] {logging_mixin.py:190} INFO - [2025-03-18T11:57:46.974+0000] {dagbag.py:588} INFO - Filling up the DagBag from /usr/local/python/3.12.1/lib/python3.12/site-packages/airflow/example_dags/example_task_group_decorator.py
[2025-03-18T11:57:46.990+0000] {processor.py:925} INFO - DAG(s) 'example_task_group_decorator' retrieved from /usr/local/python/3.12.1/lib/python3.12/site-packages/airflow/example_dags/example_task_group_decorator.py
[2025-03-18T11:57:47.006+0000] {logging_mixin.py:190} INFO - [2025-03-18T11:57:47.006+0000] {dag.py:3239} INFO - Sync 1 DAGs
[2025-03-18T11:57:47.015+0000] {logging_mixin.py:190} INFO - [2025-03-18T11:57:47.015+0000] {dag.py:4180} INFO - Setting next_dagrun for example_task_group_decorator to None, run_after=None
[2025-03-18T11:57:47.030+0000] {processor.py:208} INFO - Processing /usr/local/python/3.12.1/lib/python3.12/site-packages/airflow/example_dags/example_task_group_decorator.py took 0.064 seconds
