[2025-03-18T10:52:13.522+0000] {processor.py:186} INFO - Started process (PID=49645) to work on /usr/local/python/3.12.1/lib/python3.12/site-packages/airflow/example_dags/example_branch_python_dop_operator_3.py
[2025-03-18T10:52:13.523+0000] {processor.py:914} INFO - Processing file /usr/local/python/3.12.1/lib/python3.12/site-packages/airflow/example_dags/example_branch_python_dop_operator_3.py for tasks to queue
[2025-03-18T10:52:13.524+0000] {logging_mixin.py:190} INFO - [2025-03-18T10:52:13.524+0000] {dagbag.py:588} INFO - Filling up the DagBag from /usr/local/python/3.12.1/lib/python3.12/site-packages/airflow/example_dags/example_branch_python_dop_operator_3.py
[2025-03-18T10:52:13.532+0000] {processor.py:925} INFO - DAG(s) 'example_branch_dop_operator_v3' retrieved from /usr/local/python/3.12.1/lib/python3.12/site-packages/airflow/example_dags/example_branch_python_dop_operator_3.py
[2025-03-18T10:52:13.628+0000] {logging_mixin.py:190} INFO - [2025-03-18T10:52:13.628+0000] {override.py:1930} INFO - Created Permission View: can read on DAG:example_branch_dop_operator_v3
[2025-03-18T10:52:13.637+0000] {logging_mixin.py:190} INFO - [2025-03-18T10:52:13.637+0000] {override.py:1930} INFO - Created Permission View: can edit on DAG:example_branch_dop_operator_v3
[2025-03-18T10:52:13.643+0000] {logging_mixin.py:190} INFO - [2025-03-18T10:52:13.643+0000] {override.py:1930} INFO - Created Permission View: can delete on DAG:example_branch_dop_operator_v3
[2025-03-18T10:52:13.652+0000] {logging_mixin.py:190} INFO - [2025-03-18T10:52:13.652+0000] {override.py:1930} INFO - Created Permission View: can read on DAG Run:example_branch_dop_operator_v3
[2025-03-18T10:52:13.658+0000] {logging_mixin.py:190} INFO - [2025-03-18T10:52:13.658+0000] {override.py:1930} INFO - Created Permission View: can create on DAG Run:example_branch_dop_operator_v3
[2025-03-18T10:52:13.664+0000] {logging_mixin.py:190} INFO - [2025-03-18T10:52:13.664+0000] {override.py:1930} INFO - Created Permission View: menu access on DAG Run:example_branch_dop_operator_v3
[2025-03-18T10:52:13.670+0000] {logging_mixin.py:190} INFO - [2025-03-18T10:52:13.670+0000] {override.py:1930} INFO - Created Permission View: can delete on DAG Run:example_branch_dop_operator_v3
[2025-03-18T10:52:13.670+0000] {logging_mixin.py:190} INFO - [2025-03-18T10:52:13.670+0000] {dag.py:3239} INFO - Sync 1 DAGs
[2025-03-18T10:52:13.678+0000] {logging_mixin.py:190} INFO - [2025-03-18T10:52:13.678+0000] {dag.py:3262} INFO - Creating ORM DAG for example_branch_dop_operator_v3
[2025-03-18T10:52:13.688+0000] {logging_mixin.py:190} INFO - [2025-03-18T10:52:13.688+0000] {dag.py:4180} INFO - Setting next_dagrun for example_branch_dop_operator_v3 to 2025-03-18 10:51:00+00:00, run_after=2025-03-18 10:52:00+00:00
[2025-03-18T10:52:13.703+0000] {processor.py:208} INFO - Processing /usr/local/python/3.12.1/lib/python3.12/site-packages/airflow/example_dags/example_branch_python_dop_operator_3.py took 0.185 seconds
[2025-03-18T10:53:50.553+0000] {processor.py:186} INFO - Started process (PID=50931) to work on /usr/local/python/3.12.1/lib/python3.12/site-packages/airflow/example_dags/example_branch_python_dop_operator_3.py
[2025-03-18T10:53:50.554+0000] {processor.py:914} INFO - Processing file /usr/local/python/3.12.1/lib/python3.12/site-packages/airflow/example_dags/example_branch_python_dop_operator_3.py for tasks to queue
[2025-03-18T10:53:50.555+0000] {logging_mixin.py:190} INFO - [2025-03-18T10:53:50.555+0000] {dagbag.py:588} INFO - Filling up the DagBag from /usr/local/python/3.12.1/lib/python3.12/site-packages/airflow/example_dags/example_branch_python_dop_operator_3.py
[2025-03-18T10:53:50.564+0000] {processor.py:925} INFO - DAG(s) 'example_branch_dop_operator_v3' retrieved from /usr/local/python/3.12.1/lib/python3.12/site-packages/airflow/example_dags/example_branch_python_dop_operator_3.py
[2025-03-18T10:53:50.574+0000] {logging_mixin.py:190} INFO - [2025-03-18T10:53:50.573+0000] {dag.py:3239} INFO - Sync 1 DAGs
[2025-03-18T10:53:50.591+0000] {logging_mixin.py:190} INFO - [2025-03-18T10:53:50.591+0000] {dag.py:4180} INFO - Setting next_dagrun for example_branch_dop_operator_v3 to 2025-03-18 10:52:00+00:00, run_after=2025-03-18 10:53:00+00:00
[2025-03-18T10:53:50.605+0000] {processor.py:208} INFO - Processing /usr/local/python/3.12.1/lib/python3.12/site-packages/airflow/example_dags/example_branch_python_dop_operator_3.py took 0.056 seconds
[2025-03-18T10:54:45.935+0000] {processor.py:186} INFO - Started process (PID=51409) to work on /usr/local/python/3.12.1/lib/python3.12/site-packages/airflow/example_dags/example_branch_python_dop_operator_3.py
[2025-03-18T10:54:45.935+0000] {processor.py:914} INFO - Processing file /usr/local/python/3.12.1/lib/python3.12/site-packages/airflow/example_dags/example_branch_python_dop_operator_3.py for tasks to queue
[2025-03-18T10:54:45.937+0000] {logging_mixin.py:190} INFO - [2025-03-18T10:54:45.937+0000] {dagbag.py:588} INFO - Filling up the DagBag from /usr/local/python/3.12.1/lib/python3.12/site-packages/airflow/example_dags/example_branch_python_dop_operator_3.py
[2025-03-18T10:54:45.945+0000] {processor.py:925} INFO - DAG(s) 'example_branch_dop_operator_v3' retrieved from /usr/local/python/3.12.1/lib/python3.12/site-packages/airflow/example_dags/example_branch_python_dop_operator_3.py
[2025-03-18T10:54:45.955+0000] {logging_mixin.py:190} INFO - [2025-03-18T10:54:45.955+0000] {dag.py:3239} INFO - Sync 1 DAGs
[2025-03-18T10:54:45.972+0000] {logging_mixin.py:190} INFO - [2025-03-18T10:54:45.972+0000] {dag.py:4180} INFO - Setting next_dagrun for example_branch_dop_operator_v3 to 2025-03-18 10:53:00+00:00, run_after=2025-03-18 10:54:00+00:00
[2025-03-18T10:54:45.987+0000] {processor.py:208} INFO - Processing /usr/local/python/3.12.1/lib/python3.12/site-packages/airflow/example_dags/example_branch_python_dop_operator_3.py took 0.056 seconds
[2025-03-18T10:56:00.107+0000] {processor.py:186} INFO - Started process (PID=52260) to work on /usr/local/python/3.12.1/lib/python3.12/site-packages/airflow/example_dags/example_branch_python_dop_operator_3.py
[2025-03-18T10:56:00.108+0000] {processor.py:914} INFO - Processing file /usr/local/python/3.12.1/lib/python3.12/site-packages/airflow/example_dags/example_branch_python_dop_operator_3.py for tasks to queue
[2025-03-18T10:56:00.110+0000] {logging_mixin.py:190} INFO - [2025-03-18T10:56:00.109+0000] {dagbag.py:588} INFO - Filling up the DagBag from /usr/local/python/3.12.1/lib/python3.12/site-packages/airflow/example_dags/example_branch_python_dop_operator_3.py
[2025-03-18T10:56:00.118+0000] {processor.py:925} INFO - DAG(s) 'example_branch_dop_operator_v3' retrieved from /usr/local/python/3.12.1/lib/python3.12/site-packages/airflow/example_dags/example_branch_python_dop_operator_3.py
[2025-03-18T10:56:00.128+0000] {logging_mixin.py:190} INFO - [2025-03-18T10:56:00.128+0000] {dag.py:3239} INFO - Sync 1 DAGs
[2025-03-18T10:56:00.150+0000] {logging_mixin.py:190} INFO - [2025-03-18T10:56:00.150+0000] {dag.py:4180} INFO - Setting next_dagrun for example_branch_dop_operator_v3 to 2025-03-18 10:55:00+00:00, run_after=2025-03-18 10:56:00+00:00
[2025-03-18T10:56:00.166+0000] {processor.py:208} INFO - Processing /usr/local/python/3.12.1/lib/python3.12/site-packages/airflow/example_dags/example_branch_python_dop_operator_3.py took 0.063 seconds
[2025-03-18T10:57:13.066+0000] {processor.py:186} INFO - Started process (PID=53086) to work on /usr/local/python/3.12.1/lib/python3.12/site-packages/airflow/example_dags/example_branch_python_dop_operator_3.py
[2025-03-18T10:57:13.067+0000] {processor.py:914} INFO - Processing file /usr/local/python/3.12.1/lib/python3.12/site-packages/airflow/example_dags/example_branch_python_dop_operator_3.py for tasks to queue
[2025-03-18T10:57:13.068+0000] {logging_mixin.py:190} INFO - [2025-03-18T10:57:13.068+0000] {dagbag.py:588} INFO - Filling up the DagBag from /usr/local/python/3.12.1/lib/python3.12/site-packages/airflow/example_dags/example_branch_python_dop_operator_3.py
[2025-03-18T10:57:13.076+0000] {processor.py:925} INFO - DAG(s) 'example_branch_dop_operator_v3' retrieved from /usr/local/python/3.12.1/lib/python3.12/site-packages/airflow/example_dags/example_branch_python_dop_operator_3.py
[2025-03-18T10:57:13.086+0000] {logging_mixin.py:190} INFO - [2025-03-18T10:57:13.086+0000] {dag.py:3239} INFO - Sync 1 DAGs
[2025-03-18T10:57:13.103+0000] {logging_mixin.py:190} INFO - [2025-03-18T10:57:13.103+0000] {dag.py:4180} INFO - Setting next_dagrun for example_branch_dop_operator_v3 to 2025-03-18 10:56:00+00:00, run_after=2025-03-18 10:57:00+00:00
[2025-03-18T10:57:13.118+0000] {processor.py:208} INFO - Processing /usr/local/python/3.12.1/lib/python3.12/site-packages/airflow/example_dags/example_branch_python_dop_operator_3.py took 0.055 seconds
[2025-03-18T10:58:27.435+0000] {processor.py:186} INFO - Started process (PID=53863) to work on /usr/local/python/3.12.1/lib/python3.12/site-packages/airflow/example_dags/example_branch_python_dop_operator_3.py
[2025-03-18T10:58:27.436+0000] {processor.py:914} INFO - Processing file /usr/local/python/3.12.1/lib/python3.12/site-packages/airflow/example_dags/example_branch_python_dop_operator_3.py for tasks to queue
[2025-03-18T10:58:27.437+0000] {logging_mixin.py:190} INFO - [2025-03-18T10:58:27.437+0000] {dagbag.py:588} INFO - Filling up the DagBag from /usr/local/python/3.12.1/lib/python3.12/site-packages/airflow/example_dags/example_branch_python_dop_operator_3.py
[2025-03-18T10:58:27.446+0000] {processor.py:925} INFO - DAG(s) 'example_branch_dop_operator_v3' retrieved from /usr/local/python/3.12.1/lib/python3.12/site-packages/airflow/example_dags/example_branch_python_dop_operator_3.py
[2025-03-18T10:58:27.456+0000] {logging_mixin.py:190} INFO - [2025-03-18T10:58:27.456+0000] {dag.py:3239} INFO - Sync 1 DAGs
[2025-03-18T10:58:27.473+0000] {logging_mixin.py:190} INFO - [2025-03-18T10:58:27.473+0000] {dag.py:4180} INFO - Setting next_dagrun for example_branch_dop_operator_v3 to 2025-03-18 10:57:00+00:00, run_after=2025-03-18 10:58:00+00:00
[2025-03-18T10:58:27.490+0000] {processor.py:208} INFO - Processing /usr/local/python/3.12.1/lib/python3.12/site-packages/airflow/example_dags/example_branch_python_dop_operator_3.py took 0.059 seconds
[2025-03-18T10:59:38.259+0000] {processor.py:186} INFO - Started process (PID=54755) to work on /usr/local/python/3.12.1/lib/python3.12/site-packages/airflow/example_dags/example_branch_python_dop_operator_3.py
[2025-03-18T10:59:38.260+0000] {processor.py:914} INFO - Processing file /usr/local/python/3.12.1/lib/python3.12/site-packages/airflow/example_dags/example_branch_python_dop_operator_3.py for tasks to queue
[2025-03-18T10:59:38.262+0000] {logging_mixin.py:190} INFO - [2025-03-18T10:59:38.261+0000] {dagbag.py:588} INFO - Filling up the DagBag from /usr/local/python/3.12.1/lib/python3.12/site-packages/airflow/example_dags/example_branch_python_dop_operator_3.py
[2025-03-18T10:59:38.272+0000] {processor.py:925} INFO - DAG(s) 'example_branch_dop_operator_v3' retrieved from /usr/local/python/3.12.1/lib/python3.12/site-packages/airflow/example_dags/example_branch_python_dop_operator_3.py
[2025-03-18T10:59:38.284+0000] {logging_mixin.py:190} INFO - [2025-03-18T10:59:38.283+0000] {dag.py:3239} INFO - Sync 1 DAGs
[2025-03-18T10:59:38.312+0000] {logging_mixin.py:190} INFO - [2025-03-18T10:59:38.312+0000] {dag.py:4180} INFO - Setting next_dagrun for example_branch_dop_operator_v3 to 2025-03-18 10:58:00+00:00, run_after=2025-03-18 10:59:00+00:00
[2025-03-18T10:59:38.330+0000] {processor.py:208} INFO - Processing /usr/local/python/3.12.1/lib/python3.12/site-packages/airflow/example_dags/example_branch_python_dop_operator_3.py took 0.075 seconds
[2025-03-18T11:00:52.999+0000] {processor.py:186} INFO - Started process (PID=56307) to work on /usr/local/python/3.12.1/lib/python3.12/site-packages/airflow/example_dags/example_branch_python_dop_operator_3.py
[2025-03-18T11:00:53.000+0000] {processor.py:914} INFO - Processing file /usr/local/python/3.12.1/lib/python3.12/site-packages/airflow/example_dags/example_branch_python_dop_operator_3.py for tasks to queue
[2025-03-18T11:00:53.002+0000] {logging_mixin.py:190} INFO - [2025-03-18T11:00:53.002+0000] {dagbag.py:588} INFO - Filling up the DagBag from /usr/local/python/3.12.1/lib/python3.12/site-packages/airflow/example_dags/example_branch_python_dop_operator_3.py
[2025-03-18T11:00:53.015+0000] {processor.py:925} INFO - DAG(s) 'example_branch_dop_operator_v3' retrieved from /usr/local/python/3.12.1/lib/python3.12/site-packages/airflow/example_dags/example_branch_python_dop_operator_3.py
[2025-03-18T11:00:53.029+0000] {logging_mixin.py:190} INFO - [2025-03-18T11:00:53.028+0000] {dag.py:3239} INFO - Sync 1 DAGs
[2025-03-18T11:00:53.051+0000] {logging_mixin.py:190} INFO - [2025-03-18T11:00:53.050+0000] {dag.py:4180} INFO - Setting next_dagrun for example_branch_dop_operator_v3 to 2025-03-18 10:59:00+00:00, run_after=2025-03-18 11:00:00+00:00
[2025-03-18T11:00:53.070+0000] {processor.py:208} INFO - Processing /usr/local/python/3.12.1/lib/python3.12/site-packages/airflow/example_dags/example_branch_python_dop_operator_3.py took 0.077 seconds
[2025-03-18T11:02:10.262+0000] {processor.py:186} INFO - Started process (PID=58068) to work on /usr/local/python/3.12.1/lib/python3.12/site-packages/airflow/example_dags/example_branch_python_dop_operator_3.py
[2025-03-18T11:02:10.262+0000] {processor.py:914} INFO - Processing file /usr/local/python/3.12.1/lib/python3.12/site-packages/airflow/example_dags/example_branch_python_dop_operator_3.py for tasks to queue
[2025-03-18T11:02:10.264+0000] {logging_mixin.py:190} INFO - [2025-03-18T11:02:10.264+0000] {dagbag.py:588} INFO - Filling up the DagBag from /usr/local/python/3.12.1/lib/python3.12/site-packages/airflow/example_dags/example_branch_python_dop_operator_3.py
[2025-03-18T11:02:10.272+0000] {processor.py:925} INFO - DAG(s) 'example_branch_dop_operator_v3' retrieved from /usr/local/python/3.12.1/lib/python3.12/site-packages/airflow/example_dags/example_branch_python_dop_operator_3.py
[2025-03-18T11:02:10.282+0000] {logging_mixin.py:190} INFO - [2025-03-18T11:02:10.282+0000] {dag.py:3239} INFO - Sync 1 DAGs
[2025-03-18T11:02:10.299+0000] {logging_mixin.py:190} INFO - [2025-03-18T11:02:10.299+0000] {dag.py:4180} INFO - Setting next_dagrun for example_branch_dop_operator_v3 to 2025-03-18 11:01:00+00:00, run_after=2025-03-18 11:02:00+00:00
[2025-03-18T11:02:10.315+0000] {processor.py:208} INFO - Processing /usr/local/python/3.12.1/lib/python3.12/site-packages/airflow/example_dags/example_branch_python_dop_operator_3.py took 0.057 seconds
[2025-03-18T11:03:21.769+0000] {processor.py:186} INFO - Started process (PID=58661) to work on /usr/local/python/3.12.1/lib/python3.12/site-packages/airflow/example_dags/example_branch_python_dop_operator_3.py
[2025-03-18T11:03:21.770+0000] {processor.py:914} INFO - Processing file /usr/local/python/3.12.1/lib/python3.12/site-packages/airflow/example_dags/example_branch_python_dop_operator_3.py for tasks to queue
[2025-03-18T11:03:21.771+0000] {logging_mixin.py:190} INFO - [2025-03-18T11:03:21.771+0000] {dagbag.py:588} INFO - Filling up the DagBag from /usr/local/python/3.12.1/lib/python3.12/site-packages/airflow/example_dags/example_branch_python_dop_operator_3.py
[2025-03-18T11:03:21.779+0000] {processor.py:925} INFO - DAG(s) 'example_branch_dop_operator_v3' retrieved from /usr/local/python/3.12.1/lib/python3.12/site-packages/airflow/example_dags/example_branch_python_dop_operator_3.py
[2025-03-18T11:03:21.789+0000] {logging_mixin.py:190} INFO - [2025-03-18T11:03:21.789+0000] {dag.py:3239} INFO - Sync 1 DAGs
[2025-03-18T11:03:21.806+0000] {logging_mixin.py:190} INFO - [2025-03-18T11:03:21.806+0000] {dag.py:4180} INFO - Setting next_dagrun for example_branch_dop_operator_v3 to 2025-03-18 11:02:00+00:00, run_after=2025-03-18 11:03:00+00:00
[2025-03-18T11:03:21.821+0000] {processor.py:208} INFO - Processing /usr/local/python/3.12.1/lib/python3.12/site-packages/airflow/example_dags/example_branch_python_dop_operator_3.py took 0.056 seconds
[2025-03-18T11:04:34.012+0000] {processor.py:186} INFO - Started process (PID=59231) to work on /usr/local/python/3.12.1/lib/python3.12/site-packages/airflow/example_dags/example_branch_python_dop_operator_3.py
[2025-03-18T11:04:34.013+0000] {processor.py:914} INFO - Processing file /usr/local/python/3.12.1/lib/python3.12/site-packages/airflow/example_dags/example_branch_python_dop_operator_3.py for tasks to queue
[2025-03-18T11:04:34.014+0000] {logging_mixin.py:190} INFO - [2025-03-18T11:04:34.014+0000] {dagbag.py:588} INFO - Filling up the DagBag from /usr/local/python/3.12.1/lib/python3.12/site-packages/airflow/example_dags/example_branch_python_dop_operator_3.py
[2025-03-18T11:04:34.023+0000] {processor.py:925} INFO - DAG(s) 'example_branch_dop_operator_v3' retrieved from /usr/local/python/3.12.1/lib/python3.12/site-packages/airflow/example_dags/example_branch_python_dop_operator_3.py
[2025-03-18T11:04:34.033+0000] {logging_mixin.py:190} INFO - [2025-03-18T11:04:34.033+0000] {dag.py:3239} INFO - Sync 1 DAGs
[2025-03-18T11:04:34.050+0000] {logging_mixin.py:190} INFO - [2025-03-18T11:04:34.050+0000] {dag.py:4180} INFO - Setting next_dagrun for example_branch_dop_operator_v3 to 2025-03-18 11:03:00+00:00, run_after=2025-03-18 11:04:00+00:00
[2025-03-18T11:04:34.064+0000] {processor.py:208} INFO - Processing /usr/local/python/3.12.1/lib/python3.12/site-packages/airflow/example_dags/example_branch_python_dop_operator_3.py took 0.056 seconds
[2025-03-18T11:05:48.346+0000] {processor.py:186} INFO - Started process (PID=59824) to work on /usr/local/python/3.12.1/lib/python3.12/site-packages/airflow/example_dags/example_branch_python_dop_operator_3.py
[2025-03-18T11:05:48.347+0000] {processor.py:914} INFO - Processing file /usr/local/python/3.12.1/lib/python3.12/site-packages/airflow/example_dags/example_branch_python_dop_operator_3.py for tasks to queue
[2025-03-18T11:05:48.348+0000] {logging_mixin.py:190} INFO - [2025-03-18T11:05:48.348+0000] {dagbag.py:588} INFO - Filling up the DagBag from /usr/local/python/3.12.1/lib/python3.12/site-packages/airflow/example_dags/example_branch_python_dop_operator_3.py
[2025-03-18T11:05:48.356+0000] {processor.py:925} INFO - DAG(s) 'example_branch_dop_operator_v3' retrieved from /usr/local/python/3.12.1/lib/python3.12/site-packages/airflow/example_dags/example_branch_python_dop_operator_3.py
[2025-03-18T11:05:48.366+0000] {logging_mixin.py:190} INFO - [2025-03-18T11:05:48.366+0000] {dag.py:3239} INFO - Sync 1 DAGs
[2025-03-18T11:05:48.384+0000] {logging_mixin.py:190} INFO - [2025-03-18T11:05:48.383+0000] {dag.py:4180} INFO - Setting next_dagrun for example_branch_dop_operator_v3 to 2025-03-18 11:04:00+00:00, run_after=2025-03-18 11:05:00+00:00
[2025-03-18T11:05:48.398+0000] {processor.py:208} INFO - Processing /usr/local/python/3.12.1/lib/python3.12/site-packages/airflow/example_dags/example_branch_python_dop_operator_3.py took 0.056 seconds
[2025-03-18T11:07:03.032+0000] {processor.py:186} INFO - Started process (PID=60412) to work on /usr/local/python/3.12.1/lib/python3.12/site-packages/airflow/example_dags/example_branch_python_dop_operator_3.py
[2025-03-18T11:07:03.033+0000] {processor.py:914} INFO - Processing file /usr/local/python/3.12.1/lib/python3.12/site-packages/airflow/example_dags/example_branch_python_dop_operator_3.py for tasks to queue
[2025-03-18T11:07:03.034+0000] {logging_mixin.py:190} INFO - [2025-03-18T11:07:03.034+0000] {dagbag.py:588} INFO - Filling up the DagBag from /usr/local/python/3.12.1/lib/python3.12/site-packages/airflow/example_dags/example_branch_python_dop_operator_3.py
[2025-03-18T11:07:03.042+0000] {processor.py:925} INFO - DAG(s) 'example_branch_dop_operator_v3' retrieved from /usr/local/python/3.12.1/lib/python3.12/site-packages/airflow/example_dags/example_branch_python_dop_operator_3.py
[2025-03-18T11:07:03.052+0000] {logging_mixin.py:190} INFO - [2025-03-18T11:07:03.052+0000] {dag.py:3239} INFO - Sync 1 DAGs
[2025-03-18T11:07:03.069+0000] {logging_mixin.py:190} INFO - [2025-03-18T11:07:03.069+0000] {dag.py:4180} INFO - Setting next_dagrun for example_branch_dop_operator_v3 to 2025-03-18 11:06:00+00:00, run_after=2025-03-18 11:07:00+00:00
[2025-03-18T11:07:03.084+0000] {processor.py:208} INFO - Processing /usr/local/python/3.12.1/lib/python3.12/site-packages/airflow/example_dags/example_branch_python_dop_operator_3.py took 0.056 seconds
[2025-03-18T11:08:19.494+0000] {processor.py:186} INFO - Started process (PID=61047) to work on /usr/local/python/3.12.1/lib/python3.12/site-packages/airflow/example_dags/example_branch_python_dop_operator_3.py
[2025-03-18T11:08:19.494+0000] {processor.py:914} INFO - Processing file /usr/local/python/3.12.1/lib/python3.12/site-packages/airflow/example_dags/example_branch_python_dop_operator_3.py for tasks to queue
[2025-03-18T11:08:19.496+0000] {logging_mixin.py:190} INFO - [2025-03-18T11:08:19.496+0000] {dagbag.py:588} INFO - Filling up the DagBag from /usr/local/python/3.12.1/lib/python3.12/site-packages/airflow/example_dags/example_branch_python_dop_operator_3.py
[2025-03-18T11:08:19.504+0000] {processor.py:925} INFO - DAG(s) 'example_branch_dop_operator_v3' retrieved from /usr/local/python/3.12.1/lib/python3.12/site-packages/airflow/example_dags/example_branch_python_dop_operator_3.py
[2025-03-18T11:08:19.514+0000] {logging_mixin.py:190} INFO - [2025-03-18T11:08:19.513+0000] {dag.py:3239} INFO - Sync 1 DAGs
[2025-03-18T11:08:19.536+0000] {logging_mixin.py:190} INFO - [2025-03-18T11:08:19.535+0000] {dag.py:4180} INFO - Setting next_dagrun for example_branch_dop_operator_v3 to 2025-03-18 11:07:00+00:00, run_after=2025-03-18 11:08:00+00:00
[2025-03-18T11:08:19.551+0000] {processor.py:208} INFO - Processing /usr/local/python/3.12.1/lib/python3.12/site-packages/airflow/example_dags/example_branch_python_dop_operator_3.py took 0.062 seconds
[2025-03-18T11:09:38.133+0000] {processor.py:186} INFO - Started process (PID=61705) to work on /usr/local/python/3.12.1/lib/python3.12/site-packages/airflow/example_dags/example_branch_python_dop_operator_3.py
[2025-03-18T11:09:38.133+0000] {processor.py:914} INFO - Processing file /usr/local/python/3.12.1/lib/python3.12/site-packages/airflow/example_dags/example_branch_python_dop_operator_3.py for tasks to queue
[2025-03-18T11:09:38.135+0000] {logging_mixin.py:190} INFO - [2025-03-18T11:09:38.135+0000] {dagbag.py:588} INFO - Filling up the DagBag from /usr/local/python/3.12.1/lib/python3.12/site-packages/airflow/example_dags/example_branch_python_dop_operator_3.py
[2025-03-18T11:09:38.143+0000] {processor.py:925} INFO - DAG(s) 'example_branch_dop_operator_v3' retrieved from /usr/local/python/3.12.1/lib/python3.12/site-packages/airflow/example_dags/example_branch_python_dop_operator_3.py
[2025-03-18T11:09:38.153+0000] {logging_mixin.py:190} INFO - [2025-03-18T11:09:38.153+0000] {dag.py:3239} INFO - Sync 1 DAGs
[2025-03-18T11:09:38.171+0000] {logging_mixin.py:190} INFO - [2025-03-18T11:09:38.171+0000] {dag.py:4180} INFO - Setting next_dagrun for example_branch_dop_operator_v3 to 2025-03-18 11:08:00+00:00, run_after=2025-03-18 11:09:00+00:00
[2025-03-18T11:09:38.186+0000] {processor.py:208} INFO - Processing /usr/local/python/3.12.1/lib/python3.12/site-packages/airflow/example_dags/example_branch_python_dop_operator_3.py took 0.058 seconds
[2025-03-18T11:10:55.491+0000] {processor.py:186} INFO - Started process (PID=62384) to work on /usr/local/python/3.12.1/lib/python3.12/site-packages/airflow/example_dags/example_branch_python_dop_operator_3.py
[2025-03-18T11:10:55.492+0000] {processor.py:914} INFO - Processing file /usr/local/python/3.12.1/lib/python3.12/site-packages/airflow/example_dags/example_branch_python_dop_operator_3.py for tasks to queue
[2025-03-18T11:10:55.493+0000] {logging_mixin.py:190} INFO - [2025-03-18T11:10:55.493+0000] {dagbag.py:588} INFO - Filling up the DagBag from /usr/local/python/3.12.1/lib/python3.12/site-packages/airflow/example_dags/example_branch_python_dop_operator_3.py
[2025-03-18T11:10:55.503+0000] {processor.py:925} INFO - DAG(s) 'example_branch_dop_operator_v3' retrieved from /usr/local/python/3.12.1/lib/python3.12/site-packages/airflow/example_dags/example_branch_python_dop_operator_3.py
[2025-03-18T11:10:55.514+0000] {logging_mixin.py:190} INFO - [2025-03-18T11:10:55.514+0000] {dag.py:3239} INFO - Sync 1 DAGs
[2025-03-18T11:10:55.532+0000] {logging_mixin.py:190} INFO - [2025-03-18T11:10:55.532+0000] {dag.py:4180} INFO - Setting next_dagrun for example_branch_dop_operator_v3 to 2025-03-18 11:09:00+00:00, run_after=2025-03-18 11:10:00+00:00
[2025-03-18T11:10:55.547+0000] {processor.py:208} INFO - Processing /usr/local/python/3.12.1/lib/python3.12/site-packages/airflow/example_dags/example_branch_python_dop_operator_3.py took 0.059 seconds
[2025-03-18T11:12:04.709+0000] {processor.py:186} INFO - Started process (PID=63148) to work on /usr/local/python/3.12.1/lib/python3.12/site-packages/airflow/example_dags/example_branch_python_dop_operator_3.py
[2025-03-18T11:12:04.709+0000] {processor.py:914} INFO - Processing file /usr/local/python/3.12.1/lib/python3.12/site-packages/airflow/example_dags/example_branch_python_dop_operator_3.py for tasks to queue
[2025-03-18T11:12:04.711+0000] {logging_mixin.py:190} INFO - [2025-03-18T11:12:04.710+0000] {dagbag.py:588} INFO - Filling up the DagBag from /usr/local/python/3.12.1/lib/python3.12/site-packages/airflow/example_dags/example_branch_python_dop_operator_3.py
[2025-03-18T11:12:04.719+0000] {processor.py:925} INFO - DAG(s) 'example_branch_dop_operator_v3' retrieved from /usr/local/python/3.12.1/lib/python3.12/site-packages/airflow/example_dags/example_branch_python_dop_operator_3.py
[2025-03-18T11:12:04.729+0000] {logging_mixin.py:190} INFO - [2025-03-18T11:12:04.729+0000] {dag.py:3239} INFO - Sync 1 DAGs
[2025-03-18T11:12:04.746+0000] {logging_mixin.py:190} INFO - [2025-03-18T11:12:04.746+0000] {dag.py:4180} INFO - Setting next_dagrun for example_branch_dop_operator_v3 to 2025-03-18 11:11:00+00:00, run_after=2025-03-18 11:12:00+00:00
[2025-03-18T11:12:04.760+0000] {processor.py:208} INFO - Processing /usr/local/python/3.12.1/lib/python3.12/site-packages/airflow/example_dags/example_branch_python_dop_operator_3.py took 0.056 seconds
