[2025-03-18T10:51:37.152+0000] {processor.py:186} INFO - Started process (PID=49318) to work on /usr/local/python/3.12.1/lib/python3.12/site-packages/airflow/example_dags/example_short_circuit_operator.py
[2025-03-18T10:51:37.152+0000] {processor.py:914} INFO - Processing file /usr/local/python/3.12.1/lib/python3.12/site-packages/airflow/example_dags/example_short_circuit_operator.py for tasks to queue
[2025-03-18T10:51:37.153+0000] {logging_mixin.py:190} INFO - [2025-03-18T10:51:37.153+0000] {dagbag.py:588} INFO - Filling up the DagBag from /usr/local/python/3.12.1/lib/python3.12/site-packages/airflow/example_dags/example_short_circuit_operator.py
[2025-03-18T10:51:37.160+0000] {processor.py:925} INFO - DAG(s) 'example_short_circuit_operator' retrieved from /usr/local/python/3.12.1/lib/python3.12/site-packages/airflow/example_dags/example_short_circuit_operator.py
[2025-03-18T10:51:37.248+0000] {logging_mixin.py:190} INFO - [2025-03-18T10:51:37.248+0000] {override.py:1930} INFO - Created Permission View: can read on DAG:example_short_circuit_operator
[2025-03-18T10:51:37.256+0000] {logging_mixin.py:190} INFO - [2025-03-18T10:51:37.256+0000] {override.py:1930} INFO - Created Permission View: can edit on DAG:example_short_circuit_operator
[2025-03-18T10:51:37.262+0000] {logging_mixin.py:190} INFO - [2025-03-18T10:51:37.262+0000] {override.py:1930} INFO - Created Permission View: can delete on DAG:example_short_circuit_operator
[2025-03-18T10:51:37.270+0000] {logging_mixin.py:190} INFO - [2025-03-18T10:51:37.270+0000] {override.py:1930} INFO - Created Permission View: can read on DAG Run:example_short_circuit_operator
[2025-03-18T10:51:37.276+0000] {logging_mixin.py:190} INFO - [2025-03-18T10:51:37.275+0000] {override.py:1930} INFO - Created Permission View: can create on DAG Run:example_short_circuit_operator
[2025-03-18T10:51:37.281+0000] {logging_mixin.py:190} INFO - [2025-03-18T10:51:37.281+0000] {override.py:1930} INFO - Created Permission View: menu access on DAG Run:example_short_circuit_operator
[2025-03-18T10:51:37.287+0000] {logging_mixin.py:190} INFO - [2025-03-18T10:51:37.287+0000] {override.py:1930} INFO - Created Permission View: can delete on DAG Run:example_short_circuit_operator
[2025-03-18T10:51:37.287+0000] {logging_mixin.py:190} INFO - [2025-03-18T10:51:37.287+0000] {dag.py:3239} INFO - Sync 1 DAGs
[2025-03-18T10:51:37.297+0000] {logging_mixin.py:190} INFO - [2025-03-18T10:51:37.297+0000] {dag.py:3262} INFO - Creating ORM DAG for example_short_circuit_operator
[2025-03-18T10:51:37.298+0000] {logging_mixin.py:190} INFO - [2025-03-18T10:51:37.298+0000] {dag.py:4180} INFO - Setting next_dagrun for example_short_circuit_operator to None, run_after=None
[2025-03-18T10:51:37.312+0000] {processor.py:208} INFO - Processing /usr/local/python/3.12.1/lib/python3.12/site-packages/airflow/example_dags/example_short_circuit_operator.py took 0.165 seconds
[2025-03-18T10:52:37.948+0000] {processor.py:186} INFO - Started process (PID=50013) to work on /usr/local/python/3.12.1/lib/python3.12/site-packages/airflow/example_dags/example_short_circuit_operator.py
[2025-03-18T10:52:37.949+0000] {processor.py:914} INFO - Processing file /usr/local/python/3.12.1/lib/python3.12/site-packages/airflow/example_dags/example_short_circuit_operator.py for tasks to queue
[2025-03-18T10:52:37.950+0000] {logging_mixin.py:190} INFO - [2025-03-18T10:52:37.950+0000] {dagbag.py:588} INFO - Filling up the DagBag from /usr/local/python/3.12.1/lib/python3.12/site-packages/airflow/example_dags/example_short_circuit_operator.py
[2025-03-18T10:52:37.957+0000] {processor.py:925} INFO - DAG(s) 'example_short_circuit_operator' retrieved from /usr/local/python/3.12.1/lib/python3.12/site-packages/airflow/example_dags/example_short_circuit_operator.py
[2025-03-18T10:52:37.970+0000] {logging_mixin.py:190} INFO - [2025-03-18T10:52:37.970+0000] {dag.py:3239} INFO - Sync 1 DAGs
[2025-03-18T10:52:37.979+0000] {logging_mixin.py:190} INFO - [2025-03-18T10:52:37.979+0000] {dag.py:4180} INFO - Setting next_dagrun for example_short_circuit_operator to None, run_after=None
[2025-03-18T10:52:37.997+0000] {processor.py:208} INFO - Processing /usr/local/python/3.12.1/lib/python3.12/site-packages/airflow/example_dags/example_short_circuit_operator.py took 0.052 seconds
[2025-03-18T10:53:18.820+0000] {processor.py:186} INFO - Started process (PID=50498) to work on /usr/local/python/3.12.1/lib/python3.12/site-packages/airflow/example_dags/example_short_circuit_operator.py
[2025-03-18T10:53:18.821+0000] {processor.py:914} INFO - Processing file /usr/local/python/3.12.1/lib/python3.12/site-packages/airflow/example_dags/example_short_circuit_operator.py for tasks to queue
[2025-03-18T10:53:18.822+0000] {logging_mixin.py:190} INFO - [2025-03-18T10:53:18.822+0000] {dagbag.py:588} INFO - Filling up the DagBag from /usr/local/python/3.12.1/lib/python3.12/site-packages/airflow/example_dags/example_short_circuit_operator.py
[2025-03-18T10:53:18.828+0000] {processor.py:925} INFO - DAG(s) 'example_short_circuit_operator' retrieved from /usr/local/python/3.12.1/lib/python3.12/site-packages/airflow/example_dags/example_short_circuit_operator.py
[2025-03-18T10:53:18.842+0000] {logging_mixin.py:190} INFO - [2025-03-18T10:53:18.842+0000] {dag.py:3239} INFO - Sync 1 DAGs
[2025-03-18T10:53:18.852+0000] {logging_mixin.py:190} INFO - [2025-03-18T10:53:18.852+0000] {dag.py:4180} INFO - Setting next_dagrun for example_short_circuit_operator to None, run_after=None
[2025-03-18T10:53:18.867+0000] {processor.py:208} INFO - Processing /usr/local/python/3.12.1/lib/python3.12/site-packages/airflow/example_dags/example_short_circuit_operator.py took 0.051 seconds
[2025-03-18T10:54:14.527+0000] {processor.py:186} INFO - Started process (PID=51117) to work on /usr/local/python/3.12.1/lib/python3.12/site-packages/airflow/example_dags/example_short_circuit_operator.py
[2025-03-18T10:54:14.528+0000] {processor.py:914} INFO - Processing file /usr/local/python/3.12.1/lib/python3.12/site-packages/airflow/example_dags/example_short_circuit_operator.py for tasks to queue
[2025-03-18T10:54:14.529+0000] {logging_mixin.py:190} INFO - [2025-03-18T10:54:14.529+0000] {dagbag.py:588} INFO - Filling up the DagBag from /usr/local/python/3.12.1/lib/python3.12/site-packages/airflow/example_dags/example_short_circuit_operator.py
[2025-03-18T10:54:14.536+0000] {processor.py:925} INFO - DAG(s) 'example_short_circuit_operator' retrieved from /usr/local/python/3.12.1/lib/python3.12/site-packages/airflow/example_dags/example_short_circuit_operator.py
[2025-03-18T10:54:14.549+0000] {logging_mixin.py:190} INFO - [2025-03-18T10:54:14.548+0000] {dag.py:3239} INFO - Sync 1 DAGs
[2025-03-18T10:54:14.558+0000] {logging_mixin.py:190} INFO - [2025-03-18T10:54:14.558+0000] {dag.py:4180} INFO - Setting next_dagrun for example_short_circuit_operator to None, run_after=None
[2025-03-18T10:54:14.573+0000] {processor.py:208} INFO - Processing /usr/local/python/3.12.1/lib/python3.12/site-packages/airflow/example_dags/example_short_circuit_operator.py took 0.050 seconds
[2025-03-18T10:55:08.139+0000] {processor.py:186} INFO - Started process (PID=51592) to work on /usr/local/python/3.12.1/lib/python3.12/site-packages/airflow/example_dags/example_short_circuit_operator.py
[2025-03-18T10:55:08.140+0000] {processor.py:914} INFO - Processing file /usr/local/python/3.12.1/lib/python3.12/site-packages/airflow/example_dags/example_short_circuit_operator.py for tasks to queue
[2025-03-18T10:55:08.141+0000] {logging_mixin.py:190} INFO - [2025-03-18T10:55:08.141+0000] {dagbag.py:588} INFO - Filling up the DagBag from /usr/local/python/3.12.1/lib/python3.12/site-packages/airflow/example_dags/example_short_circuit_operator.py
[2025-03-18T10:55:08.148+0000] {processor.py:925} INFO - DAG(s) 'example_short_circuit_operator' retrieved from /usr/local/python/3.12.1/lib/python3.12/site-packages/airflow/example_dags/example_short_circuit_operator.py
[2025-03-18T10:55:08.160+0000] {logging_mixin.py:190} INFO - [2025-03-18T10:55:08.160+0000] {dag.py:3239} INFO - Sync 1 DAGs
[2025-03-18T10:55:08.169+0000] {logging_mixin.py:190} INFO - [2025-03-18T10:55:08.169+0000] {dag.py:4180} INFO - Setting next_dagrun for example_short_circuit_operator to None, run_after=None
[2025-03-18T10:55:08.184+0000] {processor.py:208} INFO - Processing /usr/local/python/3.12.1/lib/python3.12/site-packages/airflow/example_dags/example_short_circuit_operator.py took 0.049 seconds
[2025-03-18T10:56:01.550+0000] {processor.py:186} INFO - Started process (PID=52276) to work on /usr/local/python/3.12.1/lib/python3.12/site-packages/airflow/example_dags/example_short_circuit_operator.py
[2025-03-18T10:56:01.550+0000] {processor.py:914} INFO - Processing file /usr/local/python/3.12.1/lib/python3.12/site-packages/airflow/example_dags/example_short_circuit_operator.py for tasks to queue
[2025-03-18T10:56:01.552+0000] {logging_mixin.py:190} INFO - [2025-03-18T10:56:01.551+0000] {dagbag.py:588} INFO - Filling up the DagBag from /usr/local/python/3.12.1/lib/python3.12/site-packages/airflow/example_dags/example_short_circuit_operator.py
[2025-03-18T10:56:01.558+0000] {processor.py:925} INFO - DAG(s) 'example_short_circuit_operator' retrieved from /usr/local/python/3.12.1/lib/python3.12/site-packages/airflow/example_dags/example_short_circuit_operator.py
[2025-03-18T10:56:01.571+0000] {logging_mixin.py:190} INFO - [2025-03-18T10:56:01.571+0000] {dag.py:3239} INFO - Sync 1 DAGs
[2025-03-18T10:56:01.581+0000] {logging_mixin.py:190} INFO - [2025-03-18T10:56:01.580+0000] {dag.py:4180} INFO - Setting next_dagrun for example_short_circuit_operator to None, run_after=None
[2025-03-18T10:56:01.595+0000] {processor.py:208} INFO - Processing /usr/local/python/3.12.1/lib/python3.12/site-packages/airflow/example_dags/example_short_circuit_operator.py took 0.049 seconds
[2025-03-18T10:56:52.629+0000] {processor.py:186} INFO - Started process (PID=52801) to work on /usr/local/python/3.12.1/lib/python3.12/site-packages/airflow/example_dags/example_short_circuit_operator.py
[2025-03-18T10:56:52.630+0000] {processor.py:914} INFO - Processing file /usr/local/python/3.12.1/lib/python3.12/site-packages/airflow/example_dags/example_short_circuit_operator.py for tasks to queue
[2025-03-18T10:56:52.631+0000] {logging_mixin.py:190} INFO - [2025-03-18T10:56:52.631+0000] {dagbag.py:588} INFO - Filling up the DagBag from /usr/local/python/3.12.1/lib/python3.12/site-packages/airflow/example_dags/example_short_circuit_operator.py
[2025-03-18T10:56:52.638+0000] {processor.py:925} INFO - DAG(s) 'example_short_circuit_operator' retrieved from /usr/local/python/3.12.1/lib/python3.12/site-packages/airflow/example_dags/example_short_circuit_operator.py
[2025-03-18T10:56:52.650+0000] {logging_mixin.py:190} INFO - [2025-03-18T10:56:52.650+0000] {dag.py:3239} INFO - Sync 1 DAGs
[2025-03-18T10:56:52.660+0000] {logging_mixin.py:190} INFO - [2025-03-18T10:56:52.660+0000] {dag.py:4180} INFO - Setting next_dagrun for example_short_circuit_operator to None, run_after=None
[2025-03-18T10:56:52.674+0000] {processor.py:208} INFO - Processing /usr/local/python/3.12.1/lib/python3.12/site-packages/airflow/example_dags/example_short_circuit_operator.py took 0.049 seconds
[2025-03-18T10:57:41.212+0000] {processor.py:186} INFO - Started process (PID=53413) to work on /usr/local/python/3.12.1/lib/python3.12/site-packages/airflow/example_dags/example_short_circuit_operator.py
[2025-03-18T10:57:41.213+0000] {processor.py:914} INFO - Processing file /usr/local/python/3.12.1/lib/python3.12/site-packages/airflow/example_dags/example_short_circuit_operator.py for tasks to queue
[2025-03-18T10:57:41.214+0000] {logging_mixin.py:190} INFO - [2025-03-18T10:57:41.214+0000] {dagbag.py:588} INFO - Filling up the DagBag from /usr/local/python/3.12.1/lib/python3.12/site-packages/airflow/example_dags/example_short_circuit_operator.py
[2025-03-18T10:57:41.222+0000] {processor.py:925} INFO - DAG(s) 'example_short_circuit_operator' retrieved from /usr/local/python/3.12.1/lib/python3.12/site-packages/airflow/example_dags/example_short_circuit_operator.py
[2025-03-18T10:57:41.235+0000] {logging_mixin.py:190} INFO - [2025-03-18T10:57:41.235+0000] {dag.py:3239} INFO - Sync 1 DAGs
[2025-03-18T10:57:41.244+0000] {logging_mixin.py:190} INFO - [2025-03-18T10:57:41.244+0000] {dag.py:4180} INFO - Setting next_dagrun for example_short_circuit_operator to None, run_after=None
[2025-03-18T10:57:41.259+0000] {processor.py:208} INFO - Processing /usr/local/python/3.12.1/lib/python3.12/site-packages/airflow/example_dags/example_short_circuit_operator.py took 0.051 seconds
[2025-03-18T10:58:30.209+0000] {processor.py:186} INFO - Started process (PID=53893) to work on /usr/local/python/3.12.1/lib/python3.12/site-packages/airflow/example_dags/example_short_circuit_operator.py
[2025-03-18T10:58:30.210+0000] {processor.py:914} INFO - Processing file /usr/local/python/3.12.1/lib/python3.12/site-packages/airflow/example_dags/example_short_circuit_operator.py for tasks to queue
[2025-03-18T10:58:30.211+0000] {logging_mixin.py:190} INFO - [2025-03-18T10:58:30.211+0000] {dagbag.py:588} INFO - Filling up the DagBag from /usr/local/python/3.12.1/lib/python3.12/site-packages/airflow/example_dags/example_short_circuit_operator.py
[2025-03-18T10:58:30.218+0000] {processor.py:925} INFO - DAG(s) 'example_short_circuit_operator' retrieved from /usr/local/python/3.12.1/lib/python3.12/site-packages/airflow/example_dags/example_short_circuit_operator.py
[2025-03-18T10:58:30.231+0000] {logging_mixin.py:190} INFO - [2025-03-18T10:58:30.231+0000] {dag.py:3239} INFO - Sync 1 DAGs
[2025-03-18T10:58:30.240+0000] {logging_mixin.py:190} INFO - [2025-03-18T10:58:30.240+0000] {dag.py:4180} INFO - Setting next_dagrun for example_short_circuit_operator to None, run_after=None
[2025-03-18T10:58:30.254+0000] {processor.py:208} INFO - Processing /usr/local/python/3.12.1/lib/python3.12/site-packages/airflow/example_dags/example_short_circuit_operator.py took 0.049 seconds
[2025-03-18T10:59:17.600+0000] {processor.py:186} INFO - Started process (PID=54539) to work on /usr/local/python/3.12.1/lib/python3.12/site-packages/airflow/example_dags/example_short_circuit_operator.py
[2025-03-18T10:59:17.600+0000] {processor.py:914} INFO - Processing file /usr/local/python/3.12.1/lib/python3.12/site-packages/airflow/example_dags/example_short_circuit_operator.py for tasks to queue
[2025-03-18T10:59:17.602+0000] {logging_mixin.py:190} INFO - [2025-03-18T10:59:17.601+0000] {dagbag.py:588} INFO - Filling up the DagBag from /usr/local/python/3.12.1/lib/python3.12/site-packages/airflow/example_dags/example_short_circuit_operator.py
[2025-03-18T10:59:17.610+0000] {processor.py:925} INFO - DAG(s) 'example_short_circuit_operator' retrieved from /usr/local/python/3.12.1/lib/python3.12/site-packages/airflow/example_dags/example_short_circuit_operator.py
[2025-03-18T10:59:17.626+0000] {logging_mixin.py:190} INFO - [2025-03-18T10:59:17.626+0000] {dag.py:3239} INFO - Sync 1 DAGs
[2025-03-18T10:59:17.636+0000] {logging_mixin.py:190} INFO - [2025-03-18T10:59:17.636+0000] {dag.py:4180} INFO - Setting next_dagrun for example_short_circuit_operator to None, run_after=None
[2025-03-18T10:59:17.651+0000] {processor.py:208} INFO - Processing /usr/local/python/3.12.1/lib/python3.12/site-packages/airflow/example_dags/example_short_circuit_operator.py took 0.055 seconds
[2025-03-18T11:00:05.155+0000] {processor.py:186} INFO - Started process (PID=54982) to work on /usr/local/python/3.12.1/lib/python3.12/site-packages/airflow/example_dags/example_short_circuit_operator.py
[2025-03-18T11:00:05.155+0000] {processor.py:914} INFO - Processing file /usr/local/python/3.12.1/lib/python3.12/site-packages/airflow/example_dags/example_short_circuit_operator.py for tasks to queue
[2025-03-18T11:00:05.157+0000] {logging_mixin.py:190} INFO - [2025-03-18T11:00:05.156+0000] {dagbag.py:588} INFO - Filling up the DagBag from /usr/local/python/3.12.1/lib/python3.12/site-packages/airflow/example_dags/example_short_circuit_operator.py
[2025-03-18T11:00:05.163+0000] {processor.py:925} INFO - DAG(s) 'example_short_circuit_operator' retrieved from /usr/local/python/3.12.1/lib/python3.12/site-packages/airflow/example_dags/example_short_circuit_operator.py
[2025-03-18T11:00:05.176+0000] {logging_mixin.py:190} INFO - [2025-03-18T11:00:05.176+0000] {dag.py:3239} INFO - Sync 1 DAGs
[2025-03-18T11:00:05.186+0000] {logging_mixin.py:190} INFO - [2025-03-18T11:00:05.186+0000] {dag.py:4180} INFO - Setting next_dagrun for example_short_circuit_operator to None, run_after=None
[2025-03-18T11:00:05.203+0000] {processor.py:208} INFO - Processing /usr/local/python/3.12.1/lib/python3.12/site-packages/airflow/example_dags/example_short_circuit_operator.py took 0.052 seconds
[2025-03-18T11:00:55.838+0000] {processor.py:186} INFO - Started process (PID=57223) to work on /usr/local/python/3.12.1/lib/python3.12/site-packages/airflow/example_dags/example_short_circuit_operator.py
[2025-03-18T11:00:55.839+0000] {processor.py:914} INFO - Processing file /usr/local/python/3.12.1/lib/python3.12/site-packages/airflow/example_dags/example_short_circuit_operator.py for tasks to queue
[2025-03-18T11:00:55.843+0000] {logging_mixin.py:190} INFO - [2025-03-18T11:00:55.842+0000] {dagbag.py:588} INFO - Filling up the DagBag from /usr/local/python/3.12.1/lib/python3.12/site-packages/airflow/example_dags/example_short_circuit_operator.py
[2025-03-18T11:00:55.859+0000] {processor.py:925} INFO - DAG(s) 'example_short_circuit_operator' retrieved from /usr/local/python/3.12.1/lib/python3.12/site-packages/airflow/example_dags/example_short_circuit_operator.py
[2025-03-18T11:00:55.880+0000] {logging_mixin.py:190} INFO - [2025-03-18T11:00:55.880+0000] {dag.py:3239} INFO - Sync 1 DAGs
[2025-03-18T11:00:55.898+0000] {logging_mixin.py:190} INFO - [2025-03-18T11:00:55.897+0000] {dag.py:4180} INFO - Setting next_dagrun for example_short_circuit_operator to None, run_after=None
[2025-03-18T11:00:55.930+0000] {processor.py:208} INFO - Processing /usr/local/python/3.12.1/lib/python3.12/site-packages/airflow/example_dags/example_short_circuit_operator.py took 0.100 seconds
[2025-03-18T11:01:47.860+0000] {processor.py:186} INFO - Started process (PID=57896) to work on /usr/local/python/3.12.1/lib/python3.12/site-packages/airflow/example_dags/example_short_circuit_operator.py
[2025-03-18T11:01:47.861+0000] {processor.py:914} INFO - Processing file /usr/local/python/3.12.1/lib/python3.12/site-packages/airflow/example_dags/example_short_circuit_operator.py for tasks to queue
[2025-03-18T11:01:47.862+0000] {logging_mixin.py:190} INFO - [2025-03-18T11:01:47.862+0000] {dagbag.py:588} INFO - Filling up the DagBag from /usr/local/python/3.12.1/lib/python3.12/site-packages/airflow/example_dags/example_short_circuit_operator.py
[2025-03-18T11:01:47.869+0000] {processor.py:925} INFO - DAG(s) 'example_short_circuit_operator' retrieved from /usr/local/python/3.12.1/lib/python3.12/site-packages/airflow/example_dags/example_short_circuit_operator.py
[2025-03-18T11:01:47.882+0000] {logging_mixin.py:190} INFO - [2025-03-18T11:01:47.882+0000] {dag.py:3239} INFO - Sync 1 DAGs
[2025-03-18T11:01:47.891+0000] {logging_mixin.py:190} INFO - [2025-03-18T11:01:47.891+0000] {dag.py:4180} INFO - Setting next_dagrun for example_short_circuit_operator to None, run_after=None
[2025-03-18T11:01:47.905+0000] {processor.py:208} INFO - Processing /usr/local/python/3.12.1/lib/python3.12/site-packages/airflow/example_dags/example_short_circuit_operator.py took 0.049 seconds
[2025-03-18T11:02:38.532+0000] {processor.py:186} INFO - Started process (PID=58294) to work on /usr/local/python/3.12.1/lib/python3.12/site-packages/airflow/example_dags/example_short_circuit_operator.py
[2025-03-18T11:02:38.533+0000] {processor.py:914} INFO - Processing file /usr/local/python/3.12.1/lib/python3.12/site-packages/airflow/example_dags/example_short_circuit_operator.py for tasks to queue
[2025-03-18T11:02:38.534+0000] {logging_mixin.py:190} INFO - [2025-03-18T11:02:38.534+0000] {dagbag.py:588} INFO - Filling up the DagBag from /usr/local/python/3.12.1/lib/python3.12/site-packages/airflow/example_dags/example_short_circuit_operator.py
[2025-03-18T11:02:38.541+0000] {processor.py:925} INFO - DAG(s) 'example_short_circuit_operator' retrieved from /usr/local/python/3.12.1/lib/python3.12/site-packages/airflow/example_dags/example_short_circuit_operator.py
[2025-03-18T11:02:38.554+0000] {logging_mixin.py:190} INFO - [2025-03-18T11:02:38.554+0000] {dag.py:3239} INFO - Sync 1 DAGs
[2025-03-18T11:02:38.564+0000] {logging_mixin.py:190} INFO - [2025-03-18T11:02:38.564+0000] {dag.py:4180} INFO - Setting next_dagrun for example_short_circuit_operator to None, run_after=None
[2025-03-18T11:02:38.579+0000] {processor.py:208} INFO - Processing /usr/local/python/3.12.1/lib/python3.12/site-packages/airflow/example_dags/example_short_circuit_operator.py took 0.051 seconds
[2025-03-18T11:03:24.495+0000] {processor.py:186} INFO - Started process (PID=58696) to work on /usr/local/python/3.12.1/lib/python3.12/site-packages/airflow/example_dags/example_short_circuit_operator.py
[2025-03-18T11:03:24.495+0000] {processor.py:914} INFO - Processing file /usr/local/python/3.12.1/lib/python3.12/site-packages/airflow/example_dags/example_short_circuit_operator.py for tasks to queue
[2025-03-18T11:03:24.497+0000] {logging_mixin.py:190} INFO - [2025-03-18T11:03:24.497+0000] {dagbag.py:588} INFO - Filling up the DagBag from /usr/local/python/3.12.1/lib/python3.12/site-packages/airflow/example_dags/example_short_circuit_operator.py
[2025-03-18T11:03:24.504+0000] {processor.py:925} INFO - DAG(s) 'example_short_circuit_operator' retrieved from /usr/local/python/3.12.1/lib/python3.12/site-packages/airflow/example_dags/example_short_circuit_operator.py
[2025-03-18T11:03:24.517+0000] {logging_mixin.py:190} INFO - [2025-03-18T11:03:24.517+0000] {dag.py:3239} INFO - Sync 1 DAGs
[2025-03-18T11:03:24.526+0000] {logging_mixin.py:190} INFO - [2025-03-18T11:03:24.526+0000] {dag.py:4180} INFO - Setting next_dagrun for example_short_circuit_operator to None, run_after=None
[2025-03-18T11:03:24.540+0000] {processor.py:208} INFO - Processing /usr/local/python/3.12.1/lib/python3.12/site-packages/airflow/example_dags/example_short_circuit_operator.py took 0.050 seconds
[2025-03-18T11:04:15.730+0000] {processor.py:186} INFO - Started process (PID=59097) to work on /usr/local/python/3.12.1/lib/python3.12/site-packages/airflow/example_dags/example_short_circuit_operator.py
[2025-03-18T11:04:15.730+0000] {processor.py:914} INFO - Processing file /usr/local/python/3.12.1/lib/python3.12/site-packages/airflow/example_dags/example_short_circuit_operator.py for tasks to queue
[2025-03-18T11:04:15.732+0000] {logging_mixin.py:190} INFO - [2025-03-18T11:04:15.732+0000] {dagbag.py:588} INFO - Filling up the DagBag from /usr/local/python/3.12.1/lib/python3.12/site-packages/airflow/example_dags/example_short_circuit_operator.py
[2025-03-18T11:04:15.739+0000] {processor.py:925} INFO - DAG(s) 'example_short_circuit_operator' retrieved from /usr/local/python/3.12.1/lib/python3.12/site-packages/airflow/example_dags/example_short_circuit_operator.py
[2025-03-18T11:04:15.752+0000] {logging_mixin.py:190} INFO - [2025-03-18T11:04:15.752+0000] {dag.py:3239} INFO - Sync 1 DAGs
[2025-03-18T11:04:15.761+0000] {logging_mixin.py:190} INFO - [2025-03-18T11:04:15.761+0000] {dag.py:4180} INFO - Setting next_dagrun for example_short_circuit_operator to None, run_after=None
[2025-03-18T11:04:15.776+0000] {processor.py:208} INFO - Processing /usr/local/python/3.12.1/lib/python3.12/site-packages/airflow/example_dags/example_short_circuit_operator.py took 0.050 seconds
[2025-03-18T11:05:02.662+0000] {processor.py:186} INFO - Started process (PID=59459) to work on /usr/local/python/3.12.1/lib/python3.12/site-packages/airflow/example_dags/example_short_circuit_operator.py
[2025-03-18T11:05:02.662+0000] {processor.py:914} INFO - Processing file /usr/local/python/3.12.1/lib/python3.12/site-packages/airflow/example_dags/example_short_circuit_operator.py for tasks to queue
[2025-03-18T11:05:02.664+0000] {logging_mixin.py:190} INFO - [2025-03-18T11:05:02.664+0000] {dagbag.py:588} INFO - Filling up the DagBag from /usr/local/python/3.12.1/lib/python3.12/site-packages/airflow/example_dags/example_short_circuit_operator.py
[2025-03-18T11:05:02.671+0000] {processor.py:925} INFO - DAG(s) 'example_short_circuit_operator' retrieved from /usr/local/python/3.12.1/lib/python3.12/site-packages/airflow/example_dags/example_short_circuit_operator.py
[2025-03-18T11:05:02.684+0000] {logging_mixin.py:190} INFO - [2025-03-18T11:05:02.684+0000] {dag.py:3239} INFO - Sync 1 DAGs
[2025-03-18T11:05:02.693+0000] {logging_mixin.py:190} INFO - [2025-03-18T11:05:02.693+0000] {dag.py:4180} INFO - Setting next_dagrun for example_short_circuit_operator to None, run_after=None
[2025-03-18T11:05:02.708+0000] {processor.py:208} INFO - Processing /usr/local/python/3.12.1/lib/python3.12/site-packages/airflow/example_dags/example_short_circuit_operator.py took 0.050 seconds
[2025-03-18T11:05:53.110+0000] {processor.py:186} INFO - Started process (PID=59858) to work on /usr/local/python/3.12.1/lib/python3.12/site-packages/airflow/example_dags/example_short_circuit_operator.py
[2025-03-18T11:05:53.110+0000] {processor.py:914} INFO - Processing file /usr/local/python/3.12.1/lib/python3.12/site-packages/airflow/example_dags/example_short_circuit_operator.py for tasks to queue
[2025-03-18T11:05:53.112+0000] {logging_mixin.py:190} INFO - [2025-03-18T11:05:53.112+0000] {dagbag.py:588} INFO - Filling up the DagBag from /usr/local/python/3.12.1/lib/python3.12/site-packages/airflow/example_dags/example_short_circuit_operator.py
[2025-03-18T11:05:53.119+0000] {processor.py:925} INFO - DAG(s) 'example_short_circuit_operator' retrieved from /usr/local/python/3.12.1/lib/python3.12/site-packages/airflow/example_dags/example_short_circuit_operator.py
[2025-03-18T11:05:53.132+0000] {logging_mixin.py:190} INFO - [2025-03-18T11:05:53.132+0000] {dag.py:3239} INFO - Sync 1 DAGs
[2025-03-18T11:05:53.141+0000] {logging_mixin.py:190} INFO - [2025-03-18T11:05:53.141+0000] {dag.py:4180} INFO - Setting next_dagrun for example_short_circuit_operator to None, run_after=None
[2025-03-18T11:05:53.156+0000] {processor.py:208} INFO - Processing /usr/local/python/3.12.1/lib/python3.12/site-packages/airflow/example_dags/example_short_circuit_operator.py took 0.050 seconds
[2025-03-18T11:06:42.497+0000] {processor.py:186} INFO - Started process (PID=60250) to work on /usr/local/python/3.12.1/lib/python3.12/site-packages/airflow/example_dags/example_short_circuit_operator.py
[2025-03-18T11:06:42.498+0000] {processor.py:914} INFO - Processing file /usr/local/python/3.12.1/lib/python3.12/site-packages/airflow/example_dags/example_short_circuit_operator.py for tasks to queue
[2025-03-18T11:06:42.500+0000] {logging_mixin.py:190} INFO - [2025-03-18T11:06:42.499+0000] {dagbag.py:588} INFO - Filling up the DagBag from /usr/local/python/3.12.1/lib/python3.12/site-packages/airflow/example_dags/example_short_circuit_operator.py
[2025-03-18T11:06:42.506+0000] {processor.py:925} INFO - DAG(s) 'example_short_circuit_operator' retrieved from /usr/local/python/3.12.1/lib/python3.12/site-packages/airflow/example_dags/example_short_circuit_operator.py
[2025-03-18T11:06:42.519+0000] {logging_mixin.py:190} INFO - [2025-03-18T11:06:42.519+0000] {dag.py:3239} INFO - Sync 1 DAGs
[2025-03-18T11:06:42.529+0000] {logging_mixin.py:190} INFO - [2025-03-18T11:06:42.529+0000] {dag.py:4180} INFO - Setting next_dagrun for example_short_circuit_operator to None, run_after=None
[2025-03-18T11:06:42.544+0000] {processor.py:208} INFO - Processing /usr/local/python/3.12.1/lib/python3.12/site-packages/airflow/example_dags/example_short_circuit_operator.py took 0.051 seconds
[2025-03-18T11:07:33.831+0000] {processor.py:186} INFO - Started process (PID=60655) to work on /usr/local/python/3.12.1/lib/python3.12/site-packages/airflow/example_dags/example_short_circuit_operator.py
[2025-03-18T11:07:33.831+0000] {processor.py:914} INFO - Processing file /usr/local/python/3.12.1/lib/python3.12/site-packages/airflow/example_dags/example_short_circuit_operator.py for tasks to queue
[2025-03-18T11:07:33.833+0000] {logging_mixin.py:190} INFO - [2025-03-18T11:07:33.833+0000] {dagbag.py:588} INFO - Filling up the DagBag from /usr/local/python/3.12.1/lib/python3.12/site-packages/airflow/example_dags/example_short_circuit_operator.py
[2025-03-18T11:07:33.840+0000] {processor.py:925} INFO - DAG(s) 'example_short_circuit_operator' retrieved from /usr/local/python/3.12.1/lib/python3.12/site-packages/airflow/example_dags/example_short_circuit_operator.py
[2025-03-18T11:07:33.852+0000] {logging_mixin.py:190} INFO - [2025-03-18T11:07:33.852+0000] {dag.py:3239} INFO - Sync 1 DAGs
[2025-03-18T11:07:33.862+0000] {logging_mixin.py:190} INFO - [2025-03-18T11:07:33.862+0000] {dag.py:4180} INFO - Setting next_dagrun for example_short_circuit_operator to None, run_after=None
[2025-03-18T11:07:33.876+0000] {processor.py:208} INFO - Processing /usr/local/python/3.12.1/lib/python3.12/site-packages/airflow/example_dags/example_short_circuit_operator.py took 0.049 seconds
[2025-03-18T11:08:23.223+0000] {processor.py:186} INFO - Started process (PID=61074) to work on /usr/local/python/3.12.1/lib/python3.12/site-packages/airflow/example_dags/example_short_circuit_operator.py
[2025-03-18T11:08:23.224+0000] {processor.py:914} INFO - Processing file /usr/local/python/3.12.1/lib/python3.12/site-packages/airflow/example_dags/example_short_circuit_operator.py for tasks to queue
[2025-03-18T11:08:23.225+0000] {logging_mixin.py:190} INFO - [2025-03-18T11:08:23.225+0000] {dagbag.py:588} INFO - Filling up the DagBag from /usr/local/python/3.12.1/lib/python3.12/site-packages/airflow/example_dags/example_short_circuit_operator.py
[2025-03-18T11:08:23.232+0000] {processor.py:925} INFO - DAG(s) 'example_short_circuit_operator' retrieved from /usr/local/python/3.12.1/lib/python3.12/site-packages/airflow/example_dags/example_short_circuit_operator.py
[2025-03-18T11:08:23.245+0000] {logging_mixin.py:190} INFO - [2025-03-18T11:08:23.245+0000] {dag.py:3239} INFO - Sync 1 DAGs
[2025-03-18T11:08:23.254+0000] {logging_mixin.py:190} INFO - [2025-03-18T11:08:23.254+0000] {dag.py:4180} INFO - Setting next_dagrun for example_short_circuit_operator to None, run_after=None
[2025-03-18T11:08:23.268+0000] {processor.py:208} INFO - Processing /usr/local/python/3.12.1/lib/python3.12/site-packages/airflow/example_dags/example_short_circuit_operator.py took 0.049 seconds
[2025-03-18T11:09:16.031+0000] {processor.py:186} INFO - Started process (PID=61522) to work on /usr/local/python/3.12.1/lib/python3.12/site-packages/airflow/example_dags/example_short_circuit_operator.py
[2025-03-18T11:09:16.032+0000] {processor.py:914} INFO - Processing file /usr/local/python/3.12.1/lib/python3.12/site-packages/airflow/example_dags/example_short_circuit_operator.py for tasks to queue
[2025-03-18T11:09:16.033+0000] {logging_mixin.py:190} INFO - [2025-03-18T11:09:16.033+0000] {dagbag.py:588} INFO - Filling up the DagBag from /usr/local/python/3.12.1/lib/python3.12/site-packages/airflow/example_dags/example_short_circuit_operator.py
[2025-03-18T11:09:16.040+0000] {processor.py:925} INFO - DAG(s) 'example_short_circuit_operator' retrieved from /usr/local/python/3.12.1/lib/python3.12/site-packages/airflow/example_dags/example_short_circuit_operator.py
[2025-03-18T11:09:16.053+0000] {logging_mixin.py:190} INFO - [2025-03-18T11:09:16.053+0000] {dag.py:3239} INFO - Sync 1 DAGs
[2025-03-18T11:09:16.062+0000] {logging_mixin.py:190} INFO - [2025-03-18T11:09:16.062+0000] {dag.py:4180} INFO - Setting next_dagrun for example_short_circuit_operator to None, run_after=None
[2025-03-18T11:09:16.077+0000] {processor.py:208} INFO - Processing /usr/local/python/3.12.1/lib/python3.12/site-packages/airflow/example_dags/example_short_circuit_operator.py took 0.050 seconds
[2025-03-18T11:10:10.075+0000] {processor.py:186} INFO - Started process (PID=61994) to work on /usr/local/python/3.12.1/lib/python3.12/site-packages/airflow/example_dags/example_short_circuit_operator.py
[2025-03-18T11:10:10.076+0000] {processor.py:914} INFO - Processing file /usr/local/python/3.12.1/lib/python3.12/site-packages/airflow/example_dags/example_short_circuit_operator.py for tasks to queue
[2025-03-18T11:10:10.077+0000] {logging_mixin.py:190} INFO - [2025-03-18T11:10:10.077+0000] {dagbag.py:588} INFO - Filling up the DagBag from /usr/local/python/3.12.1/lib/python3.12/site-packages/airflow/example_dags/example_short_circuit_operator.py
[2025-03-18T11:10:10.084+0000] {processor.py:925} INFO - DAG(s) 'example_short_circuit_operator' retrieved from /usr/local/python/3.12.1/lib/python3.12/site-packages/airflow/example_dags/example_short_circuit_operator.py
[2025-03-18T11:10:10.098+0000] {logging_mixin.py:190} INFO - [2025-03-18T11:10:10.097+0000] {dag.py:3239} INFO - Sync 1 DAGs
[2025-03-18T11:10:10.107+0000] {logging_mixin.py:190} INFO - [2025-03-18T11:10:10.107+0000] {dag.py:4180} INFO - Setting next_dagrun for example_short_circuit_operator to None, run_after=None
[2025-03-18T11:10:10.121+0000] {processor.py:208} INFO - Processing /usr/local/python/3.12.1/lib/python3.12/site-packages/airflow/example_dags/example_short_circuit_operator.py took 0.050 seconds
[2025-03-18T11:11:00.169+0000] {processor.py:186} INFO - Started process (PID=62433) to work on /usr/local/python/3.12.1/lib/python3.12/site-packages/airflow/example_dags/example_short_circuit_operator.py
[2025-03-18T11:11:00.170+0000] {processor.py:914} INFO - Processing file /usr/local/python/3.12.1/lib/python3.12/site-packages/airflow/example_dags/example_short_circuit_operator.py for tasks to queue
[2025-03-18T11:11:00.172+0000] {logging_mixin.py:190} INFO - [2025-03-18T11:11:00.171+0000] {dagbag.py:588} INFO - Filling up the DagBag from /usr/local/python/3.12.1/lib/python3.12/site-packages/airflow/example_dags/example_short_circuit_operator.py
[2025-03-18T11:11:00.178+0000] {processor.py:925} INFO - DAG(s) 'example_short_circuit_operator' retrieved from /usr/local/python/3.12.1/lib/python3.12/site-packages/airflow/example_dags/example_short_circuit_operator.py
[2025-03-18T11:11:00.191+0000] {logging_mixin.py:190} INFO - [2025-03-18T11:11:00.191+0000] {dag.py:3239} INFO - Sync 1 DAGs
[2025-03-18T11:11:00.201+0000] {logging_mixin.py:190} INFO - [2025-03-18T11:11:00.201+0000] {dag.py:4180} INFO - Setting next_dagrun for example_short_circuit_operator to None, run_after=None
[2025-03-18T11:11:00.215+0000] {processor.py:208} INFO - Processing /usr/local/python/3.12.1/lib/python3.12/site-packages/airflow/example_dags/example_short_circuit_operator.py took 0.050 seconds
[2025-03-18T11:11:45.184+0000] {processor.py:186} INFO - Started process (PID=62872) to work on /usr/local/python/3.12.1/lib/python3.12/site-packages/airflow/example_dags/example_short_circuit_operator.py
[2025-03-18T11:11:45.185+0000] {processor.py:914} INFO - Processing file /usr/local/python/3.12.1/lib/python3.12/site-packages/airflow/example_dags/example_short_circuit_operator.py for tasks to queue
[2025-03-18T11:11:45.186+0000] {logging_mixin.py:190} INFO - [2025-03-18T11:11:45.186+0000] {dagbag.py:588} INFO - Filling up the DagBag from /usr/local/python/3.12.1/lib/python3.12/site-packages/airflow/example_dags/example_short_circuit_operator.py
[2025-03-18T11:11:45.193+0000] {processor.py:925} INFO - DAG(s) 'example_short_circuit_operator' retrieved from /usr/local/python/3.12.1/lib/python3.12/site-packages/airflow/example_dags/example_short_circuit_operator.py
[2025-03-18T11:11:45.206+0000] {logging_mixin.py:190} INFO - [2025-03-18T11:11:45.206+0000] {dag.py:3239} INFO - Sync 1 DAGs
[2025-03-18T11:11:45.215+0000] {logging_mixin.py:190} INFO - [2025-03-18T11:11:45.215+0000] {dag.py:4180} INFO - Setting next_dagrun for example_short_circuit_operator to None, run_after=None
[2025-03-18T11:11:45.229+0000] {processor.py:208} INFO - Processing /usr/local/python/3.12.1/lib/python3.12/site-packages/airflow/example_dags/example_short_circuit_operator.py took 0.049 seconds
[2025-03-18T11:50:32.894+0000] {processor.py:186} INFO - Started process (PID=82959) to work on /usr/local/python/3.12.1/lib/python3.12/site-packages/airflow/example_dags/example_short_circuit_operator.py
[2025-03-18T11:50:32.894+0000] {processor.py:914} INFO - Processing file /usr/local/python/3.12.1/lib/python3.12/site-packages/airflow/example_dags/example_short_circuit_operator.py for tasks to queue
[2025-03-18T11:50:32.896+0000] {logging_mixin.py:190} INFO - [2025-03-18T11:50:32.896+0000] {dagbag.py:588} INFO - Filling up the DagBag from /usr/local/python/3.12.1/lib/python3.12/site-packages/airflow/example_dags/example_short_circuit_operator.py
[2025-03-18T11:50:32.902+0000] {processor.py:925} INFO - DAG(s) 'example_short_circuit_operator' retrieved from /usr/local/python/3.12.1/lib/python3.12/site-packages/airflow/example_dags/example_short_circuit_operator.py
[2025-03-18T11:50:32.916+0000] {logging_mixin.py:190} INFO - [2025-03-18T11:50:32.916+0000] {dag.py:3239} INFO - Sync 1 DAGs
[2025-03-18T11:50:32.926+0000] {logging_mixin.py:190} INFO - [2025-03-18T11:50:32.925+0000] {dag.py:4180} INFO - Setting next_dagrun for example_short_circuit_operator to None, run_after=None
[2025-03-18T11:50:32.940+0000] {processor.py:208} INFO - Processing /usr/local/python/3.12.1/lib/python3.12/site-packages/airflow/example_dags/example_short_circuit_operator.py took 0.050 seconds
[2025-03-18T11:57:50.651+0000] {processor.py:186} INFO - Started process (PID=86873) to work on /usr/local/python/3.12.1/lib/python3.12/site-packages/airflow/example_dags/example_short_circuit_operator.py
[2025-03-18T11:57:50.652+0000] {processor.py:914} INFO - Processing file /usr/local/python/3.12.1/lib/python3.12/site-packages/airflow/example_dags/example_short_circuit_operator.py for tasks to queue
[2025-03-18T11:57:50.653+0000] {logging_mixin.py:190} INFO - [2025-03-18T11:57:50.653+0000] {dagbag.py:588} INFO - Filling up the DagBag from /usr/local/python/3.12.1/lib/python3.12/site-packages/airflow/example_dags/example_short_circuit_operator.py
[2025-03-18T11:57:50.660+0000] {processor.py:925} INFO - DAG(s) 'example_short_circuit_operator' retrieved from /usr/local/python/3.12.1/lib/python3.12/site-packages/airflow/example_dags/example_short_circuit_operator.py
[2025-03-18T11:57:50.676+0000] {logging_mixin.py:190} INFO - [2025-03-18T11:57:50.676+0000] {dag.py:3239} INFO - Sync 1 DAGs
[2025-03-18T11:57:50.685+0000] {logging_mixin.py:190} INFO - [2025-03-18T11:57:50.685+0000] {dag.py:4180} INFO - Setting next_dagrun for example_short_circuit_operator to None, run_after=None
[2025-03-18T11:57:51.391+0000] {processor.py:208} INFO - Processing /usr/local/python/3.12.1/lib/python3.12/site-packages/airflow/example_dags/example_short_circuit_operator.py took 0.744 seconds
