[2025-03-18T10:51:52.658+0000] {processor.py:186} INFO - Started process (PID=49433) to work on /usr/local/python/3.12.1/lib/python3.12/site-packages/airflow/example_dags/example_latest_only.py
[2025-03-18T10:51:52.659+0000] {processor.py:914} INFO - Processing file /usr/local/python/3.12.1/lib/python3.12/site-packages/airflow/example_dags/example_latest_only.py for tasks to queue
[2025-03-18T10:51:52.660+0000] {logging_mixin.py:190} INFO - [2025-03-18T10:51:52.660+0000] {dagbag.py:588} INFO - Filling up the DagBag from /usr/local/python/3.12.1/lib/python3.12/site-packages/airflow/example_dags/example_latest_only.py
[2025-03-18T10:51:52.666+0000] {processor.py:925} INFO - DAG(s) 'latest_only' retrieved from /usr/local/python/3.12.1/lib/python3.12/site-packages/airflow/example_dags/example_latest_only.py
[2025-03-18T10:51:52.750+0000] {logging_mixin.py:190} INFO - [2025-03-18T10:51:52.749+0000] {override.py:1930} INFO - Created Permission View: can read on DAG:latest_only
[2025-03-18T10:51:52.759+0000] {logging_mixin.py:190} INFO - [2025-03-18T10:51:52.758+0000] {override.py:1930} INFO - Created Permission View: can edit on DAG:latest_only
[2025-03-18T10:51:52.764+0000] {logging_mixin.py:190} INFO - [2025-03-18T10:51:52.764+0000] {override.py:1930} INFO - Created Permission View: can delete on DAG:latest_only
[2025-03-18T10:51:52.773+0000] {logging_mixin.py:190} INFO - [2025-03-18T10:51:52.772+0000] {override.py:1930} INFO - Created Permission View: can read on DAG Run:latest_only
[2025-03-18T10:51:52.779+0000] {logging_mixin.py:190} INFO - [2025-03-18T10:51:52.779+0000] {override.py:1930} INFO - Created Permission View: can create on DAG Run:latest_only
[2025-03-18T10:51:52.785+0000] {logging_mixin.py:190} INFO - [2025-03-18T10:51:52.785+0000] {override.py:1930} INFO - Created Permission View: menu access on DAG Run:latest_only
[2025-03-18T10:51:52.791+0000] {logging_mixin.py:190} INFO - [2025-03-18T10:51:52.791+0000] {override.py:1930} INFO - Created Permission View: can delete on DAG Run:latest_only
[2025-03-18T10:51:52.792+0000] {logging_mixin.py:190} INFO - [2025-03-18T10:51:52.791+0000] {dag.py:3239} INFO - Sync 1 DAGs
[2025-03-18T10:51:52.802+0000] {logging_mixin.py:190} INFO - [2025-03-18T10:51:52.802+0000] {dag.py:3262} INFO - Creating ORM DAG for latest_only
[2025-03-18T10:51:52.808+0000] {logging_mixin.py:190} INFO - [2025-03-18T10:51:52.808+0000] {dag.py:4180} INFO - Setting next_dagrun for latest_only to 2025-03-18 04:00:00+00:00, run_after=2025-03-18 08:00:00+00:00
[2025-03-18T10:51:52.824+0000] {processor.py:208} INFO - Processing /usr/local/python/3.12.1/lib/python3.12/site-packages/airflow/example_dags/example_latest_only.py took 0.170 seconds
[2025-03-18T10:52:52.901+0000] {processor.py:186} INFO - Started process (PID=50158) to work on /usr/local/python/3.12.1/lib/python3.12/site-packages/airflow/example_dags/example_latest_only.py
[2025-03-18T10:52:52.901+0000] {processor.py:914} INFO - Processing file /usr/local/python/3.12.1/lib/python3.12/site-packages/airflow/example_dags/example_latest_only.py for tasks to queue
[2025-03-18T10:52:52.903+0000] {logging_mixin.py:190} INFO - [2025-03-18T10:52:52.902+0000] {dagbag.py:588} INFO - Filling up the DagBag from /usr/local/python/3.12.1/lib/python3.12/site-packages/airflow/example_dags/example_latest_only.py
[2025-03-18T10:52:52.908+0000] {processor.py:925} INFO - DAG(s) 'latest_only' retrieved from /usr/local/python/3.12.1/lib/python3.12/site-packages/airflow/example_dags/example_latest_only.py
[2025-03-18T10:52:52.918+0000] {logging_mixin.py:190} INFO - [2025-03-18T10:52:52.918+0000] {dag.py:3239} INFO - Sync 1 DAGs
[2025-03-18T10:52:52.934+0000] {logging_mixin.py:190} INFO - [2025-03-18T10:52:52.934+0000] {dag.py:4180} INFO - Setting next_dagrun for latest_only to 2025-03-18 04:00:00+00:00, run_after=2025-03-18 08:00:00+00:00
[2025-03-18T10:52:52.947+0000] {processor.py:208} INFO - Processing /usr/local/python/3.12.1/lib/python3.12/site-packages/airflow/example_dags/example_latest_only.py took 0.051 seconds
[2025-03-18T10:53:32.076+0000] {processor.py:186} INFO - Started process (PID=50660) to work on /usr/local/python/3.12.1/lib/python3.12/site-packages/airflow/example_dags/example_latest_only.py
[2025-03-18T10:53:32.076+0000] {processor.py:914} INFO - Processing file /usr/local/python/3.12.1/lib/python3.12/site-packages/airflow/example_dags/example_latest_only.py for tasks to queue
[2025-03-18T10:53:32.078+0000] {logging_mixin.py:190} INFO - [2025-03-18T10:53:32.077+0000] {dagbag.py:588} INFO - Filling up the DagBag from /usr/local/python/3.12.1/lib/python3.12/site-packages/airflow/example_dags/example_latest_only.py
[2025-03-18T10:53:32.083+0000] {processor.py:925} INFO - DAG(s) 'latest_only' retrieved from /usr/local/python/3.12.1/lib/python3.12/site-packages/airflow/example_dags/example_latest_only.py
[2025-03-18T10:53:32.094+0000] {logging_mixin.py:190} INFO - [2025-03-18T10:53:32.094+0000] {dag.py:3239} INFO - Sync 1 DAGs
[2025-03-18T10:53:32.110+0000] {logging_mixin.py:190} INFO - [2025-03-18T10:53:32.110+0000] {dag.py:4180} INFO - Setting next_dagrun for latest_only to 2025-03-18 04:00:00+00:00, run_after=2025-03-18 08:00:00+00:00
[2025-03-18T10:53:32.125+0000] {processor.py:208} INFO - Processing /usr/local/python/3.12.1/lib/python3.12/site-packages/airflow/example_dags/example_latest_only.py took 0.053 seconds
[2025-03-18T10:54:28.814+0000] {processor.py:186} INFO - Started process (PID=51242) to work on /usr/local/python/3.12.1/lib/python3.12/site-packages/airflow/example_dags/example_latest_only.py
[2025-03-18T10:54:28.815+0000] {processor.py:914} INFO - Processing file /usr/local/python/3.12.1/lib/python3.12/site-packages/airflow/example_dags/example_latest_only.py for tasks to queue
[2025-03-18T10:54:28.816+0000] {logging_mixin.py:190} INFO - [2025-03-18T10:54:28.816+0000] {dagbag.py:588} INFO - Filling up the DagBag from /usr/local/python/3.12.1/lib/python3.12/site-packages/airflow/example_dags/example_latest_only.py
[2025-03-18T10:54:28.822+0000] {processor.py:925} INFO - DAG(s) 'latest_only' retrieved from /usr/local/python/3.12.1/lib/python3.12/site-packages/airflow/example_dags/example_latest_only.py
[2025-03-18T10:54:28.832+0000] {logging_mixin.py:190} INFO - [2025-03-18T10:54:28.831+0000] {dag.py:3239} INFO - Sync 1 DAGs
[2025-03-18T10:54:28.846+0000] {logging_mixin.py:190} INFO - [2025-03-18T10:54:28.846+0000] {dag.py:4180} INFO - Setting next_dagrun for latest_only to 2025-03-18 04:00:00+00:00, run_after=2025-03-18 08:00:00+00:00
[2025-03-18T10:54:28.860+0000] {processor.py:208} INFO - Processing /usr/local/python/3.12.1/lib/python3.12/site-packages/airflow/example_dags/example_latest_only.py took 0.050 seconds
[2025-03-18T10:55:22.744+0000] {processor.py:186} INFO - Started process (PID=51705) to work on /usr/local/python/3.12.1/lib/python3.12/site-packages/airflow/example_dags/example_latest_only.py
[2025-03-18T10:55:22.745+0000] {processor.py:914} INFO - Processing file /usr/local/python/3.12.1/lib/python3.12/site-packages/airflow/example_dags/example_latest_only.py for tasks to queue
[2025-03-18T10:55:22.746+0000] {logging_mixin.py:190} INFO - [2025-03-18T10:55:22.746+0000] {dagbag.py:588} INFO - Filling up the DagBag from /usr/local/python/3.12.1/lib/python3.12/site-packages/airflow/example_dags/example_latest_only.py
[2025-03-18T10:55:22.752+0000] {processor.py:925} INFO - DAG(s) 'latest_only' retrieved from /usr/local/python/3.12.1/lib/python3.12/site-packages/airflow/example_dags/example_latest_only.py
[2025-03-18T10:55:22.762+0000] {logging_mixin.py:190} INFO - [2025-03-18T10:55:22.761+0000] {dag.py:3239} INFO - Sync 1 DAGs
[2025-03-18T10:55:22.777+0000] {logging_mixin.py:190} INFO - [2025-03-18T10:55:22.776+0000] {dag.py:4180} INFO - Setting next_dagrun for latest_only to 2025-03-18 04:00:00+00:00, run_after=2025-03-18 08:00:00+00:00
[2025-03-18T10:55:22.790+0000] {processor.py:208} INFO - Processing /usr/local/python/3.12.1/lib/python3.12/site-packages/airflow/example_dags/example_latest_only.py took 0.050 seconds
[2025-03-18T10:56:15.541+0000] {processor.py:186} INFO - Started process (PID=52468) to work on /usr/local/python/3.12.1/lib/python3.12/site-packages/airflow/example_dags/example_latest_only.py
[2025-03-18T10:56:15.542+0000] {processor.py:914} INFO - Processing file /usr/local/python/3.12.1/lib/python3.12/site-packages/airflow/example_dags/example_latest_only.py for tasks to queue
[2025-03-18T10:56:15.544+0000] {logging_mixin.py:190} INFO - [2025-03-18T10:56:15.544+0000] {dagbag.py:588} INFO - Filling up the DagBag from /usr/local/python/3.12.1/lib/python3.12/site-packages/airflow/example_dags/example_latest_only.py
[2025-03-18T10:56:15.549+0000] {processor.py:925} INFO - DAG(s) 'latest_only' retrieved from /usr/local/python/3.12.1/lib/python3.12/site-packages/airflow/example_dags/example_latest_only.py
[2025-03-18T10:56:15.559+0000] {logging_mixin.py:190} INFO - [2025-03-18T10:56:15.559+0000] {dag.py:3239} INFO - Sync 1 DAGs
[2025-03-18T10:56:15.574+0000] {logging_mixin.py:190} INFO - [2025-03-18T10:56:15.574+0000] {dag.py:4180} INFO - Setting next_dagrun for latest_only to 2025-03-18 04:00:00+00:00, run_after=2025-03-18 08:00:00+00:00
[2025-03-18T10:56:15.588+0000] {processor.py:208} INFO - Processing /usr/local/python/3.12.1/lib/python3.12/site-packages/airflow/example_dags/example_latest_only.py took 0.052 seconds
[2025-03-18T10:57:02.932+0000] {processor.py:186} INFO - Started process (PID=52889) to work on /usr/local/python/3.12.1/lib/python3.12/site-packages/airflow/example_dags/example_latest_only.py
[2025-03-18T10:57:02.933+0000] {processor.py:914} INFO - Processing file /usr/local/python/3.12.1/lib/python3.12/site-packages/airflow/example_dags/example_latest_only.py for tasks to queue
[2025-03-18T10:57:02.935+0000] {logging_mixin.py:190} INFO - [2025-03-18T10:57:02.934+0000] {dagbag.py:588} INFO - Filling up the DagBag from /usr/local/python/3.12.1/lib/python3.12/site-packages/airflow/example_dags/example_latest_only.py
[2025-03-18T10:57:02.940+0000] {processor.py:925} INFO - DAG(s) 'latest_only' retrieved from /usr/local/python/3.12.1/lib/python3.12/site-packages/airflow/example_dags/example_latest_only.py
[2025-03-18T10:57:02.951+0000] {logging_mixin.py:190} INFO - [2025-03-18T10:57:02.951+0000] {dag.py:3239} INFO - Sync 1 DAGs
[2025-03-18T10:57:02.966+0000] {logging_mixin.py:190} INFO - [2025-03-18T10:57:02.966+0000] {dag.py:4180} INFO - Setting next_dagrun for latest_only to 2025-03-18 04:00:00+00:00, run_after=2025-03-18 08:00:00+00:00
[2025-03-18T10:57:02.980+0000] {processor.py:208} INFO - Processing /usr/local/python/3.12.1/lib/python3.12/site-packages/airflow/example_dags/example_latest_only.py took 0.052 seconds
[2025-03-18T10:57:53.602+0000] {processor.py:186} INFO - Started process (PID=53549) to work on /usr/local/python/3.12.1/lib/python3.12/site-packages/airflow/example_dags/example_latest_only.py
[2025-03-18T10:57:53.603+0000] {processor.py:914} INFO - Processing file /usr/local/python/3.12.1/lib/python3.12/site-packages/airflow/example_dags/example_latest_only.py for tasks to queue
[2025-03-18T10:57:53.604+0000] {logging_mixin.py:190} INFO - [2025-03-18T10:57:53.604+0000] {dagbag.py:588} INFO - Filling up the DagBag from /usr/local/python/3.12.1/lib/python3.12/site-packages/airflow/example_dags/example_latest_only.py
[2025-03-18T10:57:53.609+0000] {processor.py:925} INFO - DAG(s) 'latest_only' retrieved from /usr/local/python/3.12.1/lib/python3.12/site-packages/airflow/example_dags/example_latest_only.py
[2025-03-18T10:57:53.621+0000] {logging_mixin.py:190} INFO - [2025-03-18T10:57:53.621+0000] {dag.py:3239} INFO - Sync 1 DAGs
[2025-03-18T10:57:53.641+0000] {logging_mixin.py:190} INFO - [2025-03-18T10:57:53.641+0000] {dag.py:4180} INFO - Setting next_dagrun for latest_only to 2025-03-18 04:00:00+00:00, run_after=2025-03-18 08:00:00+00:00
[2025-03-18T10:57:53.657+0000] {processor.py:208} INFO - Processing /usr/local/python/3.12.1/lib/python3.12/site-packages/airflow/example_dags/example_latest_only.py took 0.059 seconds
[2025-03-18T10:58:43.889+0000] {processor.py:186} INFO - Started process (PID=54015) to work on /usr/local/python/3.12.1/lib/python3.12/site-packages/airflow/example_dags/example_latest_only.py
[2025-03-18T10:58:43.890+0000] {processor.py:914} INFO - Processing file /usr/local/python/3.12.1/lib/python3.12/site-packages/airflow/example_dags/example_latest_only.py for tasks to queue
[2025-03-18T10:58:43.891+0000] {logging_mixin.py:190} INFO - [2025-03-18T10:58:43.891+0000] {dagbag.py:588} INFO - Filling up the DagBag from /usr/local/python/3.12.1/lib/python3.12/site-packages/airflow/example_dags/example_latest_only.py
[2025-03-18T10:58:43.897+0000] {processor.py:925} INFO - DAG(s) 'latest_only' retrieved from /usr/local/python/3.12.1/lib/python3.12/site-packages/airflow/example_dags/example_latest_only.py
[2025-03-18T10:58:43.907+0000] {logging_mixin.py:190} INFO - [2025-03-18T10:58:43.907+0000] {dag.py:3239} INFO - Sync 1 DAGs
[2025-03-18T10:58:43.921+0000] {logging_mixin.py:190} INFO - [2025-03-18T10:58:43.921+0000] {dag.py:4180} INFO - Setting next_dagrun for latest_only to 2025-03-18 04:00:00+00:00, run_after=2025-03-18 08:00:00+00:00
[2025-03-18T10:58:43.935+0000] {processor.py:208} INFO - Processing /usr/local/python/3.12.1/lib/python3.12/site-packages/airflow/example_dags/example_latest_only.py took 0.051 seconds
[2025-03-18T10:59:31.887+0000] {processor.py:186} INFO - Started process (PID=54707) to work on /usr/local/python/3.12.1/lib/python3.12/site-packages/airflow/example_dags/example_latest_only.py
[2025-03-18T10:59:31.887+0000] {processor.py:914} INFO - Processing file /usr/local/python/3.12.1/lib/python3.12/site-packages/airflow/example_dags/example_latest_only.py for tasks to queue
[2025-03-18T10:59:31.889+0000] {logging_mixin.py:190} INFO - [2025-03-18T10:59:31.889+0000] {dagbag.py:588} INFO - Filling up the DagBag from /usr/local/python/3.12.1/lib/python3.12/site-packages/airflow/example_dags/example_latest_only.py
[2025-03-18T10:59:31.894+0000] {processor.py:925} INFO - DAG(s) 'latest_only' retrieved from /usr/local/python/3.12.1/lib/python3.12/site-packages/airflow/example_dags/example_latest_only.py
[2025-03-18T10:59:31.904+0000] {logging_mixin.py:190} INFO - [2025-03-18T10:59:31.904+0000] {dag.py:3239} INFO - Sync 1 DAGs
[2025-03-18T10:59:31.919+0000] {logging_mixin.py:190} INFO - [2025-03-18T10:59:31.918+0000] {dag.py:4180} INFO - Setting next_dagrun for latest_only to 2025-03-18 04:00:00+00:00, run_after=2025-03-18 08:00:00+00:00
[2025-03-18T10:59:31.932+0000] {processor.py:208} INFO - Processing /usr/local/python/3.12.1/lib/python3.12/site-packages/airflow/example_dags/example_latest_only.py took 0.049 seconds
[2025-03-18T11:00:18.894+0000] {processor.py:186} INFO - Started process (PID=55193) to work on /usr/local/python/3.12.1/lib/python3.12/site-packages/airflow/example_dags/example_latest_only.py
[2025-03-18T11:00:18.894+0000] {processor.py:914} INFO - Processing file /usr/local/python/3.12.1/lib/python3.12/site-packages/airflow/example_dags/example_latest_only.py for tasks to queue
[2025-03-18T11:00:18.896+0000] {logging_mixin.py:190} INFO - [2025-03-18T11:00:18.895+0000] {dagbag.py:588} INFO - Filling up the DagBag from /usr/local/python/3.12.1/lib/python3.12/site-packages/airflow/example_dags/example_latest_only.py
[2025-03-18T11:00:18.901+0000] {processor.py:925} INFO - DAG(s) 'latest_only' retrieved from /usr/local/python/3.12.1/lib/python3.12/site-packages/airflow/example_dags/example_latest_only.py
[2025-03-18T11:00:18.911+0000] {logging_mixin.py:190} INFO - [2025-03-18T11:00:18.911+0000] {dag.py:3239} INFO - Sync 1 DAGs
[2025-03-18T11:00:18.926+0000] {logging_mixin.py:190} INFO - [2025-03-18T11:00:18.926+0000] {dag.py:4180} INFO - Setting next_dagrun for latest_only to 2025-03-18 04:00:00+00:00, run_after=2025-03-18 08:00:00+00:00
[2025-03-18T11:00:18.939+0000] {processor.py:208} INFO - Processing /usr/local/python/3.12.1/lib/python3.12/site-packages/airflow/example_dags/example_latest_only.py took 0.050 seconds
[2025-03-18T11:01:10.738+0000] {processor.py:186} INFO - Started process (PID=57561) to work on /usr/local/python/3.12.1/lib/python3.12/site-packages/airflow/example_dags/example_latest_only.py
[2025-03-18T11:01:10.739+0000] {processor.py:914} INFO - Processing file /usr/local/python/3.12.1/lib/python3.12/site-packages/airflow/example_dags/example_latest_only.py for tasks to queue
[2025-03-18T11:01:10.741+0000] {logging_mixin.py:190} INFO - [2025-03-18T11:01:10.740+0000] {dagbag.py:588} INFO - Filling up the DagBag from /usr/local/python/3.12.1/lib/python3.12/site-packages/airflow/example_dags/example_latest_only.py
[2025-03-18T11:01:10.747+0000] {processor.py:925} INFO - DAG(s) 'latest_only' retrieved from /usr/local/python/3.12.1/lib/python3.12/site-packages/airflow/example_dags/example_latest_only.py
[2025-03-18T11:01:10.757+0000] {logging_mixin.py:190} INFO - [2025-03-18T11:01:10.757+0000] {dag.py:3239} INFO - Sync 1 DAGs
[2025-03-18T11:01:10.773+0000] {logging_mixin.py:190} INFO - [2025-03-18T11:01:10.772+0000] {dag.py:4180} INFO - Setting next_dagrun for latest_only to 2025-03-18 04:00:00+00:00, run_after=2025-03-18 08:00:00+00:00
[2025-03-18T11:01:10.790+0000] {processor.py:208} INFO - Processing /usr/local/python/3.12.1/lib/python3.12/site-packages/airflow/example_dags/example_latest_only.py took 0.057 seconds
[2025-03-18T11:02:02.258+0000] {processor.py:186} INFO - Started process (PID=58014) to work on /usr/local/python/3.12.1/lib/python3.12/site-packages/airflow/example_dags/example_latest_only.py
[2025-03-18T11:02:02.259+0000] {processor.py:914} INFO - Processing file /usr/local/python/3.12.1/lib/python3.12/site-packages/airflow/example_dags/example_latest_only.py for tasks to queue
[2025-03-18T11:02:02.260+0000] {logging_mixin.py:190} INFO - [2025-03-18T11:02:02.260+0000] {dagbag.py:588} INFO - Filling up the DagBag from /usr/local/python/3.12.1/lib/python3.12/site-packages/airflow/example_dags/example_latest_only.py
[2025-03-18T11:02:02.265+0000] {processor.py:925} INFO - DAG(s) 'latest_only' retrieved from /usr/local/python/3.12.1/lib/python3.12/site-packages/airflow/example_dags/example_latest_only.py
[2025-03-18T11:02:02.276+0000] {logging_mixin.py:190} INFO - [2025-03-18T11:02:02.275+0000] {dag.py:3239} INFO - Sync 1 DAGs
[2025-03-18T11:02:02.290+0000] {logging_mixin.py:190} INFO - [2025-03-18T11:02:02.290+0000] {dag.py:4180} INFO - Setting next_dagrun for latest_only to 2025-03-18 04:00:00+00:00, run_after=2025-03-18 08:00:00+00:00
[2025-03-18T11:02:02.305+0000] {processor.py:208} INFO - Processing /usr/local/python/3.12.1/lib/python3.12/site-packages/airflow/example_dags/example_latest_only.py took 0.051 seconds
[2025-03-18T11:02:51.378+0000] {processor.py:186} INFO - Started process (PID=58394) to work on /usr/local/python/3.12.1/lib/python3.12/site-packages/airflow/example_dags/example_latest_only.py
[2025-03-18T11:02:51.379+0000] {processor.py:914} INFO - Processing file /usr/local/python/3.12.1/lib/python3.12/site-packages/airflow/example_dags/example_latest_only.py for tasks to queue
[2025-03-18T11:02:51.381+0000] {logging_mixin.py:190} INFO - [2025-03-18T11:02:51.380+0000] {dagbag.py:588} INFO - Filling up the DagBag from /usr/local/python/3.12.1/lib/python3.12/site-packages/airflow/example_dags/example_latest_only.py
[2025-03-18T11:02:51.386+0000] {processor.py:925} INFO - DAG(s) 'latest_only' retrieved from /usr/local/python/3.12.1/lib/python3.12/site-packages/airflow/example_dags/example_latest_only.py
[2025-03-18T11:02:51.396+0000] {logging_mixin.py:190} INFO - [2025-03-18T11:02:51.396+0000] {dag.py:3239} INFO - Sync 1 DAGs
[2025-03-18T11:02:51.411+0000] {logging_mixin.py:190} INFO - [2025-03-18T11:02:51.411+0000] {dag.py:4180} INFO - Setting next_dagrun for latest_only to 2025-03-18 04:00:00+00:00, run_after=2025-03-18 08:00:00+00:00
[2025-03-18T11:02:51.425+0000] {processor.py:208} INFO - Processing /usr/local/python/3.12.1/lib/python3.12/site-packages/airflow/example_dags/example_latest_only.py took 0.051 seconds
[2025-03-18T11:03:38.199+0000] {processor.py:186} INFO - Started process (PID=58796) to work on /usr/local/python/3.12.1/lib/python3.12/site-packages/airflow/example_dags/example_latest_only.py
[2025-03-18T11:03:38.200+0000] {processor.py:914} INFO - Processing file /usr/local/python/3.12.1/lib/python3.12/site-packages/airflow/example_dags/example_latest_only.py for tasks to queue
[2025-03-18T11:03:38.201+0000] {logging_mixin.py:190} INFO - [2025-03-18T11:03:38.201+0000] {dagbag.py:588} INFO - Filling up the DagBag from /usr/local/python/3.12.1/lib/python3.12/site-packages/airflow/example_dags/example_latest_only.py
[2025-03-18T11:03:38.207+0000] {processor.py:925} INFO - DAG(s) 'latest_only' retrieved from /usr/local/python/3.12.1/lib/python3.12/site-packages/airflow/example_dags/example_latest_only.py
[2025-03-18T11:03:38.217+0000] {logging_mixin.py:190} INFO - [2025-03-18T11:03:38.217+0000] {dag.py:3239} INFO - Sync 1 DAGs
[2025-03-18T11:03:38.233+0000] {logging_mixin.py:190} INFO - [2025-03-18T11:03:38.232+0000] {dag.py:4180} INFO - Setting next_dagrun for latest_only to 2025-03-18 04:00:00+00:00, run_after=2025-03-18 08:00:00+00:00
[2025-03-18T11:03:38.247+0000] {processor.py:208} INFO - Processing /usr/local/python/3.12.1/lib/python3.12/site-packages/airflow/example_dags/example_latest_only.py took 0.052 seconds
[2025-03-18T11:04:28.275+0000] {processor.py:186} INFO - Started process (PID=59189) to work on /usr/local/python/3.12.1/lib/python3.12/site-packages/airflow/example_dags/example_latest_only.py
[2025-03-18T11:04:28.276+0000] {processor.py:914} INFO - Processing file /usr/local/python/3.12.1/lib/python3.12/site-packages/airflow/example_dags/example_latest_only.py for tasks to queue
[2025-03-18T11:04:28.278+0000] {logging_mixin.py:190} INFO - [2025-03-18T11:04:28.277+0000] {dagbag.py:588} INFO - Filling up the DagBag from /usr/local/python/3.12.1/lib/python3.12/site-packages/airflow/example_dags/example_latest_only.py
[2025-03-18T11:04:28.283+0000] {processor.py:925} INFO - DAG(s) 'latest_only' retrieved from /usr/local/python/3.12.1/lib/python3.12/site-packages/airflow/example_dags/example_latest_only.py
[2025-03-18T11:04:28.293+0000] {logging_mixin.py:190} INFO - [2025-03-18T11:04:28.293+0000] {dag.py:3239} INFO - Sync 1 DAGs
[2025-03-18T11:04:28.308+0000] {logging_mixin.py:190} INFO - [2025-03-18T11:04:28.308+0000] {dag.py:4180} INFO - Setting next_dagrun for latest_only to 2025-03-18 04:00:00+00:00, run_after=2025-03-18 08:00:00+00:00
[2025-03-18T11:04:28.322+0000] {processor.py:208} INFO - Processing /usr/local/python/3.12.1/lib/python3.12/site-packages/airflow/example_dags/example_latest_only.py took 0.051 seconds
[2025-03-18T11:05:16.277+0000] {processor.py:186} INFO - Started process (PID=59578) to work on /usr/local/python/3.12.1/lib/python3.12/site-packages/airflow/example_dags/example_latest_only.py
[2025-03-18T11:05:16.277+0000] {processor.py:914} INFO - Processing file /usr/local/python/3.12.1/lib/python3.12/site-packages/airflow/example_dags/example_latest_only.py for tasks to queue
[2025-03-18T11:05:16.279+0000] {logging_mixin.py:190} INFO - [2025-03-18T11:05:16.279+0000] {dagbag.py:588} INFO - Filling up the DagBag from /usr/local/python/3.12.1/lib/python3.12/site-packages/airflow/example_dags/example_latest_only.py
[2025-03-18T11:05:16.284+0000] {processor.py:925} INFO - DAG(s) 'latest_only' retrieved from /usr/local/python/3.12.1/lib/python3.12/site-packages/airflow/example_dags/example_latest_only.py
[2025-03-18T11:05:16.295+0000] {logging_mixin.py:190} INFO - [2025-03-18T11:05:16.294+0000] {dag.py:3239} INFO - Sync 1 DAGs
[2025-03-18T11:05:16.309+0000] {logging_mixin.py:190} INFO - [2025-03-18T11:05:16.309+0000] {dag.py:4180} INFO - Setting next_dagrun for latest_only to 2025-03-18 04:00:00+00:00, run_after=2025-03-18 08:00:00+00:00
[2025-03-18T11:05:16.323+0000] {processor.py:208} INFO - Processing /usr/local/python/3.12.1/lib/python3.12/site-packages/airflow/example_dags/example_latest_only.py took 0.051 seconds
[2025-03-18T11:06:06.195+0000] {processor.py:186} INFO - Started process (PID=59975) to work on /usr/local/python/3.12.1/lib/python3.12/site-packages/airflow/example_dags/example_latest_only.py
[2025-03-18T11:06:06.196+0000] {processor.py:914} INFO - Processing file /usr/local/python/3.12.1/lib/python3.12/site-packages/airflow/example_dags/example_latest_only.py for tasks to queue
[2025-03-18T11:06:06.197+0000] {logging_mixin.py:190} INFO - [2025-03-18T11:06:06.197+0000] {dagbag.py:588} INFO - Filling up the DagBag from /usr/local/python/3.12.1/lib/python3.12/site-packages/airflow/example_dags/example_latest_only.py
[2025-03-18T11:06:06.203+0000] {processor.py:925} INFO - DAG(s) 'latest_only' retrieved from /usr/local/python/3.12.1/lib/python3.12/site-packages/airflow/example_dags/example_latest_only.py
[2025-03-18T11:06:06.213+0000] {logging_mixin.py:190} INFO - [2025-03-18T11:06:06.213+0000] {dag.py:3239} INFO - Sync 1 DAGs
[2025-03-18T11:06:06.228+0000] {logging_mixin.py:190} INFO - [2025-03-18T11:06:06.228+0000] {dag.py:4180} INFO - Setting next_dagrun for latest_only to 2025-03-18 04:00:00+00:00, run_after=2025-03-18 08:00:00+00:00
[2025-03-18T11:06:06.241+0000] {processor.py:208} INFO - Processing /usr/local/python/3.12.1/lib/python3.12/site-packages/airflow/example_dags/example_latest_only.py took 0.050 seconds
[2025-03-18T11:06:56.182+0000] {processor.py:186} INFO - Started process (PID=60362) to work on /usr/local/python/3.12.1/lib/python3.12/site-packages/airflow/example_dags/example_latest_only.py
[2025-03-18T11:06:56.182+0000] {processor.py:914} INFO - Processing file /usr/local/python/3.12.1/lib/python3.12/site-packages/airflow/example_dags/example_latest_only.py for tasks to queue
[2025-03-18T11:06:56.184+0000] {logging_mixin.py:190} INFO - [2025-03-18T11:06:56.184+0000] {dagbag.py:588} INFO - Filling up the DagBag from /usr/local/python/3.12.1/lib/python3.12/site-packages/airflow/example_dags/example_latest_only.py
[2025-03-18T11:06:56.191+0000] {processor.py:925} INFO - DAG(s) 'latest_only' retrieved from /usr/local/python/3.12.1/lib/python3.12/site-packages/airflow/example_dags/example_latest_only.py
[2025-03-18T11:06:56.204+0000] {logging_mixin.py:190} INFO - [2025-03-18T11:06:56.204+0000] {dag.py:3239} INFO - Sync 1 DAGs
[2025-03-18T11:06:56.223+0000] {logging_mixin.py:190} INFO - [2025-03-18T11:06:56.223+0000] {dag.py:4180} INFO - Setting next_dagrun for latest_only to 2025-03-18 04:00:00+00:00, run_after=2025-03-18 08:00:00+00:00
[2025-03-18T11:06:56.241+0000] {processor.py:208} INFO - Processing /usr/local/python/3.12.1/lib/python3.12/site-packages/airflow/example_dags/example_latest_only.py took 0.064 seconds
[2025-03-18T11:07:47.519+0000] {processor.py:186} INFO - Started process (PID=60774) to work on /usr/local/python/3.12.1/lib/python3.12/site-packages/airflow/example_dags/example_latest_only.py
[2025-03-18T11:07:47.520+0000] {processor.py:914} INFO - Processing file /usr/local/python/3.12.1/lib/python3.12/site-packages/airflow/example_dags/example_latest_only.py for tasks to queue
[2025-03-18T11:07:47.521+0000] {logging_mixin.py:190} INFO - [2025-03-18T11:07:47.521+0000] {dagbag.py:588} INFO - Filling up the DagBag from /usr/local/python/3.12.1/lib/python3.12/site-packages/airflow/example_dags/example_latest_only.py
[2025-03-18T11:07:47.526+0000] {processor.py:925} INFO - DAG(s) 'latest_only' retrieved from /usr/local/python/3.12.1/lib/python3.12/site-packages/airflow/example_dags/example_latest_only.py
[2025-03-18T11:07:47.537+0000] {logging_mixin.py:190} INFO - [2025-03-18T11:07:47.536+0000] {dag.py:3239} INFO - Sync 1 DAGs
[2025-03-18T11:07:47.551+0000] {logging_mixin.py:190} INFO - [2025-03-18T11:07:47.551+0000] {dag.py:4180} INFO - Setting next_dagrun for latest_only to 2025-03-18 04:00:00+00:00, run_after=2025-03-18 08:00:00+00:00
[2025-03-18T11:07:47.565+0000] {processor.py:208} INFO - Processing /usr/local/python/3.12.1/lib/python3.12/site-packages/airflow/example_dags/example_latest_only.py took 0.050 seconds
[2025-03-18T11:08:37.650+0000] {processor.py:186} INFO - Started process (PID=61180) to work on /usr/local/python/3.12.1/lib/python3.12/site-packages/airflow/example_dags/example_latest_only.py
[2025-03-18T11:08:37.650+0000] {processor.py:914} INFO - Processing file /usr/local/python/3.12.1/lib/python3.12/site-packages/airflow/example_dags/example_latest_only.py for tasks to queue
[2025-03-18T11:08:37.652+0000] {logging_mixin.py:190} INFO - [2025-03-18T11:08:37.652+0000] {dagbag.py:588} INFO - Filling up the DagBag from /usr/local/python/3.12.1/lib/python3.12/site-packages/airflow/example_dags/example_latest_only.py
[2025-03-18T11:08:37.658+0000] {processor.py:925} INFO - DAG(s) 'latest_only' retrieved from /usr/local/python/3.12.1/lib/python3.12/site-packages/airflow/example_dags/example_latest_only.py
[2025-03-18T11:08:37.671+0000] {logging_mixin.py:190} INFO - [2025-03-18T11:08:37.670+0000] {dag.py:3239} INFO - Sync 1 DAGs
[2025-03-18T11:08:37.692+0000] {logging_mixin.py:190} INFO - [2025-03-18T11:08:37.692+0000] {dag.py:4180} INFO - Setting next_dagrun for latest_only to 2025-03-18 04:00:00+00:00, run_after=2025-03-18 08:00:00+00:00
[2025-03-18T11:08:37.708+0000] {processor.py:208} INFO - Processing /usr/local/python/3.12.1/lib/python3.12/site-packages/airflow/example_dags/example_latest_only.py took 0.062 seconds
[2025-03-18T11:09:30.115+0000] {processor.py:186} INFO - Started process (PID=61645) to work on /usr/local/python/3.12.1/lib/python3.12/site-packages/airflow/example_dags/example_latest_only.py
[2025-03-18T11:09:30.115+0000] {processor.py:914} INFO - Processing file /usr/local/python/3.12.1/lib/python3.12/site-packages/airflow/example_dags/example_latest_only.py for tasks to queue
[2025-03-18T11:09:30.117+0000] {logging_mixin.py:190} INFO - [2025-03-18T11:09:30.117+0000] {dagbag.py:588} INFO - Filling up the DagBag from /usr/local/python/3.12.1/lib/python3.12/site-packages/airflow/example_dags/example_latest_only.py
[2025-03-18T11:09:30.122+0000] {processor.py:925} INFO - DAG(s) 'latest_only' retrieved from /usr/local/python/3.12.1/lib/python3.12/site-packages/airflow/example_dags/example_latest_only.py
[2025-03-18T11:09:30.133+0000] {logging_mixin.py:190} INFO - [2025-03-18T11:09:30.132+0000] {dag.py:3239} INFO - Sync 1 DAGs
[2025-03-18T11:09:30.152+0000] {logging_mixin.py:190} INFO - [2025-03-18T11:09:30.151+0000] {dag.py:4180} INFO - Setting next_dagrun for latest_only to 2025-03-18 04:00:00+00:00, run_after=2025-03-18 08:00:00+00:00
[2025-03-18T11:09:30.167+0000] {processor.py:208} INFO - Processing /usr/local/python/3.12.1/lib/python3.12/site-packages/airflow/example_dags/example_latest_only.py took 0.057 seconds
[2025-03-18T11:10:23.196+0000] {processor.py:186} INFO - Started process (PID=62105) to work on /usr/local/python/3.12.1/lib/python3.12/site-packages/airflow/example_dags/example_latest_only.py
[2025-03-18T11:10:23.197+0000] {processor.py:914} INFO - Processing file /usr/local/python/3.12.1/lib/python3.12/site-packages/airflow/example_dags/example_latest_only.py for tasks to queue
[2025-03-18T11:10:23.198+0000] {logging_mixin.py:190} INFO - [2025-03-18T11:10:23.198+0000] {dagbag.py:588} INFO - Filling up the DagBag from /usr/local/python/3.12.1/lib/python3.12/site-packages/airflow/example_dags/example_latest_only.py
[2025-03-18T11:10:23.204+0000] {processor.py:925} INFO - DAG(s) 'latest_only' retrieved from /usr/local/python/3.12.1/lib/python3.12/site-packages/airflow/example_dags/example_latest_only.py
[2025-03-18T11:10:23.214+0000] {logging_mixin.py:190} INFO - [2025-03-18T11:10:23.214+0000] {dag.py:3239} INFO - Sync 1 DAGs
[2025-03-18T11:10:23.228+0000] {logging_mixin.py:190} INFO - [2025-03-18T11:10:23.228+0000] {dag.py:4180} INFO - Setting next_dagrun for latest_only to 2025-03-18 04:00:00+00:00, run_after=2025-03-18 08:00:00+00:00
[2025-03-18T11:10:23.243+0000] {processor.py:208} INFO - Processing /usr/local/python/3.12.1/lib/python3.12/site-packages/airflow/example_dags/example_latest_only.py took 0.050 seconds
[2025-03-18T11:11:11.755+0000] {processor.py:186} INFO - Started process (PID=62528) to work on /usr/local/python/3.12.1/lib/python3.12/site-packages/airflow/example_dags/example_latest_only.py
[2025-03-18T11:11:11.756+0000] {processor.py:914} INFO - Processing file /usr/local/python/3.12.1/lib/python3.12/site-packages/airflow/example_dags/example_latest_only.py for tasks to queue
[2025-03-18T11:11:11.757+0000] {logging_mixin.py:190} INFO - [2025-03-18T11:11:11.757+0000] {dagbag.py:588} INFO - Filling up the DagBag from /usr/local/python/3.12.1/lib/python3.12/site-packages/airflow/example_dags/example_latest_only.py
[2025-03-18T11:11:11.763+0000] {processor.py:925} INFO - DAG(s) 'latest_only' retrieved from /usr/local/python/3.12.1/lib/python3.12/site-packages/airflow/example_dags/example_latest_only.py
[2025-03-18T11:11:11.773+0000] {logging_mixin.py:190} INFO - [2025-03-18T11:11:11.773+0000] {dag.py:3239} INFO - Sync 1 DAGs
[2025-03-18T11:11:11.787+0000] {logging_mixin.py:190} INFO - [2025-03-18T11:11:11.787+0000] {dag.py:4180} INFO - Setting next_dagrun for latest_only to 2025-03-18 04:00:00+00:00, run_after=2025-03-18 08:00:00+00:00
[2025-03-18T11:11:11.802+0000] {processor.py:208} INFO - Processing /usr/local/python/3.12.1/lib/python3.12/site-packages/airflow/example_dags/example_latest_only.py took 0.050 seconds
[2025-03-18T11:11:58.872+0000] {processor.py:186} INFO - Started process (PID=63083) to work on /usr/local/python/3.12.1/lib/python3.12/site-packages/airflow/example_dags/example_latest_only.py
[2025-03-18T11:11:58.873+0000] {processor.py:914} INFO - Processing file /usr/local/python/3.12.1/lib/python3.12/site-packages/airflow/example_dags/example_latest_only.py for tasks to queue
[2025-03-18T11:11:58.875+0000] {logging_mixin.py:190} INFO - [2025-03-18T11:11:58.875+0000] {dagbag.py:588} INFO - Filling up the DagBag from /usr/local/python/3.12.1/lib/python3.12/site-packages/airflow/example_dags/example_latest_only.py
[2025-03-18T11:11:58.881+0000] {processor.py:925} INFO - DAG(s) 'latest_only' retrieved from /usr/local/python/3.12.1/lib/python3.12/site-packages/airflow/example_dags/example_latest_only.py
[2025-03-18T11:11:58.897+0000] {logging_mixin.py:190} INFO - [2025-03-18T11:11:58.897+0000] {dag.py:3239} INFO - Sync 1 DAGs
[2025-03-18T11:11:58.917+0000] {logging_mixin.py:190} INFO - [2025-03-18T11:11:58.917+0000] {dag.py:4180} INFO - Setting next_dagrun for latest_only to 2025-03-18 04:00:00+00:00, run_after=2025-03-18 08:00:00+00:00
[2025-03-18T11:11:58.931+0000] {processor.py:208} INFO - Processing /usr/local/python/3.12.1/lib/python3.12/site-packages/airflow/example_dags/example_latest_only.py took 0.063 seconds
[2025-03-18T11:50:46.134+0000] {processor.py:186} INFO - Started process (PID=83078) to work on /usr/local/python/3.12.1/lib/python3.12/site-packages/airflow/example_dags/example_latest_only.py
[2025-03-18T11:50:46.135+0000] {processor.py:914} INFO - Processing file /usr/local/python/3.12.1/lib/python3.12/site-packages/airflow/example_dags/example_latest_only.py for tasks to queue
[2025-03-18T11:50:46.136+0000] {logging_mixin.py:190} INFO - [2025-03-18T11:50:46.136+0000] {dagbag.py:588} INFO - Filling up the DagBag from /usr/local/python/3.12.1/lib/python3.12/site-packages/airflow/example_dags/example_latest_only.py
[2025-03-18T11:50:46.142+0000] {processor.py:925} INFO - DAG(s) 'latest_only' retrieved from /usr/local/python/3.12.1/lib/python3.12/site-packages/airflow/example_dags/example_latest_only.py
[2025-03-18T11:50:46.156+0000] {logging_mixin.py:190} INFO - [2025-03-18T11:50:46.156+0000] {dag.py:3239} INFO - Sync 1 DAGs
[2025-03-18T11:50:46.172+0000] {logging_mixin.py:190} INFO - [2025-03-18T11:50:46.172+0000] {dag.py:4180} INFO - Setting next_dagrun for latest_only to 2025-03-18 04:00:00+00:00, run_after=2025-03-18 08:00:00+00:00
[2025-03-18T11:50:46.186+0000] {processor.py:208} INFO - Processing /usr/local/python/3.12.1/lib/python3.12/site-packages/airflow/example_dags/example_latest_only.py took 0.057 seconds
