[2025-03-18T10:51:40.852+0000] {processor.py:186} INFO - Started process (PID=49338) to work on /usr/local/python/3.12.1/lib/python3.12/site-packages/airflow/example_dags/example_sensor_decorator.py
[2025-03-18T10:51:40.853+0000] {processor.py:914} INFO - Processing file /usr/local/python/3.12.1/lib/python3.12/site-packages/airflow/example_dags/example_sensor_decorator.py for tasks to queue
[2025-03-18T10:51:40.855+0000] {logging_mixin.py:190} INFO - [2025-03-18T10:51:40.854+0000] {dagbag.py:588} INFO - Filling up the DagBag from /usr/local/python/3.12.1/lib/python3.12/site-packages/airflow/example_dags/example_sensor_decorator.py
[2025-03-18T10:51:40.861+0000] {processor.py:925} INFO - DAG(s) 'example_sensor_decorator' retrieved from /usr/local/python/3.12.1/lib/python3.12/site-packages/airflow/example_dags/example_sensor_decorator.py
[2025-03-18T10:51:40.945+0000] {logging_mixin.py:190} INFO - [2025-03-18T10:51:40.945+0000] {override.py:1930} INFO - Created Permission View: can read on DAG:example_sensor_decorator
[2025-03-18T10:51:40.953+0000] {logging_mixin.py:190} INFO - [2025-03-18T10:51:40.953+0000] {override.py:1930} INFO - Created Permission View: can edit on DAG:example_sensor_decorator
[2025-03-18T10:51:40.959+0000] {logging_mixin.py:190} INFO - [2025-03-18T10:51:40.959+0000] {override.py:1930} INFO - Created Permission View: can delete on DAG:example_sensor_decorator
[2025-03-18T10:51:40.967+0000] {logging_mixin.py:190} INFO - [2025-03-18T10:51:40.967+0000] {override.py:1930} INFO - Created Permission View: can read on DAG Run:example_sensor_decorator
[2025-03-18T10:51:40.973+0000] {logging_mixin.py:190} INFO - [2025-03-18T10:51:40.973+0000] {override.py:1930} INFO - Created Permission View: can create on DAG Run:example_sensor_decorator
[2025-03-18T10:51:40.979+0000] {logging_mixin.py:190} INFO - [2025-03-18T10:51:40.978+0000] {override.py:1930} INFO - Created Permission View: menu access on DAG Run:example_sensor_decorator
[2025-03-18T10:51:40.984+0000] {logging_mixin.py:190} INFO - [2025-03-18T10:51:40.984+0000] {override.py:1930} INFO - Created Permission View: can delete on DAG Run:example_sensor_decorator
[2025-03-18T10:51:40.984+0000] {logging_mixin.py:190} INFO - [2025-03-18T10:51:40.984+0000] {dag.py:3239} INFO - Sync 1 DAGs
[2025-03-18T10:51:40.994+0000] {logging_mixin.py:190} INFO - [2025-03-18T10:51:40.994+0000] {dag.py:3262} INFO - Creating ORM DAG for example_sensor_decorator
[2025-03-18T10:51:40.995+0000] {logging_mixin.py:190} INFO - [2025-03-18T10:51:40.995+0000] {dag.py:4180} INFO - Setting next_dagrun for example_sensor_decorator to None, run_after=None
[2025-03-18T10:51:41.008+0000] {processor.py:208} INFO - Processing /usr/local/python/3.12.1/lib/python3.12/site-packages/airflow/example_dags/example_sensor_decorator.py took 0.161 seconds
[2025-03-18T10:52:41.506+0000] {processor.py:186} INFO - Started process (PID=50054) to work on /usr/local/python/3.12.1/lib/python3.12/site-packages/airflow/example_dags/example_sensor_decorator.py
[2025-03-18T10:52:41.507+0000] {processor.py:914} INFO - Processing file /usr/local/python/3.12.1/lib/python3.12/site-packages/airflow/example_dags/example_sensor_decorator.py for tasks to queue
[2025-03-18T10:52:41.508+0000] {logging_mixin.py:190} INFO - [2025-03-18T10:52:41.508+0000] {dagbag.py:588} INFO - Filling up the DagBag from /usr/local/python/3.12.1/lib/python3.12/site-packages/airflow/example_dags/example_sensor_decorator.py
[2025-03-18T10:52:41.514+0000] {processor.py:925} INFO - DAG(s) 'example_sensor_decorator' retrieved from /usr/local/python/3.12.1/lib/python3.12/site-packages/airflow/example_dags/example_sensor_decorator.py
[2025-03-18T10:52:41.526+0000] {logging_mixin.py:190} INFO - [2025-03-18T10:52:41.525+0000] {dag.py:3239} INFO - Sync 1 DAGs
[2025-03-18T10:52:41.535+0000] {logging_mixin.py:190} INFO - [2025-03-18T10:52:41.535+0000] {dag.py:4180} INFO - Setting next_dagrun for example_sensor_decorator to None, run_after=None
[2025-03-18T10:52:41.555+0000] {processor.py:208} INFO - Processing /usr/local/python/3.12.1/lib/python3.12/site-packages/airflow/example_dags/example_sensor_decorator.py took 0.053 seconds
[2025-03-18T10:53:20.554+0000] {processor.py:186} INFO - Started process (PID=50502) to work on /usr/local/python/3.12.1/lib/python3.12/site-packages/airflow/example_dags/example_sensor_decorator.py
[2025-03-18T10:53:20.555+0000] {processor.py:914} INFO - Processing file /usr/local/python/3.12.1/lib/python3.12/site-packages/airflow/example_dags/example_sensor_decorator.py for tasks to queue
[2025-03-18T10:53:20.556+0000] {logging_mixin.py:190} INFO - [2025-03-18T10:53:20.556+0000] {dagbag.py:588} INFO - Filling up the DagBag from /usr/local/python/3.12.1/lib/python3.12/site-packages/airflow/example_dags/example_sensor_decorator.py
[2025-03-18T10:53:20.562+0000] {processor.py:925} INFO - DAG(s) 'example_sensor_decorator' retrieved from /usr/local/python/3.12.1/lib/python3.12/site-packages/airflow/example_dags/example_sensor_decorator.py
[2025-03-18T10:53:20.574+0000] {logging_mixin.py:190} INFO - [2025-03-18T10:53:20.574+0000] {dag.py:3239} INFO - Sync 1 DAGs
[2025-03-18T10:53:20.583+0000] {logging_mixin.py:190} INFO - [2025-03-18T10:53:20.583+0000] {dag.py:4180} INFO - Setting next_dagrun for example_sensor_decorator to None, run_after=None
[2025-03-18T10:53:20.599+0000] {processor.py:208} INFO - Processing /usr/local/python/3.12.1/lib/python3.12/site-packages/airflow/example_dags/example_sensor_decorator.py took 0.048 seconds
[2025-03-18T10:54:17.394+0000] {processor.py:186} INFO - Started process (PID=51147) to work on /usr/local/python/3.12.1/lib/python3.12/site-packages/airflow/example_dags/example_sensor_decorator.py
[2025-03-18T10:54:17.394+0000] {processor.py:914} INFO - Processing file /usr/local/python/3.12.1/lib/python3.12/site-packages/airflow/example_dags/example_sensor_decorator.py for tasks to queue
[2025-03-18T10:54:17.396+0000] {logging_mixin.py:190} INFO - [2025-03-18T10:54:17.396+0000] {dagbag.py:588} INFO - Filling up the DagBag from /usr/local/python/3.12.1/lib/python3.12/site-packages/airflow/example_dags/example_sensor_decorator.py
[2025-03-18T10:54:17.402+0000] {processor.py:925} INFO - DAG(s) 'example_sensor_decorator' retrieved from /usr/local/python/3.12.1/lib/python3.12/site-packages/airflow/example_dags/example_sensor_decorator.py
[2025-03-18T10:54:17.413+0000] {logging_mixin.py:190} INFO - [2025-03-18T10:54:17.412+0000] {dag.py:3239} INFO - Sync 1 DAGs
[2025-03-18T10:54:17.422+0000] {logging_mixin.py:190} INFO - [2025-03-18T10:54:17.422+0000] {dag.py:4180} INFO - Setting next_dagrun for example_sensor_decorator to None, run_after=None
[2025-03-18T10:54:17.437+0000] {processor.py:208} INFO - Processing /usr/local/python/3.12.1/lib/python3.12/site-packages/airflow/example_dags/example_sensor_decorator.py took 0.047 seconds
[2025-03-18T10:55:11.014+0000] {processor.py:186} INFO - Started process (PID=51605) to work on /usr/local/python/3.12.1/lib/python3.12/site-packages/airflow/example_dags/example_sensor_decorator.py
[2025-03-18T10:55:11.015+0000] {processor.py:914} INFO - Processing file /usr/local/python/3.12.1/lib/python3.12/site-packages/airflow/example_dags/example_sensor_decorator.py for tasks to queue
[2025-03-18T10:55:11.016+0000] {logging_mixin.py:190} INFO - [2025-03-18T10:55:11.016+0000] {dagbag.py:588} INFO - Filling up the DagBag from /usr/local/python/3.12.1/lib/python3.12/site-packages/airflow/example_dags/example_sensor_decorator.py
[2025-03-18T10:55:11.022+0000] {processor.py:925} INFO - DAG(s) 'example_sensor_decorator' retrieved from /usr/local/python/3.12.1/lib/python3.12/site-packages/airflow/example_dags/example_sensor_decorator.py
[2025-03-18T10:55:11.032+0000] {logging_mixin.py:190} INFO - [2025-03-18T10:55:11.032+0000] {dag.py:3239} INFO - Sync 1 DAGs
[2025-03-18T10:55:11.041+0000] {logging_mixin.py:190} INFO - [2025-03-18T10:55:11.041+0000] {dag.py:4180} INFO - Setting next_dagrun for example_sensor_decorator to None, run_after=None
[2025-03-18T10:55:11.056+0000] {processor.py:208} INFO - Processing /usr/local/python/3.12.1/lib/python3.12/site-packages/airflow/example_dags/example_sensor_decorator.py took 0.046 seconds
[2025-03-18T10:56:04.391+0000] {processor.py:186} INFO - Started process (PID=52313) to work on /usr/local/python/3.12.1/lib/python3.12/site-packages/airflow/example_dags/example_sensor_decorator.py
[2025-03-18T10:56:04.391+0000] {processor.py:914} INFO - Processing file /usr/local/python/3.12.1/lib/python3.12/site-packages/airflow/example_dags/example_sensor_decorator.py for tasks to queue
[2025-03-18T10:56:04.393+0000] {logging_mixin.py:190} INFO - [2025-03-18T10:56:04.392+0000] {dagbag.py:588} INFO - Filling up the DagBag from /usr/local/python/3.12.1/lib/python3.12/site-packages/airflow/example_dags/example_sensor_decorator.py
[2025-03-18T10:56:04.399+0000] {processor.py:925} INFO - DAG(s) 'example_sensor_decorator' retrieved from /usr/local/python/3.12.1/lib/python3.12/site-packages/airflow/example_dags/example_sensor_decorator.py
[2025-03-18T10:56:04.409+0000] {logging_mixin.py:190} INFO - [2025-03-18T10:56:04.409+0000] {dag.py:3239} INFO - Sync 1 DAGs
[2025-03-18T10:56:04.418+0000] {logging_mixin.py:190} INFO - [2025-03-18T10:56:04.418+0000] {dag.py:4180} INFO - Setting next_dagrun for example_sensor_decorator to None, run_after=None
[2025-03-18T10:56:04.432+0000] {processor.py:208} INFO - Processing /usr/local/python/3.12.1/lib/python3.12/site-packages/airflow/example_dags/example_sensor_decorator.py took 0.046 seconds
[2025-03-18T10:56:55.061+0000] {processor.py:186} INFO - Started process (PID=52819) to work on /usr/local/python/3.12.1/lib/python3.12/site-packages/airflow/example_dags/example_sensor_decorator.py
[2025-03-18T10:56:55.062+0000] {processor.py:914} INFO - Processing file /usr/local/python/3.12.1/lib/python3.12/site-packages/airflow/example_dags/example_sensor_decorator.py for tasks to queue
[2025-03-18T10:56:55.063+0000] {logging_mixin.py:190} INFO - [2025-03-18T10:56:55.063+0000] {dagbag.py:588} INFO - Filling up the DagBag from /usr/local/python/3.12.1/lib/python3.12/site-packages/airflow/example_dags/example_sensor_decorator.py
[2025-03-18T10:56:55.069+0000] {processor.py:925} INFO - DAG(s) 'example_sensor_decorator' retrieved from /usr/local/python/3.12.1/lib/python3.12/site-packages/airflow/example_dags/example_sensor_decorator.py
[2025-03-18T10:56:55.079+0000] {logging_mixin.py:190} INFO - [2025-03-18T10:56:55.079+0000] {dag.py:3239} INFO - Sync 1 DAGs
[2025-03-18T10:56:55.089+0000] {logging_mixin.py:190} INFO - [2025-03-18T10:56:55.089+0000] {dag.py:4180} INFO - Setting next_dagrun for example_sensor_decorator to None, run_after=None
[2025-03-18T10:56:55.103+0000] {processor.py:208} INFO - Processing /usr/local/python/3.12.1/lib/python3.12/site-packages/airflow/example_dags/example_sensor_decorator.py took 0.046 seconds
[2025-03-18T10:57:43.468+0000] {processor.py:186} INFO - Started process (PID=53434) to work on /usr/local/python/3.12.1/lib/python3.12/site-packages/airflow/example_dags/example_sensor_decorator.py
[2025-03-18T10:57:43.469+0000] {processor.py:914} INFO - Processing file /usr/local/python/3.12.1/lib/python3.12/site-packages/airflow/example_dags/example_sensor_decorator.py for tasks to queue
[2025-03-18T10:57:43.470+0000] {logging_mixin.py:190} INFO - [2025-03-18T10:57:43.470+0000] {dagbag.py:588} INFO - Filling up the DagBag from /usr/local/python/3.12.1/lib/python3.12/site-packages/airflow/example_dags/example_sensor_decorator.py
[2025-03-18T10:57:43.477+0000] {processor.py:925} INFO - DAG(s) 'example_sensor_decorator' retrieved from /usr/local/python/3.12.1/lib/python3.12/site-packages/airflow/example_dags/example_sensor_decorator.py
[2025-03-18T10:57:43.486+0000] {logging_mixin.py:190} INFO - [2025-03-18T10:57:43.486+0000] {dag.py:3239} INFO - Sync 1 DAGs
[2025-03-18T10:57:43.495+0000] {logging_mixin.py:190} INFO - [2025-03-18T10:57:43.495+0000] {dag.py:4180} INFO - Setting next_dagrun for example_sensor_decorator to None, run_after=None
[2025-03-18T10:57:43.509+0000] {processor.py:208} INFO - Processing /usr/local/python/3.12.1/lib/python3.12/site-packages/airflow/example_dags/example_sensor_decorator.py took 0.045 seconds
[2025-03-18T10:58:32.942+0000] {processor.py:186} INFO - Started process (PID=53916) to work on /usr/local/python/3.12.1/lib/python3.12/site-packages/airflow/example_dags/example_sensor_decorator.py
[2025-03-18T10:58:32.943+0000] {processor.py:914} INFO - Processing file /usr/local/python/3.12.1/lib/python3.12/site-packages/airflow/example_dags/example_sensor_decorator.py for tasks to queue
[2025-03-18T10:58:32.945+0000] {logging_mixin.py:190} INFO - [2025-03-18T10:58:32.944+0000] {dagbag.py:588} INFO - Filling up the DagBag from /usr/local/python/3.12.1/lib/python3.12/site-packages/airflow/example_dags/example_sensor_decorator.py
[2025-03-18T10:58:32.951+0000] {processor.py:925} INFO - DAG(s) 'example_sensor_decorator' retrieved from /usr/local/python/3.12.1/lib/python3.12/site-packages/airflow/example_dags/example_sensor_decorator.py
[2025-03-18T10:58:32.960+0000] {logging_mixin.py:190} INFO - [2025-03-18T10:58:32.960+0000] {dag.py:3239} INFO - Sync 1 DAGs
[2025-03-18T10:58:32.970+0000] {logging_mixin.py:190} INFO - [2025-03-18T10:58:32.970+0000] {dag.py:4180} INFO - Setting next_dagrun for example_sensor_decorator to None, run_after=None
[2025-03-18T10:58:32.984+0000] {processor.py:208} INFO - Processing /usr/local/python/3.12.1/lib/python3.12/site-packages/airflow/example_dags/example_sensor_decorator.py took 0.045 seconds
[2025-03-18T10:59:20.467+0000] {processor.py:186} INFO - Started process (PID=54617) to work on /usr/local/python/3.12.1/lib/python3.12/site-packages/airflow/example_dags/example_sensor_decorator.py
[2025-03-18T10:59:20.467+0000] {processor.py:914} INFO - Processing file /usr/local/python/3.12.1/lib/python3.12/site-packages/airflow/example_dags/example_sensor_decorator.py for tasks to queue
[2025-03-18T10:59:20.469+0000] {logging_mixin.py:190} INFO - [2025-03-18T10:59:20.468+0000] {dagbag.py:588} INFO - Filling up the DagBag from /usr/local/python/3.12.1/lib/python3.12/site-packages/airflow/example_dags/example_sensor_decorator.py
[2025-03-18T10:59:20.475+0000] {processor.py:925} INFO - DAG(s) 'example_sensor_decorator' retrieved from /usr/local/python/3.12.1/lib/python3.12/site-packages/airflow/example_dags/example_sensor_decorator.py
[2025-03-18T10:59:20.485+0000] {logging_mixin.py:190} INFO - [2025-03-18T10:59:20.485+0000] {dag.py:3239} INFO - Sync 1 DAGs
[2025-03-18T10:59:20.494+0000] {logging_mixin.py:190} INFO - [2025-03-18T10:59:20.494+0000] {dag.py:4180} INFO - Setting next_dagrun for example_sensor_decorator to None, run_after=None
[2025-03-18T10:59:20.508+0000] {processor.py:208} INFO - Processing /usr/local/python/3.12.1/lib/python3.12/site-packages/airflow/example_dags/example_sensor_decorator.py took 0.045 seconds
[2025-03-18T11:00:07.862+0000] {processor.py:186} INFO - Started process (PID=54994) to work on /usr/local/python/3.12.1/lib/python3.12/site-packages/airflow/example_dags/example_sensor_decorator.py
[2025-03-18T11:00:07.863+0000] {processor.py:914} INFO - Processing file /usr/local/python/3.12.1/lib/python3.12/site-packages/airflow/example_dags/example_sensor_decorator.py for tasks to queue
[2025-03-18T11:00:07.864+0000] {logging_mixin.py:190} INFO - [2025-03-18T11:00:07.864+0000] {dagbag.py:588} INFO - Filling up the DagBag from /usr/local/python/3.12.1/lib/python3.12/site-packages/airflow/example_dags/example_sensor_decorator.py
[2025-03-18T11:00:07.870+0000] {processor.py:925} INFO - DAG(s) 'example_sensor_decorator' retrieved from /usr/local/python/3.12.1/lib/python3.12/site-packages/airflow/example_dags/example_sensor_decorator.py
[2025-03-18T11:00:07.880+0000] {logging_mixin.py:190} INFO - [2025-03-18T11:00:07.880+0000] {dag.py:3239} INFO - Sync 1 DAGs
[2025-03-18T11:00:07.889+0000] {logging_mixin.py:190} INFO - [2025-03-18T11:00:07.889+0000] {dag.py:4180} INFO - Setting next_dagrun for example_sensor_decorator to None, run_after=None
[2025-03-18T11:00:07.904+0000] {processor.py:208} INFO - Processing /usr/local/python/3.12.1/lib/python3.12/site-packages/airflow/example_dags/example_sensor_decorator.py took 0.046 seconds
[2025-03-18T11:00:59.442+0000] {processor.py:186} INFO - Started process (PID=57465) to work on /usr/local/python/3.12.1/lib/python3.12/site-packages/airflow/example_dags/example_sensor_decorator.py
[2025-03-18T11:00:59.443+0000] {processor.py:914} INFO - Processing file /usr/local/python/3.12.1/lib/python3.12/site-packages/airflow/example_dags/example_sensor_decorator.py for tasks to queue
[2025-03-18T11:00:59.445+0000] {logging_mixin.py:190} INFO - [2025-03-18T11:00:59.445+0000] {dagbag.py:588} INFO - Filling up the DagBag from /usr/local/python/3.12.1/lib/python3.12/site-packages/airflow/example_dags/example_sensor_decorator.py
[2025-03-18T11:00:59.453+0000] {processor.py:925} INFO - DAG(s) 'example_sensor_decorator' retrieved from /usr/local/python/3.12.1/lib/python3.12/site-packages/airflow/example_dags/example_sensor_decorator.py
[2025-03-18T11:00:59.493+0000] {logging_mixin.py:190} INFO - [2025-03-18T11:00:59.492+0000] {dag.py:3239} INFO - Sync 1 DAGs
[2025-03-18T11:00:59.507+0000] {logging_mixin.py:190} INFO - [2025-03-18T11:00:59.506+0000] {dag.py:4180} INFO - Setting next_dagrun for example_sensor_decorator to None, run_after=None
[2025-03-18T11:00:59.526+0000] {processor.py:208} INFO - Processing /usr/local/python/3.12.1/lib/python3.12/site-packages/airflow/example_dags/example_sensor_decorator.py took 0.089 seconds
[2025-03-18T11:01:50.839+0000] {processor.py:186} INFO - Started process (PID=57914) to work on /usr/local/python/3.12.1/lib/python3.12/site-packages/airflow/example_dags/example_sensor_decorator.py
[2025-03-18T11:01:50.840+0000] {processor.py:914} INFO - Processing file /usr/local/python/3.12.1/lib/python3.12/site-packages/airflow/example_dags/example_sensor_decorator.py for tasks to queue
[2025-03-18T11:01:50.842+0000] {logging_mixin.py:190} INFO - [2025-03-18T11:01:50.841+0000] {dagbag.py:588} INFO - Filling up the DagBag from /usr/local/python/3.12.1/lib/python3.12/site-packages/airflow/example_dags/example_sensor_decorator.py
[2025-03-18T11:01:50.848+0000] {processor.py:925} INFO - DAG(s) 'example_sensor_decorator' retrieved from /usr/local/python/3.12.1/lib/python3.12/site-packages/airflow/example_dags/example_sensor_decorator.py
[2025-03-18T11:01:50.858+0000] {logging_mixin.py:190} INFO - [2025-03-18T11:01:50.858+0000] {dag.py:3239} INFO - Sync 1 DAGs
[2025-03-18T11:01:50.868+0000] {logging_mixin.py:190} INFO - [2025-03-18T11:01:50.868+0000] {dag.py:4180} INFO - Setting next_dagrun for example_sensor_decorator to None, run_after=None
[2025-03-18T11:01:50.882+0000] {processor.py:208} INFO - Processing /usr/local/python/3.12.1/lib/python3.12/site-packages/airflow/example_dags/example_sensor_decorator.py took 0.047 seconds
[2025-03-18T11:02:41.099+0000] {processor.py:186} INFO - Started process (PID=58313) to work on /usr/local/python/3.12.1/lib/python3.12/site-packages/airflow/example_dags/example_sensor_decorator.py
[2025-03-18T11:02:41.100+0000] {processor.py:914} INFO - Processing file /usr/local/python/3.12.1/lib/python3.12/site-packages/airflow/example_dags/example_sensor_decorator.py for tasks to queue
[2025-03-18T11:02:41.101+0000] {logging_mixin.py:190} INFO - [2025-03-18T11:02:41.101+0000] {dagbag.py:588} INFO - Filling up the DagBag from /usr/local/python/3.12.1/lib/python3.12/site-packages/airflow/example_dags/example_sensor_decorator.py
[2025-03-18T11:02:41.107+0000] {processor.py:925} INFO - DAG(s) 'example_sensor_decorator' retrieved from /usr/local/python/3.12.1/lib/python3.12/site-packages/airflow/example_dags/example_sensor_decorator.py
[2025-03-18T11:02:41.117+0000] {logging_mixin.py:190} INFO - [2025-03-18T11:02:41.117+0000] {dag.py:3239} INFO - Sync 1 DAGs
[2025-03-18T11:02:41.126+0000] {logging_mixin.py:190} INFO - [2025-03-18T11:02:41.126+0000] {dag.py:4180} INFO - Setting next_dagrun for example_sensor_decorator to None, run_after=None
[2025-03-18T11:02:41.140+0000] {processor.py:208} INFO - Processing /usr/local/python/3.12.1/lib/python3.12/site-packages/airflow/example_dags/example_sensor_decorator.py took 0.045 seconds
[2025-03-18T11:03:27.361+0000] {processor.py:186} INFO - Started process (PID=58714) to work on /usr/local/python/3.12.1/lib/python3.12/site-packages/airflow/example_dags/example_sensor_decorator.py
[2025-03-18T11:03:27.362+0000] {processor.py:914} INFO - Processing file /usr/local/python/3.12.1/lib/python3.12/site-packages/airflow/example_dags/example_sensor_decorator.py for tasks to queue
[2025-03-18T11:03:27.363+0000] {logging_mixin.py:190} INFO - [2025-03-18T11:03:27.363+0000] {dagbag.py:588} INFO - Filling up the DagBag from /usr/local/python/3.12.1/lib/python3.12/site-packages/airflow/example_dags/example_sensor_decorator.py
[2025-03-18T11:03:27.370+0000] {processor.py:925} INFO - DAG(s) 'example_sensor_decorator' retrieved from /usr/local/python/3.12.1/lib/python3.12/site-packages/airflow/example_dags/example_sensor_decorator.py
[2025-03-18T11:03:27.380+0000] {logging_mixin.py:190} INFO - [2025-03-18T11:03:27.380+0000] {dag.py:3239} INFO - Sync 1 DAGs
[2025-03-18T11:03:27.389+0000] {logging_mixin.py:190} INFO - [2025-03-18T11:03:27.389+0000] {dag.py:4180} INFO - Setting next_dagrun for example_sensor_decorator to None, run_after=None
[2025-03-18T11:03:27.405+0000] {processor.py:208} INFO - Processing /usr/local/python/3.12.1/lib/python3.12/site-packages/airflow/example_dags/example_sensor_decorator.py took 0.048 seconds
[2025-03-18T11:04:18.597+0000] {processor.py:186} INFO - Started process (PID=59120) to work on /usr/local/python/3.12.1/lib/python3.12/site-packages/airflow/example_dags/example_sensor_decorator.py
[2025-03-18T11:04:18.598+0000] {processor.py:914} INFO - Processing file /usr/local/python/3.12.1/lib/python3.12/site-packages/airflow/example_dags/example_sensor_decorator.py for tasks to queue
[2025-03-18T11:04:18.600+0000] {logging_mixin.py:190} INFO - [2025-03-18T11:04:18.599+0000] {dagbag.py:588} INFO - Filling up the DagBag from /usr/local/python/3.12.1/lib/python3.12/site-packages/airflow/example_dags/example_sensor_decorator.py
[2025-03-18T11:04:18.607+0000] {processor.py:925} INFO - DAG(s) 'example_sensor_decorator' retrieved from /usr/local/python/3.12.1/lib/python3.12/site-packages/airflow/example_dags/example_sensor_decorator.py
[2025-03-18T11:04:18.618+0000] {logging_mixin.py:190} INFO - [2025-03-18T11:04:18.617+0000] {dag.py:3239} INFO - Sync 1 DAGs
[2025-03-18T11:04:18.627+0000] {logging_mixin.py:190} INFO - [2025-03-18T11:04:18.627+0000] {dag.py:4180} INFO - Setting next_dagrun for example_sensor_decorator to None, run_after=None
[2025-03-18T11:04:18.641+0000] {processor.py:208} INFO - Processing /usr/local/python/3.12.1/lib/python3.12/site-packages/airflow/example_dags/example_sensor_decorator.py took 0.048 seconds
[2025-03-18T11:05:05.998+0000] {processor.py:186} INFO - Started process (PID=59496) to work on /usr/local/python/3.12.1/lib/python3.12/site-packages/airflow/example_dags/example_sensor_decorator.py
[2025-03-18T11:05:05.999+0000] {processor.py:914} INFO - Processing file /usr/local/python/3.12.1/lib/python3.12/site-packages/airflow/example_dags/example_sensor_decorator.py for tasks to queue
[2025-03-18T11:05:06.001+0000] {logging_mixin.py:190} INFO - [2025-03-18T11:05:06.000+0000] {dagbag.py:588} INFO - Filling up the DagBag from /usr/local/python/3.12.1/lib/python3.12/site-packages/airflow/example_dags/example_sensor_decorator.py
[2025-03-18T11:05:06.007+0000] {processor.py:925} INFO - DAG(s) 'example_sensor_decorator' retrieved from /usr/local/python/3.12.1/lib/python3.12/site-packages/airflow/example_dags/example_sensor_decorator.py
[2025-03-18T11:05:06.017+0000] {logging_mixin.py:190} INFO - [2025-03-18T11:05:06.017+0000] {dag.py:3239} INFO - Sync 1 DAGs
[2025-03-18T11:05:06.027+0000] {logging_mixin.py:190} INFO - [2025-03-18T11:05:06.026+0000] {dag.py:4180} INFO - Setting next_dagrun for example_sensor_decorator to None, run_after=None
[2025-03-18T11:05:06.041+0000] {processor.py:208} INFO - Processing /usr/local/python/3.12.1/lib/python3.12/site-packages/airflow/example_dags/example_sensor_decorator.py took 0.047 seconds
[2025-03-18T11:05:56.229+0000] {processor.py:186} INFO - Started process (PID=59894) to work on /usr/local/python/3.12.1/lib/python3.12/site-packages/airflow/example_dags/example_sensor_decorator.py
[2025-03-18T11:05:56.229+0000] {processor.py:914} INFO - Processing file /usr/local/python/3.12.1/lib/python3.12/site-packages/airflow/example_dags/example_sensor_decorator.py for tasks to queue
[2025-03-18T11:05:56.231+0000] {logging_mixin.py:190} INFO - [2025-03-18T11:05:56.231+0000] {dagbag.py:588} INFO - Filling up the DagBag from /usr/local/python/3.12.1/lib/python3.12/site-packages/airflow/example_dags/example_sensor_decorator.py
[2025-03-18T11:05:56.237+0000] {processor.py:925} INFO - DAG(s) 'example_sensor_decorator' retrieved from /usr/local/python/3.12.1/lib/python3.12/site-packages/airflow/example_dags/example_sensor_decorator.py
[2025-03-18T11:05:56.248+0000] {logging_mixin.py:190} INFO - [2025-03-18T11:05:56.247+0000] {dag.py:3239} INFO - Sync 1 DAGs
[2025-03-18T11:05:56.257+0000] {logging_mixin.py:190} INFO - [2025-03-18T11:05:56.257+0000] {dag.py:4180} INFO - Setting next_dagrun for example_sensor_decorator to None, run_after=None
[2025-03-18T11:05:56.273+0000] {processor.py:208} INFO - Processing /usr/local/python/3.12.1/lib/python3.12/site-packages/airflow/example_dags/example_sensor_decorator.py took 0.048 seconds
[2025-03-18T11:06:45.902+0000] {processor.py:186} INFO - Started process (PID=60271) to work on /usr/local/python/3.12.1/lib/python3.12/site-packages/airflow/example_dags/example_sensor_decorator.py
[2025-03-18T11:06:45.903+0000] {processor.py:914} INFO - Processing file /usr/local/python/3.12.1/lib/python3.12/site-packages/airflow/example_dags/example_sensor_decorator.py for tasks to queue
[2025-03-18T11:06:45.905+0000] {logging_mixin.py:190} INFO - [2025-03-18T11:06:45.904+0000] {dagbag.py:588} INFO - Filling up the DagBag from /usr/local/python/3.12.1/lib/python3.12/site-packages/airflow/example_dags/example_sensor_decorator.py
[2025-03-18T11:06:45.911+0000] {processor.py:925} INFO - DAG(s) 'example_sensor_decorator' retrieved from /usr/local/python/3.12.1/lib/python3.12/site-packages/airflow/example_dags/example_sensor_decorator.py
[2025-03-18T11:06:45.922+0000] {logging_mixin.py:190} INFO - [2025-03-18T11:06:45.922+0000] {dag.py:3239} INFO - Sync 1 DAGs
[2025-03-18T11:06:45.931+0000] {logging_mixin.py:190} INFO - [2025-03-18T11:06:45.931+0000] {dag.py:4180} INFO - Setting next_dagrun for example_sensor_decorator to None, run_after=None
[2025-03-18T11:06:45.946+0000] {processor.py:208} INFO - Processing /usr/local/python/3.12.1/lib/python3.12/site-packages/airflow/example_dags/example_sensor_decorator.py took 0.048 seconds
[2025-03-18T11:07:37.234+0000] {processor.py:186} INFO - Started process (PID=60692) to work on /usr/local/python/3.12.1/lib/python3.12/site-packages/airflow/example_dags/example_sensor_decorator.py
[2025-03-18T11:07:37.235+0000] {processor.py:914} INFO - Processing file /usr/local/python/3.12.1/lib/python3.12/site-packages/airflow/example_dags/example_sensor_decorator.py for tasks to queue
[2025-03-18T11:07:37.237+0000] {logging_mixin.py:190} INFO - [2025-03-18T11:07:37.236+0000] {dagbag.py:588} INFO - Filling up the DagBag from /usr/local/python/3.12.1/lib/python3.12/site-packages/airflow/example_dags/example_sensor_decorator.py
[2025-03-18T11:07:37.243+0000] {processor.py:925} INFO - DAG(s) 'example_sensor_decorator' retrieved from /usr/local/python/3.12.1/lib/python3.12/site-packages/airflow/example_dags/example_sensor_decorator.py
[2025-03-18T11:07:37.253+0000] {logging_mixin.py:190} INFO - [2025-03-18T11:07:37.253+0000] {dag.py:3239} INFO - Sync 1 DAGs
[2025-03-18T11:07:37.262+0000] {logging_mixin.py:190} INFO - [2025-03-18T11:07:37.262+0000] {dag.py:4180} INFO - Setting next_dagrun for example_sensor_decorator to None, run_after=None
[2025-03-18T11:07:37.276+0000] {processor.py:208} INFO - Processing /usr/local/python/3.12.1/lib/python3.12/site-packages/airflow/example_dags/example_sensor_decorator.py took 0.046 seconds
[2025-03-18T11:08:26.370+0000] {processor.py:186} INFO - Started process (PID=61098) to work on /usr/local/python/3.12.1/lib/python3.12/site-packages/airflow/example_dags/example_sensor_decorator.py
[2025-03-18T11:08:26.371+0000] {processor.py:914} INFO - Processing file /usr/local/python/3.12.1/lib/python3.12/site-packages/airflow/example_dags/example_sensor_decorator.py for tasks to queue
[2025-03-18T11:08:26.373+0000] {logging_mixin.py:190} INFO - [2025-03-18T11:08:26.372+0000] {dagbag.py:588} INFO - Filling up the DagBag from /usr/local/python/3.12.1/lib/python3.12/site-packages/airflow/example_dags/example_sensor_decorator.py
[2025-03-18T11:08:26.379+0000] {processor.py:925} INFO - DAG(s) 'example_sensor_decorator' retrieved from /usr/local/python/3.12.1/lib/python3.12/site-packages/airflow/example_dags/example_sensor_decorator.py
[2025-03-18T11:08:26.389+0000] {logging_mixin.py:190} INFO - [2025-03-18T11:08:26.389+0000] {dag.py:3239} INFO - Sync 1 DAGs
[2025-03-18T11:08:26.398+0000] {logging_mixin.py:190} INFO - [2025-03-18T11:08:26.398+0000] {dag.py:4180} INFO - Setting next_dagrun for example_sensor_decorator to None, run_after=None
[2025-03-18T11:08:26.412+0000] {processor.py:208} INFO - Processing /usr/local/python/3.12.1/lib/python3.12/site-packages/airflow/example_dags/example_sensor_decorator.py took 0.046 seconds
[2025-03-18T11:09:18.698+0000] {processor.py:186} INFO - Started process (PID=61552) to work on /usr/local/python/3.12.1/lib/python3.12/site-packages/airflow/example_dags/example_sensor_decorator.py
[2025-03-18T11:09:18.699+0000] {processor.py:914} INFO - Processing file /usr/local/python/3.12.1/lib/python3.12/site-packages/airflow/example_dags/example_sensor_decorator.py for tasks to queue
[2025-03-18T11:09:18.701+0000] {logging_mixin.py:190} INFO - [2025-03-18T11:09:18.700+0000] {dagbag.py:588} INFO - Filling up the DagBag from /usr/local/python/3.12.1/lib/python3.12/site-packages/airflow/example_dags/example_sensor_decorator.py
[2025-03-18T11:09:18.707+0000] {processor.py:925} INFO - DAG(s) 'example_sensor_decorator' retrieved from /usr/local/python/3.12.1/lib/python3.12/site-packages/airflow/example_dags/example_sensor_decorator.py
[2025-03-18T11:09:18.717+0000] {logging_mixin.py:190} INFO - [2025-03-18T11:09:18.717+0000] {dag.py:3239} INFO - Sync 1 DAGs
[2025-03-18T11:09:18.726+0000] {logging_mixin.py:190} INFO - [2025-03-18T11:09:18.726+0000] {dag.py:4180} INFO - Setting next_dagrun for example_sensor_decorator to None, run_after=None
[2025-03-18T11:09:18.740+0000] {processor.py:208} INFO - Processing /usr/local/python/3.12.1/lib/python3.12/site-packages/airflow/example_dags/example_sensor_decorator.py took 0.046 seconds
[2025-03-18T11:10:12.919+0000] {processor.py:186} INFO - Started process (PID=62016) to work on /usr/local/python/3.12.1/lib/python3.12/site-packages/airflow/example_dags/example_sensor_decorator.py
[2025-03-18T11:10:12.919+0000] {processor.py:914} INFO - Processing file /usr/local/python/3.12.1/lib/python3.12/site-packages/airflow/example_dags/example_sensor_decorator.py for tasks to queue
[2025-03-18T11:10:12.921+0000] {logging_mixin.py:190} INFO - [2025-03-18T11:10:12.920+0000] {dagbag.py:588} INFO - Filling up the DagBag from /usr/local/python/3.12.1/lib/python3.12/site-packages/airflow/example_dags/example_sensor_decorator.py
[2025-03-18T11:10:12.927+0000] {processor.py:925} INFO - DAG(s) 'example_sensor_decorator' retrieved from /usr/local/python/3.12.1/lib/python3.12/site-packages/airflow/example_dags/example_sensor_decorator.py
[2025-03-18T11:10:12.937+0000] {logging_mixin.py:190} INFO - [2025-03-18T11:10:12.937+0000] {dag.py:3239} INFO - Sync 1 DAGs
[2025-03-18T11:10:12.946+0000] {logging_mixin.py:190} INFO - [2025-03-18T11:10:12.946+0000] {dag.py:4180} INFO - Setting next_dagrun for example_sensor_decorator to None, run_after=None
[2025-03-18T11:10:12.960+0000] {processor.py:208} INFO - Processing /usr/local/python/3.12.1/lib/python3.12/site-packages/airflow/example_dags/example_sensor_decorator.py took 0.046 seconds
[2025-03-18T11:11:02.519+0000] {processor.py:186} INFO - Started process (PID=62449) to work on /usr/local/python/3.12.1/lib/python3.12/site-packages/airflow/example_dags/example_sensor_decorator.py
[2025-03-18T11:11:02.520+0000] {processor.py:914} INFO - Processing file /usr/local/python/3.12.1/lib/python3.12/site-packages/airflow/example_dags/example_sensor_decorator.py for tasks to queue
[2025-03-18T11:11:02.521+0000] {logging_mixin.py:190} INFO - [2025-03-18T11:11:02.521+0000] {dagbag.py:588} INFO - Filling up the DagBag from /usr/local/python/3.12.1/lib/python3.12/site-packages/airflow/example_dags/example_sensor_decorator.py
[2025-03-18T11:11:02.528+0000] {processor.py:925} INFO - DAG(s) 'example_sensor_decorator' retrieved from /usr/local/python/3.12.1/lib/python3.12/site-packages/airflow/example_dags/example_sensor_decorator.py
[2025-03-18T11:11:02.538+0000] {logging_mixin.py:190} INFO - [2025-03-18T11:11:02.538+0000] {dag.py:3239} INFO - Sync 1 DAGs
[2025-03-18T11:11:02.547+0000] {logging_mixin.py:190} INFO - [2025-03-18T11:11:02.547+0000] {dag.py:4180} INFO - Setting next_dagrun for example_sensor_decorator to None, run_after=None
[2025-03-18T11:11:02.562+0000] {processor.py:208} INFO - Processing /usr/local/python/3.12.1/lib/python3.12/site-packages/airflow/example_dags/example_sensor_decorator.py took 0.046 seconds
[2025-03-18T11:11:48.599+0000] {processor.py:186} INFO - Started process (PID=62918) to work on /usr/local/python/3.12.1/lib/python3.12/site-packages/airflow/example_dags/example_sensor_decorator.py
[2025-03-18T11:11:48.599+0000] {processor.py:914} INFO - Processing file /usr/local/python/3.12.1/lib/python3.12/site-packages/airflow/example_dags/example_sensor_decorator.py for tasks to queue
[2025-03-18T11:11:48.601+0000] {logging_mixin.py:190} INFO - [2025-03-18T11:11:48.601+0000] {dagbag.py:588} INFO - Filling up the DagBag from /usr/local/python/3.12.1/lib/python3.12/site-packages/airflow/example_dags/example_sensor_decorator.py
[2025-03-18T11:11:48.608+0000] {processor.py:925} INFO - DAG(s) 'example_sensor_decorator' retrieved from /usr/local/python/3.12.1/lib/python3.12/site-packages/airflow/example_dags/example_sensor_decorator.py
[2025-03-18T11:11:48.618+0000] {logging_mixin.py:190} INFO - [2025-03-18T11:11:48.618+0000] {dag.py:3239} INFO - Sync 1 DAGs
[2025-03-18T11:11:48.627+0000] {logging_mixin.py:190} INFO - [2025-03-18T11:11:48.627+0000] {dag.py:4180} INFO - Setting next_dagrun for example_sensor_decorator to None, run_after=None
[2025-03-18T11:11:48.642+0000] {processor.py:208} INFO - Processing /usr/local/python/3.12.1/lib/python3.12/site-packages/airflow/example_dags/example_sensor_decorator.py took 0.048 seconds
[2025-03-18T11:50:34.628+0000] {processor.py:186} INFO - Started process (PID=82982) to work on /usr/local/python/3.12.1/lib/python3.12/site-packages/airflow/example_dags/example_sensor_decorator.py
[2025-03-18T11:50:34.629+0000] {processor.py:914} INFO - Processing file /usr/local/python/3.12.1/lib/python3.12/site-packages/airflow/example_dags/example_sensor_decorator.py for tasks to queue
[2025-03-18T11:50:34.631+0000] {logging_mixin.py:190} INFO - [2025-03-18T11:50:34.630+0000] {dagbag.py:588} INFO - Filling up the DagBag from /usr/local/python/3.12.1/lib/python3.12/site-packages/airflow/example_dags/example_sensor_decorator.py
[2025-03-18T11:50:34.637+0000] {processor.py:925} INFO - DAG(s) 'example_sensor_decorator' retrieved from /usr/local/python/3.12.1/lib/python3.12/site-packages/airflow/example_dags/example_sensor_decorator.py
[2025-03-18T11:50:34.648+0000] {logging_mixin.py:190} INFO - [2025-03-18T11:50:34.648+0000] {dag.py:3239} INFO - Sync 1 DAGs
[2025-03-18T11:50:34.658+0000] {logging_mixin.py:190} INFO - [2025-03-18T11:50:34.657+0000] {dag.py:4180} INFO - Setting next_dagrun for example_sensor_decorator to None, run_after=None
[2025-03-18T11:50:34.673+0000] {processor.py:208} INFO - Processing /usr/local/python/3.12.1/lib/python3.12/site-packages/airflow/example_dags/example_sensor_decorator.py took 0.048 seconds
