[2025-03-18T10:51:47.619+0000] {processor.py:186} INFO - Started process (PID=49400) to work on /usr/local/python/3.12.1/lib/python3.12/site-packages/airflow/example_dags/example_params_trigger_ui.py
[2025-03-18T10:51:47.619+0000] {processor.py:914} INFO - Processing file /usr/local/python/3.12.1/lib/python3.12/site-packages/airflow/example_dags/example_params_trigger_ui.py for tasks to queue
[2025-03-18T10:51:47.621+0000] {logging_mixin.py:190} INFO - [2025-03-18T10:51:47.621+0000] {dagbag.py:588} INFO - Filling up the DagBag from /usr/local/python/3.12.1/lib/python3.12/site-packages/airflow/example_dags/example_params_trigger_ui.py
[2025-03-18T10:51:47.629+0000] {processor.py:925} INFO - DAG(s) 'example_params_trigger_ui' retrieved from /usr/local/python/3.12.1/lib/python3.12/site-packages/airflow/example_dags/example_params_trigger_ui.py
[2025-03-18T10:51:47.743+0000] {logging_mixin.py:190} INFO - [2025-03-18T10:51:47.742+0000] {override.py:1930} INFO - Created Permission View: can read on DAG:example_params_trigger_ui
[2025-03-18T10:51:47.751+0000] {logging_mixin.py:190} INFO - [2025-03-18T10:51:47.751+0000] {override.py:1930} INFO - Created Permission View: can edit on DAG:example_params_trigger_ui
[2025-03-18T10:51:47.758+0000] {logging_mixin.py:190} INFO - [2025-03-18T10:51:47.757+0000] {override.py:1930} INFO - Created Permission View: can delete on DAG:example_params_trigger_ui
[2025-03-18T10:51:47.768+0000] {logging_mixin.py:190} INFO - [2025-03-18T10:51:47.767+0000] {override.py:1930} INFO - Created Permission View: can read on DAG Run:example_params_trigger_ui
[2025-03-18T10:51:47.773+0000] {logging_mixin.py:190} INFO - [2025-03-18T10:51:47.773+0000] {override.py:1930} INFO - Created Permission View: can create on DAG Run:example_params_trigger_ui
[2025-03-18T10:51:47.779+0000] {logging_mixin.py:190} INFO - [2025-03-18T10:51:47.779+0000] {override.py:1930} INFO - Created Permission View: menu access on DAG Run:example_params_trigger_ui
[2025-03-18T10:51:47.785+0000] {logging_mixin.py:190} INFO - [2025-03-18T10:51:47.785+0000] {override.py:1930} INFO - Created Permission View: can delete on DAG Run:example_params_trigger_ui
[2025-03-18T10:51:47.785+0000] {logging_mixin.py:190} INFO - [2025-03-18T10:51:47.785+0000] {dag.py:3239} INFO - Sync 1 DAGs
[2025-03-18T10:51:47.793+0000] {logging_mixin.py:190} INFO - [2025-03-18T10:51:47.793+0000] {dag.py:3262} INFO - Creating ORM DAG for example_params_trigger_ui
[2025-03-18T10:51:47.794+0000] {logging_mixin.py:190} INFO - [2025-03-18T10:51:47.794+0000] {dag.py:4180} INFO - Setting next_dagrun for example_params_trigger_ui to None, run_after=None
[2025-03-18T10:51:47.808+0000] {processor.py:208} INFO - Processing /usr/local/python/3.12.1/lib/python3.12/site-packages/airflow/example_dags/example_params_trigger_ui.py took 0.193 seconds
[2025-03-18T10:52:49.218+0000] {processor.py:186} INFO - Started process (PID=50128) to work on /usr/local/python/3.12.1/lib/python3.12/site-packages/airflow/example_dags/example_params_trigger_ui.py
[2025-03-18T10:52:49.218+0000] {processor.py:914} INFO - Processing file /usr/local/python/3.12.1/lib/python3.12/site-packages/airflow/example_dags/example_params_trigger_ui.py for tasks to queue
[2025-03-18T10:52:49.220+0000] {logging_mixin.py:190} INFO - [2025-03-18T10:52:49.220+0000] {dagbag.py:588} INFO - Filling up the DagBag from /usr/local/python/3.12.1/lib/python3.12/site-packages/airflow/example_dags/example_params_trigger_ui.py
[2025-03-18T10:52:49.228+0000] {processor.py:925} INFO - DAG(s) 'example_params_trigger_ui' retrieved from /usr/local/python/3.12.1/lib/python3.12/site-packages/airflow/example_dags/example_params_trigger_ui.py
[2025-03-18T10:52:49.256+0000] {logging_mixin.py:190} INFO - [2025-03-18T10:52:49.256+0000] {dag.py:3239} INFO - Sync 1 DAGs
[2025-03-18T10:52:49.266+0000] {logging_mixin.py:190} INFO - [2025-03-18T10:52:49.266+0000] {dag.py:4180} INFO - Setting next_dagrun for example_params_trigger_ui to None, run_after=None
[2025-03-18T10:52:49.280+0000] {processor.py:208} INFO - Processing /usr/local/python/3.12.1/lib/python3.12/site-packages/airflow/example_dags/example_params_trigger_ui.py took 0.066 seconds
[2025-03-18T10:53:28.163+0000] {processor.py:186} INFO - Started process (PID=50621) to work on /usr/local/python/3.12.1/lib/python3.12/site-packages/airflow/example_dags/example_params_trigger_ui.py
[2025-03-18T10:53:28.164+0000] {processor.py:914} INFO - Processing file /usr/local/python/3.12.1/lib/python3.12/site-packages/airflow/example_dags/example_params_trigger_ui.py for tasks to queue
[2025-03-18T10:53:28.166+0000] {logging_mixin.py:190} INFO - [2025-03-18T10:53:28.165+0000] {dagbag.py:588} INFO - Filling up the DagBag from /usr/local/python/3.12.1/lib/python3.12/site-packages/airflow/example_dags/example_params_trigger_ui.py
[2025-03-18T10:53:28.174+0000] {processor.py:925} INFO - DAG(s) 'example_params_trigger_ui' retrieved from /usr/local/python/3.12.1/lib/python3.12/site-packages/airflow/example_dags/example_params_trigger_ui.py
[2025-03-18T10:53:28.205+0000] {logging_mixin.py:190} INFO - [2025-03-18T10:53:28.205+0000] {dag.py:3239} INFO - Sync 1 DAGs
[2025-03-18T10:53:28.216+0000] {logging_mixin.py:190} INFO - [2025-03-18T10:53:28.216+0000] {dag.py:4180} INFO - Setting next_dagrun for example_params_trigger_ui to None, run_after=None
[2025-03-18T10:53:28.230+0000] {processor.py:208} INFO - Processing /usr/local/python/3.12.1/lib/python3.12/site-packages/airflow/example_dags/example_params_trigger_ui.py took 0.071 seconds
[2025-03-18T10:54:24.812+0000] {processor.py:186} INFO - Started process (PID=51198) to work on /usr/local/python/3.12.1/lib/python3.12/site-packages/airflow/example_dags/example_params_trigger_ui.py
[2025-03-18T10:54:24.812+0000] {processor.py:914} INFO - Processing file /usr/local/python/3.12.1/lib/python3.12/site-packages/airflow/example_dags/example_params_trigger_ui.py for tasks to queue
[2025-03-18T10:54:24.814+0000] {logging_mixin.py:190} INFO - [2025-03-18T10:54:24.813+0000] {dagbag.py:588} INFO - Filling up the DagBag from /usr/local/python/3.12.1/lib/python3.12/site-packages/airflow/example_dags/example_params_trigger_ui.py
[2025-03-18T10:54:24.822+0000] {processor.py:925} INFO - DAG(s) 'example_params_trigger_ui' retrieved from /usr/local/python/3.12.1/lib/python3.12/site-packages/airflow/example_dags/example_params_trigger_ui.py
[2025-03-18T10:54:24.851+0000] {logging_mixin.py:190} INFO - [2025-03-18T10:54:24.851+0000] {dag.py:3239} INFO - Sync 1 DAGs
[2025-03-18T10:54:24.860+0000] {logging_mixin.py:190} INFO - [2025-03-18T10:54:24.860+0000] {dag.py:4180} INFO - Setting next_dagrun for example_params_trigger_ui to None, run_after=None
[2025-03-18T10:54:24.874+0000] {processor.py:208} INFO - Processing /usr/local/python/3.12.1/lib/python3.12/site-packages/airflow/example_dags/example_params_trigger_ui.py took 0.066 seconds
[2025-03-18T10:55:19.021+0000] {processor.py:186} INFO - Started process (PID=51676) to work on /usr/local/python/3.12.1/lib/python3.12/site-packages/airflow/example_dags/example_params_trigger_ui.py
[2025-03-18T10:55:19.021+0000] {processor.py:914} INFO - Processing file /usr/local/python/3.12.1/lib/python3.12/site-packages/airflow/example_dags/example_params_trigger_ui.py for tasks to queue
[2025-03-18T10:55:19.023+0000] {logging_mixin.py:190} INFO - [2025-03-18T10:55:19.023+0000] {dagbag.py:588} INFO - Filling up the DagBag from /usr/local/python/3.12.1/lib/python3.12/site-packages/airflow/example_dags/example_params_trigger_ui.py
[2025-03-18T10:55:19.031+0000] {processor.py:925} INFO - DAG(s) 'example_params_trigger_ui' retrieved from /usr/local/python/3.12.1/lib/python3.12/site-packages/airflow/example_dags/example_params_trigger_ui.py
[2025-03-18T10:55:19.060+0000] {logging_mixin.py:190} INFO - [2025-03-18T10:55:19.060+0000] {dag.py:3239} INFO - Sync 1 DAGs
[2025-03-18T10:55:19.069+0000] {logging_mixin.py:190} INFO - [2025-03-18T10:55:19.069+0000] {dag.py:4180} INFO - Setting next_dagrun for example_params_trigger_ui to None, run_after=None
[2025-03-18T10:55:19.084+0000] {processor.py:208} INFO - Processing /usr/local/python/3.12.1/lib/python3.12/site-packages/airflow/example_dags/example_params_trigger_ui.py took 0.067 seconds
[2025-03-18T10:56:11.546+0000] {processor.py:186} INFO - Started process (PID=52420) to work on /usr/local/python/3.12.1/lib/python3.12/site-packages/airflow/example_dags/example_params_trigger_ui.py
[2025-03-18T10:56:11.547+0000] {processor.py:914} INFO - Processing file /usr/local/python/3.12.1/lib/python3.12/site-packages/airflow/example_dags/example_params_trigger_ui.py for tasks to queue
[2025-03-18T10:56:11.548+0000] {logging_mixin.py:190} INFO - [2025-03-18T10:56:11.548+0000] {dagbag.py:588} INFO - Filling up the DagBag from /usr/local/python/3.12.1/lib/python3.12/site-packages/airflow/example_dags/example_params_trigger_ui.py
[2025-03-18T10:56:11.557+0000] {processor.py:925} INFO - DAG(s) 'example_params_trigger_ui' retrieved from /usr/local/python/3.12.1/lib/python3.12/site-packages/airflow/example_dags/example_params_trigger_ui.py
[2025-03-18T10:56:11.587+0000] {logging_mixin.py:190} INFO - [2025-03-18T10:56:11.587+0000] {dag.py:3239} INFO - Sync 1 DAGs
[2025-03-18T10:56:11.597+0000] {logging_mixin.py:190} INFO - [2025-03-18T10:56:11.597+0000] {dag.py:4180} INFO - Setting next_dagrun for example_params_trigger_ui to None, run_after=None
[2025-03-18T10:56:11.613+0000] {processor.py:208} INFO - Processing /usr/local/python/3.12.1/lib/python3.12/site-packages/airflow/example_dags/example_params_trigger_ui.py took 0.071 seconds
[2025-03-18T10:57:00.408+0000] {processor.py:186} INFO - Started process (PID=52873) to work on /usr/local/python/3.12.1/lib/python3.12/site-packages/airflow/example_dags/example_params_trigger_ui.py
[2025-03-18T10:57:00.409+0000] {processor.py:914} INFO - Processing file /usr/local/python/3.12.1/lib/python3.12/site-packages/airflow/example_dags/example_params_trigger_ui.py for tasks to queue
[2025-03-18T10:57:00.410+0000] {logging_mixin.py:190} INFO - [2025-03-18T10:57:00.410+0000] {dagbag.py:588} INFO - Filling up the DagBag from /usr/local/python/3.12.1/lib/python3.12/site-packages/airflow/example_dags/example_params_trigger_ui.py
[2025-03-18T10:57:00.419+0000] {processor.py:925} INFO - DAG(s) 'example_params_trigger_ui' retrieved from /usr/local/python/3.12.1/lib/python3.12/site-packages/airflow/example_dags/example_params_trigger_ui.py
[2025-03-18T10:57:00.449+0000] {logging_mixin.py:190} INFO - [2025-03-18T10:57:00.448+0000] {dag.py:3239} INFO - Sync 1 DAGs
[2025-03-18T10:57:00.458+0000] {logging_mixin.py:190} INFO - [2025-03-18T10:57:00.458+0000] {dag.py:4180} INFO - Setting next_dagrun for example_params_trigger_ui to None, run_after=None
[2025-03-18T10:57:00.473+0000] {processor.py:208} INFO - Processing /usr/local/python/3.12.1/lib/python3.12/site-packages/airflow/example_dags/example_params_trigger_ui.py took 0.069 seconds
[2025-03-18T10:57:50.364+0000] {processor.py:186} INFO - Started process (PID=53517) to work on /usr/local/python/3.12.1/lib/python3.12/site-packages/airflow/example_dags/example_params_trigger_ui.py
[2025-03-18T10:57:50.365+0000] {processor.py:914} INFO - Processing file /usr/local/python/3.12.1/lib/python3.12/site-packages/airflow/example_dags/example_params_trigger_ui.py for tasks to queue
[2025-03-18T10:57:50.366+0000] {logging_mixin.py:190} INFO - [2025-03-18T10:57:50.366+0000] {dagbag.py:588} INFO - Filling up the DagBag from /usr/local/python/3.12.1/lib/python3.12/site-packages/airflow/example_dags/example_params_trigger_ui.py
[2025-03-18T10:57:50.375+0000] {processor.py:925} INFO - DAG(s) 'example_params_trigger_ui' retrieved from /usr/local/python/3.12.1/lib/python3.12/site-packages/airflow/example_dags/example_params_trigger_ui.py
[2025-03-18T10:57:50.404+0000] {logging_mixin.py:190} INFO - [2025-03-18T10:57:50.404+0000] {dag.py:3239} INFO - Sync 1 DAGs
[2025-03-18T10:57:50.413+0000] {logging_mixin.py:190} INFO - [2025-03-18T10:57:50.413+0000] {dag.py:4180} INFO - Setting next_dagrun for example_params_trigger_ui to None, run_after=None
[2025-03-18T10:57:50.429+0000] {processor.py:208} INFO - Processing /usr/local/python/3.12.1/lib/python3.12/site-packages/airflow/example_dags/example_params_trigger_ui.py took 0.068 seconds
[2025-03-18T10:58:39.348+0000] {processor.py:186} INFO - Started process (PID=53972) to work on /usr/local/python/3.12.1/lib/python3.12/site-packages/airflow/example_dags/example_params_trigger_ui.py
[2025-03-18T10:58:39.349+0000] {processor.py:914} INFO - Processing file /usr/local/python/3.12.1/lib/python3.12/site-packages/airflow/example_dags/example_params_trigger_ui.py for tasks to queue
[2025-03-18T10:58:39.350+0000] {logging_mixin.py:190} INFO - [2025-03-18T10:58:39.350+0000] {dagbag.py:588} INFO - Filling up the DagBag from /usr/local/python/3.12.1/lib/python3.12/site-packages/airflow/example_dags/example_params_trigger_ui.py
[2025-03-18T10:58:39.359+0000] {processor.py:925} INFO - DAG(s) 'example_params_trigger_ui' retrieved from /usr/local/python/3.12.1/lib/python3.12/site-packages/airflow/example_dags/example_params_trigger_ui.py
[2025-03-18T10:58:39.393+0000] {logging_mixin.py:190} INFO - [2025-03-18T10:58:39.393+0000] {dag.py:3239} INFO - Sync 1 DAGs
[2025-03-18T10:58:39.403+0000] {logging_mixin.py:190} INFO - [2025-03-18T10:58:39.403+0000] {dag.py:4180} INFO - Setting next_dagrun for example_params_trigger_ui to None, run_after=None
[2025-03-18T10:58:39.418+0000] {processor.py:208} INFO - Processing /usr/local/python/3.12.1/lib/python3.12/site-packages/airflow/example_dags/example_params_trigger_ui.py took 0.074 seconds
[2025-03-18T10:59:27.882+0000] {processor.py:186} INFO - Started process (PID=54662) to work on /usr/local/python/3.12.1/lib/python3.12/site-packages/airflow/example_dags/example_params_trigger_ui.py
[2025-03-18T10:59:27.883+0000] {processor.py:914} INFO - Processing file /usr/local/python/3.12.1/lib/python3.12/site-packages/airflow/example_dags/example_params_trigger_ui.py for tasks to queue
[2025-03-18T10:59:27.885+0000] {logging_mixin.py:190} INFO - [2025-03-18T10:59:27.885+0000] {dagbag.py:588} INFO - Filling up the DagBag from /usr/local/python/3.12.1/lib/python3.12/site-packages/airflow/example_dags/example_params_trigger_ui.py
[2025-03-18T10:59:27.899+0000] {processor.py:925} INFO - DAG(s) 'example_params_trigger_ui' retrieved from /usr/local/python/3.12.1/lib/python3.12/site-packages/airflow/example_dags/example_params_trigger_ui.py
[2025-03-18T10:59:27.930+0000] {logging_mixin.py:190} INFO - [2025-03-18T10:59:27.930+0000] {dag.py:3239} INFO - Sync 1 DAGs
[2025-03-18T10:59:27.939+0000] {logging_mixin.py:190} INFO - [2025-03-18T10:59:27.939+0000] {dag.py:4180} INFO - Setting next_dagrun for example_params_trigger_ui to None, run_after=None
[2025-03-18T10:59:27.954+0000] {processor.py:208} INFO - Processing /usr/local/python/3.12.1/lib/python3.12/site-packages/airflow/example_dags/example_params_trigger_ui.py took 0.076 seconds
[2025-03-18T11:00:15.269+0000] {processor.py:186} INFO - Started process (PID=55179) to work on /usr/local/python/3.12.1/lib/python3.12/site-packages/airflow/example_dags/example_params_trigger_ui.py
[2025-03-18T11:00:15.269+0000] {processor.py:914} INFO - Processing file /usr/local/python/3.12.1/lib/python3.12/site-packages/airflow/example_dags/example_params_trigger_ui.py for tasks to queue
[2025-03-18T11:00:15.271+0000] {logging_mixin.py:190} INFO - [2025-03-18T11:00:15.271+0000] {dagbag.py:588} INFO - Filling up the DagBag from /usr/local/python/3.12.1/lib/python3.12/site-packages/airflow/example_dags/example_params_trigger_ui.py
[2025-03-18T11:00:15.280+0000] {processor.py:925} INFO - DAG(s) 'example_params_trigger_ui' retrieved from /usr/local/python/3.12.1/lib/python3.12/site-packages/airflow/example_dags/example_params_trigger_ui.py
[2025-03-18T11:00:15.309+0000] {logging_mixin.py:190} INFO - [2025-03-18T11:00:15.309+0000] {dag.py:3239} INFO - Sync 1 DAGs
[2025-03-18T11:00:15.319+0000] {logging_mixin.py:190} INFO - [2025-03-18T11:00:15.319+0000] {dag.py:4180} INFO - Setting next_dagrun for example_params_trigger_ui to None, run_after=None
[2025-03-18T11:00:15.334+0000] {processor.py:208} INFO - Processing /usr/local/python/3.12.1/lib/python3.12/site-packages/airflow/example_dags/example_params_trigger_ui.py took 0.069 seconds
[2025-03-18T11:01:06.081+0000] {processor.py:186} INFO - Started process (PID=57533) to work on /usr/local/python/3.12.1/lib/python3.12/site-packages/airflow/example_dags/example_params_trigger_ui.py
[2025-03-18T11:01:06.082+0000] {processor.py:914} INFO - Processing file /usr/local/python/3.12.1/lib/python3.12/site-packages/airflow/example_dags/example_params_trigger_ui.py for tasks to queue
[2025-03-18T11:01:06.084+0000] {logging_mixin.py:190} INFO - [2025-03-18T11:01:06.084+0000] {dagbag.py:588} INFO - Filling up the DagBag from /usr/local/python/3.12.1/lib/python3.12/site-packages/airflow/example_dags/example_params_trigger_ui.py
[2025-03-18T11:01:06.096+0000] {processor.py:925} INFO - DAG(s) 'example_params_trigger_ui' retrieved from /usr/local/python/3.12.1/lib/python3.12/site-packages/airflow/example_dags/example_params_trigger_ui.py
[2025-03-18T11:01:06.151+0000] {logging_mixin.py:190} INFO - [2025-03-18T11:01:06.150+0000] {dag.py:3239} INFO - Sync 1 DAGs
[2025-03-18T11:01:06.164+0000] {logging_mixin.py:190} INFO - [2025-03-18T11:01:06.164+0000] {dag.py:4180} INFO - Setting next_dagrun for example_params_trigger_ui to None, run_after=None
[2025-03-18T11:01:06.185+0000] {processor.py:208} INFO - Processing /usr/local/python/3.12.1/lib/python3.12/site-packages/airflow/example_dags/example_params_trigger_ui.py took 0.112 seconds
[2025-03-18T11:01:57.995+0000] {processor.py:186} INFO - Started process (PID=57976) to work on /usr/local/python/3.12.1/lib/python3.12/site-packages/airflow/example_dags/example_params_trigger_ui.py
[2025-03-18T11:01:57.996+0000] {processor.py:914} INFO - Processing file /usr/local/python/3.12.1/lib/python3.12/site-packages/airflow/example_dags/example_params_trigger_ui.py for tasks to queue
[2025-03-18T11:01:57.997+0000] {logging_mixin.py:190} INFO - [2025-03-18T11:01:57.997+0000] {dagbag.py:588} INFO - Filling up the DagBag from /usr/local/python/3.12.1/lib/python3.12/site-packages/airflow/example_dags/example_params_trigger_ui.py
[2025-03-18T11:01:58.006+0000] {processor.py:925} INFO - DAG(s) 'example_params_trigger_ui' retrieved from /usr/local/python/3.12.1/lib/python3.12/site-packages/airflow/example_dags/example_params_trigger_ui.py
[2025-03-18T11:01:58.036+0000] {logging_mixin.py:190} INFO - [2025-03-18T11:01:58.036+0000] {dag.py:3239} INFO - Sync 1 DAGs
[2025-03-18T11:01:58.046+0000] {logging_mixin.py:190} INFO - [2025-03-18T11:01:58.046+0000] {dag.py:4180} INFO - Setting next_dagrun for example_params_trigger_ui to None, run_after=None
[2025-03-18T11:01:58.061+0000] {processor.py:208} INFO - Processing /usr/local/python/3.12.1/lib/python3.12/site-packages/airflow/example_dags/example_params_trigger_ui.py took 0.069 seconds
[2025-03-18T11:02:47.531+0000] {processor.py:186} INFO - Started process (PID=58368) to work on /usr/local/python/3.12.1/lib/python3.12/site-packages/airflow/example_dags/example_params_trigger_ui.py
[2025-03-18T11:02:47.531+0000] {processor.py:914} INFO - Processing file /usr/local/python/3.12.1/lib/python3.12/site-packages/airflow/example_dags/example_params_trigger_ui.py for tasks to queue
[2025-03-18T11:02:47.533+0000] {logging_mixin.py:190} INFO - [2025-03-18T11:02:47.533+0000] {dagbag.py:588} INFO - Filling up the DagBag from /usr/local/python/3.12.1/lib/python3.12/site-packages/airflow/example_dags/example_params_trigger_ui.py
[2025-03-18T11:02:47.542+0000] {processor.py:925} INFO - DAG(s) 'example_params_trigger_ui' retrieved from /usr/local/python/3.12.1/lib/python3.12/site-packages/airflow/example_dags/example_params_trigger_ui.py
[2025-03-18T11:02:47.571+0000] {logging_mixin.py:190} INFO - [2025-03-18T11:02:47.571+0000] {dag.py:3239} INFO - Sync 1 DAGs
[2025-03-18T11:02:47.581+0000] {logging_mixin.py:190} INFO - [2025-03-18T11:02:47.581+0000] {dag.py:4180} INFO - Setting next_dagrun for example_params_trigger_ui to None, run_after=None
[2025-03-18T11:02:47.595+0000] {processor.py:208} INFO - Processing /usr/local/python/3.12.1/lib/python3.12/site-packages/airflow/example_dags/example_params_trigger_ui.py took 0.069 seconds
[2025-03-18T11:03:34.773+0000] {processor.py:186} INFO - Started process (PID=58777) to work on /usr/local/python/3.12.1/lib/python3.12/site-packages/airflow/example_dags/example_params_trigger_ui.py
[2025-03-18T11:03:34.774+0000] {processor.py:914} INFO - Processing file /usr/local/python/3.12.1/lib/python3.12/site-packages/airflow/example_dags/example_params_trigger_ui.py for tasks to queue
[2025-03-18T11:03:34.775+0000] {logging_mixin.py:190} INFO - [2025-03-18T11:03:34.775+0000] {dagbag.py:588} INFO - Filling up the DagBag from /usr/local/python/3.12.1/lib/python3.12/site-packages/airflow/example_dags/example_params_trigger_ui.py
[2025-03-18T11:03:34.784+0000] {processor.py:925} INFO - DAG(s) 'example_params_trigger_ui' retrieved from /usr/local/python/3.12.1/lib/python3.12/site-packages/airflow/example_dags/example_params_trigger_ui.py
[2025-03-18T11:03:34.813+0000] {logging_mixin.py:190} INFO - [2025-03-18T11:03:34.813+0000] {dag.py:3239} INFO - Sync 1 DAGs
[2025-03-18T11:03:34.822+0000] {logging_mixin.py:190} INFO - [2025-03-18T11:03:34.822+0000] {dag.py:4180} INFO - Setting next_dagrun for example_params_trigger_ui to None, run_after=None
[2025-03-18T11:03:34.838+0000] {processor.py:208} INFO - Processing /usr/local/python/3.12.1/lib/python3.12/site-packages/airflow/example_dags/example_params_trigger_ui.py took 0.069 seconds
[2025-03-18T11:04:23.737+0000] {processor.py:186} INFO - Started process (PID=59151) to work on /usr/local/python/3.12.1/lib/python3.12/site-packages/airflow/example_dags/example_params_trigger_ui.py
[2025-03-18T11:04:23.738+0000] {processor.py:914} INFO - Processing file /usr/local/python/3.12.1/lib/python3.12/site-packages/airflow/example_dags/example_params_trigger_ui.py for tasks to queue
[2025-03-18T11:04:23.739+0000] {logging_mixin.py:190} INFO - [2025-03-18T11:04:23.739+0000] {dagbag.py:588} INFO - Filling up the DagBag from /usr/local/python/3.12.1/lib/python3.12/site-packages/airflow/example_dags/example_params_trigger_ui.py
[2025-03-18T11:04:23.748+0000] {processor.py:925} INFO - DAG(s) 'example_params_trigger_ui' retrieved from /usr/local/python/3.12.1/lib/python3.12/site-packages/airflow/example_dags/example_params_trigger_ui.py
[2025-03-18T11:04:23.778+0000] {logging_mixin.py:190} INFO - [2025-03-18T11:04:23.778+0000] {dag.py:3239} INFO - Sync 1 DAGs
[2025-03-18T11:04:23.787+0000] {logging_mixin.py:190} INFO - [2025-03-18T11:04:23.787+0000] {dag.py:4180} INFO - Setting next_dagrun for example_params_trigger_ui to None, run_after=None
[2025-03-18T11:04:23.803+0000] {processor.py:208} INFO - Processing /usr/local/python/3.12.1/lib/python3.12/site-packages/airflow/example_dags/example_params_trigger_ui.py took 0.069 seconds
[2025-03-18T11:05:12.270+0000] {processor.py:186} INFO - Started process (PID=59540) to work on /usr/local/python/3.12.1/lib/python3.12/site-packages/airflow/example_dags/example_params_trigger_ui.py
[2025-03-18T11:05:12.271+0000] {processor.py:914} INFO - Processing file /usr/local/python/3.12.1/lib/python3.12/site-packages/airflow/example_dags/example_params_trigger_ui.py for tasks to queue
[2025-03-18T11:05:12.272+0000] {logging_mixin.py:190} INFO - [2025-03-18T11:05:12.272+0000] {dagbag.py:588} INFO - Filling up the DagBag from /usr/local/python/3.12.1/lib/python3.12/site-packages/airflow/example_dags/example_params_trigger_ui.py
[2025-03-18T11:05:12.281+0000] {processor.py:925} INFO - DAG(s) 'example_params_trigger_ui' retrieved from /usr/local/python/3.12.1/lib/python3.12/site-packages/airflow/example_dags/example_params_trigger_ui.py
[2025-03-18T11:05:12.311+0000] {logging_mixin.py:190} INFO - [2025-03-18T11:05:12.311+0000] {dag.py:3239} INFO - Sync 1 DAGs
[2025-03-18T11:05:12.320+0000] {logging_mixin.py:190} INFO - [2025-03-18T11:05:12.320+0000] {dag.py:4180} INFO - Setting next_dagrun for example_params_trigger_ui to None, run_after=None
[2025-03-18T11:05:12.335+0000] {processor.py:208} INFO - Processing /usr/local/python/3.12.1/lib/python3.12/site-packages/airflow/example_dags/example_params_trigger_ui.py took 0.068 seconds
[2025-03-18T11:06:01.660+0000] {processor.py:186} INFO - Started process (PID=59930) to work on /usr/local/python/3.12.1/lib/python3.12/site-packages/airflow/example_dags/example_params_trigger_ui.py
[2025-03-18T11:06:01.661+0000] {processor.py:914} INFO - Processing file /usr/local/python/3.12.1/lib/python3.12/site-packages/airflow/example_dags/example_params_trigger_ui.py for tasks to queue
[2025-03-18T11:06:01.663+0000] {logging_mixin.py:190} INFO - [2025-03-18T11:06:01.662+0000] {dagbag.py:588} INFO - Filling up the DagBag from /usr/local/python/3.12.1/lib/python3.12/site-packages/airflow/example_dags/example_params_trigger_ui.py
[2025-03-18T11:06:01.671+0000] {processor.py:925} INFO - DAG(s) 'example_params_trigger_ui' retrieved from /usr/local/python/3.12.1/lib/python3.12/site-packages/airflow/example_dags/example_params_trigger_ui.py
[2025-03-18T11:06:01.700+0000] {logging_mixin.py:190} INFO - [2025-03-18T11:06:01.700+0000] {dag.py:3239} INFO - Sync 1 DAGs
[2025-03-18T11:06:01.709+0000] {logging_mixin.py:190} INFO - [2025-03-18T11:06:01.709+0000] {dag.py:4180} INFO - Setting next_dagrun for example_params_trigger_ui to None, run_after=None
[2025-03-18T11:06:01.724+0000] {processor.py:208} INFO - Processing /usr/local/python/3.12.1/lib/python3.12/site-packages/airflow/example_dags/example_params_trigger_ui.py took 0.068 seconds
[2025-03-18T11:06:52.500+0000] {processor.py:186} INFO - Started process (PID=60330) to work on /usr/local/python/3.12.1/lib/python3.12/site-packages/airflow/example_dags/example_params_trigger_ui.py
[2025-03-18T11:06:52.500+0000] {processor.py:914} INFO - Processing file /usr/local/python/3.12.1/lib/python3.12/site-packages/airflow/example_dags/example_params_trigger_ui.py for tasks to queue
[2025-03-18T11:06:52.502+0000] {logging_mixin.py:190} INFO - [2025-03-18T11:06:52.502+0000] {dagbag.py:588} INFO - Filling up the DagBag from /usr/local/python/3.12.1/lib/python3.12/site-packages/airflow/example_dags/example_params_trigger_ui.py
[2025-03-18T11:06:52.511+0000] {processor.py:925} INFO - DAG(s) 'example_params_trigger_ui' retrieved from /usr/local/python/3.12.1/lib/python3.12/site-packages/airflow/example_dags/example_params_trigger_ui.py
[2025-03-18T11:06:52.540+0000] {logging_mixin.py:190} INFO - [2025-03-18T11:06:52.540+0000] {dag.py:3239} INFO - Sync 1 DAGs
[2025-03-18T11:06:52.550+0000] {logging_mixin.py:190} INFO - [2025-03-18T11:06:52.550+0000] {dag.py:4180} INFO - Setting next_dagrun for example_params_trigger_ui to None, run_after=None
[2025-03-18T11:06:52.565+0000] {processor.py:208} INFO - Processing /usr/local/python/3.12.1/lib/python3.12/site-packages/airflow/example_dags/example_params_trigger_ui.py took 0.069 seconds
[2025-03-18T11:07:43.681+0000] {processor.py:186} INFO - Started process (PID=60736) to work on /usr/local/python/3.12.1/lib/python3.12/site-packages/airflow/example_dags/example_params_trigger_ui.py
[2025-03-18T11:07:43.682+0000] {processor.py:914} INFO - Processing file /usr/local/python/3.12.1/lib/python3.12/site-packages/airflow/example_dags/example_params_trigger_ui.py for tasks to queue
[2025-03-18T11:07:43.684+0000] {logging_mixin.py:190} INFO - [2025-03-18T11:07:43.683+0000] {dagbag.py:588} INFO - Filling up the DagBag from /usr/local/python/3.12.1/lib/python3.12/site-packages/airflow/example_dags/example_params_trigger_ui.py
[2025-03-18T11:07:43.694+0000] {processor.py:925} INFO - DAG(s) 'example_params_trigger_ui' retrieved from /usr/local/python/3.12.1/lib/python3.12/site-packages/airflow/example_dags/example_params_trigger_ui.py
[2025-03-18T11:07:43.731+0000] {logging_mixin.py:190} INFO - [2025-03-18T11:07:43.730+0000] {dag.py:3239} INFO - Sync 1 DAGs
[2025-03-18T11:07:43.743+0000] {logging_mixin.py:190} INFO - [2025-03-18T11:07:43.743+0000] {dag.py:4180} INFO - Setting next_dagrun for example_params_trigger_ui to None, run_after=None
[2025-03-18T11:07:43.763+0000] {processor.py:208} INFO - Processing /usr/local/python/3.12.1/lib/python3.12/site-packages/airflow/example_dags/example_params_trigger_ui.py took 0.086 seconds
[2025-03-18T11:08:33.111+0000] {processor.py:186} INFO - Started process (PID=61153) to work on /usr/local/python/3.12.1/lib/python3.12/site-packages/airflow/example_dags/example_params_trigger_ui.py
[2025-03-18T11:08:33.112+0000] {processor.py:914} INFO - Processing file /usr/local/python/3.12.1/lib/python3.12/site-packages/airflow/example_dags/example_params_trigger_ui.py for tasks to queue
[2025-03-18T11:08:33.113+0000] {logging_mixin.py:190} INFO - [2025-03-18T11:08:33.113+0000] {dagbag.py:588} INFO - Filling up the DagBag from /usr/local/python/3.12.1/lib/python3.12/site-packages/airflow/example_dags/example_params_trigger_ui.py
[2025-03-18T11:08:33.122+0000] {processor.py:925} INFO - DAG(s) 'example_params_trigger_ui' retrieved from /usr/local/python/3.12.1/lib/python3.12/site-packages/airflow/example_dags/example_params_trigger_ui.py
[2025-03-18T11:08:33.151+0000] {logging_mixin.py:190} INFO - [2025-03-18T11:08:33.151+0000] {dag.py:3239} INFO - Sync 1 DAGs
[2025-03-18T11:08:33.160+0000] {logging_mixin.py:190} INFO - [2025-03-18T11:08:33.160+0000] {dag.py:4180} INFO - Setting next_dagrun for example_params_trigger_ui to None, run_after=None
[2025-03-18T11:08:33.175+0000] {processor.py:208} INFO - Processing /usr/local/python/3.12.1/lib/python3.12/site-packages/airflow/example_dags/example_params_trigger_ui.py took 0.067 seconds
[2025-03-18T11:09:25.831+0000] {processor.py:186} INFO - Started process (PID=61602) to work on /usr/local/python/3.12.1/lib/python3.12/site-packages/airflow/example_dags/example_params_trigger_ui.py
[2025-03-18T11:09:25.832+0000] {processor.py:914} INFO - Processing file /usr/local/python/3.12.1/lib/python3.12/site-packages/airflow/example_dags/example_params_trigger_ui.py for tasks to queue
[2025-03-18T11:09:25.834+0000] {logging_mixin.py:190} INFO - [2025-03-18T11:09:25.833+0000] {dagbag.py:588} INFO - Filling up the DagBag from /usr/local/python/3.12.1/lib/python3.12/site-packages/airflow/example_dags/example_params_trigger_ui.py
[2025-03-18T11:09:25.843+0000] {processor.py:925} INFO - DAG(s) 'example_params_trigger_ui' retrieved from /usr/local/python/3.12.1/lib/python3.12/site-packages/airflow/example_dags/example_params_trigger_ui.py
[2025-03-18T11:09:25.874+0000] {logging_mixin.py:190} INFO - [2025-03-18T11:09:25.874+0000] {dag.py:3239} INFO - Sync 1 DAGs
[2025-03-18T11:09:25.888+0000] {logging_mixin.py:190} INFO - [2025-03-18T11:09:25.888+0000] {dag.py:4180} INFO - Setting next_dagrun for example_params_trigger_ui to None, run_after=None
[2025-03-18T11:09:25.902+0000] {processor.py:208} INFO - Processing /usr/local/python/3.12.1/lib/python3.12/site-packages/airflow/example_dags/example_params_trigger_ui.py took 0.075 seconds
[2025-03-18T11:10:19.198+0000] {processor.py:186} INFO - Started process (PID=62063) to work on /usr/local/python/3.12.1/lib/python3.12/site-packages/airflow/example_dags/example_params_trigger_ui.py
[2025-03-18T11:10:19.199+0000] {processor.py:914} INFO - Processing file /usr/local/python/3.12.1/lib/python3.12/site-packages/airflow/example_dags/example_params_trigger_ui.py for tasks to queue
[2025-03-18T11:10:19.201+0000] {logging_mixin.py:190} INFO - [2025-03-18T11:10:19.201+0000] {dagbag.py:588} INFO - Filling up the DagBag from /usr/local/python/3.12.1/lib/python3.12/site-packages/airflow/example_dags/example_params_trigger_ui.py
[2025-03-18T11:10:19.212+0000] {processor.py:925} INFO - DAG(s) 'example_params_trigger_ui' retrieved from /usr/local/python/3.12.1/lib/python3.12/site-packages/airflow/example_dags/example_params_trigger_ui.py
[2025-03-18T11:10:19.245+0000] {logging_mixin.py:190} INFO - [2025-03-18T11:10:19.245+0000] {dag.py:3239} INFO - Sync 1 DAGs
[2025-03-18T11:10:19.259+0000] {logging_mixin.py:190} INFO - [2025-03-18T11:10:19.259+0000] {dag.py:4180} INFO - Setting next_dagrun for example_params_trigger_ui to None, run_after=None
[2025-03-18T11:10:19.277+0000] {processor.py:208} INFO - Processing /usr/local/python/3.12.1/lib/python3.12/site-packages/airflow/example_dags/example_params_trigger_ui.py took 0.084 seconds
[2025-03-18T11:11:08.731+0000] {processor.py:186} INFO - Started process (PID=62496) to work on /usr/local/python/3.12.1/lib/python3.12/site-packages/airflow/example_dags/example_params_trigger_ui.py
[2025-03-18T11:11:08.731+0000] {processor.py:914} INFO - Processing file /usr/local/python/3.12.1/lib/python3.12/site-packages/airflow/example_dags/example_params_trigger_ui.py for tasks to queue
[2025-03-18T11:11:08.733+0000] {logging_mixin.py:190} INFO - [2025-03-18T11:11:08.732+0000] {dagbag.py:588} INFO - Filling up the DagBag from /usr/local/python/3.12.1/lib/python3.12/site-packages/airflow/example_dags/example_params_trigger_ui.py
[2025-03-18T11:11:08.742+0000] {processor.py:925} INFO - DAG(s) 'example_params_trigger_ui' retrieved from /usr/local/python/3.12.1/lib/python3.12/site-packages/airflow/example_dags/example_params_trigger_ui.py
[2025-03-18T11:11:08.771+0000] {logging_mixin.py:190} INFO - [2025-03-18T11:11:08.771+0000] {dag.py:3239} INFO - Sync 1 DAGs
[2025-03-18T11:11:08.780+0000] {logging_mixin.py:190} INFO - [2025-03-18T11:11:08.780+0000] {dag.py:4180} INFO - Setting next_dagrun for example_params_trigger_ui to None, run_after=None
[2025-03-18T11:11:08.795+0000] {processor.py:208} INFO - Processing /usr/local/python/3.12.1/lib/python3.12/site-packages/airflow/example_dags/example_params_trigger_ui.py took 0.068 seconds
[2025-03-18T11:11:54.896+0000] {processor.py:186} INFO - Started process (PID=63034) to work on /usr/local/python/3.12.1/lib/python3.12/site-packages/airflow/example_dags/example_params_trigger_ui.py
[2025-03-18T11:11:54.897+0000] {processor.py:914} INFO - Processing file /usr/local/python/3.12.1/lib/python3.12/site-packages/airflow/example_dags/example_params_trigger_ui.py for tasks to queue
[2025-03-18T11:11:54.898+0000] {logging_mixin.py:190} INFO - [2025-03-18T11:11:54.898+0000] {dagbag.py:588} INFO - Filling up the DagBag from /usr/local/python/3.12.1/lib/python3.12/site-packages/airflow/example_dags/example_params_trigger_ui.py
[2025-03-18T11:11:54.907+0000] {processor.py:925} INFO - DAG(s) 'example_params_trigger_ui' retrieved from /usr/local/python/3.12.1/lib/python3.12/site-packages/airflow/example_dags/example_params_trigger_ui.py
[2025-03-18T11:11:54.936+0000] {logging_mixin.py:190} INFO - [2025-03-18T11:11:54.936+0000] {dag.py:3239} INFO - Sync 1 DAGs
[2025-03-18T11:11:54.945+0000] {logging_mixin.py:190} INFO - [2025-03-18T11:11:54.945+0000] {dag.py:4180} INFO - Setting next_dagrun for example_params_trigger_ui to None, run_after=None
[2025-03-18T11:11:54.960+0000] {processor.py:208} INFO - Processing /usr/local/python/3.12.1/lib/python3.12/site-packages/airflow/example_dags/example_params_trigger_ui.py took 0.068 seconds
[2025-03-18T11:50:42.231+0000] {processor.py:186} INFO - Started process (PID=83034) to work on /usr/local/python/3.12.1/lib/python3.12/site-packages/airflow/example_dags/example_params_trigger_ui.py
[2025-03-18T11:50:42.232+0000] {processor.py:914} INFO - Processing file /usr/local/python/3.12.1/lib/python3.12/site-packages/airflow/example_dags/example_params_trigger_ui.py for tasks to queue
[2025-03-18T11:50:42.233+0000] {logging_mixin.py:190} INFO - [2025-03-18T11:50:42.233+0000] {dagbag.py:588} INFO - Filling up the DagBag from /usr/local/python/3.12.1/lib/python3.12/site-packages/airflow/example_dags/example_params_trigger_ui.py
[2025-03-18T11:50:42.242+0000] {processor.py:925} INFO - DAG(s) 'example_params_trigger_ui' retrieved from /usr/local/python/3.12.1/lib/python3.12/site-packages/airflow/example_dags/example_params_trigger_ui.py
[2025-03-18T11:50:42.273+0000] {logging_mixin.py:190} INFO - [2025-03-18T11:50:42.273+0000] {dag.py:3239} INFO - Sync 1 DAGs
[2025-03-18T11:50:42.283+0000] {logging_mixin.py:190} INFO - [2025-03-18T11:50:42.283+0000] {dag.py:4180} INFO - Setting next_dagrun for example_params_trigger_ui to None, run_after=None
[2025-03-18T11:50:42.297+0000] {processor.py:208} INFO - Processing /usr/local/python/3.12.1/lib/python3.12/site-packages/airflow/example_dags/example_params_trigger_ui.py took 0.070 seconds
