[2025-03-18T10:51:42.089+0000] {processor.py:186} INFO - Started process (PID=49352) to work on /usr/local/python/3.12.1/lib/python3.12/site-packages/airflow/example_dags/example_sensors.py
[2025-03-18T10:51:42.089+0000] {processor.py:914} INFO - Processing file /usr/local/python/3.12.1/lib/python3.12/site-packages/airflow/example_dags/example_sensors.py for tasks to queue
[2025-03-18T10:51:42.090+0000] {logging_mixin.py:190} INFO - [2025-03-18T10:51:42.090+0000] {dagbag.py:588} INFO - Filling up the DagBag from /usr/local/python/3.12.1/lib/python3.12/site-packages/airflow/example_dags/example_sensors.py
[2025-03-18T10:51:42.098+0000] {processor.py:925} INFO - DAG(s) 'example_sensors' retrieved from /usr/local/python/3.12.1/lib/python3.12/site-packages/airflow/example_dags/example_sensors.py
[2025-03-18T10:51:42.188+0000] {logging_mixin.py:190} INFO - [2025-03-18T10:51:42.188+0000] {override.py:1930} INFO - Created Permission View: can read on DAG:example_sensors
[2025-03-18T10:51:42.196+0000] {logging_mixin.py:190} INFO - [2025-03-18T10:51:42.196+0000] {override.py:1930} INFO - Created Permission View: can edit on DAG:example_sensors
[2025-03-18T10:51:42.202+0000] {logging_mixin.py:190} INFO - [2025-03-18T10:51:42.201+0000] {override.py:1930} INFO - Created Permission View: can delete on DAG:example_sensors
[2025-03-18T10:51:42.210+0000] {logging_mixin.py:190} INFO - [2025-03-18T10:51:42.210+0000] {override.py:1930} INFO - Created Permission View: can read on DAG Run:example_sensors
[2025-03-18T10:51:42.216+0000] {logging_mixin.py:190} INFO - [2025-03-18T10:51:42.215+0000] {override.py:1930} INFO - Created Permission View: can create on DAG Run:example_sensors
[2025-03-18T10:51:42.221+0000] {logging_mixin.py:190} INFO - [2025-03-18T10:51:42.221+0000] {override.py:1930} INFO - Created Permission View: menu access on DAG Run:example_sensors
[2025-03-18T10:51:42.227+0000] {logging_mixin.py:190} INFO - [2025-03-18T10:51:42.227+0000] {override.py:1930} INFO - Created Permission View: can delete on DAG Run:example_sensors
[2025-03-18T10:51:42.227+0000] {logging_mixin.py:190} INFO - [2025-03-18T10:51:42.227+0000] {dag.py:3239} INFO - Sync 1 DAGs
[2025-03-18T10:51:42.236+0000] {logging_mixin.py:190} INFO - [2025-03-18T10:51:42.236+0000] {dag.py:3262} INFO - Creating ORM DAG for example_sensors
[2025-03-18T10:51:42.237+0000] {logging_mixin.py:190} INFO - [2025-03-18T10:51:42.237+0000] {dag.py:4180} INFO - Setting next_dagrun for example_sensors to None, run_after=None
[2025-03-18T10:51:42.250+0000] {processor.py:208} INFO - Processing /usr/local/python/3.12.1/lib/python3.12/site-packages/airflow/example_dags/example_sensors.py took 0.166 seconds
[2025-03-18T10:52:42.644+0000] {processor.py:186} INFO - Started process (PID=50057) to work on /usr/local/python/3.12.1/lib/python3.12/site-packages/airflow/example_dags/example_sensors.py
[2025-03-18T10:52:42.645+0000] {processor.py:914} INFO - Processing file /usr/local/python/3.12.1/lib/python3.12/site-packages/airflow/example_dags/example_sensors.py for tasks to queue
[2025-03-18T10:52:42.646+0000] {logging_mixin.py:190} INFO - [2025-03-18T10:52:42.646+0000] {dagbag.py:588} INFO - Filling up the DagBag from /usr/local/python/3.12.1/lib/python3.12/site-packages/airflow/example_dags/example_sensors.py
[2025-03-18T10:52:42.656+0000] {processor.py:925} INFO - DAG(s) 'example_sensors' retrieved from /usr/local/python/3.12.1/lib/python3.12/site-packages/airflow/example_dags/example_sensors.py
[2025-03-18T10:52:42.674+0000] {logging_mixin.py:190} INFO - [2025-03-18T10:52:42.673+0000] {dag.py:3239} INFO - Sync 1 DAGs
[2025-03-18T10:52:42.684+0000] {logging_mixin.py:190} INFO - [2025-03-18T10:52:42.683+0000] {dag.py:4180} INFO - Setting next_dagrun for example_sensors to None, run_after=None
[2025-03-18T10:52:42.701+0000] {processor.py:208} INFO - Processing /usr/local/python/3.12.1/lib/python3.12/site-packages/airflow/example_dags/example_sensors.py took 0.061 seconds
[2025-03-18T10:53:21.692+0000] {processor.py:186} INFO - Started process (PID=50520) to work on /usr/local/python/3.12.1/lib/python3.12/site-packages/airflow/example_dags/example_sensors.py
[2025-03-18T10:53:21.693+0000] {processor.py:914} INFO - Processing file /usr/local/python/3.12.1/lib/python3.12/site-packages/airflow/example_dags/example_sensors.py for tasks to queue
[2025-03-18T10:53:21.694+0000] {logging_mixin.py:190} INFO - [2025-03-18T10:53:21.694+0000] {dagbag.py:588} INFO - Filling up the DagBag from /usr/local/python/3.12.1/lib/python3.12/site-packages/airflow/example_dags/example_sensors.py
[2025-03-18T10:53:21.702+0000] {processor.py:925} INFO - DAG(s) 'example_sensors' retrieved from /usr/local/python/3.12.1/lib/python3.12/site-packages/airflow/example_dags/example_sensors.py
[2025-03-18T10:53:21.719+0000] {logging_mixin.py:190} INFO - [2025-03-18T10:53:21.719+0000] {dag.py:3239} INFO - Sync 1 DAGs
[2025-03-18T10:53:21.729+0000] {logging_mixin.py:190} INFO - [2025-03-18T10:53:21.729+0000] {dag.py:4180} INFO - Setting next_dagrun for example_sensors to None, run_after=None
[2025-03-18T10:53:21.743+0000] {processor.py:208} INFO - Processing /usr/local/python/3.12.1/lib/python3.12/site-packages/airflow/example_dags/example_sensors.py took 0.054 seconds
[2025-03-18T10:54:18.535+0000] {processor.py:186} INFO - Started process (PID=51161) to work on /usr/local/python/3.12.1/lib/python3.12/site-packages/airflow/example_dags/example_sensors.py
[2025-03-18T10:54:18.536+0000] {processor.py:914} INFO - Processing file /usr/local/python/3.12.1/lib/python3.12/site-packages/airflow/example_dags/example_sensors.py for tasks to queue
[2025-03-18T10:54:18.537+0000] {logging_mixin.py:190} INFO - [2025-03-18T10:54:18.537+0000] {dagbag.py:588} INFO - Filling up the DagBag from /usr/local/python/3.12.1/lib/python3.12/site-packages/airflow/example_dags/example_sensors.py
[2025-03-18T10:54:18.546+0000] {processor.py:925} INFO - DAG(s) 'example_sensors' retrieved from /usr/local/python/3.12.1/lib/python3.12/site-packages/airflow/example_dags/example_sensors.py
[2025-03-18T10:54:18.561+0000] {logging_mixin.py:190} INFO - [2025-03-18T10:54:18.561+0000] {dag.py:3239} INFO - Sync 1 DAGs
[2025-03-18T10:54:18.571+0000] {logging_mixin.py:190} INFO - [2025-03-18T10:54:18.571+0000] {dag.py:4180} INFO - Setting next_dagrun for example_sensors to None, run_after=None
[2025-03-18T10:54:18.585+0000] {processor.py:208} INFO - Processing /usr/local/python/3.12.1/lib/python3.12/site-packages/airflow/example_dags/example_sensors.py took 0.054 seconds
[2025-03-18T10:55:11.472+0000] {processor.py:186} INFO - Started process (PID=51612) to work on /usr/local/python/3.12.1/lib/python3.12/site-packages/airflow/example_dags/example_sensors.py
[2025-03-18T10:55:11.472+0000] {processor.py:914} INFO - Processing file /usr/local/python/3.12.1/lib/python3.12/site-packages/airflow/example_dags/example_sensors.py for tasks to queue
[2025-03-18T10:55:11.474+0000] {logging_mixin.py:190} INFO - [2025-03-18T10:55:11.473+0000] {dagbag.py:588} INFO - Filling up the DagBag from /usr/local/python/3.12.1/lib/python3.12/site-packages/airflow/example_dags/example_sensors.py
[2025-03-18T10:55:11.482+0000] {processor.py:925} INFO - DAG(s) 'example_sensors' retrieved from /usr/local/python/3.12.1/lib/python3.12/site-packages/airflow/example_dags/example_sensors.py
[2025-03-18T10:55:11.497+0000] {logging_mixin.py:190} INFO - [2025-03-18T10:55:11.497+0000] {dag.py:3239} INFO - Sync 1 DAGs
[2025-03-18T10:55:11.506+0000] {logging_mixin.py:190} INFO - [2025-03-18T10:55:11.506+0000] {dag.py:4180} INFO - Setting next_dagrun for example_sensors to None, run_after=None
[2025-03-18T10:55:11.520+0000] {processor.py:208} INFO - Processing /usr/local/python/3.12.1/lib/python3.12/site-packages/airflow/example_dags/example_sensors.py took 0.053 seconds
[2025-03-18T10:56:05.246+0000] {processor.py:186} INFO - Started process (PID=52321) to work on /usr/local/python/3.12.1/lib/python3.12/site-packages/airflow/example_dags/example_sensors.py
[2025-03-18T10:56:05.247+0000] {processor.py:914} INFO - Processing file /usr/local/python/3.12.1/lib/python3.12/site-packages/airflow/example_dags/example_sensors.py for tasks to queue
[2025-03-18T10:56:05.248+0000] {logging_mixin.py:190} INFO - [2025-03-18T10:56:05.248+0000] {dagbag.py:588} INFO - Filling up the DagBag from /usr/local/python/3.12.1/lib/python3.12/site-packages/airflow/example_dags/example_sensors.py
[2025-03-18T10:56:05.257+0000] {processor.py:925} INFO - DAG(s) 'example_sensors' retrieved from /usr/local/python/3.12.1/lib/python3.12/site-packages/airflow/example_dags/example_sensors.py
[2025-03-18T10:56:05.272+0000] {logging_mixin.py:190} INFO - [2025-03-18T10:56:05.272+0000] {dag.py:3239} INFO - Sync 1 DAGs
[2025-03-18T10:56:05.281+0000] {logging_mixin.py:190} INFO - [2025-03-18T10:56:05.281+0000] {dag.py:4180} INFO - Setting next_dagrun for example_sensors to None, run_after=None
[2025-03-18T10:56:05.296+0000] {processor.py:208} INFO - Processing /usr/local/python/3.12.1/lib/python3.12/site-packages/airflow/example_dags/example_sensors.py took 0.053 seconds
[2025-03-18T10:56:56.194+0000] {processor.py:186} INFO - Started process (PID=52827) to work on /usr/local/python/3.12.1/lib/python3.12/site-packages/airflow/example_dags/example_sensors.py
[2025-03-18T10:56:56.195+0000] {processor.py:914} INFO - Processing file /usr/local/python/3.12.1/lib/python3.12/site-packages/airflow/example_dags/example_sensors.py for tasks to queue
[2025-03-18T10:56:56.196+0000] {logging_mixin.py:190} INFO - [2025-03-18T10:56:56.196+0000] {dagbag.py:588} INFO - Filling up the DagBag from /usr/local/python/3.12.1/lib/python3.12/site-packages/airflow/example_dags/example_sensors.py
[2025-03-18T10:56:56.205+0000] {processor.py:925} INFO - DAG(s) 'example_sensors' retrieved from /usr/local/python/3.12.1/lib/python3.12/site-packages/airflow/example_dags/example_sensors.py
[2025-03-18T10:56:56.220+0000] {logging_mixin.py:190} INFO - [2025-03-18T10:56:56.220+0000] {dag.py:3239} INFO - Sync 1 DAGs
[2025-03-18T10:56:56.229+0000] {logging_mixin.py:190} INFO - [2025-03-18T10:56:56.229+0000] {dag.py:4180} INFO - Setting next_dagrun for example_sensors to None, run_after=None
[2025-03-18T10:56:56.243+0000] {processor.py:208} INFO - Processing /usr/local/python/3.12.1/lib/python3.12/site-packages/airflow/example_dags/example_sensors.py took 0.053 seconds
[2025-03-18T10:57:44.603+0000] {processor.py:186} INFO - Started process (PID=53436) to work on /usr/local/python/3.12.1/lib/python3.12/site-packages/airflow/example_dags/example_sensors.py
[2025-03-18T10:57:44.603+0000] {processor.py:914} INFO - Processing file /usr/local/python/3.12.1/lib/python3.12/site-packages/airflow/example_dags/example_sensors.py for tasks to queue
[2025-03-18T10:57:44.605+0000] {logging_mixin.py:190} INFO - [2025-03-18T10:57:44.604+0000] {dagbag.py:588} INFO - Filling up the DagBag from /usr/local/python/3.12.1/lib/python3.12/site-packages/airflow/example_dags/example_sensors.py
[2025-03-18T10:57:44.613+0000] {processor.py:925} INFO - DAG(s) 'example_sensors' retrieved from /usr/local/python/3.12.1/lib/python3.12/site-packages/airflow/example_dags/example_sensors.py
[2025-03-18T10:57:44.628+0000] {logging_mixin.py:190} INFO - [2025-03-18T10:57:44.628+0000] {dag.py:3239} INFO - Sync 1 DAGs
[2025-03-18T10:57:44.637+0000] {logging_mixin.py:190} INFO - [2025-03-18T10:57:44.637+0000] {dag.py:4180} INFO - Setting next_dagrun for example_sensors to None, run_after=None
[2025-03-18T10:57:44.652+0000] {processor.py:208} INFO - Processing /usr/local/python/3.12.1/lib/python3.12/site-packages/airflow/example_dags/example_sensors.py took 0.053 seconds
[2025-03-18T10:58:34.067+0000] {processor.py:186} INFO - Started process (PID=53918) to work on /usr/local/python/3.12.1/lib/python3.12/site-packages/airflow/example_dags/example_sensors.py
[2025-03-18T10:58:34.068+0000] {processor.py:914} INFO - Processing file /usr/local/python/3.12.1/lib/python3.12/site-packages/airflow/example_dags/example_sensors.py for tasks to queue
[2025-03-18T10:58:34.070+0000] {logging_mixin.py:190} INFO - [2025-03-18T10:58:34.069+0000] {dagbag.py:588} INFO - Filling up the DagBag from /usr/local/python/3.12.1/lib/python3.12/site-packages/airflow/example_dags/example_sensors.py
[2025-03-18T10:58:34.078+0000] {processor.py:925} INFO - DAG(s) 'example_sensors' retrieved from /usr/local/python/3.12.1/lib/python3.12/site-packages/airflow/example_dags/example_sensors.py
[2025-03-18T10:58:34.092+0000] {logging_mixin.py:190} INFO - [2025-03-18T10:58:34.092+0000] {dag.py:3239} INFO - Sync 1 DAGs
[2025-03-18T10:58:34.101+0000] {logging_mixin.py:190} INFO - [2025-03-18T10:58:34.101+0000] {dag.py:4180} INFO - Setting next_dagrun for example_sensors to None, run_after=None
[2025-03-18T10:58:34.115+0000] {processor.py:208} INFO - Processing /usr/local/python/3.12.1/lib/python3.12/site-packages/airflow/example_dags/example_sensors.py took 0.052 seconds
[2025-03-18T10:59:21.607+0000] {processor.py:186} INFO - Started process (PID=54619) to work on /usr/local/python/3.12.1/lib/python3.12/site-packages/airflow/example_dags/example_sensors.py
[2025-03-18T10:59:21.607+0000] {processor.py:914} INFO - Processing file /usr/local/python/3.12.1/lib/python3.12/site-packages/airflow/example_dags/example_sensors.py for tasks to queue
[2025-03-18T10:59:21.609+0000] {logging_mixin.py:190} INFO - [2025-03-18T10:59:21.609+0000] {dagbag.py:588} INFO - Filling up the DagBag from /usr/local/python/3.12.1/lib/python3.12/site-packages/airflow/example_dags/example_sensors.py
[2025-03-18T10:59:21.617+0000] {processor.py:925} INFO - DAG(s) 'example_sensors' retrieved from /usr/local/python/3.12.1/lib/python3.12/site-packages/airflow/example_dags/example_sensors.py
[2025-03-18T10:59:21.632+0000] {logging_mixin.py:190} INFO - [2025-03-18T10:59:21.631+0000] {dag.py:3239} INFO - Sync 1 DAGs
[2025-03-18T10:59:21.641+0000] {logging_mixin.py:190} INFO - [2025-03-18T10:59:21.640+0000] {dag.py:4180} INFO - Setting next_dagrun for example_sensors to None, run_after=None
[2025-03-18T10:59:21.655+0000] {processor.py:208} INFO - Processing /usr/local/python/3.12.1/lib/python3.12/site-packages/airflow/example_dags/example_sensors.py took 0.052 seconds
[2025-03-18T11:00:08.995+0000] {processor.py:186} INFO - Started process (PID=55008) to work on /usr/local/python/3.12.1/lib/python3.12/site-packages/airflow/example_dags/example_sensors.py
[2025-03-18T11:00:08.996+0000] {processor.py:914} INFO - Processing file /usr/local/python/3.12.1/lib/python3.12/site-packages/airflow/example_dags/example_sensors.py for tasks to queue
[2025-03-18T11:00:08.997+0000] {logging_mixin.py:190} INFO - [2025-03-18T11:00:08.997+0000] {dagbag.py:588} INFO - Filling up the DagBag from /usr/local/python/3.12.1/lib/python3.12/site-packages/airflow/example_dags/example_sensors.py
[2025-03-18T11:00:09.006+0000] {processor.py:925} INFO - DAG(s) 'example_sensors' retrieved from /usr/local/python/3.12.1/lib/python3.12/site-packages/airflow/example_dags/example_sensors.py
[2025-03-18T11:00:09.021+0000] {logging_mixin.py:190} INFO - [2025-03-18T11:00:09.021+0000] {dag.py:3239} INFO - Sync 1 DAGs
[2025-03-18T11:00:09.030+0000] {logging_mixin.py:190} INFO - [2025-03-18T11:00:09.030+0000] {dag.py:4180} INFO - Setting next_dagrun for example_sensors to None, run_after=None
[2025-03-18T11:00:09.045+0000] {processor.py:208} INFO - Processing /usr/local/python/3.12.1/lib/python3.12/site-packages/airflow/example_dags/example_sensors.py took 0.054 seconds
[2025-03-18T11:01:00.594+0000] {processor.py:186} INFO - Started process (PID=57473) to work on /usr/local/python/3.12.1/lib/python3.12/site-packages/airflow/example_dags/example_sensors.py
[2025-03-18T11:01:00.595+0000] {processor.py:914} INFO - Processing file /usr/local/python/3.12.1/lib/python3.12/site-packages/airflow/example_dags/example_sensors.py for tasks to queue
[2025-03-18T11:01:00.597+0000] {logging_mixin.py:190} INFO - [2025-03-18T11:01:00.596+0000] {dagbag.py:588} INFO - Filling up the DagBag from /usr/local/python/3.12.1/lib/python3.12/site-packages/airflow/example_dags/example_sensors.py
[2025-03-18T11:01:00.623+0000] {processor.py:925} INFO - DAG(s) 'example_sensors' retrieved from /usr/local/python/3.12.1/lib/python3.12/site-packages/airflow/example_dags/example_sensors.py
[2025-03-18T11:01:00.690+0000] {logging_mixin.py:190} INFO - [2025-03-18T11:01:00.689+0000] {dag.py:3239} INFO - Sync 1 DAGs
[2025-03-18T11:01:00.723+0000] {logging_mixin.py:190} INFO - [2025-03-18T11:01:00.719+0000] {dag.py:4180} INFO - Setting next_dagrun for example_sensors to None, run_after=None
[2025-03-18T11:01:00.755+0000] {processor.py:208} INFO - Processing /usr/local/python/3.12.1/lib/python3.12/site-packages/airflow/example_dags/example_sensors.py took 0.173 seconds
[2025-03-18T11:01:51.974+0000] {processor.py:186} INFO - Started process (PID=57940) to work on /usr/local/python/3.12.1/lib/python3.12/site-packages/airflow/example_dags/example_sensors.py
[2025-03-18T11:01:51.975+0000] {processor.py:914} INFO - Processing file /usr/local/python/3.12.1/lib/python3.12/site-packages/airflow/example_dags/example_sensors.py for tasks to queue
[2025-03-18T11:01:51.976+0000] {logging_mixin.py:190} INFO - [2025-03-18T11:01:51.976+0000] {dagbag.py:588} INFO - Filling up the DagBag from /usr/local/python/3.12.1/lib/python3.12/site-packages/airflow/example_dags/example_sensors.py
[2025-03-18T11:01:51.984+0000] {processor.py:925} INFO - DAG(s) 'example_sensors' retrieved from /usr/local/python/3.12.1/lib/python3.12/site-packages/airflow/example_dags/example_sensors.py
[2025-03-18T11:01:52.003+0000] {logging_mixin.py:190} INFO - [2025-03-18T11:01:52.002+0000] {dag.py:3239} INFO - Sync 1 DAGs
[2025-03-18T11:01:52.017+0000] {logging_mixin.py:190} INFO - [2025-03-18T11:01:52.017+0000] {dag.py:4180} INFO - Setting next_dagrun for example_sensors to None, run_after=None
[2025-03-18T11:01:52.036+0000] {processor.py:208} INFO - Processing /usr/local/python/3.12.1/lib/python3.12/site-packages/airflow/example_dags/example_sensors.py took 0.066 seconds
[2025-03-18T11:02:42.239+0000] {processor.py:186} INFO - Started process (PID=58321) to work on /usr/local/python/3.12.1/lib/python3.12/site-packages/airflow/example_dags/example_sensors.py
[2025-03-18T11:02:42.240+0000] {processor.py:914} INFO - Processing file /usr/local/python/3.12.1/lib/python3.12/site-packages/airflow/example_dags/example_sensors.py for tasks to queue
[2025-03-18T11:02:42.241+0000] {logging_mixin.py:190} INFO - [2025-03-18T11:02:42.241+0000] {dagbag.py:588} INFO - Filling up the DagBag from /usr/local/python/3.12.1/lib/python3.12/site-packages/airflow/example_dags/example_sensors.py
[2025-03-18T11:02:42.250+0000] {processor.py:925} INFO - DAG(s) 'example_sensors' retrieved from /usr/local/python/3.12.1/lib/python3.12/site-packages/airflow/example_dags/example_sensors.py
[2025-03-18T11:02:42.265+0000] {logging_mixin.py:190} INFO - [2025-03-18T11:02:42.265+0000] {dag.py:3239} INFO - Sync 1 DAGs
[2025-03-18T11:02:42.274+0000] {logging_mixin.py:190} INFO - [2025-03-18T11:02:42.274+0000] {dag.py:4180} INFO - Setting next_dagrun for example_sensors to None, run_after=None
[2025-03-18T11:02:42.289+0000] {processor.py:208} INFO - Processing /usr/local/python/3.12.1/lib/python3.12/site-packages/airflow/example_dags/example_sensors.py took 0.053 seconds
[2025-03-18T11:03:28.065+0000] {processor.py:186} INFO - Started process (PID=58716) to work on /usr/local/python/3.12.1/lib/python3.12/site-packages/airflow/example_dags/example_sensors.py
[2025-03-18T11:03:28.066+0000] {processor.py:914} INFO - Processing file /usr/local/python/3.12.1/lib/python3.12/site-packages/airflow/example_dags/example_sensors.py for tasks to queue
[2025-03-18T11:03:28.067+0000] {logging_mixin.py:190} INFO - [2025-03-18T11:03:28.067+0000] {dagbag.py:588} INFO - Filling up the DagBag from /usr/local/python/3.12.1/lib/python3.12/site-packages/airflow/example_dags/example_sensors.py
[2025-03-18T11:03:28.075+0000] {processor.py:925} INFO - DAG(s) 'example_sensors' retrieved from /usr/local/python/3.12.1/lib/python3.12/site-packages/airflow/example_dags/example_sensors.py
[2025-03-18T11:03:28.090+0000] {logging_mixin.py:190} INFO - [2025-03-18T11:03:28.090+0000] {dag.py:3239} INFO - Sync 1 DAGs
[2025-03-18T11:03:28.099+0000] {logging_mixin.py:190} INFO - [2025-03-18T11:03:28.099+0000] {dag.py:4180} INFO - Setting next_dagrun for example_sensors to None, run_after=None
[2025-03-18T11:03:28.114+0000] {processor.py:208} INFO - Processing /usr/local/python/3.12.1/lib/python3.12/site-packages/airflow/example_dags/example_sensors.py took 0.053 seconds
[2025-03-18T11:04:18.737+0000] {processor.py:186} INFO - Started process (PID=59122) to work on /usr/local/python/3.12.1/lib/python3.12/site-packages/airflow/example_dags/example_sensors.py
[2025-03-18T11:04:18.738+0000] {processor.py:914} INFO - Processing file /usr/local/python/3.12.1/lib/python3.12/site-packages/airflow/example_dags/example_sensors.py for tasks to queue
[2025-03-18T11:04:18.739+0000] {logging_mixin.py:190} INFO - [2025-03-18T11:04:18.739+0000] {dagbag.py:588} INFO - Filling up the DagBag from /usr/local/python/3.12.1/lib/python3.12/site-packages/airflow/example_dags/example_sensors.py
[2025-03-18T11:04:18.748+0000] {processor.py:925} INFO - DAG(s) 'example_sensors' retrieved from /usr/local/python/3.12.1/lib/python3.12/site-packages/airflow/example_dags/example_sensors.py
[2025-03-18T11:04:18.762+0000] {logging_mixin.py:190} INFO - [2025-03-18T11:04:18.762+0000] {dag.py:3239} INFO - Sync 1 DAGs
[2025-03-18T11:04:18.772+0000] {logging_mixin.py:190} INFO - [2025-03-18T11:04:18.771+0000] {dag.py:4180} INFO - Setting next_dagrun for example_sensors to None, run_after=None
[2025-03-18T11:04:18.786+0000] {processor.py:208} INFO - Processing /usr/local/python/3.12.1/lib/python3.12/site-packages/airflow/example_dags/example_sensors.py took 0.053 seconds
[2025-03-18T11:05:06.564+0000] {processor.py:186} INFO - Started process (PID=59503) to work on /usr/local/python/3.12.1/lib/python3.12/site-packages/airflow/example_dags/example_sensors.py
[2025-03-18T11:05:06.564+0000] {processor.py:914} INFO - Processing file /usr/local/python/3.12.1/lib/python3.12/site-packages/airflow/example_dags/example_sensors.py for tasks to queue
[2025-03-18T11:05:06.566+0000] {logging_mixin.py:190} INFO - [2025-03-18T11:05:06.566+0000] {dagbag.py:588} INFO - Filling up the DagBag from /usr/local/python/3.12.1/lib/python3.12/site-packages/airflow/example_dags/example_sensors.py
[2025-03-18T11:05:06.574+0000] {processor.py:925} INFO - DAG(s) 'example_sensors' retrieved from /usr/local/python/3.12.1/lib/python3.12/site-packages/airflow/example_dags/example_sensors.py
[2025-03-18T11:05:06.592+0000] {logging_mixin.py:190} INFO - [2025-03-18T11:05:06.592+0000] {dag.py:3239} INFO - Sync 1 DAGs
[2025-03-18T11:05:06.603+0000] {logging_mixin.py:190} INFO - [2025-03-18T11:05:06.603+0000] {dag.py:4180} INFO - Setting next_dagrun for example_sensors to None, run_after=None
[2025-03-18T11:05:06.619+0000] {processor.py:208} INFO - Processing /usr/local/python/3.12.1/lib/python3.12/site-packages/airflow/example_dags/example_sensors.py took 0.059 seconds
[2025-03-18T11:05:57.369+0000] {processor.py:186} INFO - Started process (PID=59902) to work on /usr/local/python/3.12.1/lib/python3.12/site-packages/airflow/example_dags/example_sensors.py
[2025-03-18T11:05:57.370+0000] {processor.py:914} INFO - Processing file /usr/local/python/3.12.1/lib/python3.12/site-packages/airflow/example_dags/example_sensors.py for tasks to queue
[2025-03-18T11:05:57.371+0000] {logging_mixin.py:190} INFO - [2025-03-18T11:05:57.371+0000] {dagbag.py:588} INFO - Filling up the DagBag from /usr/local/python/3.12.1/lib/python3.12/site-packages/airflow/example_dags/example_sensors.py
[2025-03-18T11:05:57.380+0000] {processor.py:925} INFO - DAG(s) 'example_sensors' retrieved from /usr/local/python/3.12.1/lib/python3.12/site-packages/airflow/example_dags/example_sensors.py
[2025-03-18T11:05:57.394+0000] {logging_mixin.py:190} INFO - [2025-03-18T11:05:57.394+0000] {dag.py:3239} INFO - Sync 1 DAGs
[2025-03-18T11:05:57.404+0000] {logging_mixin.py:190} INFO - [2025-03-18T11:05:57.403+0000] {dag.py:4180} INFO - Setting next_dagrun for example_sensors to None, run_after=None
[2025-03-18T11:05:57.418+0000] {processor.py:208} INFO - Processing /usr/local/python/3.12.1/lib/python3.12/site-packages/airflow/example_dags/example_sensors.py took 0.053 seconds
[2025-03-18T11:06:47.040+0000] {processor.py:186} INFO - Started process (PID=60295) to work on /usr/local/python/3.12.1/lib/python3.12/site-packages/airflow/example_dags/example_sensors.py
[2025-03-18T11:06:47.041+0000] {processor.py:914} INFO - Processing file /usr/local/python/3.12.1/lib/python3.12/site-packages/airflow/example_dags/example_sensors.py for tasks to queue
[2025-03-18T11:06:47.042+0000] {logging_mixin.py:190} INFO - [2025-03-18T11:06:47.042+0000] {dagbag.py:588} INFO - Filling up the DagBag from /usr/local/python/3.12.1/lib/python3.12/site-packages/airflow/example_dags/example_sensors.py
[2025-03-18T11:06:47.050+0000] {processor.py:925} INFO - DAG(s) 'example_sensors' retrieved from /usr/local/python/3.12.1/lib/python3.12/site-packages/airflow/example_dags/example_sensors.py
[2025-03-18T11:06:47.065+0000] {logging_mixin.py:190} INFO - [2025-03-18T11:06:47.065+0000] {dag.py:3239} INFO - Sync 1 DAGs
[2025-03-18T11:06:47.074+0000] {logging_mixin.py:190} INFO - [2025-03-18T11:06:47.074+0000] {dag.py:4180} INFO - Setting next_dagrun for example_sensors to None, run_after=None
[2025-03-18T11:06:47.088+0000] {processor.py:208} INFO - Processing /usr/local/python/3.12.1/lib/python3.12/site-packages/airflow/example_dags/example_sensors.py took 0.054 seconds
[2025-03-18T11:07:37.854+0000] {processor.py:186} INFO - Started process (PID=60699) to work on /usr/local/python/3.12.1/lib/python3.12/site-packages/airflow/example_dags/example_sensors.py
[2025-03-18T11:07:37.855+0000] {processor.py:914} INFO - Processing file /usr/local/python/3.12.1/lib/python3.12/site-packages/airflow/example_dags/example_sensors.py for tasks to queue
[2025-03-18T11:07:37.857+0000] {logging_mixin.py:190} INFO - [2025-03-18T11:07:37.857+0000] {dagbag.py:588} INFO - Filling up the DagBag from /usr/local/python/3.12.1/lib/python3.12/site-packages/airflow/example_dags/example_sensors.py
[2025-03-18T11:07:37.867+0000] {processor.py:925} INFO - DAG(s) 'example_sensors' retrieved from /usr/local/python/3.12.1/lib/python3.12/site-packages/airflow/example_dags/example_sensors.py
[2025-03-18T11:07:37.883+0000] {logging_mixin.py:190} INFO - [2025-03-18T11:07:37.882+0000] {dag.py:3239} INFO - Sync 1 DAGs
[2025-03-18T11:07:37.892+0000] {logging_mixin.py:190} INFO - [2025-03-18T11:07:37.892+0000] {dag.py:4180} INFO - Setting next_dagrun for example_sensors to None, run_after=None
[2025-03-18T11:07:37.906+0000] {processor.py:208} INFO - Processing /usr/local/python/3.12.1/lib/python3.12/site-packages/airflow/example_dags/example_sensors.py took 0.058 seconds
[2025-03-18T11:08:27.506+0000] {processor.py:186} INFO - Started process (PID=61106) to work on /usr/local/python/3.12.1/lib/python3.12/site-packages/airflow/example_dags/example_sensors.py
[2025-03-18T11:08:27.506+0000] {processor.py:914} INFO - Processing file /usr/local/python/3.12.1/lib/python3.12/site-packages/airflow/example_dags/example_sensors.py for tasks to queue
[2025-03-18T11:08:27.508+0000] {logging_mixin.py:190} INFO - [2025-03-18T11:08:27.508+0000] {dagbag.py:588} INFO - Filling up the DagBag from /usr/local/python/3.12.1/lib/python3.12/site-packages/airflow/example_dags/example_sensors.py
[2025-03-18T11:08:27.518+0000] {processor.py:925} INFO - DAG(s) 'example_sensors' retrieved from /usr/local/python/3.12.1/lib/python3.12/site-packages/airflow/example_dags/example_sensors.py
[2025-03-18T11:08:27.538+0000] {logging_mixin.py:190} INFO - [2025-03-18T11:08:27.538+0000] {dag.py:3239} INFO - Sync 1 DAGs
[2025-03-18T11:08:27.548+0000] {logging_mixin.py:190} INFO - [2025-03-18T11:08:27.548+0000] {dag.py:4180} INFO - Setting next_dagrun for example_sensors to None, run_after=None
[2025-03-18T11:08:27.565+0000] {processor.py:208} INFO - Processing /usr/local/python/3.12.1/lib/python3.12/site-packages/airflow/example_dags/example_sensors.py took 0.065 seconds
[2025-03-18T11:09:19.831+0000] {processor.py:186} INFO - Started process (PID=61560) to work on /usr/local/python/3.12.1/lib/python3.12/site-packages/airflow/example_dags/example_sensors.py
[2025-03-18T11:09:19.831+0000] {processor.py:914} INFO - Processing file /usr/local/python/3.12.1/lib/python3.12/site-packages/airflow/example_dags/example_sensors.py for tasks to queue
[2025-03-18T11:09:19.833+0000] {logging_mixin.py:190} INFO - [2025-03-18T11:09:19.832+0000] {dagbag.py:588} INFO - Filling up the DagBag from /usr/local/python/3.12.1/lib/python3.12/site-packages/airflow/example_dags/example_sensors.py
[2025-03-18T11:09:19.841+0000] {processor.py:925} INFO - DAG(s) 'example_sensors' retrieved from /usr/local/python/3.12.1/lib/python3.12/site-packages/airflow/example_dags/example_sensors.py
[2025-03-18T11:09:19.856+0000] {logging_mixin.py:190} INFO - [2025-03-18T11:09:19.856+0000] {dag.py:3239} INFO - Sync 1 DAGs
[2025-03-18T11:09:19.865+0000] {logging_mixin.py:190} INFO - [2025-03-18T11:09:19.865+0000] {dag.py:4180} INFO - Setting next_dagrun for example_sensors to None, run_after=None
[2025-03-18T11:09:19.879+0000] {processor.py:208} INFO - Processing /usr/local/python/3.12.1/lib/python3.12/site-packages/airflow/example_dags/example_sensors.py took 0.052 seconds
[2025-03-18T11:10:13.381+0000] {processor.py:186} INFO - Started process (PID=62018) to work on /usr/local/python/3.12.1/lib/python3.12/site-packages/airflow/example_dags/example_sensors.py
[2025-03-18T11:10:13.381+0000] {processor.py:914} INFO - Processing file /usr/local/python/3.12.1/lib/python3.12/site-packages/airflow/example_dags/example_sensors.py for tasks to queue
[2025-03-18T11:10:13.383+0000] {logging_mixin.py:190} INFO - [2025-03-18T11:10:13.382+0000] {dagbag.py:588} INFO - Filling up the DagBag from /usr/local/python/3.12.1/lib/python3.12/site-packages/airflow/example_dags/example_sensors.py
[2025-03-18T11:10:13.391+0000] {processor.py:925} INFO - DAG(s) 'example_sensors' retrieved from /usr/local/python/3.12.1/lib/python3.12/site-packages/airflow/example_dags/example_sensors.py
[2025-03-18T11:10:13.408+0000] {logging_mixin.py:190} INFO - [2025-03-18T11:10:13.408+0000] {dag.py:3239} INFO - Sync 1 DAGs
[2025-03-18T11:10:13.420+0000] {logging_mixin.py:190} INFO - [2025-03-18T11:10:13.420+0000] {dag.py:4180} INFO - Setting next_dagrun for example_sensors to None, run_after=None
[2025-03-18T11:10:13.435+0000] {processor.py:208} INFO - Processing /usr/local/python/3.12.1/lib/python3.12/site-packages/airflow/example_dags/example_sensors.py took 0.058 seconds
[2025-03-18T11:11:03.659+0000] {processor.py:186} INFO - Started process (PID=62460) to work on /usr/local/python/3.12.1/lib/python3.12/site-packages/airflow/example_dags/example_sensors.py
[2025-03-18T11:11:03.659+0000] {processor.py:914} INFO - Processing file /usr/local/python/3.12.1/lib/python3.12/site-packages/airflow/example_dags/example_sensors.py for tasks to queue
[2025-03-18T11:11:03.661+0000] {logging_mixin.py:190} INFO - [2025-03-18T11:11:03.661+0000] {dagbag.py:588} INFO - Filling up the DagBag from /usr/local/python/3.12.1/lib/python3.12/site-packages/airflow/example_dags/example_sensors.py
[2025-03-18T11:11:03.673+0000] {processor.py:925} INFO - DAG(s) 'example_sensors' retrieved from /usr/local/python/3.12.1/lib/python3.12/site-packages/airflow/example_dags/example_sensors.py
[2025-03-18T11:11:03.694+0000] {logging_mixin.py:190} INFO - [2025-03-18T11:11:03.694+0000] {dag.py:3239} INFO - Sync 1 DAGs
[2025-03-18T11:11:03.703+0000] {logging_mixin.py:190} INFO - [2025-03-18T11:11:03.703+0000] {dag.py:4180} INFO - Setting next_dagrun for example_sensors to None, run_after=None
[2025-03-18T11:11:03.720+0000] {processor.py:208} INFO - Processing /usr/local/python/3.12.1/lib/python3.12/site-packages/airflow/example_dags/example_sensors.py took 0.065 seconds
[2025-03-18T11:11:49.732+0000] {processor.py:186} INFO - Started process (PID=62950) to work on /usr/local/python/3.12.1/lib/python3.12/site-packages/airflow/example_dags/example_sensors.py
[2025-03-18T11:11:49.732+0000] {processor.py:914} INFO - Processing file /usr/local/python/3.12.1/lib/python3.12/site-packages/airflow/example_dags/example_sensors.py for tasks to queue
[2025-03-18T11:11:49.734+0000] {logging_mixin.py:190} INFO - [2025-03-18T11:11:49.734+0000] {dagbag.py:588} INFO - Filling up the DagBag from /usr/local/python/3.12.1/lib/python3.12/site-packages/airflow/example_dags/example_sensors.py
[2025-03-18T11:11:49.742+0000] {processor.py:925} INFO - DAG(s) 'example_sensors' retrieved from /usr/local/python/3.12.1/lib/python3.12/site-packages/airflow/example_dags/example_sensors.py
[2025-03-18T11:11:49.757+0000] {logging_mixin.py:190} INFO - [2025-03-18T11:11:49.757+0000] {dag.py:3239} INFO - Sync 1 DAGs
[2025-03-18T11:11:49.766+0000] {logging_mixin.py:190} INFO - [2025-03-18T11:11:49.766+0000] {dag.py:4180} INFO - Setting next_dagrun for example_sensors to None, run_after=None
[2025-03-18T11:11:49.781+0000] {processor.py:208} INFO - Processing /usr/local/python/3.12.1/lib/python3.12/site-packages/airflow/example_dags/example_sensors.py took 0.053 seconds
[2025-03-18T11:50:35.766+0000] {processor.py:186} INFO - Started process (PID=82996) to work on /usr/local/python/3.12.1/lib/python3.12/site-packages/airflow/example_dags/example_sensors.py
[2025-03-18T11:50:35.767+0000] {processor.py:914} INFO - Processing file /usr/local/python/3.12.1/lib/python3.12/site-packages/airflow/example_dags/example_sensors.py for tasks to queue
[2025-03-18T11:50:35.768+0000] {logging_mixin.py:190} INFO - [2025-03-18T11:50:35.768+0000] {dagbag.py:588} INFO - Filling up the DagBag from /usr/local/python/3.12.1/lib/python3.12/site-packages/airflow/example_dags/example_sensors.py
[2025-03-18T11:50:35.776+0000] {processor.py:925} INFO - DAG(s) 'example_sensors' retrieved from /usr/local/python/3.12.1/lib/python3.12/site-packages/airflow/example_dags/example_sensors.py
[2025-03-18T11:50:35.793+0000] {logging_mixin.py:190} INFO - [2025-03-18T11:50:35.792+0000] {dag.py:3239} INFO - Sync 1 DAGs
[2025-03-18T11:50:35.803+0000] {logging_mixin.py:190} INFO - [2025-03-18T11:50:35.802+0000] {dag.py:4180} INFO - Setting next_dagrun for example_sensors to None, run_after=None
[2025-03-18T11:50:35.817+0000] {processor.py:208} INFO - Processing /usr/local/python/3.12.1/lib/python3.12/site-packages/airflow/example_dags/example_sensors.py took 0.054 seconds
