[2025-03-18T10:51:53.901+0000] {processor.py:186} INFO - Started process (PID=49459) to work on /usr/local/python/3.12.1/lib/python3.12/site-packages/airflow/example_dags/example_latest_only_with_trigger.py
[2025-03-18T10:51:53.901+0000] {processor.py:914} INFO - Processing file /usr/local/python/3.12.1/lib/python3.12/site-packages/airflow/example_dags/example_latest_only_with_trigger.py for tasks to queue
[2025-03-18T10:51:53.903+0000] {logging_mixin.py:190} INFO - [2025-03-18T10:51:53.902+0000] {dagbag.py:588} INFO - Filling up the DagBag from /usr/local/python/3.12.1/lib/python3.12/site-packages/airflow/example_dags/example_latest_only_with_trigger.py
[2025-03-18T10:51:53.908+0000] {processor.py:925} INFO - DAG(s) 'latest_only_with_trigger' retrieved from /usr/local/python/3.12.1/lib/python3.12/site-packages/airflow/example_dags/example_latest_only_with_trigger.py
[2025-03-18T10:51:53.991+0000] {logging_mixin.py:190} INFO - [2025-03-18T10:51:53.990+0000] {override.py:1930} INFO - Created Permission View: can read on DAG:latest_only_with_trigger
[2025-03-18T10:51:53.999+0000] {logging_mixin.py:190} INFO - [2025-03-18T10:51:53.999+0000] {override.py:1930} INFO - Created Permission View: can edit on DAG:latest_only_with_trigger
[2025-03-18T10:51:54.005+0000] {logging_mixin.py:190} INFO - [2025-03-18T10:51:54.005+0000] {override.py:1930} INFO - Created Permission View: can delete on DAG:latest_only_with_trigger
[2025-03-18T10:51:54.014+0000] {logging_mixin.py:190} INFO - [2025-03-18T10:51:54.013+0000] {override.py:1930} INFO - Created Permission View: can read on DAG Run:latest_only_with_trigger
[2025-03-18T10:51:54.019+0000] {logging_mixin.py:190} INFO - [2025-03-18T10:51:54.019+0000] {override.py:1930} INFO - Created Permission View: can create on DAG Run:latest_only_with_trigger
[2025-03-18T10:51:54.025+0000] {logging_mixin.py:190} INFO - [2025-03-18T10:51:54.025+0000] {override.py:1930} INFO - Created Permission View: menu access on DAG Run:latest_only_with_trigger
[2025-03-18T10:51:54.031+0000] {logging_mixin.py:190} INFO - [2025-03-18T10:51:54.030+0000] {override.py:1930} INFO - Created Permission View: can delete on DAG Run:latest_only_with_trigger
[2025-03-18T10:51:54.031+0000] {logging_mixin.py:190} INFO - [2025-03-18T10:51:54.031+0000] {dag.py:3239} INFO - Sync 1 DAGs
[2025-03-18T10:51:54.039+0000] {logging_mixin.py:190} INFO - [2025-03-18T10:51:54.039+0000] {dag.py:3262} INFO - Creating ORM DAG for latest_only_with_trigger
[2025-03-18T10:51:54.046+0000] {logging_mixin.py:190} INFO - [2025-03-18T10:51:54.046+0000] {dag.py:4180} INFO - Setting next_dagrun for latest_only_with_trigger to 2025-03-18 04:00:00+00:00, run_after=2025-03-18 08:00:00+00:00
[2025-03-18T10:51:54.060+0000] {processor.py:208} INFO - Processing /usr/local/python/3.12.1/lib/python3.12/site-packages/airflow/example_dags/example_latest_only_with_trigger.py took 0.163 seconds
[2025-03-18T10:53:33.213+0000] {processor.py:186} INFO - Started process (PID=50676) to work on /usr/local/python/3.12.1/lib/python3.12/site-packages/airflow/example_dags/example_latest_only_with_trigger.py
[2025-03-18T10:53:33.213+0000] {processor.py:914} INFO - Processing file /usr/local/python/3.12.1/lib/python3.12/site-packages/airflow/example_dags/example_latest_only_with_trigger.py for tasks to queue
[2025-03-18T10:53:33.215+0000] {logging_mixin.py:190} INFO - [2025-03-18T10:53:33.215+0000] {dagbag.py:588} INFO - Filling up the DagBag from /usr/local/python/3.12.1/lib/python3.12/site-packages/airflow/example_dags/example_latest_only_with_trigger.py
[2025-03-18T10:53:33.221+0000] {processor.py:925} INFO - DAG(s) 'latest_only_with_trigger' retrieved from /usr/local/python/3.12.1/lib/python3.12/site-packages/airflow/example_dags/example_latest_only_with_trigger.py
[2025-03-18T10:53:33.235+0000] {logging_mixin.py:190} INFO - [2025-03-18T10:53:33.234+0000] {dag.py:3239} INFO - Sync 1 DAGs
[2025-03-18T10:53:33.257+0000] {logging_mixin.py:190} INFO - [2025-03-18T10:53:33.257+0000] {dag.py:4180} INFO - Setting next_dagrun for latest_only_with_trigger to 2025-03-18 04:00:00+00:00, run_after=2025-03-18 08:00:00+00:00
[2025-03-18T10:53:33.272+0000] {processor.py:208} INFO - Processing /usr/local/python/3.12.1/lib/python3.12/site-packages/airflow/example_dags/example_latest_only_with_trigger.py took 0.063 seconds
[2025-03-18T10:54:29.946+0000] {processor.py:186} INFO - Started process (PID=51244) to work on /usr/local/python/3.12.1/lib/python3.12/site-packages/airflow/example_dags/example_latest_only_with_trigger.py
[2025-03-18T10:54:29.947+0000] {processor.py:914} INFO - Processing file /usr/local/python/3.12.1/lib/python3.12/site-packages/airflow/example_dags/example_latest_only_with_trigger.py for tasks to queue
[2025-03-18T10:54:29.948+0000] {logging_mixin.py:190} INFO - [2025-03-18T10:54:29.948+0000] {dagbag.py:588} INFO - Filling up the DagBag from /usr/local/python/3.12.1/lib/python3.12/site-packages/airflow/example_dags/example_latest_only_with_trigger.py
[2025-03-18T10:54:29.954+0000] {processor.py:925} INFO - DAG(s) 'latest_only_with_trigger' retrieved from /usr/local/python/3.12.1/lib/python3.12/site-packages/airflow/example_dags/example_latest_only_with_trigger.py
[2025-03-18T10:54:29.964+0000] {logging_mixin.py:190} INFO - [2025-03-18T10:54:29.964+0000] {dag.py:3239} INFO - Sync 1 DAGs
[2025-03-18T10:54:29.979+0000] {logging_mixin.py:190} INFO - [2025-03-18T10:54:29.979+0000] {dag.py:4180} INFO - Setting next_dagrun for latest_only_with_trigger to 2025-03-18 04:00:00+00:00, run_after=2025-03-18 08:00:00+00:00
[2025-03-18T10:54:29.993+0000] {processor.py:208} INFO - Processing /usr/local/python/3.12.1/lib/python3.12/site-packages/airflow/example_dags/example_latest_only_with_trigger.py took 0.051 seconds
[2025-03-18T10:55:23.903+0000] {processor.py:186} INFO - Started process (PID=51714) to work on /usr/local/python/3.12.1/lib/python3.12/site-packages/airflow/example_dags/example_latest_only_with_trigger.py
[2025-03-18T10:55:23.906+0000] {processor.py:914} INFO - Processing file /usr/local/python/3.12.1/lib/python3.12/site-packages/airflow/example_dags/example_latest_only_with_trigger.py for tasks to queue
[2025-03-18T10:55:23.908+0000] {logging_mixin.py:190} INFO - [2025-03-18T10:55:23.908+0000] {dagbag.py:588} INFO - Filling up the DagBag from /usr/local/python/3.12.1/lib/python3.12/site-packages/airflow/example_dags/example_latest_only_with_trigger.py
[2025-03-18T10:55:23.926+0000] {processor.py:925} INFO - DAG(s) 'latest_only_with_trigger' retrieved from /usr/local/python/3.12.1/lib/python3.12/site-packages/airflow/example_dags/example_latest_only_with_trigger.py
[2025-03-18T10:55:23.957+0000] {logging_mixin.py:190} INFO - [2025-03-18T10:55:23.957+0000] {dag.py:3239} INFO - Sync 1 DAGs
[2025-03-18T10:55:23.979+0000] {logging_mixin.py:190} INFO - [2025-03-18T10:55:23.978+0000] {dag.py:4180} INFO - Setting next_dagrun for latest_only_with_trigger to 2025-03-18 04:00:00+00:00, run_after=2025-03-18 08:00:00+00:00
[2025-03-18T10:55:23.994+0000] {processor.py:208} INFO - Processing /usr/local/python/3.12.1/lib/python3.12/site-packages/airflow/example_dags/example_latest_only_with_trigger.py took 0.099 seconds
[2025-03-18T10:56:16.680+0000] {processor.py:186} INFO - Started process (PID=52476) to work on /usr/local/python/3.12.1/lib/python3.12/site-packages/airflow/example_dags/example_latest_only_with_trigger.py
[2025-03-18T10:56:16.680+0000] {processor.py:914} INFO - Processing file /usr/local/python/3.12.1/lib/python3.12/site-packages/airflow/example_dags/example_latest_only_with_trigger.py for tasks to queue
[2025-03-18T10:56:16.682+0000] {logging_mixin.py:190} INFO - [2025-03-18T10:56:16.682+0000] {dagbag.py:588} INFO - Filling up the DagBag from /usr/local/python/3.12.1/lib/python3.12/site-packages/airflow/example_dags/example_latest_only_with_trigger.py
[2025-03-18T10:56:16.688+0000] {processor.py:925} INFO - DAG(s) 'latest_only_with_trigger' retrieved from /usr/local/python/3.12.1/lib/python3.12/site-packages/airflow/example_dags/example_latest_only_with_trigger.py
[2025-03-18T10:56:16.701+0000] {logging_mixin.py:190} INFO - [2025-03-18T10:56:16.701+0000] {dag.py:3239} INFO - Sync 1 DAGs
[2025-03-18T10:56:16.717+0000] {logging_mixin.py:190} INFO - [2025-03-18T10:56:16.717+0000] {dag.py:4180} INFO - Setting next_dagrun for latest_only_with_trigger to 2025-03-18 04:00:00+00:00, run_after=2025-03-18 08:00:00+00:00
[2025-03-18T10:56:16.733+0000] {processor.py:208} INFO - Processing /usr/local/python/3.12.1/lib/python3.12/site-packages/airflow/example_dags/example_latest_only_with_trigger.py took 0.057 seconds
[2025-03-18T10:57:04.066+0000] {processor.py:186} INFO - Started process (PID=52915) to work on /usr/local/python/3.12.1/lib/python3.12/site-packages/airflow/example_dags/example_latest_only_with_trigger.py
[2025-03-18T10:57:04.067+0000] {processor.py:914} INFO - Processing file /usr/local/python/3.12.1/lib/python3.12/site-packages/airflow/example_dags/example_latest_only_with_trigger.py for tasks to queue
[2025-03-18T10:57:04.068+0000] {logging_mixin.py:190} INFO - [2025-03-18T10:57:04.068+0000] {dagbag.py:588} INFO - Filling up the DagBag from /usr/local/python/3.12.1/lib/python3.12/site-packages/airflow/example_dags/example_latest_only_with_trigger.py
[2025-03-18T10:57:04.074+0000] {processor.py:925} INFO - DAG(s) 'latest_only_with_trigger' retrieved from /usr/local/python/3.12.1/lib/python3.12/site-packages/airflow/example_dags/example_latest_only_with_trigger.py
[2025-03-18T10:57:04.085+0000] {logging_mixin.py:190} INFO - [2025-03-18T10:57:04.085+0000] {dag.py:3239} INFO - Sync 1 DAGs
[2025-03-18T10:57:04.100+0000] {logging_mixin.py:190} INFO - [2025-03-18T10:57:04.100+0000] {dag.py:4180} INFO - Setting next_dagrun for latest_only_with_trigger to 2025-03-18 04:00:00+00:00, run_after=2025-03-18 08:00:00+00:00
[2025-03-18T10:57:04.114+0000] {processor.py:208} INFO - Processing /usr/local/python/3.12.1/lib/python3.12/site-packages/airflow/example_dags/example_latest_only_with_trigger.py took 0.051 seconds
[2025-03-18T10:57:54.736+0000] {processor.py:186} INFO - Started process (PID=53557) to work on /usr/local/python/3.12.1/lib/python3.12/site-packages/airflow/example_dags/example_latest_only_with_trigger.py
[2025-03-18T10:57:54.737+0000] {processor.py:914} INFO - Processing file /usr/local/python/3.12.1/lib/python3.12/site-packages/airflow/example_dags/example_latest_only_with_trigger.py for tasks to queue
[2025-03-18T10:57:54.738+0000] {logging_mixin.py:190} INFO - [2025-03-18T10:57:54.738+0000] {dagbag.py:588} INFO - Filling up the DagBag from /usr/local/python/3.12.1/lib/python3.12/site-packages/airflow/example_dags/example_latest_only_with_trigger.py
[2025-03-18T10:57:54.744+0000] {processor.py:925} INFO - DAG(s) 'latest_only_with_trigger' retrieved from /usr/local/python/3.12.1/lib/python3.12/site-packages/airflow/example_dags/example_latest_only_with_trigger.py
[2025-03-18T10:57:54.755+0000] {logging_mixin.py:190} INFO - [2025-03-18T10:57:54.755+0000] {dag.py:3239} INFO - Sync 1 DAGs
[2025-03-18T10:57:54.770+0000] {logging_mixin.py:190} INFO - [2025-03-18T10:57:54.770+0000] {dag.py:4180} INFO - Setting next_dagrun for latest_only_with_trigger to 2025-03-18 04:00:00+00:00, run_after=2025-03-18 08:00:00+00:00
[2025-03-18T10:57:54.784+0000] {processor.py:208} INFO - Processing /usr/local/python/3.12.1/lib/python3.12/site-packages/airflow/example_dags/example_latest_only_with_trigger.py took 0.051 seconds
[2025-03-18T10:58:44.201+0000] {processor.py:186} INFO - Started process (PID=54028) to work on /usr/local/python/3.12.1/lib/python3.12/site-packages/airflow/example_dags/example_latest_only_with_trigger.py
[2025-03-18T10:58:44.202+0000] {processor.py:914} INFO - Processing file /usr/local/python/3.12.1/lib/python3.12/site-packages/airflow/example_dags/example_latest_only_with_trigger.py for tasks to queue
[2025-03-18T10:58:44.203+0000] {logging_mixin.py:190} INFO - [2025-03-18T10:58:44.203+0000] {dagbag.py:588} INFO - Filling up the DagBag from /usr/local/python/3.12.1/lib/python3.12/site-packages/airflow/example_dags/example_latest_only_with_trigger.py
[2025-03-18T10:58:44.209+0000] {processor.py:925} INFO - DAG(s) 'latest_only_with_trigger' retrieved from /usr/local/python/3.12.1/lib/python3.12/site-packages/airflow/example_dags/example_latest_only_with_trigger.py
[2025-03-18T10:58:44.220+0000] {logging_mixin.py:190} INFO - [2025-03-18T10:58:44.220+0000] {dag.py:3239} INFO - Sync 1 DAGs
[2025-03-18T10:58:44.235+0000] {logging_mixin.py:190} INFO - [2025-03-18T10:58:44.235+0000] {dag.py:4180} INFO - Setting next_dagrun for latest_only_with_trigger to 2025-03-18 04:00:00+00:00, run_after=2025-03-18 08:00:00+00:00
[2025-03-18T10:58:44.249+0000] {processor.py:208} INFO - Processing /usr/local/python/3.12.1/lib/python3.12/site-packages/airflow/example_dags/example_latest_only_with_trigger.py took 0.052 seconds
[2025-03-18T10:59:33.023+0000] {processor.py:186} INFO - Started process (PID=54715) to work on /usr/local/python/3.12.1/lib/python3.12/site-packages/airflow/example_dags/example_latest_only_with_trigger.py
[2025-03-18T10:59:33.024+0000] {processor.py:914} INFO - Processing file /usr/local/python/3.12.1/lib/python3.12/site-packages/airflow/example_dags/example_latest_only_with_trigger.py for tasks to queue
[2025-03-18T10:59:33.026+0000] {logging_mixin.py:190} INFO - [2025-03-18T10:59:33.025+0000] {dagbag.py:588} INFO - Filling up the DagBag from /usr/local/python/3.12.1/lib/python3.12/site-packages/airflow/example_dags/example_latest_only_with_trigger.py
[2025-03-18T10:59:33.031+0000] {processor.py:925} INFO - DAG(s) 'latest_only_with_trigger' retrieved from /usr/local/python/3.12.1/lib/python3.12/site-packages/airflow/example_dags/example_latest_only_with_trigger.py
[2025-03-18T10:59:33.042+0000] {logging_mixin.py:190} INFO - [2025-03-18T10:59:33.042+0000] {dag.py:3239} INFO - Sync 1 DAGs
[2025-03-18T10:59:33.057+0000] {logging_mixin.py:190} INFO - [2025-03-18T10:59:33.057+0000] {dag.py:4180} INFO - Setting next_dagrun for latest_only_with_trigger to 2025-03-18 04:00:00+00:00, run_after=2025-03-18 08:00:00+00:00
[2025-03-18T10:59:33.070+0000] {processor.py:208} INFO - Processing /usr/local/python/3.12.1/lib/python3.12/site-packages/airflow/example_dags/example_latest_only_with_trigger.py took 0.051 seconds
[2025-03-18T11:00:20.028+0000] {processor.py:186} INFO - Started process (PID=55211) to work on /usr/local/python/3.12.1/lib/python3.12/site-packages/airflow/example_dags/example_latest_only_with_trigger.py
[2025-03-18T11:00:20.028+0000] {processor.py:914} INFO - Processing file /usr/local/python/3.12.1/lib/python3.12/site-packages/airflow/example_dags/example_latest_only_with_trigger.py for tasks to queue
[2025-03-18T11:00:20.030+0000] {logging_mixin.py:190} INFO - [2025-03-18T11:00:20.030+0000] {dagbag.py:588} INFO - Filling up the DagBag from /usr/local/python/3.12.1/lib/python3.12/site-packages/airflow/example_dags/example_latest_only_with_trigger.py
[2025-03-18T11:00:20.036+0000] {processor.py:925} INFO - DAG(s) 'latest_only_with_trigger' retrieved from /usr/local/python/3.12.1/lib/python3.12/site-packages/airflow/example_dags/example_latest_only_with_trigger.py
[2025-03-18T11:00:20.046+0000] {logging_mixin.py:190} INFO - [2025-03-18T11:00:20.046+0000] {dag.py:3239} INFO - Sync 1 DAGs
[2025-03-18T11:00:20.061+0000] {logging_mixin.py:190} INFO - [2025-03-18T11:00:20.061+0000] {dag.py:4180} INFO - Setting next_dagrun for latest_only_with_trigger to 2025-03-18 04:00:00+00:00, run_after=2025-03-18 08:00:00+00:00
[2025-03-18T11:00:20.075+0000] {processor.py:208} INFO - Processing /usr/local/python/3.12.1/lib/python3.12/site-packages/airflow/example_dags/example_latest_only_with_trigger.py took 0.052 seconds
[2025-03-18T11:01:11.869+0000] {processor.py:186} INFO - Started process (PID=57587) to work on /usr/local/python/3.12.1/lib/python3.12/site-packages/airflow/example_dags/example_latest_only_with_trigger.py
[2025-03-18T11:01:11.870+0000] {processor.py:914} INFO - Processing file /usr/local/python/3.12.1/lib/python3.12/site-packages/airflow/example_dags/example_latest_only_with_trigger.py for tasks to queue
[2025-03-18T11:01:11.871+0000] {logging_mixin.py:190} INFO - [2025-03-18T11:01:11.871+0000] {dagbag.py:588} INFO - Filling up the DagBag from /usr/local/python/3.12.1/lib/python3.12/site-packages/airflow/example_dags/example_latest_only_with_trigger.py
[2025-03-18T11:01:11.877+0000] {processor.py:925} INFO - DAG(s) 'latest_only_with_trigger' retrieved from /usr/local/python/3.12.1/lib/python3.12/site-packages/airflow/example_dags/example_latest_only_with_trigger.py
[2025-03-18T11:01:11.887+0000] {logging_mixin.py:190} INFO - [2025-03-18T11:01:11.887+0000] {dag.py:3239} INFO - Sync 1 DAGs
[2025-03-18T11:01:11.901+0000] {logging_mixin.py:190} INFO - [2025-03-18T11:01:11.901+0000] {dag.py:4180} INFO - Setting next_dagrun for latest_only_with_trigger to 2025-03-18 04:00:00+00:00, run_after=2025-03-18 08:00:00+00:00
[2025-03-18T11:01:11.916+0000] {processor.py:208} INFO - Processing /usr/local/python/3.12.1/lib/python3.12/site-packages/airflow/example_dags/example_latest_only_with_trigger.py took 0.051 seconds
[2025-03-18T11:02:03.390+0000] {processor.py:186} INFO - Started process (PID=58028) to work on /usr/local/python/3.12.1/lib/python3.12/site-packages/airflow/example_dags/example_latest_only_with_trigger.py
[2025-03-18T11:02:03.391+0000] {processor.py:914} INFO - Processing file /usr/local/python/3.12.1/lib/python3.12/site-packages/airflow/example_dags/example_latest_only_with_trigger.py for tasks to queue
[2025-03-18T11:02:03.392+0000] {logging_mixin.py:190} INFO - [2025-03-18T11:02:03.392+0000] {dagbag.py:588} INFO - Filling up the DagBag from /usr/local/python/3.12.1/lib/python3.12/site-packages/airflow/example_dags/example_latest_only_with_trigger.py
[2025-03-18T11:02:03.398+0000] {processor.py:925} INFO - DAG(s) 'latest_only_with_trigger' retrieved from /usr/local/python/3.12.1/lib/python3.12/site-packages/airflow/example_dags/example_latest_only_with_trigger.py
[2025-03-18T11:02:03.410+0000] {logging_mixin.py:190} INFO - [2025-03-18T11:02:03.410+0000] {dag.py:3239} INFO - Sync 1 DAGs
[2025-03-18T11:02:03.428+0000] {logging_mixin.py:190} INFO - [2025-03-18T11:02:03.428+0000] {dag.py:4180} INFO - Setting next_dagrun for latest_only_with_trigger to 2025-03-18 04:00:00+00:00, run_after=2025-03-18 08:00:00+00:00
[2025-03-18T11:02:03.443+0000] {processor.py:208} INFO - Processing /usr/local/python/3.12.1/lib/python3.12/site-packages/airflow/example_dags/example_latest_only_with_trigger.py took 0.057 seconds
[2025-03-18T11:02:52.521+0000] {processor.py:186} INFO - Started process (PID=58402) to work on /usr/local/python/3.12.1/lib/python3.12/site-packages/airflow/example_dags/example_latest_only_with_trigger.py
[2025-03-18T11:02:52.522+0000] {processor.py:914} INFO - Processing file /usr/local/python/3.12.1/lib/python3.12/site-packages/airflow/example_dags/example_latest_only_with_trigger.py for tasks to queue
[2025-03-18T11:02:52.523+0000] {logging_mixin.py:190} INFO - [2025-03-18T11:02:52.523+0000] {dagbag.py:588} INFO - Filling up the DagBag from /usr/local/python/3.12.1/lib/python3.12/site-packages/airflow/example_dags/example_latest_only_with_trigger.py
[2025-03-18T11:02:52.529+0000] {processor.py:925} INFO - DAG(s) 'latest_only_with_trigger' retrieved from /usr/local/python/3.12.1/lib/python3.12/site-packages/airflow/example_dags/example_latest_only_with_trigger.py
[2025-03-18T11:02:52.540+0000] {logging_mixin.py:190} INFO - [2025-03-18T11:02:52.539+0000] {dag.py:3239} INFO - Sync 1 DAGs
[2025-03-18T11:02:52.555+0000] {logging_mixin.py:190} INFO - [2025-03-18T11:02:52.554+0000] {dag.py:4180} INFO - Setting next_dagrun for latest_only_with_trigger to 2025-03-18 04:00:00+00:00, run_after=2025-03-18 08:00:00+00:00
[2025-03-18T11:02:52.569+0000] {processor.py:208} INFO - Processing /usr/local/python/3.12.1/lib/python3.12/site-packages/airflow/example_dags/example_latest_only_with_trigger.py took 0.051 seconds
[2025-03-18T11:03:39.333+0000] {processor.py:186} INFO - Started process (PID=58804) to work on /usr/local/python/3.12.1/lib/python3.12/site-packages/airflow/example_dags/example_latest_only_with_trigger.py
[2025-03-18T11:03:39.334+0000] {processor.py:914} INFO - Processing file /usr/local/python/3.12.1/lib/python3.12/site-packages/airflow/example_dags/example_latest_only_with_trigger.py for tasks to queue
[2025-03-18T11:03:39.335+0000] {logging_mixin.py:190} INFO - [2025-03-18T11:03:39.335+0000] {dagbag.py:588} INFO - Filling up the DagBag from /usr/local/python/3.12.1/lib/python3.12/site-packages/airflow/example_dags/example_latest_only_with_trigger.py
[2025-03-18T11:03:39.341+0000] {processor.py:925} INFO - DAG(s) 'latest_only_with_trigger' retrieved from /usr/local/python/3.12.1/lib/python3.12/site-packages/airflow/example_dags/example_latest_only_with_trigger.py
[2025-03-18T11:03:39.353+0000] {logging_mixin.py:190} INFO - [2025-03-18T11:03:39.352+0000] {dag.py:3239} INFO - Sync 1 DAGs
[2025-03-18T11:03:39.368+0000] {logging_mixin.py:190} INFO - [2025-03-18T11:03:39.368+0000] {dag.py:4180} INFO - Setting next_dagrun for latest_only_with_trigger to 2025-03-18 04:00:00+00:00, run_after=2025-03-18 08:00:00+00:00
[2025-03-18T11:03:39.382+0000] {processor.py:208} INFO - Processing /usr/local/python/3.12.1/lib/python3.12/site-packages/airflow/example_dags/example_latest_only_with_trigger.py took 0.053 seconds
[2025-03-18T11:04:28.871+0000] {processor.py:186} INFO - Started process (PID=59203) to work on /usr/local/python/3.12.1/lib/python3.12/site-packages/airflow/example_dags/example_latest_only_with_trigger.py
[2025-03-18T11:04:28.872+0000] {processor.py:914} INFO - Processing file /usr/local/python/3.12.1/lib/python3.12/site-packages/airflow/example_dags/example_latest_only_with_trigger.py for tasks to queue
[2025-03-18T11:04:28.873+0000] {logging_mixin.py:190} INFO - [2025-03-18T11:04:28.873+0000] {dagbag.py:588} INFO - Filling up the DagBag from /usr/local/python/3.12.1/lib/python3.12/site-packages/airflow/example_dags/example_latest_only_with_trigger.py
[2025-03-18T11:04:28.879+0000] {processor.py:925} INFO - DAG(s) 'latest_only_with_trigger' retrieved from /usr/local/python/3.12.1/lib/python3.12/site-packages/airflow/example_dags/example_latest_only_with_trigger.py
[2025-03-18T11:04:28.890+0000] {logging_mixin.py:190} INFO - [2025-03-18T11:04:28.890+0000] {dag.py:3239} INFO - Sync 1 DAGs
[2025-03-18T11:04:28.904+0000] {logging_mixin.py:190} INFO - [2025-03-18T11:04:28.904+0000] {dag.py:4180} INFO - Setting next_dagrun for latest_only_with_trigger to 2025-03-18 04:00:00+00:00, run_after=2025-03-18 08:00:00+00:00
[2025-03-18T11:04:28.918+0000] {processor.py:208} INFO - Processing /usr/local/python/3.12.1/lib/python3.12/site-packages/airflow/example_dags/example_latest_only_with_trigger.py took 0.051 seconds
[2025-03-18T11:05:17.416+0000] {processor.py:186} INFO - Started process (PID=59586) to work on /usr/local/python/3.12.1/lib/python3.12/site-packages/airflow/example_dags/example_latest_only_with_trigger.py
[2025-03-18T11:05:17.417+0000] {processor.py:914} INFO - Processing file /usr/local/python/3.12.1/lib/python3.12/site-packages/airflow/example_dags/example_latest_only_with_trigger.py for tasks to queue
[2025-03-18T11:05:17.419+0000] {logging_mixin.py:190} INFO - [2025-03-18T11:05:17.419+0000] {dagbag.py:588} INFO - Filling up the DagBag from /usr/local/python/3.12.1/lib/python3.12/site-packages/airflow/example_dags/example_latest_only_with_trigger.py
[2025-03-18T11:05:17.425+0000] {processor.py:925} INFO - DAG(s) 'latest_only_with_trigger' retrieved from /usr/local/python/3.12.1/lib/python3.12/site-packages/airflow/example_dags/example_latest_only_with_trigger.py
[2025-03-18T11:05:17.436+0000] {logging_mixin.py:190} INFO - [2025-03-18T11:05:17.436+0000] {dag.py:3239} INFO - Sync 1 DAGs
[2025-03-18T11:05:17.450+0000] {logging_mixin.py:190} INFO - [2025-03-18T11:05:17.450+0000] {dag.py:4180} INFO - Setting next_dagrun for latest_only_with_trigger to 2025-03-18 04:00:00+00:00, run_after=2025-03-18 08:00:00+00:00
[2025-03-18T11:05:17.465+0000] {processor.py:208} INFO - Processing /usr/local/python/3.12.1/lib/python3.12/site-packages/airflow/example_dags/example_latest_only_with_trigger.py took 0.054 seconds
[2025-03-18T11:06:06.507+0000] {processor.py:186} INFO - Started process (PID=59976) to work on /usr/local/python/3.12.1/lib/python3.12/site-packages/airflow/example_dags/example_latest_only_with_trigger.py
[2025-03-18T11:06:06.508+0000] {processor.py:914} INFO - Processing file /usr/local/python/3.12.1/lib/python3.12/site-packages/airflow/example_dags/example_latest_only_with_trigger.py for tasks to queue
[2025-03-18T11:06:06.509+0000] {logging_mixin.py:190} INFO - [2025-03-18T11:06:06.509+0000] {dagbag.py:588} INFO - Filling up the DagBag from /usr/local/python/3.12.1/lib/python3.12/site-packages/airflow/example_dags/example_latest_only_with_trigger.py
[2025-03-18T11:06:06.515+0000] {processor.py:925} INFO - DAG(s) 'latest_only_with_trigger' retrieved from /usr/local/python/3.12.1/lib/python3.12/site-packages/airflow/example_dags/example_latest_only_with_trigger.py
[2025-03-18T11:06:06.526+0000] {logging_mixin.py:190} INFO - [2025-03-18T11:06:06.526+0000] {dag.py:3239} INFO - Sync 1 DAGs
[2025-03-18T11:06:06.542+0000] {logging_mixin.py:190} INFO - [2025-03-18T11:06:06.542+0000] {dag.py:4180} INFO - Setting next_dagrun for latest_only_with_trigger to 2025-03-18 04:00:00+00:00, run_after=2025-03-18 08:00:00+00:00
[2025-03-18T11:06:06.556+0000] {processor.py:208} INFO - Processing /usr/local/python/3.12.1/lib/python3.12/site-packages/airflow/example_dags/example_latest_only_with_trigger.py took 0.053 seconds
[2025-03-18T11:06:57.315+0000] {processor.py:186} INFO - Started process (PID=60376) to work on /usr/local/python/3.12.1/lib/python3.12/site-packages/airflow/example_dags/example_latest_only_with_trigger.py
[2025-03-18T11:06:57.316+0000] {processor.py:914} INFO - Processing file /usr/local/python/3.12.1/lib/python3.12/site-packages/airflow/example_dags/example_latest_only_with_trigger.py for tasks to queue
[2025-03-18T11:06:57.317+0000] {logging_mixin.py:190} INFO - [2025-03-18T11:06:57.317+0000] {dagbag.py:588} INFO - Filling up the DagBag from /usr/local/python/3.12.1/lib/python3.12/site-packages/airflow/example_dags/example_latest_only_with_trigger.py
[2025-03-18T11:06:57.323+0000] {processor.py:925} INFO - DAG(s) 'latest_only_with_trigger' retrieved from /usr/local/python/3.12.1/lib/python3.12/site-packages/airflow/example_dags/example_latest_only_with_trigger.py
[2025-03-18T11:06:57.334+0000] {logging_mixin.py:190} INFO - [2025-03-18T11:06:57.334+0000] {dag.py:3239} INFO - Sync 1 DAGs
[2025-03-18T11:06:57.349+0000] {logging_mixin.py:190} INFO - [2025-03-18T11:06:57.349+0000] {dag.py:4180} INFO - Setting next_dagrun for latest_only_with_trigger to 2025-03-18 04:00:00+00:00, run_after=2025-03-18 08:00:00+00:00
[2025-03-18T11:06:57.362+0000] {processor.py:208} INFO - Processing /usr/local/python/3.12.1/lib/python3.12/site-packages/airflow/example_dags/example_latest_only_with_trigger.py took 0.051 seconds
[2025-03-18T11:07:48.658+0000] {processor.py:186} INFO - Started process (PID=60782) to work on /usr/local/python/3.12.1/lib/python3.12/site-packages/airflow/example_dags/example_latest_only_with_trigger.py
[2025-03-18T11:07:48.659+0000] {processor.py:914} INFO - Processing file /usr/local/python/3.12.1/lib/python3.12/site-packages/airflow/example_dags/example_latest_only_with_trigger.py for tasks to queue
[2025-03-18T11:07:48.661+0000] {logging_mixin.py:190} INFO - [2025-03-18T11:07:48.660+0000] {dagbag.py:588} INFO - Filling up the DagBag from /usr/local/python/3.12.1/lib/python3.12/site-packages/airflow/example_dags/example_latest_only_with_trigger.py
[2025-03-18T11:07:48.667+0000] {processor.py:925} INFO - DAG(s) 'latest_only_with_trigger' retrieved from /usr/local/python/3.12.1/lib/python3.12/site-packages/airflow/example_dags/example_latest_only_with_trigger.py
[2025-03-18T11:07:48.678+0000] {logging_mixin.py:190} INFO - [2025-03-18T11:07:48.678+0000] {dag.py:3239} INFO - Sync 1 DAGs
[2025-03-18T11:07:48.693+0000] {logging_mixin.py:190} INFO - [2025-03-18T11:07:48.692+0000] {dag.py:4180} INFO - Setting next_dagrun for latest_only_with_trigger to 2025-03-18 04:00:00+00:00, run_after=2025-03-18 08:00:00+00:00
[2025-03-18T11:07:48.707+0000] {processor.py:208} INFO - Processing /usr/local/python/3.12.1/lib/python3.12/site-packages/airflow/example_dags/example_latest_only_with_trigger.py took 0.054 seconds
[2025-03-18T11:08:38.357+0000] {processor.py:186} INFO - Started process (PID=61200) to work on /usr/local/python/3.12.1/lib/python3.12/site-packages/airflow/example_dags/example_latest_only_with_trigger.py
[2025-03-18T11:08:38.358+0000] {processor.py:914} INFO - Processing file /usr/local/python/3.12.1/lib/python3.12/site-packages/airflow/example_dags/example_latest_only_with_trigger.py for tasks to queue
[2025-03-18T11:08:38.359+0000] {logging_mixin.py:190} INFO - [2025-03-18T11:08:38.359+0000] {dagbag.py:588} INFO - Filling up the DagBag from /usr/local/python/3.12.1/lib/python3.12/site-packages/airflow/example_dags/example_latest_only_with_trigger.py
[2025-03-18T11:08:38.365+0000] {processor.py:925} INFO - DAG(s) 'latest_only_with_trigger' retrieved from /usr/local/python/3.12.1/lib/python3.12/site-packages/airflow/example_dags/example_latest_only_with_trigger.py
[2025-03-18T11:08:38.376+0000] {logging_mixin.py:190} INFO - [2025-03-18T11:08:38.376+0000] {dag.py:3239} INFO - Sync 1 DAGs
[2025-03-18T11:08:38.392+0000] {logging_mixin.py:190} INFO - [2025-03-18T11:08:38.392+0000] {dag.py:4180} INFO - Setting next_dagrun for latest_only_with_trigger to 2025-03-18 04:00:00+00:00, run_after=2025-03-18 08:00:00+00:00
[2025-03-18T11:08:38.409+0000] {processor.py:208} INFO - Processing /usr/local/python/3.12.1/lib/python3.12/site-packages/airflow/example_dags/example_latest_only_with_trigger.py took 0.056 seconds
[2025-03-18T11:09:31.248+0000] {processor.py:186} INFO - Started process (PID=61654) to work on /usr/local/python/3.12.1/lib/python3.12/site-packages/airflow/example_dags/example_latest_only_with_trigger.py
[2025-03-18T11:09:31.248+0000] {processor.py:914} INFO - Processing file /usr/local/python/3.12.1/lib/python3.12/site-packages/airflow/example_dags/example_latest_only_with_trigger.py for tasks to queue
[2025-03-18T11:09:31.250+0000] {logging_mixin.py:190} INFO - [2025-03-18T11:09:31.249+0000] {dagbag.py:588} INFO - Filling up the DagBag from /usr/local/python/3.12.1/lib/python3.12/site-packages/airflow/example_dags/example_latest_only_with_trigger.py
[2025-03-18T11:09:31.255+0000] {processor.py:925} INFO - DAG(s) 'latest_only_with_trigger' retrieved from /usr/local/python/3.12.1/lib/python3.12/site-packages/airflow/example_dags/example_latest_only_with_trigger.py
[2025-03-18T11:09:31.272+0000] {logging_mixin.py:190} INFO - [2025-03-18T11:09:31.272+0000] {dag.py:3239} INFO - Sync 1 DAGs
[2025-03-18T11:09:31.288+0000] {logging_mixin.py:190} INFO - [2025-03-18T11:09:31.288+0000] {dag.py:4180} INFO - Setting next_dagrun for latest_only_with_trigger to 2025-03-18 04:00:00+00:00, run_after=2025-03-18 08:00:00+00:00
[2025-03-18T11:09:31.303+0000] {processor.py:208} INFO - Processing /usr/local/python/3.12.1/lib/python3.12/site-packages/airflow/example_dags/example_latest_only_with_trigger.py took 0.060 seconds
[2025-03-18T11:10:23.515+0000] {processor.py:186} INFO - Started process (PID=62107) to work on /usr/local/python/3.12.1/lib/python3.12/site-packages/airflow/example_dags/example_latest_only_with_trigger.py
[2025-03-18T11:10:23.515+0000] {processor.py:914} INFO - Processing file /usr/local/python/3.12.1/lib/python3.12/site-packages/airflow/example_dags/example_latest_only_with_trigger.py for tasks to queue
[2025-03-18T11:10:23.517+0000] {logging_mixin.py:190} INFO - [2025-03-18T11:10:23.516+0000] {dagbag.py:588} INFO - Filling up the DagBag from /usr/local/python/3.12.1/lib/python3.12/site-packages/airflow/example_dags/example_latest_only_with_trigger.py
[2025-03-18T11:10:23.523+0000] {processor.py:925} INFO - DAG(s) 'latest_only_with_trigger' retrieved from /usr/local/python/3.12.1/lib/python3.12/site-packages/airflow/example_dags/example_latest_only_with_trigger.py
[2025-03-18T11:10:23.533+0000] {logging_mixin.py:190} INFO - [2025-03-18T11:10:23.533+0000] {dag.py:3239} INFO - Sync 1 DAGs
[2025-03-18T11:10:23.548+0000] {logging_mixin.py:190} INFO - [2025-03-18T11:10:23.548+0000] {dag.py:4180} INFO - Setting next_dagrun for latest_only_with_trigger to 2025-03-18 04:00:00+00:00, run_after=2025-03-18 08:00:00+00:00
[2025-03-18T11:10:23.562+0000] {processor.py:208} INFO - Processing /usr/local/python/3.12.1/lib/python3.12/site-packages/airflow/example_dags/example_latest_only_with_trigger.py took 0.052 seconds
[2025-03-18T11:11:12.887+0000] {processor.py:186} INFO - Started process (PID=62540) to work on /usr/local/python/3.12.1/lib/python3.12/site-packages/airflow/example_dags/example_latest_only_with_trigger.py
[2025-03-18T11:11:12.888+0000] {processor.py:914} INFO - Processing file /usr/local/python/3.12.1/lib/python3.12/site-packages/airflow/example_dags/example_latest_only_with_trigger.py for tasks to queue
[2025-03-18T11:11:12.890+0000] {logging_mixin.py:190} INFO - [2025-03-18T11:11:12.889+0000] {dagbag.py:588} INFO - Filling up the DagBag from /usr/local/python/3.12.1/lib/python3.12/site-packages/airflow/example_dags/example_latest_only_with_trigger.py
[2025-03-18T11:11:12.895+0000] {processor.py:925} INFO - DAG(s) 'latest_only_with_trigger' retrieved from /usr/local/python/3.12.1/lib/python3.12/site-packages/airflow/example_dags/example_latest_only_with_trigger.py
[2025-03-18T11:11:12.906+0000] {logging_mixin.py:190} INFO - [2025-03-18T11:11:12.906+0000] {dag.py:3239} INFO - Sync 1 DAGs
[2025-03-18T11:11:12.921+0000] {logging_mixin.py:190} INFO - [2025-03-18T11:11:12.921+0000] {dag.py:4180} INFO - Setting next_dagrun for latest_only_with_trigger to 2025-03-18 04:00:00+00:00, run_after=2025-03-18 08:00:00+00:00
[2025-03-18T11:11:12.935+0000] {processor.py:208} INFO - Processing /usr/local/python/3.12.1/lib/python3.12/site-packages/airflow/example_dags/example_latest_only_with_trigger.py took 0.052 seconds
[2025-03-18T11:12:00.004+0000] {processor.py:186} INFO - Started process (PID=63098) to work on /usr/local/python/3.12.1/lib/python3.12/site-packages/airflow/example_dags/example_latest_only_with_trigger.py
[2025-03-18T11:12:00.005+0000] {processor.py:914} INFO - Processing file /usr/local/python/3.12.1/lib/python3.12/site-packages/airflow/example_dags/example_latest_only_with_trigger.py for tasks to queue
[2025-03-18T11:12:00.006+0000] {logging_mixin.py:190} INFO - [2025-03-18T11:12:00.006+0000] {dagbag.py:588} INFO - Filling up the DagBag from /usr/local/python/3.12.1/lib/python3.12/site-packages/airflow/example_dags/example_latest_only_with_trigger.py
[2025-03-18T11:12:00.012+0000] {processor.py:925} INFO - DAG(s) 'latest_only_with_trigger' retrieved from /usr/local/python/3.12.1/lib/python3.12/site-packages/airflow/example_dags/example_latest_only_with_trigger.py
[2025-03-18T11:12:00.024+0000] {logging_mixin.py:190} INFO - [2025-03-18T11:12:00.023+0000] {dag.py:3239} INFO - Sync 1 DAGs
[2025-03-18T11:12:00.039+0000] {logging_mixin.py:190} INFO - [2025-03-18T11:12:00.039+0000] {dag.py:4180} INFO - Setting next_dagrun for latest_only_with_trigger to 2025-03-18 04:00:00+00:00, run_after=2025-03-18 08:00:00+00:00
[2025-03-18T11:12:00.053+0000] {processor.py:208} INFO - Processing /usr/local/python/3.12.1/lib/python3.12/site-packages/airflow/example_dags/example_latest_only_with_trigger.py took 0.053 seconds
[2025-03-18T11:50:47.266+0000] {processor.py:186} INFO - Started process (PID=83086) to work on /usr/local/python/3.12.1/lib/python3.12/site-packages/airflow/example_dags/example_latest_only_with_trigger.py
[2025-03-18T11:50:47.266+0000] {processor.py:914} INFO - Processing file /usr/local/python/3.12.1/lib/python3.12/site-packages/airflow/example_dags/example_latest_only_with_trigger.py for tasks to queue
[2025-03-18T11:50:47.268+0000] {logging_mixin.py:190} INFO - [2025-03-18T11:50:47.268+0000] {dagbag.py:588} INFO - Filling up the DagBag from /usr/local/python/3.12.1/lib/python3.12/site-packages/airflow/example_dags/example_latest_only_with_trigger.py
[2025-03-18T11:50:47.274+0000] {processor.py:925} INFO - DAG(s) 'latest_only_with_trigger' retrieved from /usr/local/python/3.12.1/lib/python3.12/site-packages/airflow/example_dags/example_latest_only_with_trigger.py
[2025-03-18T11:50:47.286+0000] {logging_mixin.py:190} INFO - [2025-03-18T11:50:47.286+0000] {dag.py:3239} INFO - Sync 1 DAGs
[2025-03-18T11:50:47.302+0000] {logging_mixin.py:190} INFO - [2025-03-18T11:50:47.301+0000] {dag.py:4180} INFO - Setting next_dagrun for latest_only_with_trigger to 2025-03-18 04:00:00+00:00, run_after=2025-03-18 08:00:00+00:00
[2025-03-18T11:50:47.316+0000] {processor.py:208} INFO - Processing /usr/local/python/3.12.1/lib/python3.12/site-packages/airflow/example_dags/example_latest_only_with_trigger.py took 0.054 seconds
