[2025-03-18T10:51:42.385+0000] {processor.py:186} INFO - Started process (PID=49353) to work on /usr/local/python/3.12.1/lib/python3.12/site-packages/airflow/example_dags/example_short_circuit_decorator.py
[2025-03-18T10:51:42.385+0000] {processor.py:914} INFO - Processing file /usr/local/python/3.12.1/lib/python3.12/site-packages/airflow/example_dags/example_short_circuit_decorator.py for tasks to queue
[2025-03-18T10:51:42.387+0000] {logging_mixin.py:190} INFO - [2025-03-18T10:51:42.386+0000] {dagbag.py:588} INFO - Filling up the DagBag from /usr/local/python/3.12.1/lib/python3.12/site-packages/airflow/example_dags/example_short_circuit_decorator.py
[2025-03-18T10:51:42.394+0000] {processor.py:925} INFO - DAG(s) 'example_short_circuit_decorator' retrieved from /usr/local/python/3.12.1/lib/python3.12/site-packages/airflow/example_dags/example_short_circuit_decorator.py
[2025-03-18T10:51:42.479+0000] {logging_mixin.py:190} INFO - [2025-03-18T10:51:42.479+0000] {override.py:1930} INFO - Created Permission View: can read on DAG:example_short_circuit_decorator
[2025-03-18T10:51:42.487+0000] {logging_mixin.py:190} INFO - [2025-03-18T10:51:42.487+0000] {override.py:1930} INFO - Created Permission View: can edit on DAG:example_short_circuit_decorator
[2025-03-18T10:51:42.493+0000] {logging_mixin.py:190} INFO - [2025-03-18T10:51:42.493+0000] {override.py:1930} INFO - Created Permission View: can delete on DAG:example_short_circuit_decorator
[2025-03-18T10:51:42.501+0000] {logging_mixin.py:190} INFO - [2025-03-18T10:51:42.501+0000] {override.py:1930} INFO - Created Permission View: can read on DAG Run:example_short_circuit_decorator
[2025-03-18T10:51:42.506+0000] {logging_mixin.py:190} INFO - [2025-03-18T10:51:42.506+0000] {override.py:1930} INFO - Created Permission View: can create on DAG Run:example_short_circuit_decorator
[2025-03-18T10:51:42.512+0000] {logging_mixin.py:190} INFO - [2025-03-18T10:51:42.512+0000] {override.py:1930} INFO - Created Permission View: menu access on DAG Run:example_short_circuit_decorator
[2025-03-18T10:51:42.518+0000] {logging_mixin.py:190} INFO - [2025-03-18T10:51:42.518+0000] {override.py:1930} INFO - Created Permission View: can delete on DAG Run:example_short_circuit_decorator
[2025-03-18T10:51:42.518+0000] {logging_mixin.py:190} INFO - [2025-03-18T10:51:42.518+0000] {dag.py:3239} INFO - Sync 1 DAGs
[2025-03-18T10:51:42.528+0000] {logging_mixin.py:190} INFO - [2025-03-18T10:51:42.528+0000] {dag.py:3262} INFO - Creating ORM DAG for example_short_circuit_decorator
[2025-03-18T10:51:42.528+0000] {logging_mixin.py:190} INFO - [2025-03-18T10:51:42.528+0000] {dag.py:4180} INFO - Setting next_dagrun for example_short_circuit_decorator to None, run_after=None
[2025-03-18T10:51:42.543+0000] {processor.py:208} INFO - Processing /usr/local/python/3.12.1/lib/python3.12/site-packages/airflow/example_dags/example_short_circuit_decorator.py took 0.162 seconds
[2025-03-18T10:52:43.782+0000] {processor.py:186} INFO - Started process (PID=50092) to work on /usr/local/python/3.12.1/lib/python3.12/site-packages/airflow/example_dags/example_short_circuit_decorator.py
[2025-03-18T10:52:43.782+0000] {processor.py:914} INFO - Processing file /usr/local/python/3.12.1/lib/python3.12/site-packages/airflow/example_dags/example_short_circuit_decorator.py for tasks to queue
[2025-03-18T10:52:43.784+0000] {logging_mixin.py:190} INFO - [2025-03-18T10:52:43.783+0000] {dagbag.py:588} INFO - Filling up the DagBag from /usr/local/python/3.12.1/lib/python3.12/site-packages/airflow/example_dags/example_short_circuit_decorator.py
[2025-03-18T10:52:43.791+0000] {processor.py:925} INFO - DAG(s) 'example_short_circuit_decorator' retrieved from /usr/local/python/3.12.1/lib/python3.12/site-packages/airflow/example_dags/example_short_circuit_decorator.py
[2025-03-18T10:52:43.804+0000] {logging_mixin.py:190} INFO - [2025-03-18T10:52:43.804+0000] {dag.py:3239} INFO - Sync 1 DAGs
[2025-03-18T10:52:43.813+0000] {logging_mixin.py:190} INFO - [2025-03-18T10:52:43.813+0000] {dag.py:4180} INFO - Setting next_dagrun for example_short_circuit_decorator to None, run_after=None
[2025-03-18T10:52:43.827+0000] {processor.py:208} INFO - Processing /usr/local/python/3.12.1/lib/python3.12/site-packages/airflow/example_dags/example_short_circuit_decorator.py took 0.049 seconds
[2025-03-18T10:53:22.825+0000] {processor.py:186} INFO - Started process (PID=50540) to work on /usr/local/python/3.12.1/lib/python3.12/site-packages/airflow/example_dags/example_short_circuit_decorator.py
[2025-03-18T10:53:22.825+0000] {processor.py:914} INFO - Processing file /usr/local/python/3.12.1/lib/python3.12/site-packages/airflow/example_dags/example_short_circuit_decorator.py for tasks to queue
[2025-03-18T10:53:22.827+0000] {logging_mixin.py:190} INFO - [2025-03-18T10:53:22.827+0000] {dagbag.py:588} INFO - Filling up the DagBag from /usr/local/python/3.12.1/lib/python3.12/site-packages/airflow/example_dags/example_short_circuit_decorator.py
[2025-03-18T10:53:22.834+0000] {processor.py:925} INFO - DAG(s) 'example_short_circuit_decorator' retrieved from /usr/local/python/3.12.1/lib/python3.12/site-packages/airflow/example_dags/example_short_circuit_decorator.py
[2025-03-18T10:53:22.848+0000] {logging_mixin.py:190} INFO - [2025-03-18T10:53:22.848+0000] {dag.py:3239} INFO - Sync 1 DAGs
[2025-03-18T10:53:22.859+0000] {logging_mixin.py:190} INFO - [2025-03-18T10:53:22.858+0000] {dag.py:4180} INFO - Setting next_dagrun for example_short_circuit_decorator to None, run_after=None
[2025-03-18T10:53:22.872+0000] {processor.py:208} INFO - Processing /usr/local/python/3.12.1/lib/python3.12/site-packages/airflow/example_dags/example_short_circuit_decorator.py took 0.051 seconds
[2025-03-18T10:54:19.670+0000] {processor.py:186} INFO - Started process (PID=51163) to work on /usr/local/python/3.12.1/lib/python3.12/site-packages/airflow/example_dags/example_short_circuit_decorator.py
[2025-03-18T10:54:19.671+0000] {processor.py:914} INFO - Processing file /usr/local/python/3.12.1/lib/python3.12/site-packages/airflow/example_dags/example_short_circuit_decorator.py for tasks to queue
[2025-03-18T10:54:19.672+0000] {logging_mixin.py:190} INFO - [2025-03-18T10:54:19.672+0000] {dagbag.py:588} INFO - Filling up the DagBag from /usr/local/python/3.12.1/lib/python3.12/site-packages/airflow/example_dags/example_short_circuit_decorator.py
[2025-03-18T10:54:19.680+0000] {processor.py:925} INFO - DAG(s) 'example_short_circuit_decorator' retrieved from /usr/local/python/3.12.1/lib/python3.12/site-packages/airflow/example_dags/example_short_circuit_decorator.py
[2025-03-18T10:54:19.693+0000] {logging_mixin.py:190} INFO - [2025-03-18T10:54:19.693+0000] {dag.py:3239} INFO - Sync 1 DAGs
[2025-03-18T10:54:19.703+0000] {logging_mixin.py:190} INFO - [2025-03-18T10:54:19.703+0000] {dag.py:4180} INFO - Setting next_dagrun for example_short_circuit_decorator to None, run_after=None
[2025-03-18T10:54:19.717+0000] {processor.py:208} INFO - Processing /usr/local/python/3.12.1/lib/python3.12/site-packages/airflow/example_dags/example_short_circuit_decorator.py took 0.051 seconds
[2025-03-18T10:55:13.882+0000] {processor.py:186} INFO - Started process (PID=51630) to work on /usr/local/python/3.12.1/lib/python3.12/site-packages/airflow/example_dags/example_short_circuit_decorator.py
[2025-03-18T10:55:13.882+0000] {processor.py:914} INFO - Processing file /usr/local/python/3.12.1/lib/python3.12/site-packages/airflow/example_dags/example_short_circuit_decorator.py for tasks to queue
[2025-03-18T10:55:13.884+0000] {logging_mixin.py:190} INFO - [2025-03-18T10:55:13.883+0000] {dagbag.py:588} INFO - Filling up the DagBag from /usr/local/python/3.12.1/lib/python3.12/site-packages/airflow/example_dags/example_short_circuit_decorator.py
[2025-03-18T10:55:13.891+0000] {processor.py:925} INFO - DAG(s) 'example_short_circuit_decorator' retrieved from /usr/local/python/3.12.1/lib/python3.12/site-packages/airflow/example_dags/example_short_circuit_decorator.py
[2025-03-18T10:55:13.907+0000] {logging_mixin.py:190} INFO - [2025-03-18T10:55:13.907+0000] {dag.py:3239} INFO - Sync 1 DAGs
[2025-03-18T10:55:13.920+0000] {logging_mixin.py:190} INFO - [2025-03-18T10:55:13.919+0000] {dag.py:4180} INFO - Setting next_dagrun for example_short_circuit_decorator to None, run_after=None
[2025-03-18T10:55:13.935+0000] {processor.py:208} INFO - Processing /usr/local/python/3.12.1/lib/python3.12/site-packages/airflow/example_dags/example_short_circuit_decorator.py took 0.057 seconds
[2025-03-18T10:56:06.386+0000] {processor.py:186} INFO - Started process (PID=52329) to work on /usr/local/python/3.12.1/lib/python3.12/site-packages/airflow/example_dags/example_short_circuit_decorator.py
[2025-03-18T10:56:06.386+0000] {processor.py:914} INFO - Processing file /usr/local/python/3.12.1/lib/python3.12/site-packages/airflow/example_dags/example_short_circuit_decorator.py for tasks to queue
[2025-03-18T10:56:06.388+0000] {logging_mixin.py:190} INFO - [2025-03-18T10:56:06.387+0000] {dagbag.py:588} INFO - Filling up the DagBag from /usr/local/python/3.12.1/lib/python3.12/site-packages/airflow/example_dags/example_short_circuit_decorator.py
[2025-03-18T10:56:06.395+0000] {processor.py:925} INFO - DAG(s) 'example_short_circuit_decorator' retrieved from /usr/local/python/3.12.1/lib/python3.12/site-packages/airflow/example_dags/example_short_circuit_decorator.py
[2025-03-18T10:56:06.408+0000] {logging_mixin.py:190} INFO - [2025-03-18T10:56:06.408+0000] {dag.py:3239} INFO - Sync 1 DAGs
[2025-03-18T10:56:06.417+0000] {logging_mixin.py:190} INFO - [2025-03-18T10:56:06.417+0000] {dag.py:4180} INFO - Setting next_dagrun for example_short_circuit_decorator to None, run_after=None
[2025-03-18T10:56:06.431+0000] {processor.py:208} INFO - Processing /usr/local/python/3.12.1/lib/python3.12/site-packages/airflow/example_dags/example_short_circuit_decorator.py took 0.050 seconds
[2025-03-18T10:56:56.630+0000] {processor.py:186} INFO - Started process (PID=52828) to work on /usr/local/python/3.12.1/lib/python3.12/site-packages/airflow/example_dags/example_short_circuit_decorator.py
[2025-03-18T10:56:56.631+0000] {processor.py:914} INFO - Processing file /usr/local/python/3.12.1/lib/python3.12/site-packages/airflow/example_dags/example_short_circuit_decorator.py for tasks to queue
[2025-03-18T10:56:56.633+0000] {logging_mixin.py:190} INFO - [2025-03-18T10:56:56.632+0000] {dagbag.py:588} INFO - Filling up the DagBag from /usr/local/python/3.12.1/lib/python3.12/site-packages/airflow/example_dags/example_short_circuit_decorator.py
[2025-03-18T10:56:56.640+0000] {processor.py:925} INFO - DAG(s) 'example_short_circuit_decorator' retrieved from /usr/local/python/3.12.1/lib/python3.12/site-packages/airflow/example_dags/example_short_circuit_decorator.py
[2025-03-18T10:56:56.653+0000] {logging_mixin.py:190} INFO - [2025-03-18T10:56:56.653+0000] {dag.py:3239} INFO - Sync 1 DAGs
[2025-03-18T10:56:56.663+0000] {logging_mixin.py:190} INFO - [2025-03-18T10:56:56.663+0000] {dag.py:4180} INFO - Setting next_dagrun for example_short_circuit_decorator to None, run_after=None
[2025-03-18T10:56:56.677+0000] {processor.py:208} INFO - Processing /usr/local/python/3.12.1/lib/python3.12/site-packages/airflow/example_dags/example_short_circuit_decorator.py took 0.050 seconds
[2025-03-18T10:57:45.735+0000] {processor.py:186} INFO - Started process (PID=53444) to work on /usr/local/python/3.12.1/lib/python3.12/site-packages/airflow/example_dags/example_short_circuit_decorator.py
[2025-03-18T10:57:45.735+0000] {processor.py:914} INFO - Processing file /usr/local/python/3.12.1/lib/python3.12/site-packages/airflow/example_dags/example_short_circuit_decorator.py for tasks to queue
[2025-03-18T10:57:45.737+0000] {logging_mixin.py:190} INFO - [2025-03-18T10:57:45.737+0000] {dagbag.py:588} INFO - Filling up the DagBag from /usr/local/python/3.12.1/lib/python3.12/site-packages/airflow/example_dags/example_short_circuit_decorator.py
[2025-03-18T10:57:45.745+0000] {processor.py:925} INFO - DAG(s) 'example_short_circuit_decorator' retrieved from /usr/local/python/3.12.1/lib/python3.12/site-packages/airflow/example_dags/example_short_circuit_decorator.py
[2025-03-18T10:57:45.757+0000] {logging_mixin.py:190} INFO - [2025-03-18T10:57:45.757+0000] {dag.py:3239} INFO - Sync 1 DAGs
[2025-03-18T10:57:45.767+0000] {logging_mixin.py:190} INFO - [2025-03-18T10:57:45.767+0000] {dag.py:4180} INFO - Setting next_dagrun for example_short_circuit_decorator to None, run_after=None
[2025-03-18T10:57:45.781+0000] {processor.py:208} INFO - Processing /usr/local/python/3.12.1/lib/python3.12/site-packages/airflow/example_dags/example_short_circuit_decorator.py took 0.050 seconds
[2025-03-18T10:58:34.207+0000] {processor.py:186} INFO - Started process (PID=53920) to work on /usr/local/python/3.12.1/lib/python3.12/site-packages/airflow/example_dags/example_short_circuit_decorator.py
[2025-03-18T10:58:34.208+0000] {processor.py:914} INFO - Processing file /usr/local/python/3.12.1/lib/python3.12/site-packages/airflow/example_dags/example_short_circuit_decorator.py for tasks to queue
[2025-03-18T10:58:34.209+0000] {logging_mixin.py:190} INFO - [2025-03-18T10:58:34.209+0000] {dagbag.py:588} INFO - Filling up the DagBag from /usr/local/python/3.12.1/lib/python3.12/site-packages/airflow/example_dags/example_short_circuit_decorator.py
[2025-03-18T10:58:34.217+0000] {processor.py:925} INFO - DAG(s) 'example_short_circuit_decorator' retrieved from /usr/local/python/3.12.1/lib/python3.12/site-packages/airflow/example_dags/example_short_circuit_decorator.py
[2025-03-18T10:58:34.230+0000] {logging_mixin.py:190} INFO - [2025-03-18T10:58:34.230+0000] {dag.py:3239} INFO - Sync 1 DAGs
[2025-03-18T10:58:34.239+0000] {logging_mixin.py:190} INFO - [2025-03-18T10:58:34.239+0000] {dag.py:4180} INFO - Setting next_dagrun for example_short_circuit_decorator to None, run_after=None
[2025-03-18T10:58:34.253+0000] {processor.py:208} INFO - Processing /usr/local/python/3.12.1/lib/python3.12/site-packages/airflow/example_dags/example_short_circuit_decorator.py took 0.050 seconds
[2025-03-18T10:59:22.740+0000] {processor.py:186} INFO - Started process (PID=54627) to work on /usr/local/python/3.12.1/lib/python3.12/site-packages/airflow/example_dags/example_short_circuit_decorator.py
[2025-03-18T10:59:22.741+0000] {processor.py:914} INFO - Processing file /usr/local/python/3.12.1/lib/python3.12/site-packages/airflow/example_dags/example_short_circuit_decorator.py for tasks to queue
[2025-03-18T10:59:22.742+0000] {logging_mixin.py:190} INFO - [2025-03-18T10:59:22.742+0000] {dagbag.py:588} INFO - Filling up the DagBag from /usr/local/python/3.12.1/lib/python3.12/site-packages/airflow/example_dags/example_short_circuit_decorator.py
[2025-03-18T10:59:22.750+0000] {processor.py:925} INFO - DAG(s) 'example_short_circuit_decorator' retrieved from /usr/local/python/3.12.1/lib/python3.12/site-packages/airflow/example_dags/example_short_circuit_decorator.py
[2025-03-18T10:59:22.764+0000] {logging_mixin.py:190} INFO - [2025-03-18T10:59:22.763+0000] {dag.py:3239} INFO - Sync 1 DAGs
[2025-03-18T10:59:22.773+0000] {logging_mixin.py:190} INFO - [2025-03-18T10:59:22.773+0000] {dag.py:4180} INFO - Setting next_dagrun for example_short_circuit_decorator to None, run_after=None
[2025-03-18T10:59:22.787+0000] {processor.py:208} INFO - Processing /usr/local/python/3.12.1/lib/python3.12/site-packages/airflow/example_dags/example_short_circuit_decorator.py took 0.051 seconds
[2025-03-18T11:00:10.134+0000] {processor.py:186} INFO - Started process (PID=55038) to work on /usr/local/python/3.12.1/lib/python3.12/site-packages/airflow/example_dags/example_short_circuit_decorator.py
[2025-03-18T11:00:10.134+0000] {processor.py:914} INFO - Processing file /usr/local/python/3.12.1/lib/python3.12/site-packages/airflow/example_dags/example_short_circuit_decorator.py for tasks to queue
[2025-03-18T11:00:10.136+0000] {logging_mixin.py:190} INFO - [2025-03-18T11:00:10.136+0000] {dagbag.py:588} INFO - Filling up the DagBag from /usr/local/python/3.12.1/lib/python3.12/site-packages/airflow/example_dags/example_short_circuit_decorator.py
[2025-03-18T11:00:10.145+0000] {processor.py:925} INFO - DAG(s) 'example_short_circuit_decorator' retrieved from /usr/local/python/3.12.1/lib/python3.12/site-packages/airflow/example_dags/example_short_circuit_decorator.py
[2025-03-18T11:00:10.162+0000] {logging_mixin.py:190} INFO - [2025-03-18T11:00:10.161+0000] {dag.py:3239} INFO - Sync 1 DAGs
[2025-03-18T11:00:10.172+0000] {logging_mixin.py:190} INFO - [2025-03-18T11:00:10.172+0000] {dag.py:4180} INFO - Setting next_dagrun for example_short_circuit_decorator to None, run_after=None
[2025-03-18T11:00:10.188+0000] {processor.py:208} INFO - Processing /usr/local/python/3.12.1/lib/python3.12/site-packages/airflow/example_dags/example_short_circuit_decorator.py took 0.060 seconds
[2025-03-18T11:01:01.003+0000] {processor.py:186} INFO - Started process (PID=57482) to work on /usr/local/python/3.12.1/lib/python3.12/site-packages/airflow/example_dags/example_short_circuit_decorator.py
[2025-03-18T11:01:01.004+0000] {processor.py:914} INFO - Processing file /usr/local/python/3.12.1/lib/python3.12/site-packages/airflow/example_dags/example_short_circuit_decorator.py for tasks to queue
[2025-03-18T11:01:01.007+0000] {logging_mixin.py:190} INFO - [2025-03-18T11:01:01.007+0000] {dagbag.py:588} INFO - Filling up the DagBag from /usr/local/python/3.12.1/lib/python3.12/site-packages/airflow/example_dags/example_short_circuit_decorator.py
[2025-03-18T11:01:01.019+0000] {processor.py:925} INFO - DAG(s) 'example_short_circuit_decorator' retrieved from /usr/local/python/3.12.1/lib/python3.12/site-packages/airflow/example_dags/example_short_circuit_decorator.py
[2025-03-18T11:01:01.040+0000] {logging_mixin.py:190} INFO - [2025-03-18T11:01:01.040+0000] {dag.py:3239} INFO - Sync 1 DAGs
[2025-03-18T11:01:01.058+0000] {logging_mixin.py:190} INFO - [2025-03-18T11:01:01.058+0000] {dag.py:4180} INFO - Setting next_dagrun for example_short_circuit_decorator to None, run_after=None
[2025-03-18T11:01:01.101+0000] {processor.py:208} INFO - Processing /usr/local/python/3.12.1/lib/python3.12/site-packages/airflow/example_dags/example_short_circuit_decorator.py took 0.110 seconds
[2025-03-18T11:01:53.107+0000] {processor.py:186} INFO - Started process (PID=57948) to work on /usr/local/python/3.12.1/lib/python3.12/site-packages/airflow/example_dags/example_short_circuit_decorator.py
[2025-03-18T11:01:53.108+0000] {processor.py:914} INFO - Processing file /usr/local/python/3.12.1/lib/python3.12/site-packages/airflow/example_dags/example_short_circuit_decorator.py for tasks to queue
[2025-03-18T11:01:53.109+0000] {logging_mixin.py:190} INFO - [2025-03-18T11:01:53.109+0000] {dagbag.py:588} INFO - Filling up the DagBag from /usr/local/python/3.12.1/lib/python3.12/site-packages/airflow/example_dags/example_short_circuit_decorator.py
[2025-03-18T11:01:53.117+0000] {processor.py:925} INFO - DAG(s) 'example_short_circuit_decorator' retrieved from /usr/local/python/3.12.1/lib/python3.12/site-packages/airflow/example_dags/example_short_circuit_decorator.py
[2025-03-18T11:01:53.130+0000] {logging_mixin.py:190} INFO - [2025-03-18T11:01:53.130+0000] {dag.py:3239} INFO - Sync 1 DAGs
[2025-03-18T11:01:53.140+0000] {logging_mixin.py:190} INFO - [2025-03-18T11:01:53.139+0000] {dag.py:4180} INFO - Setting next_dagrun for example_short_circuit_decorator to None, run_after=None
[2025-03-18T11:01:53.156+0000] {processor.py:208} INFO - Processing /usr/local/python/3.12.1/lib/python3.12/site-packages/airflow/example_dags/example_short_circuit_decorator.py took 0.053 seconds
[2025-03-18T11:02:43.373+0000] {processor.py:186} INFO - Started process (PID=58341) to work on /usr/local/python/3.12.1/lib/python3.12/site-packages/airflow/example_dags/example_short_circuit_decorator.py
[2025-03-18T11:02:43.374+0000] {processor.py:914} INFO - Processing file /usr/local/python/3.12.1/lib/python3.12/site-packages/airflow/example_dags/example_short_circuit_decorator.py for tasks to queue
[2025-03-18T11:02:43.375+0000] {logging_mixin.py:190} INFO - [2025-03-18T11:02:43.375+0000] {dagbag.py:588} INFO - Filling up the DagBag from /usr/local/python/3.12.1/lib/python3.12/site-packages/airflow/example_dags/example_short_circuit_decorator.py
[2025-03-18T11:02:43.383+0000] {processor.py:925} INFO - DAG(s) 'example_short_circuit_decorator' retrieved from /usr/local/python/3.12.1/lib/python3.12/site-packages/airflow/example_dags/example_short_circuit_decorator.py
[2025-03-18T11:02:43.396+0000] {logging_mixin.py:190} INFO - [2025-03-18T11:02:43.396+0000] {dag.py:3239} INFO - Sync 1 DAGs
[2025-03-18T11:02:43.405+0000] {logging_mixin.py:190} INFO - [2025-03-18T11:02:43.405+0000] {dag.py:4180} INFO - Setting next_dagrun for example_short_circuit_decorator to None, run_after=None
[2025-03-18T11:02:43.420+0000] {processor.py:208} INFO - Processing /usr/local/python/3.12.1/lib/python3.12/site-packages/airflow/example_dags/example_short_circuit_decorator.py took 0.053 seconds
[2025-03-18T11:03:29.199+0000] {processor.py:186} INFO - Started process (PID=58730) to work on /usr/local/python/3.12.1/lib/python3.12/site-packages/airflow/example_dags/example_short_circuit_decorator.py
[2025-03-18T11:03:29.200+0000] {processor.py:914} INFO - Processing file /usr/local/python/3.12.1/lib/python3.12/site-packages/airflow/example_dags/example_short_circuit_decorator.py for tasks to queue
[2025-03-18T11:03:29.201+0000] {logging_mixin.py:190} INFO - [2025-03-18T11:03:29.201+0000] {dagbag.py:588} INFO - Filling up the DagBag from /usr/local/python/3.12.1/lib/python3.12/site-packages/airflow/example_dags/example_short_circuit_decorator.py
[2025-03-18T11:03:29.209+0000] {processor.py:925} INFO - DAG(s) 'example_short_circuit_decorator' retrieved from /usr/local/python/3.12.1/lib/python3.12/site-packages/airflow/example_dags/example_short_circuit_decorator.py
[2025-03-18T11:03:29.222+0000] {logging_mixin.py:190} INFO - [2025-03-18T11:03:29.222+0000] {dag.py:3239} INFO - Sync 1 DAGs
[2025-03-18T11:03:29.231+0000] {logging_mixin.py:190} INFO - [2025-03-18T11:03:29.231+0000] {dag.py:4180} INFO - Setting next_dagrun for example_short_circuit_decorator to None, run_after=None
[2025-03-18T11:03:29.246+0000] {processor.py:208} INFO - Processing /usr/local/python/3.12.1/lib/python3.12/site-packages/airflow/example_dags/example_short_circuit_decorator.py took 0.051 seconds
[2025-03-18T11:04:19.871+0000] {processor.py:186} INFO - Started process (PID=59124) to work on /usr/local/python/3.12.1/lib/python3.12/site-packages/airflow/example_dags/example_short_circuit_decorator.py
[2025-03-18T11:04:19.872+0000] {processor.py:914} INFO - Processing file /usr/local/python/3.12.1/lib/python3.12/site-packages/airflow/example_dags/example_short_circuit_decorator.py for tasks to queue
[2025-03-18T11:04:19.873+0000] {logging_mixin.py:190} INFO - [2025-03-18T11:04:19.873+0000] {dagbag.py:588} INFO - Filling up the DagBag from /usr/local/python/3.12.1/lib/python3.12/site-packages/airflow/example_dags/example_short_circuit_decorator.py
[2025-03-18T11:04:19.881+0000] {processor.py:925} INFO - DAG(s) 'example_short_circuit_decorator' retrieved from /usr/local/python/3.12.1/lib/python3.12/site-packages/airflow/example_dags/example_short_circuit_decorator.py
[2025-03-18T11:04:19.894+0000] {logging_mixin.py:190} INFO - [2025-03-18T11:04:19.894+0000] {dag.py:3239} INFO - Sync 1 DAGs
[2025-03-18T11:04:19.903+0000] {logging_mixin.py:190} INFO - [2025-03-18T11:04:19.903+0000] {dag.py:4180} INFO - Setting next_dagrun for example_short_circuit_decorator to None, run_after=None
[2025-03-18T11:04:19.917+0000] {processor.py:208} INFO - Processing /usr/local/python/3.12.1/lib/python3.12/site-packages/airflow/example_dags/example_short_circuit_decorator.py took 0.050 seconds
[2025-03-18T11:05:07.706+0000] {processor.py:186} INFO - Started process (PID=59511) to work on /usr/local/python/3.12.1/lib/python3.12/site-packages/airflow/example_dags/example_short_circuit_decorator.py
[2025-03-18T11:05:07.706+0000] {processor.py:914} INFO - Processing file /usr/local/python/3.12.1/lib/python3.12/site-packages/airflow/example_dags/example_short_circuit_decorator.py for tasks to queue
[2025-03-18T11:05:07.708+0000] {logging_mixin.py:190} INFO - [2025-03-18T11:05:07.708+0000] {dagbag.py:588} INFO - Filling up the DagBag from /usr/local/python/3.12.1/lib/python3.12/site-packages/airflow/example_dags/example_short_circuit_decorator.py
[2025-03-18T11:05:07.716+0000] {processor.py:925} INFO - DAG(s) 'example_short_circuit_decorator' retrieved from /usr/local/python/3.12.1/lib/python3.12/site-packages/airflow/example_dags/example_short_circuit_decorator.py
[2025-03-18T11:05:07.728+0000] {logging_mixin.py:190} INFO - [2025-03-18T11:05:07.728+0000] {dag.py:3239} INFO - Sync 1 DAGs
[2025-03-18T11:05:07.738+0000] {logging_mixin.py:190} INFO - [2025-03-18T11:05:07.737+0000] {dag.py:4180} INFO - Setting next_dagrun for example_short_circuit_decorator to None, run_after=None
[2025-03-18T11:05:07.752+0000] {processor.py:208} INFO - Processing /usr/local/python/3.12.1/lib/python3.12/site-packages/airflow/example_dags/example_short_circuit_decorator.py took 0.050 seconds
[2025-03-18T11:05:58.502+0000] {processor.py:186} INFO - Started process (PID=59904) to work on /usr/local/python/3.12.1/lib/python3.12/site-packages/airflow/example_dags/example_short_circuit_decorator.py
[2025-03-18T11:05:58.502+0000] {processor.py:914} INFO - Processing file /usr/local/python/3.12.1/lib/python3.12/site-packages/airflow/example_dags/example_short_circuit_decorator.py for tasks to queue
[2025-03-18T11:05:58.504+0000] {logging_mixin.py:190} INFO - [2025-03-18T11:05:58.504+0000] {dagbag.py:588} INFO - Filling up the DagBag from /usr/local/python/3.12.1/lib/python3.12/site-packages/airflow/example_dags/example_short_circuit_decorator.py
[2025-03-18T11:05:58.512+0000] {processor.py:925} INFO - DAG(s) 'example_short_circuit_decorator' retrieved from /usr/local/python/3.12.1/lib/python3.12/site-packages/airflow/example_dags/example_short_circuit_decorator.py
[2025-03-18T11:05:58.525+0000] {logging_mixin.py:190} INFO - [2025-03-18T11:05:58.525+0000] {dag.py:3239} INFO - Sync 1 DAGs
[2025-03-18T11:05:58.534+0000] {logging_mixin.py:190} INFO - [2025-03-18T11:05:58.534+0000] {dag.py:4180} INFO - Setting next_dagrun for example_short_circuit_decorator to None, run_after=None
[2025-03-18T11:05:58.548+0000] {processor.py:208} INFO - Processing /usr/local/python/3.12.1/lib/python3.12/site-packages/airflow/example_dags/example_short_circuit_decorator.py took 0.051 seconds
[2025-03-18T11:06:47.636+0000] {processor.py:186} INFO - Started process (PID=60296) to work on /usr/local/python/3.12.1/lib/python3.12/site-packages/airflow/example_dags/example_short_circuit_decorator.py
[2025-03-18T11:06:47.637+0000] {processor.py:914} INFO - Processing file /usr/local/python/3.12.1/lib/python3.12/site-packages/airflow/example_dags/example_short_circuit_decorator.py for tasks to queue
[2025-03-18T11:06:47.638+0000] {logging_mixin.py:190} INFO - [2025-03-18T11:06:47.638+0000] {dagbag.py:588} INFO - Filling up the DagBag from /usr/local/python/3.12.1/lib/python3.12/site-packages/airflow/example_dags/example_short_circuit_decorator.py
[2025-03-18T11:06:47.646+0000] {processor.py:925} INFO - DAG(s) 'example_short_circuit_decorator' retrieved from /usr/local/python/3.12.1/lib/python3.12/site-packages/airflow/example_dags/example_short_circuit_decorator.py
[2025-03-18T11:06:47.659+0000] {logging_mixin.py:190} INFO - [2025-03-18T11:06:47.659+0000] {dag.py:3239} INFO - Sync 1 DAGs
[2025-03-18T11:06:47.668+0000] {logging_mixin.py:190} INFO - [2025-03-18T11:06:47.668+0000] {dag.py:4180} INFO - Setting next_dagrun for example_short_circuit_decorator to None, run_after=None
[2025-03-18T11:06:47.683+0000] {processor.py:208} INFO - Processing /usr/local/python/3.12.1/lib/python3.12/site-packages/airflow/example_dags/example_short_circuit_decorator.py took 0.050 seconds
[2025-03-18T11:07:38.970+0000] {processor.py:186} INFO - Started process (PID=60701) to work on /usr/local/python/3.12.1/lib/python3.12/site-packages/airflow/example_dags/example_short_circuit_decorator.py
[2025-03-18T11:07:38.970+0000] {processor.py:914} INFO - Processing file /usr/local/python/3.12.1/lib/python3.12/site-packages/airflow/example_dags/example_short_circuit_decorator.py for tasks to queue
[2025-03-18T11:07:38.972+0000] {logging_mixin.py:190} INFO - [2025-03-18T11:07:38.971+0000] {dagbag.py:588} INFO - Filling up the DagBag from /usr/local/python/3.12.1/lib/python3.12/site-packages/airflow/example_dags/example_short_circuit_decorator.py
[2025-03-18T11:07:38.979+0000] {processor.py:925} INFO - DAG(s) 'example_short_circuit_decorator' retrieved from /usr/local/python/3.12.1/lib/python3.12/site-packages/airflow/example_dags/example_short_circuit_decorator.py
[2025-03-18T11:07:38.992+0000] {logging_mixin.py:190} INFO - [2025-03-18T11:07:38.992+0000] {dag.py:3239} INFO - Sync 1 DAGs
[2025-03-18T11:07:39.002+0000] {logging_mixin.py:190} INFO - [2025-03-18T11:07:39.001+0000] {dag.py:4180} INFO - Setting next_dagrun for example_short_circuit_decorator to None, run_after=None
[2025-03-18T11:07:39.017+0000] {processor.py:208} INFO - Processing /usr/local/python/3.12.1/lib/python3.12/site-packages/airflow/example_dags/example_short_circuit_decorator.py took 0.052 seconds
[2025-03-18T11:08:28.638+0000] {processor.py:186} INFO - Started process (PID=61126) to work on /usr/local/python/3.12.1/lib/python3.12/site-packages/airflow/example_dags/example_short_circuit_decorator.py
[2025-03-18T11:08:28.639+0000] {processor.py:914} INFO - Processing file /usr/local/python/3.12.1/lib/python3.12/site-packages/airflow/example_dags/example_short_circuit_decorator.py for tasks to queue
[2025-03-18T11:08:28.641+0000] {logging_mixin.py:190} INFO - [2025-03-18T11:08:28.640+0000] {dagbag.py:588} INFO - Filling up the DagBag from /usr/local/python/3.12.1/lib/python3.12/site-packages/airflow/example_dags/example_short_circuit_decorator.py
[2025-03-18T11:08:28.648+0000] {processor.py:925} INFO - DAG(s) 'example_short_circuit_decorator' retrieved from /usr/local/python/3.12.1/lib/python3.12/site-packages/airflow/example_dags/example_short_circuit_decorator.py
[2025-03-18T11:08:28.661+0000] {logging_mixin.py:190} INFO - [2025-03-18T11:08:28.661+0000] {dag.py:3239} INFO - Sync 1 DAGs
[2025-03-18T11:08:28.670+0000] {logging_mixin.py:190} INFO - [2025-03-18T11:08:28.670+0000] {dag.py:4180} INFO - Setting next_dagrun for example_short_circuit_decorator to None, run_after=None
[2025-03-18T11:08:28.685+0000] {processor.py:208} INFO - Processing /usr/local/python/3.12.1/lib/python3.12/site-packages/airflow/example_dags/example_short_circuit_decorator.py took 0.050 seconds
[2025-03-18T11:09:20.963+0000] {processor.py:186} INFO - Started process (PID=61568) to work on /usr/local/python/3.12.1/lib/python3.12/site-packages/airflow/example_dags/example_short_circuit_decorator.py
[2025-03-18T11:09:20.964+0000] {processor.py:914} INFO - Processing file /usr/local/python/3.12.1/lib/python3.12/site-packages/airflow/example_dags/example_short_circuit_decorator.py for tasks to queue
[2025-03-18T11:09:20.965+0000] {logging_mixin.py:190} INFO - [2025-03-18T11:09:20.965+0000] {dagbag.py:588} INFO - Filling up the DagBag from /usr/local/python/3.12.1/lib/python3.12/site-packages/airflow/example_dags/example_short_circuit_decorator.py
[2025-03-18T11:09:20.973+0000] {processor.py:925} INFO - DAG(s) 'example_short_circuit_decorator' retrieved from /usr/local/python/3.12.1/lib/python3.12/site-packages/airflow/example_dags/example_short_circuit_decorator.py
[2025-03-18T11:09:20.986+0000] {logging_mixin.py:190} INFO - [2025-03-18T11:09:20.986+0000] {dag.py:3239} INFO - Sync 1 DAGs
[2025-03-18T11:09:20.995+0000] {logging_mixin.py:190} INFO - [2025-03-18T11:09:20.995+0000] {dag.py:4180} INFO - Setting next_dagrun for example_short_circuit_decorator to None, run_after=None
[2025-03-18T11:09:21.009+0000] {processor.py:208} INFO - Processing /usr/local/python/3.12.1/lib/python3.12/site-packages/airflow/example_dags/example_short_circuit_decorator.py took 0.050 seconds
[2025-03-18T11:10:14.515+0000] {processor.py:186} INFO - Started process (PID=62026) to work on /usr/local/python/3.12.1/lib/python3.12/site-packages/airflow/example_dags/example_short_circuit_decorator.py
[2025-03-18T11:10:14.516+0000] {processor.py:914} INFO - Processing file /usr/local/python/3.12.1/lib/python3.12/site-packages/airflow/example_dags/example_short_circuit_decorator.py for tasks to queue
[2025-03-18T11:10:14.517+0000] {logging_mixin.py:190} INFO - [2025-03-18T11:10:14.517+0000] {dagbag.py:588} INFO - Filling up the DagBag from /usr/local/python/3.12.1/lib/python3.12/site-packages/airflow/example_dags/example_short_circuit_decorator.py
[2025-03-18T11:10:14.526+0000] {processor.py:925} INFO - DAG(s) 'example_short_circuit_decorator' retrieved from /usr/local/python/3.12.1/lib/python3.12/site-packages/airflow/example_dags/example_short_circuit_decorator.py
[2025-03-18T11:10:14.546+0000] {logging_mixin.py:190} INFO - [2025-03-18T11:10:14.546+0000] {dag.py:3239} INFO - Sync 1 DAGs
[2025-03-18T11:10:14.560+0000] {logging_mixin.py:190} INFO - [2025-03-18T11:10:14.560+0000] {dag.py:4180} INFO - Setting next_dagrun for example_short_circuit_decorator to None, run_after=None
[2025-03-18T11:10:14.578+0000] {processor.py:208} INFO - Processing /usr/local/python/3.12.1/lib/python3.12/site-packages/airflow/example_dags/example_short_circuit_decorator.py took 0.067 seconds
[2025-03-18T11:11:04.030+0000] {processor.py:186} INFO - Started process (PID=62464) to work on /usr/local/python/3.12.1/lib/python3.12/site-packages/airflow/example_dags/example_short_circuit_decorator.py
[2025-03-18T11:11:04.030+0000] {processor.py:914} INFO - Processing file /usr/local/python/3.12.1/lib/python3.12/site-packages/airflow/example_dags/example_short_circuit_decorator.py for tasks to queue
[2025-03-18T11:11:04.032+0000] {logging_mixin.py:190} INFO - [2025-03-18T11:11:04.032+0000] {dagbag.py:588} INFO - Filling up the DagBag from /usr/local/python/3.12.1/lib/python3.12/site-packages/airflow/example_dags/example_short_circuit_decorator.py
[2025-03-18T11:11:04.039+0000] {processor.py:925} INFO - DAG(s) 'example_short_circuit_decorator' retrieved from /usr/local/python/3.12.1/lib/python3.12/site-packages/airflow/example_dags/example_short_circuit_decorator.py
[2025-03-18T11:11:04.052+0000] {logging_mixin.py:190} INFO - [2025-03-18T11:11:04.052+0000] {dag.py:3239} INFO - Sync 1 DAGs
[2025-03-18T11:11:04.062+0000] {logging_mixin.py:190} INFO - [2025-03-18T11:11:04.061+0000] {dag.py:4180} INFO - Setting next_dagrun for example_short_circuit_decorator to None, run_after=None
[2025-03-18T11:11:04.077+0000] {processor.py:208} INFO - Processing /usr/local/python/3.12.1/lib/python3.12/site-packages/airflow/example_dags/example_short_circuit_decorator.py took 0.051 seconds
[2025-03-18T11:11:50.326+0000] {processor.py:186} INFO - Started process (PID=62951) to work on /usr/local/python/3.12.1/lib/python3.12/site-packages/airflow/example_dags/example_short_circuit_decorator.py
[2025-03-18T11:11:50.326+0000] {processor.py:914} INFO - Processing file /usr/local/python/3.12.1/lib/python3.12/site-packages/airflow/example_dags/example_short_circuit_decorator.py for tasks to queue
[2025-03-18T11:11:50.328+0000] {logging_mixin.py:190} INFO - [2025-03-18T11:11:50.328+0000] {dagbag.py:588} INFO - Filling up the DagBag from /usr/local/python/3.12.1/lib/python3.12/site-packages/airflow/example_dags/example_short_circuit_decorator.py
[2025-03-18T11:11:50.335+0000] {processor.py:925} INFO - DAG(s) 'example_short_circuit_decorator' retrieved from /usr/local/python/3.12.1/lib/python3.12/site-packages/airflow/example_dags/example_short_circuit_decorator.py
[2025-03-18T11:11:50.348+0000] {logging_mixin.py:190} INFO - [2025-03-18T11:11:50.348+0000] {dag.py:3239} INFO - Sync 1 DAGs
[2025-03-18T11:11:50.362+0000] {logging_mixin.py:190} INFO - [2025-03-18T11:11:50.362+0000] {dag.py:4180} INFO - Setting next_dagrun for example_short_circuit_decorator to None, run_after=None
[2025-03-18T11:11:50.376+0000] {processor.py:208} INFO - Processing /usr/local/python/3.12.1/lib/python3.12/site-packages/airflow/example_dags/example_short_circuit_decorator.py took 0.055 seconds
[2025-03-18T11:50:36.899+0000] {processor.py:186} INFO - Started process (PID=83004) to work on /usr/local/python/3.12.1/lib/python3.12/site-packages/airflow/example_dags/example_short_circuit_decorator.py
[2025-03-18T11:50:36.899+0000] {processor.py:914} INFO - Processing file /usr/local/python/3.12.1/lib/python3.12/site-packages/airflow/example_dags/example_short_circuit_decorator.py for tasks to queue
[2025-03-18T11:50:36.901+0000] {logging_mixin.py:190} INFO - [2025-03-18T11:50:36.901+0000] {dagbag.py:588} INFO - Filling up the DagBag from /usr/local/python/3.12.1/lib/python3.12/site-packages/airflow/example_dags/example_short_circuit_decorator.py
[2025-03-18T11:50:36.909+0000] {processor.py:925} INFO - DAG(s) 'example_short_circuit_decorator' retrieved from /usr/local/python/3.12.1/lib/python3.12/site-packages/airflow/example_dags/example_short_circuit_decorator.py
[2025-03-18T11:50:36.923+0000] {logging_mixin.py:190} INFO - [2025-03-18T11:50:36.923+0000] {dag.py:3239} INFO - Sync 1 DAGs
[2025-03-18T11:50:36.933+0000] {logging_mixin.py:190} INFO - [2025-03-18T11:50:36.933+0000] {dag.py:4180} INFO - Setting next_dagrun for example_short_circuit_decorator to None, run_after=None
[2025-03-18T11:50:36.948+0000] {processor.py:208} INFO - Processing /usr/local/python/3.12.1/lib/python3.12/site-packages/airflow/example_dags/example_short_circuit_decorator.py took 0.053 seconds
