[2025-03-18T10:52:16.330+0000] {processor.py:186} INFO - Started process (PID=49688) to work on /usr/local/python/3.12.1/lib/python3.12/site-packages/airflow/example_dags/example_branch_day_of_week_operator.py
[2025-03-18T10:52:16.331+0000] {processor.py:914} INFO - Processing file /usr/local/python/3.12.1/lib/python3.12/site-packages/airflow/example_dags/example_branch_day_of_week_operator.py for tasks to queue
[2025-03-18T10:52:16.332+0000] {logging_mixin.py:190} INFO - [2025-03-18T10:52:16.332+0000] {dagbag.py:588} INFO - Filling up the DagBag from /usr/local/python/3.12.1/lib/python3.12/site-packages/airflow/example_dags/example_branch_day_of_week_operator.py
[2025-03-18T10:52:16.340+0000] {processor.py:925} INFO - DAG(s) 'example_weekday_branch_operator' retrieved from /usr/local/python/3.12.1/lib/python3.12/site-packages/airflow/example_dags/example_branch_day_of_week_operator.py
[2025-03-18T10:52:16.432+0000] {logging_mixin.py:190} INFO - [2025-03-18T10:52:16.431+0000] {override.py:1930} INFO - Created Permission View: can read on DAG:example_weekday_branch_operator
[2025-03-18T10:52:16.440+0000] {logging_mixin.py:190} INFO - [2025-03-18T10:52:16.440+0000] {override.py:1930} INFO - Created Permission View: can edit on DAG:example_weekday_branch_operator
[2025-03-18T10:52:16.446+0000] {logging_mixin.py:190} INFO - [2025-03-18T10:52:16.446+0000] {override.py:1930} INFO - Created Permission View: can delete on DAG:example_weekday_branch_operator
[2025-03-18T10:52:16.455+0000] {logging_mixin.py:190} INFO - [2025-03-18T10:52:16.454+0000] {override.py:1930} INFO - Created Permission View: can read on DAG Run:example_weekday_branch_operator
[2025-03-18T10:52:16.460+0000] {logging_mixin.py:190} INFO - [2025-03-18T10:52:16.460+0000] {override.py:1930} INFO - Created Permission View: can create on DAG Run:example_weekday_branch_operator
[2025-03-18T10:52:16.466+0000] {logging_mixin.py:190} INFO - [2025-03-18T10:52:16.466+0000] {override.py:1930} INFO - Created Permission View: menu access on DAG Run:example_weekday_branch_operator
[2025-03-18T10:52:16.472+0000] {logging_mixin.py:190} INFO - [2025-03-18T10:52:16.472+0000] {override.py:1930} INFO - Created Permission View: can delete on DAG Run:example_weekday_branch_operator
[2025-03-18T10:52:16.472+0000] {logging_mixin.py:190} INFO - [2025-03-18T10:52:16.472+0000] {dag.py:3239} INFO - Sync 1 DAGs
[2025-03-18T10:52:16.481+0000] {logging_mixin.py:190} INFO - [2025-03-18T10:52:16.480+0000] {dag.py:3262} INFO - Creating ORM DAG for example_weekday_branch_operator
[2025-03-18T10:52:16.488+0000] {logging_mixin.py:190} INFO - [2025-03-18T10:52:16.488+0000] {dag.py:4180} INFO - Setting next_dagrun for example_weekday_branch_operator to 2025-03-17 00:00:00+00:00, run_after=2025-03-18 00:00:00+00:00
[2025-03-18T10:52:16.503+0000] {processor.py:208} INFO - Processing /usr/local/python/3.12.1/lib/python3.12/site-packages/airflow/example_dags/example_branch_day_of_week_operator.py took 0.177 seconds
[2025-03-18T10:53:53.967+0000] {processor.py:186} INFO - Started process (PID=50954) to work on /usr/local/python/3.12.1/lib/python3.12/site-packages/airflow/example_dags/example_branch_day_of_week_operator.py
[2025-03-18T10:53:53.968+0000] {processor.py:914} INFO - Processing file /usr/local/python/3.12.1/lib/python3.12/site-packages/airflow/example_dags/example_branch_day_of_week_operator.py for tasks to queue
[2025-03-18T10:53:53.969+0000] {logging_mixin.py:190} INFO - [2025-03-18T10:53:53.969+0000] {dagbag.py:588} INFO - Filling up the DagBag from /usr/local/python/3.12.1/lib/python3.12/site-packages/airflow/example_dags/example_branch_day_of_week_operator.py
[2025-03-18T10:53:53.976+0000] {processor.py:925} INFO - DAG(s) 'example_weekday_branch_operator' retrieved from /usr/local/python/3.12.1/lib/python3.12/site-packages/airflow/example_dags/example_branch_day_of_week_operator.py
[2025-03-18T10:53:53.987+0000] {logging_mixin.py:190} INFO - [2025-03-18T10:53:53.987+0000] {dag.py:3239} INFO - Sync 1 DAGs
[2025-03-18T10:53:54.003+0000] {logging_mixin.py:190} INFO - [2025-03-18T10:53:54.002+0000] {dag.py:4180} INFO - Setting next_dagrun for example_weekday_branch_operator to 2025-03-17 00:00:00+00:00, run_after=2025-03-18 00:00:00+00:00
[2025-03-18T10:53:54.016+0000] {processor.py:208} INFO - Processing /usr/local/python/3.12.1/lib/python3.12/site-packages/airflow/example_dags/example_branch_day_of_week_operator.py took 0.053 seconds
[2025-03-18T10:55:12.609+0000] {processor.py:186} INFO - Started process (PID=51620) to work on /usr/local/python/3.12.1/lib/python3.12/site-packages/airflow/example_dags/example_branch_day_of_week_operator.py
[2025-03-18T10:55:12.610+0000] {processor.py:914} INFO - Processing file /usr/local/python/3.12.1/lib/python3.12/site-packages/airflow/example_dags/example_branch_day_of_week_operator.py for tasks to queue
[2025-03-18T10:55:12.611+0000] {logging_mixin.py:190} INFO - [2025-03-18T10:55:12.611+0000] {dagbag.py:588} INFO - Filling up the DagBag from /usr/local/python/3.12.1/lib/python3.12/site-packages/airflow/example_dags/example_branch_day_of_week_operator.py
[2025-03-18T10:55:12.619+0000] {processor.py:925} INFO - DAG(s) 'example_weekday_branch_operator' retrieved from /usr/local/python/3.12.1/lib/python3.12/site-packages/airflow/example_dags/example_branch_day_of_week_operator.py
[2025-03-18T10:55:12.630+0000] {logging_mixin.py:190} INFO - [2025-03-18T10:55:12.630+0000] {dag.py:3239} INFO - Sync 1 DAGs
[2025-03-18T10:55:12.648+0000] {logging_mixin.py:190} INFO - [2025-03-18T10:55:12.647+0000] {dag.py:4180} INFO - Setting next_dagrun for example_weekday_branch_operator to 2025-03-17 00:00:00+00:00, run_after=2025-03-18 00:00:00+00:00
[2025-03-18T10:55:12.662+0000] {processor.py:208} INFO - Processing /usr/local/python/3.12.1/lib/python3.12/site-packages/airflow/example_dags/example_branch_day_of_week_operator.py took 0.056 seconds
[2025-03-18T10:56:25.792+0000] {processor.py:186} INFO - Started process (PID=52583) to work on /usr/local/python/3.12.1/lib/python3.12/site-packages/airflow/example_dags/example_branch_day_of_week_operator.py
[2025-03-18T10:56:25.792+0000] {processor.py:914} INFO - Processing file /usr/local/python/3.12.1/lib/python3.12/site-packages/airflow/example_dags/example_branch_day_of_week_operator.py for tasks to queue
[2025-03-18T10:56:25.794+0000] {logging_mixin.py:190} INFO - [2025-03-18T10:56:25.794+0000] {dagbag.py:588} INFO - Filling up the DagBag from /usr/local/python/3.12.1/lib/python3.12/site-packages/airflow/example_dags/example_branch_day_of_week_operator.py
[2025-03-18T10:56:25.801+0000] {processor.py:925} INFO - DAG(s) 'example_weekday_branch_operator' retrieved from /usr/local/python/3.12.1/lib/python3.12/site-packages/airflow/example_dags/example_branch_day_of_week_operator.py
[2025-03-18T10:56:25.812+0000] {logging_mixin.py:190} INFO - [2025-03-18T10:56:25.812+0000] {dag.py:3239} INFO - Sync 1 DAGs
[2025-03-18T10:56:25.828+0000] {logging_mixin.py:190} INFO - [2025-03-18T10:56:25.827+0000] {dag.py:4180} INFO - Setting next_dagrun for example_weekday_branch_operator to 2025-03-17 00:00:00+00:00, run_after=2025-03-18 00:00:00+00:00
[2025-03-18T10:56:25.841+0000] {processor.py:208} INFO - Processing /usr/local/python/3.12.1/lib/python3.12/site-packages/airflow/example_dags/example_branch_day_of_week_operator.py took 0.053 seconds
[2025-03-18T10:57:38.947+0000] {processor.py:186} INFO - Started process (PID=53395) to work on /usr/local/python/3.12.1/lib/python3.12/site-packages/airflow/example_dags/example_branch_day_of_week_operator.py
[2025-03-18T10:57:38.948+0000] {processor.py:914} INFO - Processing file /usr/local/python/3.12.1/lib/python3.12/site-packages/airflow/example_dags/example_branch_day_of_week_operator.py for tasks to queue
[2025-03-18T10:57:38.949+0000] {logging_mixin.py:190} INFO - [2025-03-18T10:57:38.949+0000] {dagbag.py:588} INFO - Filling up the DagBag from /usr/local/python/3.12.1/lib/python3.12/site-packages/airflow/example_dags/example_branch_day_of_week_operator.py
[2025-03-18T10:57:38.957+0000] {processor.py:925} INFO - DAG(s) 'example_weekday_branch_operator' retrieved from /usr/local/python/3.12.1/lib/python3.12/site-packages/airflow/example_dags/example_branch_day_of_week_operator.py
[2025-03-18T10:57:38.968+0000] {logging_mixin.py:190} INFO - [2025-03-18T10:57:38.968+0000] {dag.py:3239} INFO - Sync 1 DAGs
[2025-03-18T10:57:38.984+0000] {logging_mixin.py:190} INFO - [2025-03-18T10:57:38.984+0000] {dag.py:4180} INFO - Setting next_dagrun for example_weekday_branch_operator to 2025-03-17 00:00:00+00:00, run_after=2025-03-18 00:00:00+00:00
[2025-03-18T10:57:38.999+0000] {processor.py:208} INFO - Processing /usr/local/python/3.12.1/lib/python3.12/site-packages/airflow/example_dags/example_branch_day_of_week_operator.py took 0.056 seconds
[2025-03-18T10:58:51.899+0000] {processor.py:186} INFO - Started process (PID=54149) to work on /usr/local/python/3.12.1/lib/python3.12/site-packages/airflow/example_dags/example_branch_day_of_week_operator.py
[2025-03-18T10:58:51.900+0000] {processor.py:914} INFO - Processing file /usr/local/python/3.12.1/lib/python3.12/site-packages/airflow/example_dags/example_branch_day_of_week_operator.py for tasks to queue
[2025-03-18T10:58:51.901+0000] {logging_mixin.py:190} INFO - [2025-03-18T10:58:51.901+0000] {dagbag.py:588} INFO - Filling up the DagBag from /usr/local/python/3.12.1/lib/python3.12/site-packages/airflow/example_dags/example_branch_day_of_week_operator.py
[2025-03-18T10:58:51.909+0000] {processor.py:925} INFO - DAG(s) 'example_weekday_branch_operator' retrieved from /usr/local/python/3.12.1/lib/python3.12/site-packages/airflow/example_dags/example_branch_day_of_week_operator.py
[2025-03-18T10:58:51.920+0000] {logging_mixin.py:190} INFO - [2025-03-18T10:58:51.919+0000] {dag.py:3239} INFO - Sync 1 DAGs
[2025-03-18T10:58:51.935+0000] {logging_mixin.py:190} INFO - [2025-03-18T10:58:51.935+0000] {dag.py:4180} INFO - Setting next_dagrun for example_weekday_branch_operator to 2025-03-17 00:00:00+00:00, run_after=2025-03-18 00:00:00+00:00
[2025-03-18T10:58:51.950+0000] {processor.py:208} INFO - Processing /usr/local/python/3.12.1/lib/python3.12/site-packages/airflow/example_dags/example_branch_day_of_week_operator.py took 0.055 seconds
[2025-03-18T11:00:03.752+0000] {processor.py:186} INFO - Started process (PID=54969) to work on /usr/local/python/3.12.1/lib/python3.12/site-packages/airflow/example_dags/example_branch_day_of_week_operator.py
[2025-03-18T11:00:03.753+0000] {processor.py:914} INFO - Processing file /usr/local/python/3.12.1/lib/python3.12/site-packages/airflow/example_dags/example_branch_day_of_week_operator.py for tasks to queue
[2025-03-18T11:00:03.754+0000] {logging_mixin.py:190} INFO - [2025-03-18T11:00:03.754+0000] {dagbag.py:588} INFO - Filling up the DagBag from /usr/local/python/3.12.1/lib/python3.12/site-packages/airflow/example_dags/example_branch_day_of_week_operator.py
[2025-03-18T11:00:03.762+0000] {processor.py:925} INFO - DAG(s) 'example_weekday_branch_operator' retrieved from /usr/local/python/3.12.1/lib/python3.12/site-packages/airflow/example_dags/example_branch_day_of_week_operator.py
[2025-03-18T11:00:03.773+0000] {logging_mixin.py:190} INFO - [2025-03-18T11:00:03.773+0000] {dag.py:3239} INFO - Sync 1 DAGs
[2025-03-18T11:00:03.788+0000] {logging_mixin.py:190} INFO - [2025-03-18T11:00:03.788+0000] {dag.py:4180} INFO - Setting next_dagrun for example_weekday_branch_operator to 2025-03-17 00:00:00+00:00, run_after=2025-03-18 00:00:00+00:00
[2025-03-18T11:00:03.803+0000] {processor.py:208} INFO - Processing /usr/local/python/3.12.1/lib/python3.12/site-packages/airflow/example_dags/example_branch_day_of_week_operator.py took 0.055 seconds
[2025-03-18T11:01:19.467+0000] {processor.py:186} INFO - Started process (PID=57634) to work on /usr/local/python/3.12.1/lib/python3.12/site-packages/airflow/example_dags/example_branch_day_of_week_operator.py
[2025-03-18T11:01:19.468+0000] {processor.py:914} INFO - Processing file /usr/local/python/3.12.1/lib/python3.12/site-packages/airflow/example_dags/example_branch_day_of_week_operator.py for tasks to queue
[2025-03-18T11:01:19.470+0000] {logging_mixin.py:190} INFO - [2025-03-18T11:01:19.470+0000] {dagbag.py:588} INFO - Filling up the DagBag from /usr/local/python/3.12.1/lib/python3.12/site-packages/airflow/example_dags/example_branch_day_of_week_operator.py
[2025-03-18T11:01:19.478+0000] {processor.py:925} INFO - DAG(s) 'example_weekday_branch_operator' retrieved from /usr/local/python/3.12.1/lib/python3.12/site-packages/airflow/example_dags/example_branch_day_of_week_operator.py
[2025-03-18T11:01:19.495+0000] {logging_mixin.py:190} INFO - [2025-03-18T11:01:19.495+0000] {dag.py:3239} INFO - Sync 1 DAGs
[2025-03-18T11:01:19.521+0000] {logging_mixin.py:190} INFO - [2025-03-18T11:01:19.520+0000] {dag.py:4180} INFO - Setting next_dagrun for example_weekday_branch_operator to 2025-03-17 00:00:00+00:00, run_after=2025-03-18 00:00:00+00:00
[2025-03-18T11:01:19.542+0000] {processor.py:208} INFO - Processing /usr/local/python/3.12.1/lib/python3.12/site-packages/airflow/example_dags/example_branch_day_of_week_operator.py took 0.080 seconds
[2025-03-18T11:02:37.101+0000] {processor.py:186} INFO - Started process (PID=58285) to work on /usr/local/python/3.12.1/lib/python3.12/site-packages/airflow/example_dags/example_branch_day_of_week_operator.py
[2025-03-18T11:02:37.102+0000] {processor.py:914} INFO - Processing file /usr/local/python/3.12.1/lib/python3.12/site-packages/airflow/example_dags/example_branch_day_of_week_operator.py for tasks to queue
[2025-03-18T11:02:37.103+0000] {logging_mixin.py:190} INFO - [2025-03-18T11:02:37.103+0000] {dagbag.py:588} INFO - Filling up the DagBag from /usr/local/python/3.12.1/lib/python3.12/site-packages/airflow/example_dags/example_branch_day_of_week_operator.py
[2025-03-18T11:02:37.111+0000] {processor.py:925} INFO - DAG(s) 'example_weekday_branch_operator' retrieved from /usr/local/python/3.12.1/lib/python3.12/site-packages/airflow/example_dags/example_branch_day_of_week_operator.py
[2025-03-18T11:02:37.122+0000] {logging_mixin.py:190} INFO - [2025-03-18T11:02:37.121+0000] {dag.py:3239} INFO - Sync 1 DAGs
[2025-03-18T11:02:37.137+0000] {logging_mixin.py:190} INFO - [2025-03-18T11:02:37.137+0000] {dag.py:4180} INFO - Setting next_dagrun for example_weekday_branch_operator to 2025-03-17 00:00:00+00:00, run_after=2025-03-18 00:00:00+00:00
[2025-03-18T11:02:37.152+0000] {processor.py:208} INFO - Processing /usr/local/python/3.12.1/lib/python3.12/site-packages/airflow/example_dags/example_branch_day_of_week_operator.py took 0.057 seconds
[2025-03-18T11:03:47.371+0000] {processor.py:186} INFO - Started process (PID=58868) to work on /usr/local/python/3.12.1/lib/python3.12/site-packages/airflow/example_dags/example_branch_day_of_week_operator.py
[2025-03-18T11:03:47.372+0000] {processor.py:914} INFO - Processing file /usr/local/python/3.12.1/lib/python3.12/site-packages/airflow/example_dags/example_branch_day_of_week_operator.py for tasks to queue
[2025-03-18T11:03:47.374+0000] {logging_mixin.py:190} INFO - [2025-03-18T11:03:47.373+0000] {dagbag.py:588} INFO - Filling up the DagBag from /usr/local/python/3.12.1/lib/python3.12/site-packages/airflow/example_dags/example_branch_day_of_week_operator.py
[2025-03-18T11:03:47.382+0000] {processor.py:925} INFO - DAG(s) 'example_weekday_branch_operator' retrieved from /usr/local/python/3.12.1/lib/python3.12/site-packages/airflow/example_dags/example_branch_day_of_week_operator.py
[2025-03-18T11:03:47.393+0000] {logging_mixin.py:190} INFO - [2025-03-18T11:03:47.393+0000] {dag.py:3239} INFO - Sync 1 DAGs
[2025-03-18T11:03:47.409+0000] {logging_mixin.py:190} INFO - [2025-03-18T11:03:47.409+0000] {dag.py:4180} INFO - Setting next_dagrun for example_weekday_branch_operator to 2025-03-17 00:00:00+00:00, run_after=2025-03-18 00:00:00+00:00
[2025-03-18T11:03:47.424+0000] {processor.py:208} INFO - Processing /usr/local/python/3.12.1/lib/python3.12/site-packages/airflow/example_dags/example_branch_day_of_week_operator.py took 0.056 seconds
[2025-03-18T11:04:59.281+0000] {processor.py:186} INFO - Started process (PID=59438) to work on /usr/local/python/3.12.1/lib/python3.12/site-packages/airflow/example_dags/example_branch_day_of_week_operator.py
[2025-03-18T11:04:59.282+0000] {processor.py:914} INFO - Processing file /usr/local/python/3.12.1/lib/python3.12/site-packages/airflow/example_dags/example_branch_day_of_week_operator.py for tasks to queue
[2025-03-18T11:04:59.284+0000] {logging_mixin.py:190} INFO - [2025-03-18T11:04:59.283+0000] {dagbag.py:588} INFO - Filling up the DagBag from /usr/local/python/3.12.1/lib/python3.12/site-packages/airflow/example_dags/example_branch_day_of_week_operator.py
[2025-03-18T11:04:59.291+0000] {processor.py:925} INFO - DAG(s) 'example_weekday_branch_operator' retrieved from /usr/local/python/3.12.1/lib/python3.12/site-packages/airflow/example_dags/example_branch_day_of_week_operator.py
[2025-03-18T11:04:59.302+0000] {logging_mixin.py:190} INFO - [2025-03-18T11:04:59.302+0000] {dag.py:3239} INFO - Sync 1 DAGs
[2025-03-18T11:04:59.318+0000] {logging_mixin.py:190} INFO - [2025-03-18T11:04:59.318+0000] {dag.py:4180} INFO - Setting next_dagrun for example_weekday_branch_operator to 2025-03-17 00:00:00+00:00, run_after=2025-03-18 00:00:00+00:00
[2025-03-18T11:04:59.332+0000] {processor.py:208} INFO - Processing /usr/local/python/3.12.1/lib/python3.12/site-packages/airflow/example_dags/example_branch_day_of_week_operator.py took 0.055 seconds
[2025-03-18T11:06:13.917+0000] {processor.py:186} INFO - Started process (PID=60023) to work on /usr/local/python/3.12.1/lib/python3.12/site-packages/airflow/example_dags/example_branch_day_of_week_operator.py
[2025-03-18T11:06:13.918+0000] {processor.py:914} INFO - Processing file /usr/local/python/3.12.1/lib/python3.12/site-packages/airflow/example_dags/example_branch_day_of_week_operator.py for tasks to queue
[2025-03-18T11:06:13.919+0000] {logging_mixin.py:190} INFO - [2025-03-18T11:06:13.919+0000] {dagbag.py:588} INFO - Filling up the DagBag from /usr/local/python/3.12.1/lib/python3.12/site-packages/airflow/example_dags/example_branch_day_of_week_operator.py
[2025-03-18T11:06:13.927+0000] {processor.py:925} INFO - DAG(s) 'example_weekday_branch_operator' retrieved from /usr/local/python/3.12.1/lib/python3.12/site-packages/airflow/example_dags/example_branch_day_of_week_operator.py
[2025-03-18T11:06:13.938+0000] {logging_mixin.py:190} INFO - [2025-03-18T11:06:13.938+0000] {dag.py:3239} INFO - Sync 1 DAGs
[2025-03-18T11:06:13.954+0000] {logging_mixin.py:190} INFO - [2025-03-18T11:06:13.954+0000] {dag.py:4180} INFO - Setting next_dagrun for example_weekday_branch_operator to 2025-03-17 00:00:00+00:00, run_after=2025-03-18 00:00:00+00:00
[2025-03-18T11:06:13.967+0000] {processor.py:208} INFO - Processing /usr/local/python/3.12.1/lib/python3.12/site-packages/airflow/example_dags/example_branch_day_of_week_operator.py took 0.054 seconds
[2025-03-18T11:07:30.963+0000] {processor.py:186} INFO - Started process (PID=60636) to work on /usr/local/python/3.12.1/lib/python3.12/site-packages/airflow/example_dags/example_branch_day_of_week_operator.py
[2025-03-18T11:07:30.964+0000] {processor.py:914} INFO - Processing file /usr/local/python/3.12.1/lib/python3.12/site-packages/airflow/example_dags/example_branch_day_of_week_operator.py for tasks to queue
[2025-03-18T11:07:30.965+0000] {logging_mixin.py:190} INFO - [2025-03-18T11:07:30.965+0000] {dagbag.py:588} INFO - Filling up the DagBag from /usr/local/python/3.12.1/lib/python3.12/site-packages/airflow/example_dags/example_branch_day_of_week_operator.py
[2025-03-18T11:07:30.973+0000] {processor.py:925} INFO - DAG(s) 'example_weekday_branch_operator' retrieved from /usr/local/python/3.12.1/lib/python3.12/site-packages/airflow/example_dags/example_branch_day_of_week_operator.py
[2025-03-18T11:07:30.984+0000] {logging_mixin.py:190} INFO - [2025-03-18T11:07:30.984+0000] {dag.py:3239} INFO - Sync 1 DAGs
[2025-03-18T11:07:31.000+0000] {logging_mixin.py:190} INFO - [2025-03-18T11:07:31.000+0000] {dag.py:4180} INFO - Setting next_dagrun for example_weekday_branch_operator to 2025-03-17 00:00:00+00:00, run_after=2025-03-18 00:00:00+00:00
[2025-03-18T11:07:31.014+0000] {processor.py:208} INFO - Processing /usr/local/python/3.12.1/lib/python3.12/site-packages/airflow/example_dags/example_branch_day_of_week_operator.py took 0.055 seconds
[2025-03-18T11:08:45.613+0000] {processor.py:186} INFO - Started process (PID=61263) to work on /usr/local/python/3.12.1/lib/python3.12/site-packages/airflow/example_dags/example_branch_day_of_week_operator.py
[2025-03-18T11:08:45.614+0000] {processor.py:914} INFO - Processing file /usr/local/python/3.12.1/lib/python3.12/site-packages/airflow/example_dags/example_branch_day_of_week_operator.py for tasks to queue
[2025-03-18T11:08:45.615+0000] {logging_mixin.py:190} INFO - [2025-03-18T11:08:45.615+0000] {dagbag.py:588} INFO - Filling up the DagBag from /usr/local/python/3.12.1/lib/python3.12/site-packages/airflow/example_dags/example_branch_day_of_week_operator.py
[2025-03-18T11:08:45.623+0000] {processor.py:925} INFO - DAG(s) 'example_weekday_branch_operator' retrieved from /usr/local/python/3.12.1/lib/python3.12/site-packages/airflow/example_dags/example_branch_day_of_week_operator.py
[2025-03-18T11:08:45.634+0000] {logging_mixin.py:190} INFO - [2025-03-18T11:08:45.634+0000] {dag.py:3239} INFO - Sync 1 DAGs
[2025-03-18T11:08:45.650+0000] {logging_mixin.py:190} INFO - [2025-03-18T11:08:45.650+0000] {dag.py:4180} INFO - Setting next_dagrun for example_weekday_branch_operator to 2025-03-17 00:00:00+00:00, run_after=2025-03-18 00:00:00+00:00
[2025-03-18T11:08:45.665+0000] {processor.py:208} INFO - Processing /usr/local/python/3.12.1/lib/python3.12/site-packages/airflow/example_dags/example_branch_day_of_week_operator.py took 0.055 seconds
[2025-03-18T11:10:05.513+0000] {processor.py:186} INFO - Started process (PID=61945) to work on /usr/local/python/3.12.1/lib/python3.12/site-packages/airflow/example_dags/example_branch_day_of_week_operator.py
[2025-03-18T11:10:05.513+0000] {processor.py:914} INFO - Processing file /usr/local/python/3.12.1/lib/python3.12/site-packages/airflow/example_dags/example_branch_day_of_week_operator.py for tasks to queue
[2025-03-18T11:10:05.515+0000] {logging_mixin.py:190} INFO - [2025-03-18T11:10:05.515+0000] {dagbag.py:588} INFO - Filling up the DagBag from /usr/local/python/3.12.1/lib/python3.12/site-packages/airflow/example_dags/example_branch_day_of_week_operator.py
[2025-03-18T11:10:05.523+0000] {processor.py:925} INFO - DAG(s) 'example_weekday_branch_operator' retrieved from /usr/local/python/3.12.1/lib/python3.12/site-packages/airflow/example_dags/example_branch_day_of_week_operator.py
[2025-03-18T11:10:05.534+0000] {logging_mixin.py:190} INFO - [2025-03-18T11:10:05.534+0000] {dag.py:3239} INFO - Sync 1 DAGs
[2025-03-18T11:10:05.549+0000] {logging_mixin.py:190} INFO - [2025-03-18T11:10:05.549+0000] {dag.py:4180} INFO - Setting next_dagrun for example_weekday_branch_operator to 2025-03-17 00:00:00+00:00, run_after=2025-03-18 00:00:00+00:00
[2025-03-18T11:10:05.563+0000] {processor.py:208} INFO - Processing /usr/local/python/3.12.1/lib/python3.12/site-packages/airflow/example_dags/example_branch_day_of_week_operator.py took 0.054 seconds
[2025-03-18T11:11:19.593+0000] {processor.py:186} INFO - Started process (PID=62589) to work on /usr/local/python/3.12.1/lib/python3.12/site-packages/airflow/example_dags/example_branch_day_of_week_operator.py
[2025-03-18T11:11:19.593+0000] {processor.py:914} INFO - Processing file /usr/local/python/3.12.1/lib/python3.12/site-packages/airflow/example_dags/example_branch_day_of_week_operator.py for tasks to queue
[2025-03-18T11:11:19.595+0000] {logging_mixin.py:190} INFO - [2025-03-18T11:11:19.594+0000] {dagbag.py:588} INFO - Filling up the DagBag from /usr/local/python/3.12.1/lib/python3.12/site-packages/airflow/example_dags/example_branch_day_of_week_operator.py
[2025-03-18T11:11:19.602+0000] {processor.py:925} INFO - DAG(s) 'example_weekday_branch_operator' retrieved from /usr/local/python/3.12.1/lib/python3.12/site-packages/airflow/example_dags/example_branch_day_of_week_operator.py
[2025-03-18T11:11:19.613+0000] {logging_mixin.py:190} INFO - [2025-03-18T11:11:19.613+0000] {dag.py:3239} INFO - Sync 1 DAGs
[2025-03-18T11:11:19.628+0000] {logging_mixin.py:190} INFO - [2025-03-18T11:11:19.628+0000] {dag.py:4180} INFO - Setting next_dagrun for example_weekday_branch_operator to 2025-03-17 00:00:00+00:00, run_after=2025-03-18 00:00:00+00:00
[2025-03-18T11:11:19.642+0000] {processor.py:208} INFO - Processing /usr/local/python/3.12.1/lib/python3.12/site-packages/airflow/example_dags/example_branch_day_of_week_operator.py took 0.054 seconds
