[2025-03-18T10:52:16.842+0000] {processor.py:186} INFO - Started process (PID=49696) to work on /usr/local/python/3.12.1/lib/python3.12/site-packages/airflow/example_dags/example_bash_operator.py
[2025-03-18T10:52:16.843+0000] {processor.py:914} INFO - Processing file /usr/local/python/3.12.1/lib/python3.12/site-packages/airflow/example_dags/example_bash_operator.py for tasks to queue
[2025-03-18T10:52:16.844+0000] {logging_mixin.py:190} INFO - [2025-03-18T10:52:16.844+0000] {dagbag.py:588} INFO - Filling up the DagBag from /usr/local/python/3.12.1/lib/python3.12/site-packages/airflow/example_dags/example_bash_operator.py
[2025-03-18T10:52:16.855+0000] {processor.py:925} INFO - DAG(s) 'example_bash_operator' retrieved from /usr/local/python/3.12.1/lib/python3.12/site-packages/airflow/example_dags/example_bash_operator.py
[2025-03-18T10:52:16.945+0000] {logging_mixin.py:190} INFO - [2025-03-18T10:52:16.945+0000] {override.py:1930} INFO - Created Permission View: can read on DAG:example_bash_operator
[2025-03-18T10:52:16.954+0000] {logging_mixin.py:190} INFO - [2025-03-18T10:52:16.954+0000] {override.py:1930} INFO - Created Permission View: can edit on DAG:example_bash_operator
[2025-03-18T10:52:16.960+0000] {logging_mixin.py:190} INFO - [2025-03-18T10:52:16.959+0000] {override.py:1930} INFO - Created Permission View: can delete on DAG:example_bash_operator
[2025-03-18T10:52:16.968+0000] {logging_mixin.py:190} INFO - [2025-03-18T10:52:16.968+0000] {override.py:1930} INFO - Created Permission View: can read on DAG Run:example_bash_operator
[2025-03-18T10:52:16.974+0000] {logging_mixin.py:190} INFO - [2025-03-18T10:52:16.973+0000] {override.py:1930} INFO - Created Permission View: can create on DAG Run:example_bash_operator
[2025-03-18T10:52:16.979+0000] {logging_mixin.py:190} INFO - [2025-03-18T10:52:16.979+0000] {override.py:1930} INFO - Created Permission View: menu access on DAG Run:example_bash_operator
[2025-03-18T10:52:16.985+0000] {logging_mixin.py:190} INFO - [2025-03-18T10:52:16.985+0000] {override.py:1930} INFO - Created Permission View: can delete on DAG Run:example_bash_operator
[2025-03-18T10:52:16.985+0000] {logging_mixin.py:190} INFO - [2025-03-18T10:52:16.985+0000] {dag.py:3239} INFO - Sync 1 DAGs
[2025-03-18T10:52:16.994+0000] {logging_mixin.py:190} INFO - [2025-03-18T10:52:16.994+0000] {dag.py:3262} INFO - Creating ORM DAG for example_bash_operator
[2025-03-18T10:52:17.002+0000] {logging_mixin.py:190} INFO - [2025-03-18T10:52:17.002+0000] {dag.py:4180} INFO - Setting next_dagrun for example_bash_operator to 2025-03-17 00:00:00+00:00, run_after=2025-03-18 00:00:00+00:00
[2025-03-18T10:52:17.019+0000] {processor.py:208} INFO - Processing /usr/local/python/3.12.1/lib/python3.12/site-packages/airflow/example_dags/example_bash_operator.py took 0.181 seconds
[2025-03-18T10:53:55.100+0000] {processor.py:186} INFO - Started process (PID=50974) to work on /usr/local/python/3.12.1/lib/python3.12/site-packages/airflow/example_dags/example_bash_operator.py
[2025-03-18T10:53:55.100+0000] {processor.py:914} INFO - Processing file /usr/local/python/3.12.1/lib/python3.12/site-packages/airflow/example_dags/example_bash_operator.py for tasks to queue
[2025-03-18T10:53:55.102+0000] {logging_mixin.py:190} INFO - [2025-03-18T10:53:55.101+0000] {dagbag.py:588} INFO - Filling up the DagBag from /usr/local/python/3.12.1/lib/python3.12/site-packages/airflow/example_dags/example_bash_operator.py
[2025-03-18T10:53:55.112+0000] {processor.py:925} INFO - DAG(s) 'example_bash_operator' retrieved from /usr/local/python/3.12.1/lib/python3.12/site-packages/airflow/example_dags/example_bash_operator.py
[2025-03-18T10:53:55.128+0000] {logging_mixin.py:190} INFO - [2025-03-18T10:53:55.128+0000] {dag.py:3239} INFO - Sync 1 DAGs
[2025-03-18T10:53:55.143+0000] {logging_mixin.py:190} INFO - [2025-03-18T10:53:55.143+0000] {dag.py:4180} INFO - Setting next_dagrun for example_bash_operator to 2025-03-17 00:00:00+00:00, run_after=2025-03-18 00:00:00+00:00
[2025-03-18T10:53:55.158+0000] {processor.py:208} INFO - Processing /usr/local/python/3.12.1/lib/python3.12/site-packages/airflow/example_dags/example_bash_operator.py took 0.063 seconds
[2025-03-18T10:55:13.742+0000] {processor.py:186} INFO - Started process (PID=51628) to work on /usr/local/python/3.12.1/lib/python3.12/site-packages/airflow/example_dags/example_bash_operator.py
[2025-03-18T10:55:13.742+0000] {processor.py:914} INFO - Processing file /usr/local/python/3.12.1/lib/python3.12/site-packages/airflow/example_dags/example_bash_operator.py for tasks to queue
[2025-03-18T10:55:13.744+0000] {logging_mixin.py:190} INFO - [2025-03-18T10:55:13.744+0000] {dagbag.py:588} INFO - Filling up the DagBag from /usr/local/python/3.12.1/lib/python3.12/site-packages/airflow/example_dags/example_bash_operator.py
[2025-03-18T10:55:13.754+0000] {processor.py:925} INFO - DAG(s) 'example_bash_operator' retrieved from /usr/local/python/3.12.1/lib/python3.12/site-packages/airflow/example_dags/example_bash_operator.py
[2025-03-18T10:55:13.770+0000] {logging_mixin.py:190} INFO - [2025-03-18T10:55:13.770+0000] {dag.py:3239} INFO - Sync 1 DAGs
[2025-03-18T10:55:13.786+0000] {logging_mixin.py:190} INFO - [2025-03-18T10:55:13.786+0000] {dag.py:4180} INFO - Setting next_dagrun for example_bash_operator to 2025-03-17 00:00:00+00:00, run_after=2025-03-18 00:00:00+00:00
[2025-03-18T10:55:13.801+0000] {processor.py:208} INFO - Processing /usr/local/python/3.12.1/lib/python3.12/site-packages/airflow/example_dags/example_bash_operator.py took 0.063 seconds
[2025-03-18T10:56:26.931+0000] {processor.py:186} INFO - Started process (PID=52597) to work on /usr/local/python/3.12.1/lib/python3.12/site-packages/airflow/example_dags/example_bash_operator.py
[2025-03-18T10:56:26.932+0000] {processor.py:914} INFO - Processing file /usr/local/python/3.12.1/lib/python3.12/site-packages/airflow/example_dags/example_bash_operator.py for tasks to queue
[2025-03-18T10:56:26.934+0000] {logging_mixin.py:190} INFO - [2025-03-18T10:56:26.934+0000] {dagbag.py:588} INFO - Filling up the DagBag from /usr/local/python/3.12.1/lib/python3.12/site-packages/airflow/example_dags/example_bash_operator.py
[2025-03-18T10:56:26.946+0000] {processor.py:925} INFO - DAG(s) 'example_bash_operator' retrieved from /usr/local/python/3.12.1/lib/python3.12/site-packages/airflow/example_dags/example_bash_operator.py
[2025-03-18T10:56:26.969+0000] {logging_mixin.py:190} INFO - [2025-03-18T10:56:26.968+0000] {dag.py:3239} INFO - Sync 1 DAGs
[2025-03-18T10:56:26.990+0000] {logging_mixin.py:190} INFO - [2025-03-18T10:56:26.989+0000] {dag.py:4180} INFO - Setting next_dagrun for example_bash_operator to 2025-03-17 00:00:00+00:00, run_after=2025-03-18 00:00:00+00:00
[2025-03-18T10:56:27.007+0000] {processor.py:208} INFO - Processing /usr/local/python/3.12.1/lib/python3.12/site-packages/airflow/example_dags/example_bash_operator.py took 0.080 seconds
[2025-03-18T10:57:40.079+0000] {processor.py:186} INFO - Started process (PID=53405) to work on /usr/local/python/3.12.1/lib/python3.12/site-packages/airflow/example_dags/example_bash_operator.py
[2025-03-18T10:57:40.080+0000] {processor.py:914} INFO - Processing file /usr/local/python/3.12.1/lib/python3.12/site-packages/airflow/example_dags/example_bash_operator.py for tasks to queue
[2025-03-18T10:57:40.081+0000] {logging_mixin.py:190} INFO - [2025-03-18T10:57:40.081+0000] {dagbag.py:588} INFO - Filling up the DagBag from /usr/local/python/3.12.1/lib/python3.12/site-packages/airflow/example_dags/example_bash_operator.py
[2025-03-18T10:57:40.091+0000] {processor.py:925} INFO - DAG(s) 'example_bash_operator' retrieved from /usr/local/python/3.12.1/lib/python3.12/site-packages/airflow/example_dags/example_bash_operator.py
[2025-03-18T10:57:40.108+0000] {logging_mixin.py:190} INFO - [2025-03-18T10:57:40.108+0000] {dag.py:3239} INFO - Sync 1 DAGs
[2025-03-18T10:57:40.124+0000] {logging_mixin.py:190} INFO - [2025-03-18T10:57:40.123+0000] {dag.py:4180} INFO - Setting next_dagrun for example_bash_operator to 2025-03-17 00:00:00+00:00, run_after=2025-03-18 00:00:00+00:00
[2025-03-18T10:57:40.138+0000] {processor.py:208} INFO - Processing /usr/local/python/3.12.1/lib/python3.12/site-packages/airflow/example_dags/example_bash_operator.py took 0.063 seconds
[2025-03-18T10:58:53.035+0000] {processor.py:186} INFO - Started process (PID=54164) to work on /usr/local/python/3.12.1/lib/python3.12/site-packages/airflow/example_dags/example_bash_operator.py
[2025-03-18T10:58:53.035+0000] {processor.py:914} INFO - Processing file /usr/local/python/3.12.1/lib/python3.12/site-packages/airflow/example_dags/example_bash_operator.py for tasks to queue
[2025-03-18T10:58:53.037+0000] {logging_mixin.py:190} INFO - [2025-03-18T10:58:53.036+0000] {dagbag.py:588} INFO - Filling up the DagBag from /usr/local/python/3.12.1/lib/python3.12/site-packages/airflow/example_dags/example_bash_operator.py
[2025-03-18T10:58:53.049+0000] {processor.py:925} INFO - DAG(s) 'example_bash_operator' retrieved from /usr/local/python/3.12.1/lib/python3.12/site-packages/airflow/example_dags/example_bash_operator.py
[2025-03-18T10:58:53.069+0000] {logging_mixin.py:190} INFO - [2025-03-18T10:58:53.069+0000] {dag.py:3239} INFO - Sync 1 DAGs
[2025-03-18T10:58:53.085+0000] {logging_mixin.py:190} INFO - [2025-03-18T10:58:53.085+0000] {dag.py:4180} INFO - Setting next_dagrun for example_bash_operator to 2025-03-17 00:00:00+00:00, run_after=2025-03-18 00:00:00+00:00
[2025-03-18T10:58:53.100+0000] {processor.py:208} INFO - Processing /usr/local/python/3.12.1/lib/python3.12/site-packages/airflow/example_dags/example_bash_operator.py took 0.071 seconds
[2025-03-18T11:00:04.894+0000] {processor.py:186} INFO - Started process (PID=54981) to work on /usr/local/python/3.12.1/lib/python3.12/site-packages/airflow/example_dags/example_bash_operator.py
[2025-03-18T11:00:04.895+0000] {processor.py:914} INFO - Processing file /usr/local/python/3.12.1/lib/python3.12/site-packages/airflow/example_dags/example_bash_operator.py for tasks to queue
[2025-03-18T11:00:04.896+0000] {logging_mixin.py:190} INFO - [2025-03-18T11:00:04.896+0000] {dagbag.py:588} INFO - Filling up the DagBag from /usr/local/python/3.12.1/lib/python3.12/site-packages/airflow/example_dags/example_bash_operator.py
[2025-03-18T11:00:04.907+0000] {processor.py:925} INFO - DAG(s) 'example_bash_operator' retrieved from /usr/local/python/3.12.1/lib/python3.12/site-packages/airflow/example_dags/example_bash_operator.py
[2025-03-18T11:00:04.923+0000] {logging_mixin.py:190} INFO - [2025-03-18T11:00:04.923+0000] {dag.py:3239} INFO - Sync 1 DAGs
[2025-03-18T11:00:04.940+0000] {logging_mixin.py:190} INFO - [2025-03-18T11:00:04.940+0000] {dag.py:4180} INFO - Setting next_dagrun for example_bash_operator to 2025-03-17 00:00:00+00:00, run_after=2025-03-18 00:00:00+00:00
[2025-03-18T11:00:04.956+0000] {processor.py:208} INFO - Processing /usr/local/python/3.12.1/lib/python3.12/site-packages/airflow/example_dags/example_bash_operator.py took 0.066 seconds
[2025-03-18T11:01:20.600+0000] {processor.py:186} INFO - Started process (PID=57642) to work on /usr/local/python/3.12.1/lib/python3.12/site-packages/airflow/example_dags/example_bash_operator.py
[2025-03-18T11:01:20.601+0000] {processor.py:914} INFO - Processing file /usr/local/python/3.12.1/lib/python3.12/site-packages/airflow/example_dags/example_bash_operator.py for tasks to queue
[2025-03-18T11:01:20.602+0000] {logging_mixin.py:190} INFO - [2025-03-18T11:01:20.602+0000] {dagbag.py:588} INFO - Filling up the DagBag from /usr/local/python/3.12.1/lib/python3.12/site-packages/airflow/example_dags/example_bash_operator.py
[2025-03-18T11:01:20.613+0000] {processor.py:925} INFO - DAG(s) 'example_bash_operator' retrieved from /usr/local/python/3.12.1/lib/python3.12/site-packages/airflow/example_dags/example_bash_operator.py
[2025-03-18T11:01:20.631+0000] {logging_mixin.py:190} INFO - [2025-03-18T11:01:20.631+0000] {dag.py:3239} INFO - Sync 1 DAGs
[2025-03-18T11:01:20.648+0000] {logging_mixin.py:190} INFO - [2025-03-18T11:01:20.648+0000] {dag.py:4180} INFO - Setting next_dagrun for example_bash_operator to 2025-03-17 00:00:00+00:00, run_after=2025-03-18 00:00:00+00:00
[2025-03-18T11:01:20.663+0000] {processor.py:208} INFO - Processing /usr/local/python/3.12.1/lib/python3.12/site-packages/airflow/example_dags/example_bash_operator.py took 0.067 seconds
[2025-03-18T11:02:37.397+0000] {processor.py:186} INFO - Started process (PID=58286) to work on /usr/local/python/3.12.1/lib/python3.12/site-packages/airflow/example_dags/example_bash_operator.py
[2025-03-18T11:02:37.398+0000] {processor.py:914} INFO - Processing file /usr/local/python/3.12.1/lib/python3.12/site-packages/airflow/example_dags/example_bash_operator.py for tasks to queue
[2025-03-18T11:02:37.399+0000] {logging_mixin.py:190} INFO - [2025-03-18T11:02:37.399+0000] {dagbag.py:588} INFO - Filling up the DagBag from /usr/local/python/3.12.1/lib/python3.12/site-packages/airflow/example_dags/example_bash_operator.py
[2025-03-18T11:02:37.410+0000] {processor.py:925} INFO - DAG(s) 'example_bash_operator' retrieved from /usr/local/python/3.12.1/lib/python3.12/site-packages/airflow/example_dags/example_bash_operator.py
[2025-03-18T11:02:37.426+0000] {logging_mixin.py:190} INFO - [2025-03-18T11:02:37.426+0000] {dag.py:3239} INFO - Sync 1 DAGs
[2025-03-18T11:02:37.443+0000] {logging_mixin.py:190} INFO - [2025-03-18T11:02:37.443+0000] {dag.py:4180} INFO - Setting next_dagrun for example_bash_operator to 2025-03-17 00:00:00+00:00, run_after=2025-03-18 00:00:00+00:00
[2025-03-18T11:02:37.457+0000] {processor.py:208} INFO - Processing /usr/local/python/3.12.1/lib/python3.12/site-packages/airflow/example_dags/example_bash_operator.py took 0.064 seconds
[2025-03-18T11:03:47.871+0000] {processor.py:186} INFO - Started process (PID=58876) to work on /usr/local/python/3.12.1/lib/python3.12/site-packages/airflow/example_dags/example_bash_operator.py
[2025-03-18T11:03:47.872+0000] {processor.py:914} INFO - Processing file /usr/local/python/3.12.1/lib/python3.12/site-packages/airflow/example_dags/example_bash_operator.py for tasks to queue
[2025-03-18T11:03:47.873+0000] {logging_mixin.py:190} INFO - [2025-03-18T11:03:47.873+0000] {dagbag.py:588} INFO - Filling up the DagBag from /usr/local/python/3.12.1/lib/python3.12/site-packages/airflow/example_dags/example_bash_operator.py
[2025-03-18T11:03:47.883+0000] {processor.py:925} INFO - DAG(s) 'example_bash_operator' retrieved from /usr/local/python/3.12.1/lib/python3.12/site-packages/airflow/example_dags/example_bash_operator.py
[2025-03-18T11:03:47.899+0000] {logging_mixin.py:190} INFO - [2025-03-18T11:03:47.899+0000] {dag.py:3239} INFO - Sync 1 DAGs
[2025-03-18T11:03:47.915+0000] {logging_mixin.py:190} INFO - [2025-03-18T11:03:47.915+0000] {dag.py:4180} INFO - Setting next_dagrun for example_bash_operator to 2025-03-17 00:00:00+00:00, run_after=2025-03-18 00:00:00+00:00
[2025-03-18T11:03:47.929+0000] {processor.py:208} INFO - Processing /usr/local/python/3.12.1/lib/python3.12/site-packages/airflow/example_dags/example_bash_operator.py took 0.061 seconds
[2025-03-18T11:04:59.718+0000] {processor.py:186} INFO - Started process (PID=59441) to work on /usr/local/python/3.12.1/lib/python3.12/site-packages/airflow/example_dags/example_bash_operator.py
[2025-03-18T11:04:59.719+0000] {processor.py:914} INFO - Processing file /usr/local/python/3.12.1/lib/python3.12/site-packages/airflow/example_dags/example_bash_operator.py for tasks to queue
[2025-03-18T11:04:59.720+0000] {logging_mixin.py:190} INFO - [2025-03-18T11:04:59.720+0000] {dagbag.py:588} INFO - Filling up the DagBag from /usr/local/python/3.12.1/lib/python3.12/site-packages/airflow/example_dags/example_bash_operator.py
[2025-03-18T11:04:59.730+0000] {processor.py:925} INFO - DAG(s) 'example_bash_operator' retrieved from /usr/local/python/3.12.1/lib/python3.12/site-packages/airflow/example_dags/example_bash_operator.py
[2025-03-18T11:04:59.746+0000] {logging_mixin.py:190} INFO - [2025-03-18T11:04:59.746+0000] {dag.py:3239} INFO - Sync 1 DAGs
[2025-03-18T11:04:59.762+0000] {logging_mixin.py:190} INFO - [2025-03-18T11:04:59.762+0000] {dag.py:4180} INFO - Setting next_dagrun for example_bash_operator to 2025-03-17 00:00:00+00:00, run_after=2025-03-18 00:00:00+00:00
[2025-03-18T11:04:59.776+0000] {processor.py:208} INFO - Processing /usr/local/python/3.12.1/lib/python3.12/site-packages/airflow/example_dags/example_bash_operator.py took 0.062 seconds
[2025-03-18T11:06:15.050+0000] {processor.py:186} INFO - Started process (PID=60025) to work on /usr/local/python/3.12.1/lib/python3.12/site-packages/airflow/example_dags/example_bash_operator.py
[2025-03-18T11:06:15.051+0000] {processor.py:914} INFO - Processing file /usr/local/python/3.12.1/lib/python3.12/site-packages/airflow/example_dags/example_bash_operator.py for tasks to queue
[2025-03-18T11:06:15.052+0000] {logging_mixin.py:190} INFO - [2025-03-18T11:06:15.052+0000] {dagbag.py:588} INFO - Filling up the DagBag from /usr/local/python/3.12.1/lib/python3.12/site-packages/airflow/example_dags/example_bash_operator.py
[2025-03-18T11:06:15.062+0000] {processor.py:925} INFO - DAG(s) 'example_bash_operator' retrieved from /usr/local/python/3.12.1/lib/python3.12/site-packages/airflow/example_dags/example_bash_operator.py
[2025-03-18T11:06:15.078+0000] {logging_mixin.py:190} INFO - [2025-03-18T11:06:15.078+0000] {dag.py:3239} INFO - Sync 1 DAGs
[2025-03-18T11:06:15.094+0000] {logging_mixin.py:190} INFO - [2025-03-18T11:06:15.094+0000] {dag.py:4180} INFO - Setting next_dagrun for example_bash_operator to 2025-03-17 00:00:00+00:00, run_after=2025-03-18 00:00:00+00:00
[2025-03-18T11:06:15.108+0000] {processor.py:208} INFO - Processing /usr/local/python/3.12.1/lib/python3.12/site-packages/airflow/example_dags/example_bash_operator.py took 0.062 seconds
[2025-03-18T11:07:31.275+0000] {processor.py:186} INFO - Started process (PID=60638) to work on /usr/local/python/3.12.1/lib/python3.12/site-packages/airflow/example_dags/example_bash_operator.py
[2025-03-18T11:07:31.275+0000] {processor.py:914} INFO - Processing file /usr/local/python/3.12.1/lib/python3.12/site-packages/airflow/example_dags/example_bash_operator.py for tasks to queue
[2025-03-18T11:07:31.277+0000] {logging_mixin.py:190} INFO - [2025-03-18T11:07:31.277+0000] {dagbag.py:588} INFO - Filling up the DagBag from /usr/local/python/3.12.1/lib/python3.12/site-packages/airflow/example_dags/example_bash_operator.py
[2025-03-18T11:07:31.287+0000] {processor.py:925} INFO - DAG(s) 'example_bash_operator' retrieved from /usr/local/python/3.12.1/lib/python3.12/site-packages/airflow/example_dags/example_bash_operator.py
[2025-03-18T11:07:31.303+0000] {logging_mixin.py:190} INFO - [2025-03-18T11:07:31.303+0000] {dag.py:3239} INFO - Sync 1 DAGs
[2025-03-18T11:07:31.319+0000] {logging_mixin.py:190} INFO - [2025-03-18T11:07:31.319+0000] {dag.py:4180} INFO - Setting next_dagrun for example_bash_operator to 2025-03-17 00:00:00+00:00, run_after=2025-03-18 00:00:00+00:00
[2025-03-18T11:07:31.333+0000] {processor.py:208} INFO - Processing /usr/local/python/3.12.1/lib/python3.12/site-packages/airflow/example_dags/example_bash_operator.py took 0.063 seconds
[2025-03-18T11:08:46.753+0000] {processor.py:186} INFO - Started process (PID=61271) to work on /usr/local/python/3.12.1/lib/python3.12/site-packages/airflow/example_dags/example_bash_operator.py
[2025-03-18T11:08:46.753+0000] {processor.py:914} INFO - Processing file /usr/local/python/3.12.1/lib/python3.12/site-packages/airflow/example_dags/example_bash_operator.py for tasks to queue
[2025-03-18T11:08:46.755+0000] {logging_mixin.py:190} INFO - [2025-03-18T11:08:46.755+0000] {dagbag.py:588} INFO - Filling up the DagBag from /usr/local/python/3.12.1/lib/python3.12/site-packages/airflow/example_dags/example_bash_operator.py
[2025-03-18T11:08:46.769+0000] {processor.py:925} INFO - DAG(s) 'example_bash_operator' retrieved from /usr/local/python/3.12.1/lib/python3.12/site-packages/airflow/example_dags/example_bash_operator.py
[2025-03-18T11:08:46.785+0000] {logging_mixin.py:190} INFO - [2025-03-18T11:08:46.785+0000] {dag.py:3239} INFO - Sync 1 DAGs
[2025-03-18T11:08:46.801+0000] {logging_mixin.py:190} INFO - [2025-03-18T11:08:46.801+0000] {dag.py:4180} INFO - Setting next_dagrun for example_bash_operator to 2025-03-17 00:00:00+00:00, run_after=2025-03-18 00:00:00+00:00
[2025-03-18T11:08:46.815+0000] {processor.py:208} INFO - Processing /usr/local/python/3.12.1/lib/python3.12/site-packages/airflow/example_dags/example_bash_operator.py took 0.066 seconds
[2025-03-18T11:10:06.645+0000] {processor.py:186} INFO - Started process (PID=61953) to work on /usr/local/python/3.12.1/lib/python3.12/site-packages/airflow/example_dags/example_bash_operator.py
[2025-03-18T11:10:06.646+0000] {processor.py:914} INFO - Processing file /usr/local/python/3.12.1/lib/python3.12/site-packages/airflow/example_dags/example_bash_operator.py for tasks to queue
[2025-03-18T11:10:06.648+0000] {logging_mixin.py:190} INFO - [2025-03-18T11:10:06.647+0000] {dagbag.py:588} INFO - Filling up the DagBag from /usr/local/python/3.12.1/lib/python3.12/site-packages/airflow/example_dags/example_bash_operator.py
[2025-03-18T11:10:06.658+0000] {processor.py:925} INFO - DAG(s) 'example_bash_operator' retrieved from /usr/local/python/3.12.1/lib/python3.12/site-packages/airflow/example_dags/example_bash_operator.py
[2025-03-18T11:10:06.674+0000] {logging_mixin.py:190} INFO - [2025-03-18T11:10:06.674+0000] {dag.py:3239} INFO - Sync 1 DAGs
[2025-03-18T11:10:06.689+0000] {logging_mixin.py:190} INFO - [2025-03-18T11:10:06.689+0000] {dag.py:4180} INFO - Setting next_dagrun for example_bash_operator to 2025-03-17 00:00:00+00:00, run_after=2025-03-18 00:00:00+00:00
[2025-03-18T11:10:06.703+0000] {processor.py:208} INFO - Processing /usr/local/python/3.12.1/lib/python3.12/site-packages/airflow/example_dags/example_bash_operator.py took 0.062 seconds
[2025-03-18T11:11:20.731+0000] {processor.py:186} INFO - Started process (PID=62615) to work on /usr/local/python/3.12.1/lib/python3.12/site-packages/airflow/example_dags/example_bash_operator.py
[2025-03-18T11:11:20.732+0000] {processor.py:914} INFO - Processing file /usr/local/python/3.12.1/lib/python3.12/site-packages/airflow/example_dags/example_bash_operator.py for tasks to queue
[2025-03-18T11:11:20.734+0000] {logging_mixin.py:190} INFO - [2025-03-18T11:11:20.733+0000] {dagbag.py:588} INFO - Filling up the DagBag from /usr/local/python/3.12.1/lib/python3.12/site-packages/airflow/example_dags/example_bash_operator.py
[2025-03-18T11:11:20.744+0000] {processor.py:925} INFO - DAG(s) 'example_bash_operator' retrieved from /usr/local/python/3.12.1/lib/python3.12/site-packages/airflow/example_dags/example_bash_operator.py
[2025-03-18T11:11:20.760+0000] {logging_mixin.py:190} INFO - [2025-03-18T11:11:20.760+0000] {dag.py:3239} INFO - Sync 1 DAGs
[2025-03-18T11:11:20.775+0000] {logging_mixin.py:190} INFO - [2025-03-18T11:11:20.775+0000] {dag.py:4180} INFO - Setting next_dagrun for example_bash_operator to 2025-03-17 00:00:00+00:00, run_after=2025-03-18 00:00:00+00:00
[2025-03-18T11:11:20.790+0000] {processor.py:208} INFO - Processing /usr/local/python/3.12.1/lib/python3.12/site-packages/airflow/example_dags/example_bash_operator.py took 0.062 seconds
