[2025-03-18T10:51:55.134+0000] {processor.py:186} INFO - Started process (PID=49461) to work on /usr/local/python/3.12.1/lib/python3.12/site-packages/airflow/example_dags/example_kubernetes_executor.py
[2025-03-18T10:51:55.135+0000] {processor.py:914} INFO - Processing file /usr/local/python/3.12.1/lib/python3.12/site-packages/airflow/example_dags/example_kubernetes_executor.py for tasks to queue
[2025-03-18T10:51:55.136+0000] {logging_mixin.py:190} INFO - [2025-03-18T10:51:55.136+0000] {dagbag.py:588} INFO - Filling up the DagBag from /usr/local/python/3.12.1/lib/python3.12/site-packages/airflow/example_dags/example_kubernetes_executor.py
[2025-03-18T10:51:55.138+0000] {logging_mixin.py:190} INFO - [2025-03-18T10:51:55.138+0000] {example_kubernetes_executor.py:39} WARNING - The example_kubernetes_executor example DAG requires the kubernetes provider. Please install it with: pip install apache-airflow[cncf.kubernetes]
[2025-03-18T10:51:55.138+0000] {processor.py:927} WARNING - No viable dags retrieved from /usr/local/python/3.12.1/lib/python3.12/site-packages/airflow/example_dags/example_kubernetes_executor.py
[2025-03-18T10:51:55.145+0000] {processor.py:208} INFO - Processing /usr/local/python/3.12.1/lib/python3.12/site-packages/airflow/example_dags/example_kubernetes_executor.py took 0.014 seconds
[2025-03-18T10:53:34.358+0000] {processor.py:186} INFO - Started process (PID=50695) to work on /usr/local/python/3.12.1/lib/python3.12/site-packages/airflow/example_dags/example_kubernetes_executor.py
[2025-03-18T10:53:34.359+0000] {processor.py:914} INFO - Processing file /usr/local/python/3.12.1/lib/python3.12/site-packages/airflow/example_dags/example_kubernetes_executor.py for tasks to queue
[2025-03-18T10:53:34.361+0000] {logging_mixin.py:190} INFO - [2025-03-18T10:53:34.361+0000] {dagbag.py:588} INFO - Filling up the DagBag from /usr/local/python/3.12.1/lib/python3.12/site-packages/airflow/example_dags/example_kubernetes_executor.py
[2025-03-18T10:53:34.364+0000] {logging_mixin.py:190} INFO - [2025-03-18T10:53:34.364+0000] {example_kubernetes_executor.py:39} WARNING - The example_kubernetes_executor example DAG requires the kubernetes provider. Please install it with: pip install apache-airflow[cncf.kubernetes]
[2025-03-18T10:53:34.364+0000] {processor.py:927} WARNING - No viable dags retrieved from /usr/local/python/3.12.1/lib/python3.12/site-packages/airflow/example_dags/example_kubernetes_executor.py
[2025-03-18T10:53:34.373+0000] {processor.py:208} INFO - Processing /usr/local/python/3.12.1/lib/python3.12/site-packages/airflow/example_dags/example_kubernetes_executor.py took 0.019 seconds
[2025-03-18T10:54:30.794+0000] {processor.py:186} INFO - Started process (PID=51252) to work on /usr/local/python/3.12.1/lib/python3.12/site-packages/airflow/example_dags/example_kubernetes_executor.py
[2025-03-18T10:54:30.794+0000] {processor.py:914} INFO - Processing file /usr/local/python/3.12.1/lib/python3.12/site-packages/airflow/example_dags/example_kubernetes_executor.py for tasks to queue
[2025-03-18T10:54:30.796+0000] {logging_mixin.py:190} INFO - [2025-03-18T10:54:30.796+0000] {dagbag.py:588} INFO - Filling up the DagBag from /usr/local/python/3.12.1/lib/python3.12/site-packages/airflow/example_dags/example_kubernetes_executor.py
[2025-03-18T10:54:30.798+0000] {logging_mixin.py:190} INFO - [2025-03-18T10:54:30.798+0000] {example_kubernetes_executor.py:39} WARNING - The example_kubernetes_executor example DAG requires the kubernetes provider. Please install it with: pip install apache-airflow[cncf.kubernetes]
[2025-03-18T10:54:30.798+0000] {processor.py:927} WARNING - No viable dags retrieved from /usr/local/python/3.12.1/lib/python3.12/site-packages/airflow/example_dags/example_kubernetes_executor.py
[2025-03-18T10:54:30.804+0000] {processor.py:208} INFO - Processing /usr/local/python/3.12.1/lib/python3.12/site-packages/airflow/example_dags/example_kubernetes_executor.py took 0.015 seconds
[2025-03-18T10:55:24.160+0000] {processor.py:186} INFO - Started process (PID=51715) to work on /usr/local/python/3.12.1/lib/python3.12/site-packages/airflow/example_dags/example_kubernetes_executor.py
[2025-03-18T10:55:24.161+0000] {processor.py:914} INFO - Processing file /usr/local/python/3.12.1/lib/python3.12/site-packages/airflow/example_dags/example_kubernetes_executor.py for tasks to queue
[2025-03-18T10:55:24.162+0000] {logging_mixin.py:190} INFO - [2025-03-18T10:55:24.162+0000] {dagbag.py:588} INFO - Filling up the DagBag from /usr/local/python/3.12.1/lib/python3.12/site-packages/airflow/example_dags/example_kubernetes_executor.py
[2025-03-18T10:55:24.164+0000] {logging_mixin.py:190} INFO - [2025-03-18T10:55:24.164+0000] {example_kubernetes_executor.py:39} WARNING - The example_kubernetes_executor example DAG requires the kubernetes provider. Please install it with: pip install apache-airflow[cncf.kubernetes]
[2025-03-18T10:55:24.164+0000] {processor.py:927} WARNING - No viable dags retrieved from /usr/local/python/3.12.1/lib/python3.12/site-packages/airflow/example_dags/example_kubernetes_executor.py
[2025-03-18T10:55:24.170+0000] {processor.py:208} INFO - Processing /usr/local/python/3.12.1/lib/python3.12/site-packages/airflow/example_dags/example_kubernetes_executor.py took 0.014 seconds
[2025-03-18T10:56:17.824+0000] {processor.py:186} INFO - Started process (PID=52529) to work on /usr/local/python/3.12.1/lib/python3.12/site-packages/airflow/example_dags/example_kubernetes_executor.py
[2025-03-18T10:56:17.824+0000] {processor.py:914} INFO - Processing file /usr/local/python/3.12.1/lib/python3.12/site-packages/airflow/example_dags/example_kubernetes_executor.py for tasks to queue
[2025-03-18T10:56:17.826+0000] {logging_mixin.py:190} INFO - [2025-03-18T10:56:17.825+0000] {dagbag.py:588} INFO - Filling up the DagBag from /usr/local/python/3.12.1/lib/python3.12/site-packages/airflow/example_dags/example_kubernetes_executor.py
[2025-03-18T10:56:17.828+0000] {logging_mixin.py:190} INFO - [2025-03-18T10:56:17.828+0000] {example_kubernetes_executor.py:39} WARNING - The example_kubernetes_executor example DAG requires the kubernetes provider. Please install it with: pip install apache-airflow[cncf.kubernetes]
[2025-03-18T10:56:17.828+0000] {processor.py:927} WARNING - No viable dags retrieved from /usr/local/python/3.12.1/lib/python3.12/site-packages/airflow/example_dags/example_kubernetes_executor.py
[2025-03-18T10:56:17.835+0000] {processor.py:208} INFO - Processing /usr/local/python/3.12.1/lib/python3.12/site-packages/airflow/example_dags/example_kubernetes_executor.py took 0.015 seconds
[2025-03-18T10:57:05.200+0000] {processor.py:186} INFO - Started process (PID=52938) to work on /usr/local/python/3.12.1/lib/python3.12/site-packages/airflow/example_dags/example_kubernetes_executor.py
[2025-03-18T10:57:05.200+0000] {processor.py:914} INFO - Processing file /usr/local/python/3.12.1/lib/python3.12/site-packages/airflow/example_dags/example_kubernetes_executor.py for tasks to queue
[2025-03-18T10:57:05.202+0000] {logging_mixin.py:190} INFO - [2025-03-18T10:57:05.201+0000] {dagbag.py:588} INFO - Filling up the DagBag from /usr/local/python/3.12.1/lib/python3.12/site-packages/airflow/example_dags/example_kubernetes_executor.py
[2025-03-18T10:57:05.204+0000] {logging_mixin.py:190} INFO - [2025-03-18T10:57:05.204+0000] {example_kubernetes_executor.py:39} WARNING - The example_kubernetes_executor example DAG requires the kubernetes provider. Please install it with: pip install apache-airflow[cncf.kubernetes]
[2025-03-18T10:57:05.204+0000] {processor.py:927} WARNING - No viable dags retrieved from /usr/local/python/3.12.1/lib/python3.12/site-packages/airflow/example_dags/example_kubernetes_executor.py
[2025-03-18T10:57:05.214+0000] {processor.py:208} INFO - Processing /usr/local/python/3.12.1/lib/python3.12/site-packages/airflow/example_dags/example_kubernetes_executor.py took 0.018 seconds
[2025-03-18T10:57:55.871+0000] {processor.py:186} INFO - Started process (PID=53577) to work on /usr/local/python/3.12.1/lib/python3.12/site-packages/airflow/example_dags/example_kubernetes_executor.py
[2025-03-18T10:57:55.872+0000] {processor.py:914} INFO - Processing file /usr/local/python/3.12.1/lib/python3.12/site-packages/airflow/example_dags/example_kubernetes_executor.py for tasks to queue
[2025-03-18T10:57:55.874+0000] {logging_mixin.py:190} INFO - [2025-03-18T10:57:55.873+0000] {dagbag.py:588} INFO - Filling up the DagBag from /usr/local/python/3.12.1/lib/python3.12/site-packages/airflow/example_dags/example_kubernetes_executor.py
[2025-03-18T10:57:55.876+0000] {logging_mixin.py:190} INFO - [2025-03-18T10:57:55.875+0000] {example_kubernetes_executor.py:39} WARNING - The example_kubernetes_executor example DAG requires the kubernetes provider. Please install it with: pip install apache-airflow[cncf.kubernetes]
[2025-03-18T10:57:55.876+0000] {processor.py:927} WARNING - No viable dags retrieved from /usr/local/python/3.12.1/lib/python3.12/site-packages/airflow/example_dags/example_kubernetes_executor.py
[2025-03-18T10:57:55.882+0000] {processor.py:208} INFO - Processing /usr/local/python/3.12.1/lib/python3.12/site-packages/airflow/example_dags/example_kubernetes_executor.py took 0.016 seconds
[2025-03-18T10:58:44.488+0000] {processor.py:186} INFO - Started process (PID=54029) to work on /usr/local/python/3.12.1/lib/python3.12/site-packages/airflow/example_dags/example_kubernetes_executor.py
[2025-03-18T10:58:44.489+0000] {processor.py:914} INFO - Processing file /usr/local/python/3.12.1/lib/python3.12/site-packages/airflow/example_dags/example_kubernetes_executor.py for tasks to queue
[2025-03-18T10:58:44.490+0000] {logging_mixin.py:190} INFO - [2025-03-18T10:58:44.490+0000] {dagbag.py:588} INFO - Filling up the DagBag from /usr/local/python/3.12.1/lib/python3.12/site-packages/airflow/example_dags/example_kubernetes_executor.py
[2025-03-18T10:58:44.492+0000] {logging_mixin.py:190} INFO - [2025-03-18T10:58:44.492+0000] {example_kubernetes_executor.py:39} WARNING - The example_kubernetes_executor example DAG requires the kubernetes provider. Please install it with: pip install apache-airflow[cncf.kubernetes]
[2025-03-18T10:58:44.493+0000] {processor.py:927} WARNING - No viable dags retrieved from /usr/local/python/3.12.1/lib/python3.12/site-packages/airflow/example_dags/example_kubernetes_executor.py
[2025-03-18T10:58:44.499+0000] {processor.py:208} INFO - Processing /usr/local/python/3.12.1/lib/python3.12/site-packages/airflow/example_dags/example_kubernetes_executor.py took 0.014 seconds
[2025-03-18T10:59:33.484+0000] {processor.py:186} INFO - Started process (PID=54717) to work on /usr/local/python/3.12.1/lib/python3.12/site-packages/airflow/example_dags/example_kubernetes_executor.py
[2025-03-18T10:59:33.485+0000] {processor.py:914} INFO - Processing file /usr/local/python/3.12.1/lib/python3.12/site-packages/airflow/example_dags/example_kubernetes_executor.py for tasks to queue
[2025-03-18T10:59:33.486+0000] {logging_mixin.py:190} INFO - [2025-03-18T10:59:33.486+0000] {dagbag.py:588} INFO - Filling up the DagBag from /usr/local/python/3.12.1/lib/python3.12/site-packages/airflow/example_dags/example_kubernetes_executor.py
[2025-03-18T10:59:33.489+0000] {logging_mixin.py:190} INFO - [2025-03-18T10:59:33.488+0000] {example_kubernetes_executor.py:39} WARNING - The example_kubernetes_executor example DAG requires the kubernetes provider. Please install it with: pip install apache-airflow[cncf.kubernetes]
[2025-03-18T10:59:33.489+0000] {processor.py:927} WARNING - No viable dags retrieved from /usr/local/python/3.12.1/lib/python3.12/site-packages/airflow/example_dags/example_kubernetes_executor.py
[2025-03-18T10:59:33.495+0000] {processor.py:208} INFO - Processing /usr/local/python/3.12.1/lib/python3.12/site-packages/airflow/example_dags/example_kubernetes_executor.py took 0.015 seconds
[2025-03-18T11:00:21.161+0000] {processor.py:186} INFO - Started process (PID=55245) to work on /usr/local/python/3.12.1/lib/python3.12/site-packages/airflow/example_dags/example_kubernetes_executor.py
[2025-03-18T11:00:21.161+0000] {processor.py:914} INFO - Processing file /usr/local/python/3.12.1/lib/python3.12/site-packages/airflow/example_dags/example_kubernetes_executor.py for tasks to queue
[2025-03-18T11:00:21.163+0000] {logging_mixin.py:190} INFO - [2025-03-18T11:00:21.163+0000] {dagbag.py:588} INFO - Filling up the DagBag from /usr/local/python/3.12.1/lib/python3.12/site-packages/airflow/example_dags/example_kubernetes_executor.py
[2025-03-18T11:00:21.165+0000] {logging_mixin.py:190} INFO - [2025-03-18T11:00:21.165+0000] {example_kubernetes_executor.py:39} WARNING - The example_kubernetes_executor example DAG requires the kubernetes provider. Please install it with: pip install apache-airflow[cncf.kubernetes]
[2025-03-18T11:00:21.165+0000] {processor.py:927} WARNING - No viable dags retrieved from /usr/local/python/3.12.1/lib/python3.12/site-packages/airflow/example_dags/example_kubernetes_executor.py
[2025-03-18T11:00:21.172+0000] {processor.py:208} INFO - Processing /usr/local/python/3.12.1/lib/python3.12/site-packages/airflow/example_dags/example_kubernetes_executor.py took 0.015 seconds
[2025-03-18T11:01:13.003+0000] {processor.py:186} INFO - Started process (PID=57589) to work on /usr/local/python/3.12.1/lib/python3.12/site-packages/airflow/example_dags/example_kubernetes_executor.py
[2025-03-18T11:01:13.003+0000] {processor.py:914} INFO - Processing file /usr/local/python/3.12.1/lib/python3.12/site-packages/airflow/example_dags/example_kubernetes_executor.py for tasks to queue
[2025-03-18T11:01:13.005+0000] {logging_mixin.py:190} INFO - [2025-03-18T11:01:13.005+0000] {dagbag.py:588} INFO - Filling up the DagBag from /usr/local/python/3.12.1/lib/python3.12/site-packages/airflow/example_dags/example_kubernetes_executor.py
[2025-03-18T11:01:13.007+0000] {logging_mixin.py:190} INFO - [2025-03-18T11:01:13.007+0000] {example_kubernetes_executor.py:39} WARNING - The example_kubernetes_executor example DAG requires the kubernetes provider. Please install it with: pip install apache-airflow[cncf.kubernetes]
[2025-03-18T11:01:13.007+0000] {processor.py:927} WARNING - No viable dags retrieved from /usr/local/python/3.12.1/lib/python3.12/site-packages/airflow/example_dags/example_kubernetes_executor.py
[2025-03-18T11:01:13.014+0000] {processor.py:208} INFO - Processing /usr/local/python/3.12.1/lib/python3.12/site-packages/airflow/example_dags/example_kubernetes_executor.py took 0.016 seconds
[2025-03-18T11:02:04.526+0000] {processor.py:186} INFO - Started process (PID=58031) to work on /usr/local/python/3.12.1/lib/python3.12/site-packages/airflow/example_dags/example_kubernetes_executor.py
[2025-03-18T11:02:04.526+0000] {processor.py:914} INFO - Processing file /usr/local/python/3.12.1/lib/python3.12/site-packages/airflow/example_dags/example_kubernetes_executor.py for tasks to queue
[2025-03-18T11:02:04.528+0000] {logging_mixin.py:190} INFO - [2025-03-18T11:02:04.528+0000] {dagbag.py:588} INFO - Filling up the DagBag from /usr/local/python/3.12.1/lib/python3.12/site-packages/airflow/example_dags/example_kubernetes_executor.py
[2025-03-18T11:02:04.530+0000] {logging_mixin.py:190} INFO - [2025-03-18T11:02:04.530+0000] {example_kubernetes_executor.py:39} WARNING - The example_kubernetes_executor example DAG requires the kubernetes provider. Please install it with: pip install apache-airflow[cncf.kubernetes]
[2025-03-18T11:02:04.530+0000] {processor.py:927} WARNING - No viable dags retrieved from /usr/local/python/3.12.1/lib/python3.12/site-packages/airflow/example_dags/example_kubernetes_executor.py
[2025-03-18T11:02:04.537+0000] {processor.py:208} INFO - Processing /usr/local/python/3.12.1/lib/python3.12/site-packages/airflow/example_dags/example_kubernetes_executor.py took 0.015 seconds
[2025-03-18T11:02:53.655+0000] {processor.py:186} INFO - Started process (PID=58423) to work on /usr/local/python/3.12.1/lib/python3.12/site-packages/airflow/example_dags/example_kubernetes_executor.py
[2025-03-18T11:02:53.656+0000] {processor.py:914} INFO - Processing file /usr/local/python/3.12.1/lib/python3.12/site-packages/airflow/example_dags/example_kubernetes_executor.py for tasks to queue
[2025-03-18T11:02:53.657+0000] {logging_mixin.py:190} INFO - [2025-03-18T11:02:53.657+0000] {dagbag.py:588} INFO - Filling up the DagBag from /usr/local/python/3.12.1/lib/python3.12/site-packages/airflow/example_dags/example_kubernetes_executor.py
[2025-03-18T11:02:53.659+0000] {logging_mixin.py:190} INFO - [2025-03-18T11:02:53.659+0000] {example_kubernetes_executor.py:39} WARNING - The example_kubernetes_executor example DAG requires the kubernetes provider. Please install it with: pip install apache-airflow[cncf.kubernetes]
[2025-03-18T11:02:53.659+0000] {processor.py:927} WARNING - No viable dags retrieved from /usr/local/python/3.12.1/lib/python3.12/site-packages/airflow/example_dags/example_kubernetes_executor.py
[2025-03-18T11:02:53.665+0000] {processor.py:208} INFO - Processing /usr/local/python/3.12.1/lib/python3.12/site-packages/airflow/example_dags/example_kubernetes_executor.py took 0.014 seconds
[2025-03-18T11:03:40.467+0000] {processor.py:186} INFO - Started process (PID=58813) to work on /usr/local/python/3.12.1/lib/python3.12/site-packages/airflow/example_dags/example_kubernetes_executor.py
[2025-03-18T11:03:40.468+0000] {processor.py:914} INFO - Processing file /usr/local/python/3.12.1/lib/python3.12/site-packages/airflow/example_dags/example_kubernetes_executor.py for tasks to queue
[2025-03-18T11:03:40.469+0000] {logging_mixin.py:190} INFO - [2025-03-18T11:03:40.469+0000] {dagbag.py:588} INFO - Filling up the DagBag from /usr/local/python/3.12.1/lib/python3.12/site-packages/airflow/example_dags/example_kubernetes_executor.py
[2025-03-18T11:03:40.471+0000] {logging_mixin.py:190} INFO - [2025-03-18T11:03:40.471+0000] {example_kubernetes_executor.py:39} WARNING - The example_kubernetes_executor example DAG requires the kubernetes provider. Please install it with: pip install apache-airflow[cncf.kubernetes]
[2025-03-18T11:03:40.472+0000] {processor.py:927} WARNING - No viable dags retrieved from /usr/local/python/3.12.1/lib/python3.12/site-packages/airflow/example_dags/example_kubernetes_executor.py
[2025-03-18T11:03:40.478+0000] {processor.py:208} INFO - Processing /usr/local/python/3.12.1/lib/python3.12/site-packages/airflow/example_dags/example_kubernetes_executor.py took 0.015 seconds
[2025-03-18T11:04:30.014+0000] {processor.py:186} INFO - Started process (PID=59205) to work on /usr/local/python/3.12.1/lib/python3.12/site-packages/airflow/example_dags/example_kubernetes_executor.py
[2025-03-18T11:04:30.015+0000] {processor.py:914} INFO - Processing file /usr/local/python/3.12.1/lib/python3.12/site-packages/airflow/example_dags/example_kubernetes_executor.py for tasks to queue
[2025-03-18T11:04:30.016+0000] {logging_mixin.py:190} INFO - [2025-03-18T11:04:30.016+0000] {dagbag.py:588} INFO - Filling up the DagBag from /usr/local/python/3.12.1/lib/python3.12/site-packages/airflow/example_dags/example_kubernetes_executor.py
[2025-03-18T11:04:30.019+0000] {logging_mixin.py:190} INFO - [2025-03-18T11:04:30.018+0000] {example_kubernetes_executor.py:39} WARNING - The example_kubernetes_executor example DAG requires the kubernetes provider. Please install it with: pip install apache-airflow[cncf.kubernetes]
[2025-03-18T11:04:30.019+0000] {processor.py:927} WARNING - No viable dags retrieved from /usr/local/python/3.12.1/lib/python3.12/site-packages/airflow/example_dags/example_kubernetes_executor.py
[2025-03-18T11:04:30.025+0000] {processor.py:208} INFO - Processing /usr/local/python/3.12.1/lib/python3.12/site-packages/airflow/example_dags/example_kubernetes_executor.py took 0.016 seconds
[2025-03-18T11:05:18.548+0000] {processor.py:186} INFO - Started process (PID=59594) to work on /usr/local/python/3.12.1/lib/python3.12/site-packages/airflow/example_dags/example_kubernetes_executor.py
[2025-03-18T11:05:18.548+0000] {processor.py:914} INFO - Processing file /usr/local/python/3.12.1/lib/python3.12/site-packages/airflow/example_dags/example_kubernetes_executor.py for tasks to queue
[2025-03-18T11:05:18.550+0000] {logging_mixin.py:190} INFO - [2025-03-18T11:05:18.549+0000] {dagbag.py:588} INFO - Filling up the DagBag from /usr/local/python/3.12.1/lib/python3.12/site-packages/airflow/example_dags/example_kubernetes_executor.py
[2025-03-18T11:05:18.552+0000] {logging_mixin.py:190} INFO - [2025-03-18T11:05:18.552+0000] {example_kubernetes_executor.py:39} WARNING - The example_kubernetes_executor example DAG requires the kubernetes provider. Please install it with: pip install apache-airflow[cncf.kubernetes]
[2025-03-18T11:05:18.552+0000] {processor.py:927} WARNING - No viable dags retrieved from /usr/local/python/3.12.1/lib/python3.12/site-packages/airflow/example_dags/example_kubernetes_executor.py
[2025-03-18T11:05:18.558+0000] {processor.py:208} INFO - Processing /usr/local/python/3.12.1/lib/python3.12/site-packages/airflow/example_dags/example_kubernetes_executor.py took 0.015 seconds
[2025-03-18T11:06:07.111+0000] {processor.py:186} INFO - Started process (PID=59984) to work on /usr/local/python/3.12.1/lib/python3.12/site-packages/airflow/example_dags/example_kubernetes_executor.py
[2025-03-18T11:06:07.111+0000] {processor.py:914} INFO - Processing file /usr/local/python/3.12.1/lib/python3.12/site-packages/airflow/example_dags/example_kubernetes_executor.py for tasks to queue
[2025-03-18T11:06:07.113+0000] {logging_mixin.py:190} INFO - [2025-03-18T11:06:07.113+0000] {dagbag.py:588} INFO - Filling up the DagBag from /usr/local/python/3.12.1/lib/python3.12/site-packages/airflow/example_dags/example_kubernetes_executor.py
[2025-03-18T11:06:07.115+0000] {logging_mixin.py:190} INFO - [2025-03-18T11:06:07.115+0000] {example_kubernetes_executor.py:39} WARNING - The example_kubernetes_executor example DAG requires the kubernetes provider. Please install it with: pip install apache-airflow[cncf.kubernetes]
[2025-03-18T11:06:07.115+0000] {processor.py:927} WARNING - No viable dags retrieved from /usr/local/python/3.12.1/lib/python3.12/site-packages/airflow/example_dags/example_kubernetes_executor.py
[2025-03-18T11:06:07.122+0000] {processor.py:208} INFO - Processing /usr/local/python/3.12.1/lib/python3.12/site-packages/airflow/example_dags/example_kubernetes_executor.py took 0.016 seconds
[2025-03-18T11:06:57.916+0000] {processor.py:186} INFO - Started process (PID=60377) to work on /usr/local/python/3.12.1/lib/python3.12/site-packages/airflow/example_dags/example_kubernetes_executor.py
[2025-03-18T11:06:57.917+0000] {processor.py:914} INFO - Processing file /usr/local/python/3.12.1/lib/python3.12/site-packages/airflow/example_dags/example_kubernetes_executor.py for tasks to queue
[2025-03-18T11:06:57.918+0000] {logging_mixin.py:190} INFO - [2025-03-18T11:06:57.918+0000] {dagbag.py:588} INFO - Filling up the DagBag from /usr/local/python/3.12.1/lib/python3.12/site-packages/airflow/example_dags/example_kubernetes_executor.py
[2025-03-18T11:06:57.920+0000] {logging_mixin.py:190} INFO - [2025-03-18T11:06:57.920+0000] {example_kubernetes_executor.py:39} WARNING - The example_kubernetes_executor example DAG requires the kubernetes provider. Please install it with: pip install apache-airflow[cncf.kubernetes]
[2025-03-18T11:06:57.920+0000] {processor.py:927} WARNING - No viable dags retrieved from /usr/local/python/3.12.1/lib/python3.12/site-packages/airflow/example_dags/example_kubernetes_executor.py
[2025-03-18T11:06:57.927+0000] {processor.py:208} INFO - Processing /usr/local/python/3.12.1/lib/python3.12/site-packages/airflow/example_dags/example_kubernetes_executor.py took 0.015 seconds
[2025-03-18T11:07:49.255+0000] {processor.py:186} INFO - Started process (PID=60784) to work on /usr/local/python/3.12.1/lib/python3.12/site-packages/airflow/example_dags/example_kubernetes_executor.py
[2025-03-18T11:07:49.256+0000] {processor.py:914} INFO - Processing file /usr/local/python/3.12.1/lib/python3.12/site-packages/airflow/example_dags/example_kubernetes_executor.py for tasks to queue
[2025-03-18T11:07:49.257+0000] {logging_mixin.py:190} INFO - [2025-03-18T11:07:49.257+0000] {dagbag.py:588} INFO - Filling up the DagBag from /usr/local/python/3.12.1/lib/python3.12/site-packages/airflow/example_dags/example_kubernetes_executor.py
[2025-03-18T11:07:49.259+0000] {logging_mixin.py:190} INFO - [2025-03-18T11:07:49.259+0000] {example_kubernetes_executor.py:39} WARNING - The example_kubernetes_executor example DAG requires the kubernetes provider. Please install it with: pip install apache-airflow[cncf.kubernetes]
[2025-03-18T11:07:49.259+0000] {processor.py:927} WARNING - No viable dags retrieved from /usr/local/python/3.12.1/lib/python3.12/site-packages/airflow/example_dags/example_kubernetes_executor.py
[2025-03-18T11:07:49.266+0000] {processor.py:208} INFO - Processing /usr/local/python/3.12.1/lib/python3.12/site-packages/airflow/example_dags/example_kubernetes_executor.py took 0.015 seconds
[2025-03-18T11:08:39.499+0000] {processor.py:186} INFO - Started process (PID=61208) to work on /usr/local/python/3.12.1/lib/python3.12/site-packages/airflow/example_dags/example_kubernetes_executor.py
[2025-03-18T11:08:39.500+0000] {processor.py:914} INFO - Processing file /usr/local/python/3.12.1/lib/python3.12/site-packages/airflow/example_dags/example_kubernetes_executor.py for tasks to queue
[2025-03-18T11:08:39.501+0000] {logging_mixin.py:190} INFO - [2025-03-18T11:08:39.501+0000] {dagbag.py:588} INFO - Filling up the DagBag from /usr/local/python/3.12.1/lib/python3.12/site-packages/airflow/example_dags/example_kubernetes_executor.py
[2025-03-18T11:08:39.504+0000] {logging_mixin.py:190} INFO - [2025-03-18T11:08:39.503+0000] {example_kubernetes_executor.py:39} WARNING - The example_kubernetes_executor example DAG requires the kubernetes provider. Please install it with: pip install apache-airflow[cncf.kubernetes]
[2025-03-18T11:08:39.504+0000] {processor.py:927} WARNING - No viable dags retrieved from /usr/local/python/3.12.1/lib/python3.12/site-packages/airflow/example_dags/example_kubernetes_executor.py
[2025-03-18T11:08:39.510+0000] {processor.py:208} INFO - Processing /usr/local/python/3.12.1/lib/python3.12/site-packages/airflow/example_dags/example_kubernetes_executor.py took 0.014 seconds
[2025-03-18T11:09:31.851+0000] {processor.py:186} INFO - Started process (PID=61664) to work on /usr/local/python/3.12.1/lib/python3.12/site-packages/airflow/example_dags/example_kubernetes_executor.py
[2025-03-18T11:09:31.852+0000] {processor.py:914} INFO - Processing file /usr/local/python/3.12.1/lib/python3.12/site-packages/airflow/example_dags/example_kubernetes_executor.py for tasks to queue
[2025-03-18T11:09:31.853+0000] {logging_mixin.py:190} INFO - [2025-03-18T11:09:31.853+0000] {dagbag.py:588} INFO - Filling up the DagBag from /usr/local/python/3.12.1/lib/python3.12/site-packages/airflow/example_dags/example_kubernetes_executor.py
[2025-03-18T11:09:31.856+0000] {logging_mixin.py:190} INFO - [2025-03-18T11:09:31.856+0000] {example_kubernetes_executor.py:39} WARNING - The example_kubernetes_executor example DAG requires the kubernetes provider. Please install it with: pip install apache-airflow[cncf.kubernetes]
[2025-03-18T11:09:31.856+0000] {processor.py:927} WARNING - No viable dags retrieved from /usr/local/python/3.12.1/lib/python3.12/site-packages/airflow/example_dags/example_kubernetes_executor.py
[2025-03-18T11:09:31.863+0000] {processor.py:208} INFO - Processing /usr/local/python/3.12.1/lib/python3.12/site-packages/airflow/example_dags/example_kubernetes_executor.py took 0.017 seconds
[2025-03-18T11:10:24.076+0000] {processor.py:186} INFO - Started process (PID=62108) to work on /usr/local/python/3.12.1/lib/python3.12/site-packages/airflow/example_dags/example_kubernetes_executor.py
[2025-03-18T11:10:24.076+0000] {processor.py:914} INFO - Processing file /usr/local/python/3.12.1/lib/python3.12/site-packages/airflow/example_dags/example_kubernetes_executor.py for tasks to queue
[2025-03-18T11:10:24.078+0000] {logging_mixin.py:190} INFO - [2025-03-18T11:10:24.078+0000] {dagbag.py:588} INFO - Filling up the DagBag from /usr/local/python/3.12.1/lib/python3.12/site-packages/airflow/example_dags/example_kubernetes_executor.py
[2025-03-18T11:10:24.080+0000] {logging_mixin.py:190} INFO - [2025-03-18T11:10:24.080+0000] {example_kubernetes_executor.py:39} WARNING - The example_kubernetes_executor example DAG requires the kubernetes provider. Please install it with: pip install apache-airflow[cncf.kubernetes]
[2025-03-18T11:10:24.080+0000] {processor.py:927} WARNING - No viable dags retrieved from /usr/local/python/3.12.1/lib/python3.12/site-packages/airflow/example_dags/example_kubernetes_executor.py
[2025-03-18T11:10:24.086+0000] {processor.py:208} INFO - Processing /usr/local/python/3.12.1/lib/python3.12/site-packages/airflow/example_dags/example_kubernetes_executor.py took 0.014 seconds
[2025-03-18T11:11:14.023+0000] {processor.py:186} INFO - Started process (PID=62554) to work on /usr/local/python/3.12.1/lib/python3.12/site-packages/airflow/example_dags/example_kubernetes_executor.py
[2025-03-18T11:11:14.023+0000] {processor.py:914} INFO - Processing file /usr/local/python/3.12.1/lib/python3.12/site-packages/airflow/example_dags/example_kubernetes_executor.py for tasks to queue
[2025-03-18T11:11:14.025+0000] {logging_mixin.py:190} INFO - [2025-03-18T11:11:14.024+0000] {dagbag.py:588} INFO - Filling up the DagBag from /usr/local/python/3.12.1/lib/python3.12/site-packages/airflow/example_dags/example_kubernetes_executor.py
[2025-03-18T11:11:14.027+0000] {logging_mixin.py:190} INFO - [2025-03-18T11:11:14.027+0000] {example_kubernetes_executor.py:39} WARNING - The example_kubernetes_executor example DAG requires the kubernetes provider. Please install it with: pip install apache-airflow[cncf.kubernetes]
[2025-03-18T11:11:14.027+0000] {processor.py:927} WARNING - No viable dags retrieved from /usr/local/python/3.12.1/lib/python3.12/site-packages/airflow/example_dags/example_kubernetes_executor.py
[2025-03-18T11:11:14.034+0000] {processor.py:208} INFO - Processing /usr/local/python/3.12.1/lib/python3.12/site-packages/airflow/example_dags/example_kubernetes_executor.py took 0.016 seconds
[2025-03-18T11:50:48.399+0000] {processor.py:186} INFO - Started process (PID=83088) to work on /usr/local/python/3.12.1/lib/python3.12/site-packages/airflow/example_dags/example_kubernetes_executor.py
[2025-03-18T11:50:48.400+0000] {processor.py:914} INFO - Processing file /usr/local/python/3.12.1/lib/python3.12/site-packages/airflow/example_dags/example_kubernetes_executor.py for tasks to queue
[2025-03-18T11:50:48.401+0000] {logging_mixin.py:190} INFO - [2025-03-18T11:50:48.401+0000] {dagbag.py:588} INFO - Filling up the DagBag from /usr/local/python/3.12.1/lib/python3.12/site-packages/airflow/example_dags/example_kubernetes_executor.py
[2025-03-18T11:50:48.403+0000] {logging_mixin.py:190} INFO - [2025-03-18T11:50:48.403+0000] {example_kubernetes_executor.py:39} WARNING - The example_kubernetes_executor example DAG requires the kubernetes provider. Please install it with: pip install apache-airflow[cncf.kubernetes]
[2025-03-18T11:50:48.404+0000] {processor.py:927} WARNING - No viable dags retrieved from /usr/local/python/3.12.1/lib/python3.12/site-packages/airflow/example_dags/example_kubernetes_executor.py
[2025-03-18T11:50:48.410+0000] {processor.py:208} INFO - Processing /usr/local/python/3.12.1/lib/python3.12/site-packages/airflow/example_dags/example_kubernetes_executor.py took 0.015 seconds
