[2025-03-18T10:51:44.853+0000] {processor.py:186} INFO - Started process (PID=49382) to work on /usr/local/python/3.12.1/lib/python3.12/site-packages/airflow/example_dags/example_setup_teardown_taskflow.py
[2025-03-18T10:51:44.853+0000] {processor.py:914} INFO - Processing file /usr/local/python/3.12.1/lib/python3.12/site-packages/airflow/example_dags/example_setup_teardown_taskflow.py for tasks to queue
[2025-03-18T10:51:44.855+0000] {logging_mixin.py:190} INFO - [2025-03-18T10:51:44.854+0000] {dagbag.py:588} INFO - Filling up the DagBag from /usr/local/python/3.12.1/lib/python3.12/site-packages/airflow/example_dags/example_setup_teardown_taskflow.py
[2025-03-18T10:51:44.863+0000] {processor.py:925} INFO - DAG(s) 'example_setup_teardown_taskflow' retrieved from /usr/local/python/3.12.1/lib/python3.12/site-packages/airflow/example_dags/example_setup_teardown_taskflow.py
[2025-03-18T10:51:44.950+0000] {logging_mixin.py:190} INFO - [2025-03-18T10:51:44.949+0000] {override.py:1930} INFO - Created Permission View: can read on DAG:example_setup_teardown_taskflow
[2025-03-18T10:51:44.958+0000] {logging_mixin.py:190} INFO - [2025-03-18T10:51:44.958+0000] {override.py:1930} INFO - Created Permission View: can edit on DAG:example_setup_teardown_taskflow
[2025-03-18T10:51:44.964+0000] {logging_mixin.py:190} INFO - [2025-03-18T10:51:44.964+0000] {override.py:1930} INFO - Created Permission View: can delete on DAG:example_setup_teardown_taskflow
[2025-03-18T10:51:44.973+0000] {logging_mixin.py:190} INFO - [2025-03-18T10:51:44.972+0000] {override.py:1930} INFO - Created Permission View: can read on DAG Run:example_setup_teardown_taskflow
[2025-03-18T10:51:44.978+0000] {logging_mixin.py:190} INFO - [2025-03-18T10:51:44.978+0000] {override.py:1930} INFO - Created Permission View: can create on DAG Run:example_setup_teardown_taskflow
[2025-03-18T10:51:44.984+0000] {logging_mixin.py:190} INFO - [2025-03-18T10:51:44.984+0000] {override.py:1930} INFO - Created Permission View: menu access on DAG Run:example_setup_teardown_taskflow
[2025-03-18T10:51:44.989+0000] {logging_mixin.py:190} INFO - [2025-03-18T10:51:44.989+0000] {override.py:1930} INFO - Created Permission View: can delete on DAG Run:example_setup_teardown_taskflow
[2025-03-18T10:51:44.990+0000] {logging_mixin.py:190} INFO - [2025-03-18T10:51:44.990+0000] {dag.py:3239} INFO - Sync 1 DAGs
[2025-03-18T10:51:45.000+0000] {logging_mixin.py:190} INFO - [2025-03-18T10:51:44.999+0000] {dag.py:3262} INFO - Creating ORM DAG for example_setup_teardown_taskflow
[2025-03-18T10:51:45.000+0000] {logging_mixin.py:190} INFO - [2025-03-18T10:51:45.000+0000] {dag.py:4180} INFO - Setting next_dagrun for example_setup_teardown_taskflow to None, run_after=None
[2025-03-18T10:51:45.014+0000] {processor.py:208} INFO - Processing /usr/local/python/3.12.1/lib/python3.12/site-packages/airflow/example_dags/example_setup_teardown_taskflow.py took 0.165 seconds
[2025-03-18T10:52:45.497+0000] {processor.py:186} INFO - Started process (PID=50104) to work on /usr/local/python/3.12.1/lib/python3.12/site-packages/airflow/example_dags/example_setup_teardown_taskflow.py
[2025-03-18T10:52:45.498+0000] {processor.py:914} INFO - Processing file /usr/local/python/3.12.1/lib/python3.12/site-packages/airflow/example_dags/example_setup_teardown_taskflow.py for tasks to queue
[2025-03-18T10:52:45.499+0000] {logging_mixin.py:190} INFO - [2025-03-18T10:52:45.499+0000] {dagbag.py:588} INFO - Filling up the DagBag from /usr/local/python/3.12.1/lib/python3.12/site-packages/airflow/example_dags/example_setup_teardown_taskflow.py
[2025-03-18T10:52:45.507+0000] {processor.py:925} INFO - DAG(s) 'example_setup_teardown_taskflow' retrieved from /usr/local/python/3.12.1/lib/python3.12/site-packages/airflow/example_dags/example_setup_teardown_taskflow.py
[2025-03-18T10:52:45.519+0000] {logging_mixin.py:190} INFO - [2025-03-18T10:52:45.519+0000] {dag.py:3239} INFO - Sync 1 DAGs
[2025-03-18T10:52:45.528+0000] {logging_mixin.py:190} INFO - [2025-03-18T10:52:45.528+0000] {dag.py:4180} INFO - Setting next_dagrun for example_setup_teardown_taskflow to None, run_after=None
[2025-03-18T10:52:45.542+0000] {processor.py:208} INFO - Processing /usr/local/python/3.12.1/lib/python3.12/site-packages/airflow/example_dags/example_setup_teardown_taskflow.py took 0.049 seconds
[2025-03-18T10:53:25.090+0000] {processor.py:186} INFO - Started process (PID=50593) to work on /usr/local/python/3.12.1/lib/python3.12/site-packages/airflow/example_dags/example_setup_teardown_taskflow.py
[2025-03-18T10:53:25.090+0000] {processor.py:914} INFO - Processing file /usr/local/python/3.12.1/lib/python3.12/site-packages/airflow/example_dags/example_setup_teardown_taskflow.py for tasks to queue
[2025-03-18T10:53:25.092+0000] {logging_mixin.py:190} INFO - [2025-03-18T10:53:25.091+0000] {dagbag.py:588} INFO - Filling up the DagBag from /usr/local/python/3.12.1/lib/python3.12/site-packages/airflow/example_dags/example_setup_teardown_taskflow.py
[2025-03-18T10:53:25.100+0000] {processor.py:925} INFO - DAG(s) 'example_setup_teardown_taskflow' retrieved from /usr/local/python/3.12.1/lib/python3.12/site-packages/airflow/example_dags/example_setup_teardown_taskflow.py
[2025-03-18T10:53:25.113+0000] {logging_mixin.py:190} INFO - [2025-03-18T10:53:25.113+0000] {dag.py:3239} INFO - Sync 1 DAGs
[2025-03-18T10:53:25.123+0000] {logging_mixin.py:190} INFO - [2025-03-18T10:53:25.123+0000] {dag.py:4180} INFO - Setting next_dagrun for example_setup_teardown_taskflow to None, run_after=None
[2025-03-18T10:53:25.138+0000] {processor.py:208} INFO - Processing /usr/local/python/3.12.1/lib/python3.12/site-packages/airflow/example_dags/example_setup_teardown_taskflow.py took 0.052 seconds
[2025-03-18T10:54:21.936+0000] {processor.py:186} INFO - Started process (PID=51174) to work on /usr/local/python/3.12.1/lib/python3.12/site-packages/airflow/example_dags/example_setup_teardown_taskflow.py
[2025-03-18T10:54:21.937+0000] {processor.py:914} INFO - Processing file /usr/local/python/3.12.1/lib/python3.12/site-packages/airflow/example_dags/example_setup_teardown_taskflow.py for tasks to queue
[2025-03-18T10:54:21.938+0000] {logging_mixin.py:190} INFO - [2025-03-18T10:54:21.938+0000] {dagbag.py:588} INFO - Filling up the DagBag from /usr/local/python/3.12.1/lib/python3.12/site-packages/airflow/example_dags/example_setup_teardown_taskflow.py
[2025-03-18T10:54:21.946+0000] {processor.py:925} INFO - DAG(s) 'example_setup_teardown_taskflow' retrieved from /usr/local/python/3.12.1/lib/python3.12/site-packages/airflow/example_dags/example_setup_teardown_taskflow.py
[2025-03-18T10:54:21.958+0000] {logging_mixin.py:190} INFO - [2025-03-18T10:54:21.958+0000] {dag.py:3239} INFO - Sync 1 DAGs
[2025-03-18T10:54:21.968+0000] {logging_mixin.py:190} INFO - [2025-03-18T10:54:21.968+0000] {dag.py:4180} INFO - Setting next_dagrun for example_setup_teardown_taskflow to None, run_after=None
[2025-03-18T10:54:21.983+0000] {processor.py:208} INFO - Processing /usr/local/python/3.12.1/lib/python3.12/site-packages/airflow/example_dags/example_setup_teardown_taskflow.py took 0.050 seconds
[2025-03-18T10:55:16.153+0000] {processor.py:186} INFO - Started process (PID=51658) to work on /usr/local/python/3.12.1/lib/python3.12/site-packages/airflow/example_dags/example_setup_teardown_taskflow.py
[2025-03-18T10:55:16.153+0000] {processor.py:914} INFO - Processing file /usr/local/python/3.12.1/lib/python3.12/site-packages/airflow/example_dags/example_setup_teardown_taskflow.py for tasks to queue
[2025-03-18T10:55:16.155+0000] {logging_mixin.py:190} INFO - [2025-03-18T10:55:16.155+0000] {dagbag.py:588} INFO - Filling up the DagBag from /usr/local/python/3.12.1/lib/python3.12/site-packages/airflow/example_dags/example_setup_teardown_taskflow.py
[2025-03-18T10:55:16.163+0000] {processor.py:925} INFO - DAG(s) 'example_setup_teardown_taskflow' retrieved from /usr/local/python/3.12.1/lib/python3.12/site-packages/airflow/example_dags/example_setup_teardown_taskflow.py
[2025-03-18T10:55:16.175+0000] {logging_mixin.py:190} INFO - [2025-03-18T10:55:16.175+0000] {dag.py:3239} INFO - Sync 1 DAGs
[2025-03-18T10:55:16.184+0000] {logging_mixin.py:190} INFO - [2025-03-18T10:55:16.184+0000] {dag.py:4180} INFO - Setting next_dagrun for example_setup_teardown_taskflow to None, run_after=None
[2025-03-18T10:55:16.198+0000] {processor.py:208} INFO - Processing /usr/local/python/3.12.1/lib/python3.12/site-packages/airflow/example_dags/example_setup_teardown_taskflow.py took 0.050 seconds
[2025-03-18T10:56:08.656+0000] {processor.py:186} INFO - Started process (PID=52389) to work on /usr/local/python/3.12.1/lib/python3.12/site-packages/airflow/example_dags/example_setup_teardown_taskflow.py
[2025-03-18T10:56:08.657+0000] {processor.py:914} INFO - Processing file /usr/local/python/3.12.1/lib/python3.12/site-packages/airflow/example_dags/example_setup_teardown_taskflow.py for tasks to queue
[2025-03-18T10:56:08.658+0000] {logging_mixin.py:190} INFO - [2025-03-18T10:56:08.658+0000] {dagbag.py:588} INFO - Filling up the DagBag from /usr/local/python/3.12.1/lib/python3.12/site-packages/airflow/example_dags/example_setup_teardown_taskflow.py
[2025-03-18T10:56:08.666+0000] {processor.py:925} INFO - DAG(s) 'example_setup_teardown_taskflow' retrieved from /usr/local/python/3.12.1/lib/python3.12/site-packages/airflow/example_dags/example_setup_teardown_taskflow.py
[2025-03-18T10:56:08.678+0000] {logging_mixin.py:190} INFO - [2025-03-18T10:56:08.678+0000] {dag.py:3239} INFO - Sync 1 DAGs
[2025-03-18T10:56:08.687+0000] {logging_mixin.py:190} INFO - [2025-03-18T10:56:08.687+0000] {dag.py:4180} INFO - Setting next_dagrun for example_setup_teardown_taskflow to None, run_after=None
[2025-03-18T10:56:08.704+0000] {processor.py:208} INFO - Processing /usr/local/python/3.12.1/lib/python3.12/site-packages/airflow/example_dags/example_setup_teardown_taskflow.py took 0.052 seconds
[2025-03-18T10:56:58.902+0000] {processor.py:186} INFO - Started process (PID=52856) to work on /usr/local/python/3.12.1/lib/python3.12/site-packages/airflow/example_dags/example_setup_teardown_taskflow.py
[2025-03-18T10:56:58.903+0000] {processor.py:914} INFO - Processing file /usr/local/python/3.12.1/lib/python3.12/site-packages/airflow/example_dags/example_setup_teardown_taskflow.py for tasks to queue
[2025-03-18T10:56:58.905+0000] {logging_mixin.py:190} INFO - [2025-03-18T10:56:58.904+0000] {dagbag.py:588} INFO - Filling up the DagBag from /usr/local/python/3.12.1/lib/python3.12/site-packages/airflow/example_dags/example_setup_teardown_taskflow.py
[2025-03-18T10:56:58.913+0000] {processor.py:925} INFO - DAG(s) 'example_setup_teardown_taskflow' retrieved from /usr/local/python/3.12.1/lib/python3.12/site-packages/airflow/example_dags/example_setup_teardown_taskflow.py
[2025-03-18T10:56:58.926+0000] {logging_mixin.py:190} INFO - [2025-03-18T10:56:58.925+0000] {dag.py:3239} INFO - Sync 1 DAGs
[2025-03-18T10:56:58.935+0000] {logging_mixin.py:190} INFO - [2025-03-18T10:56:58.935+0000] {dag.py:4180} INFO - Setting next_dagrun for example_setup_teardown_taskflow to None, run_after=None
[2025-03-18T10:56:58.950+0000] {processor.py:208} INFO - Processing /usr/local/python/3.12.1/lib/python3.12/site-packages/airflow/example_dags/example_setup_teardown_taskflow.py took 0.051 seconds
[2025-03-18T10:57:47.532+0000] {processor.py:186} INFO - Started process (PID=53458) to work on /usr/local/python/3.12.1/lib/python3.12/site-packages/airflow/example_dags/example_setup_teardown_taskflow.py
[2025-03-18T10:57:47.533+0000] {processor.py:914} INFO - Processing file /usr/local/python/3.12.1/lib/python3.12/site-packages/airflow/example_dags/example_setup_teardown_taskflow.py for tasks to queue
[2025-03-18T10:57:47.534+0000] {logging_mixin.py:190} INFO - [2025-03-18T10:57:47.534+0000] {dagbag.py:588} INFO - Filling up the DagBag from /usr/local/python/3.12.1/lib/python3.12/site-packages/airflow/example_dags/example_setup_teardown_taskflow.py
[2025-03-18T10:57:47.542+0000] {processor.py:925} INFO - DAG(s) 'example_setup_teardown_taskflow' retrieved from /usr/local/python/3.12.1/lib/python3.12/site-packages/airflow/example_dags/example_setup_teardown_taskflow.py
[2025-03-18T10:57:47.554+0000] {logging_mixin.py:190} INFO - [2025-03-18T10:57:47.554+0000] {dag.py:3239} INFO - Sync 1 DAGs
[2025-03-18T10:57:47.563+0000] {logging_mixin.py:190} INFO - [2025-03-18T10:57:47.563+0000] {dag.py:4180} INFO - Setting next_dagrun for example_setup_teardown_taskflow to None, run_after=None
[2025-03-18T10:57:47.578+0000] {processor.py:208} INFO - Processing /usr/local/python/3.12.1/lib/python3.12/site-packages/airflow/example_dags/example_setup_teardown_taskflow.py took 0.050 seconds
[2025-03-18T10:58:36.481+0000] {processor.py:186} INFO - Started process (PID=53933) to work on /usr/local/python/3.12.1/lib/python3.12/site-packages/airflow/example_dags/example_setup_teardown_taskflow.py
[2025-03-18T10:58:36.481+0000] {processor.py:914} INFO - Processing file /usr/local/python/3.12.1/lib/python3.12/site-packages/airflow/example_dags/example_setup_teardown_taskflow.py for tasks to queue
[2025-03-18T10:58:36.483+0000] {logging_mixin.py:190} INFO - [2025-03-18T10:58:36.483+0000] {dagbag.py:588} INFO - Filling up the DagBag from /usr/local/python/3.12.1/lib/python3.12/site-packages/airflow/example_dags/example_setup_teardown_taskflow.py
[2025-03-18T10:58:36.492+0000] {processor.py:925} INFO - DAG(s) 'example_setup_teardown_taskflow' retrieved from /usr/local/python/3.12.1/lib/python3.12/site-packages/airflow/example_dags/example_setup_teardown_taskflow.py
[2025-03-18T10:58:36.505+0000] {logging_mixin.py:190} INFO - [2025-03-18T10:58:36.505+0000] {dag.py:3239} INFO - Sync 1 DAGs
[2025-03-18T10:58:36.515+0000] {logging_mixin.py:190} INFO - [2025-03-18T10:58:36.515+0000] {dag.py:4180} INFO - Setting next_dagrun for example_setup_teardown_taskflow to None, run_after=None
[2025-03-18T10:58:36.529+0000] {processor.py:208} INFO - Processing /usr/local/python/3.12.1/lib/python3.12/site-packages/airflow/example_dags/example_setup_teardown_taskflow.py took 0.052 seconds
[2025-03-18T10:59:24.620+0000] {processor.py:186} INFO - Started process (PID=54641) to work on /usr/local/python/3.12.1/lib/python3.12/site-packages/airflow/example_dags/example_setup_teardown_taskflow.py
[2025-03-18T10:59:24.620+0000] {processor.py:914} INFO - Processing file /usr/local/python/3.12.1/lib/python3.12/site-packages/airflow/example_dags/example_setup_teardown_taskflow.py for tasks to queue
[2025-03-18T10:59:24.622+0000] {logging_mixin.py:190} INFO - [2025-03-18T10:59:24.622+0000] {dagbag.py:588} INFO - Filling up the DagBag from /usr/local/python/3.12.1/lib/python3.12/site-packages/airflow/example_dags/example_setup_teardown_taskflow.py
[2025-03-18T10:59:24.630+0000] {processor.py:925} INFO - DAG(s) 'example_setup_teardown_taskflow' retrieved from /usr/local/python/3.12.1/lib/python3.12/site-packages/airflow/example_dags/example_setup_teardown_taskflow.py
[2025-03-18T10:59:24.642+0000] {logging_mixin.py:190} INFO - [2025-03-18T10:59:24.641+0000] {dag.py:3239} INFO - Sync 1 DAGs
[2025-03-18T10:59:24.651+0000] {logging_mixin.py:190} INFO - [2025-03-18T10:59:24.651+0000] {dag.py:4180} INFO - Setting next_dagrun for example_setup_teardown_taskflow to None, run_after=None
[2025-03-18T10:59:24.665+0000] {processor.py:208} INFO - Processing /usr/local/python/3.12.1/lib/python3.12/site-packages/airflow/example_dags/example_setup_teardown_taskflow.py took 0.049 seconds
[2025-03-18T11:00:11.862+0000] {processor.py:186} INFO - Started process (PID=55079) to work on /usr/local/python/3.12.1/lib/python3.12/site-packages/airflow/example_dags/example_setup_teardown_taskflow.py
[2025-03-18T11:00:11.863+0000] {processor.py:914} INFO - Processing file /usr/local/python/3.12.1/lib/python3.12/site-packages/airflow/example_dags/example_setup_teardown_taskflow.py for tasks to queue
[2025-03-18T11:00:11.864+0000] {logging_mixin.py:190} INFO - [2025-03-18T11:00:11.864+0000] {dagbag.py:588} INFO - Filling up the DagBag from /usr/local/python/3.12.1/lib/python3.12/site-packages/airflow/example_dags/example_setup_teardown_taskflow.py
[2025-03-18T11:00:11.872+0000] {processor.py:925} INFO - DAG(s) 'example_setup_teardown_taskflow' retrieved from /usr/local/python/3.12.1/lib/python3.12/site-packages/airflow/example_dags/example_setup_teardown_taskflow.py
[2025-03-18T11:00:11.884+0000] {logging_mixin.py:190} INFO - [2025-03-18T11:00:11.884+0000] {dag.py:3239} INFO - Sync 1 DAGs
[2025-03-18T11:00:11.894+0000] {logging_mixin.py:190} INFO - [2025-03-18T11:00:11.894+0000] {dag.py:4180} INFO - Setting next_dagrun for example_setup_teardown_taskflow to None, run_after=None
[2025-03-18T11:00:11.909+0000] {processor.py:208} INFO - Processing /usr/local/python/3.12.1/lib/python3.12/site-packages/airflow/example_dags/example_setup_teardown_taskflow.py took 0.051 seconds
[2025-03-18T11:01:03.396+0000] {processor.py:186} INFO - Started process (PID=57521) to work on /usr/local/python/3.12.1/lib/python3.12/site-packages/airflow/example_dags/example_setup_teardown_taskflow.py
[2025-03-18T11:01:03.396+0000] {processor.py:914} INFO - Processing file /usr/local/python/3.12.1/lib/python3.12/site-packages/airflow/example_dags/example_setup_teardown_taskflow.py for tasks to queue
[2025-03-18T11:01:03.398+0000] {logging_mixin.py:190} INFO - [2025-03-18T11:01:03.398+0000] {dagbag.py:588} INFO - Filling up the DagBag from /usr/local/python/3.12.1/lib/python3.12/site-packages/airflow/example_dags/example_setup_teardown_taskflow.py
[2025-03-18T11:01:03.406+0000] {processor.py:925} INFO - DAG(s) 'example_setup_teardown_taskflow' retrieved from /usr/local/python/3.12.1/lib/python3.12/site-packages/airflow/example_dags/example_setup_teardown_taskflow.py
[2025-03-18T11:01:03.420+0000] {logging_mixin.py:190} INFO - [2025-03-18T11:01:03.420+0000] {dag.py:3239} INFO - Sync 1 DAGs
[2025-03-18T11:01:03.431+0000] {logging_mixin.py:190} INFO - [2025-03-18T11:01:03.431+0000] {dag.py:4180} INFO - Setting next_dagrun for example_setup_teardown_taskflow to None, run_after=None
[2025-03-18T11:01:03.462+0000] {processor.py:208} INFO - Processing /usr/local/python/3.12.1/lib/python3.12/site-packages/airflow/example_dags/example_setup_teardown_taskflow.py took 0.070 seconds
[2025-03-18T11:01:54.838+0000] {processor.py:186} INFO - Started process (PID=57958) to work on /usr/local/python/3.12.1/lib/python3.12/site-packages/airflow/example_dags/example_setup_teardown_taskflow.py
[2025-03-18T11:01:54.839+0000] {processor.py:914} INFO - Processing file /usr/local/python/3.12.1/lib/python3.12/site-packages/airflow/example_dags/example_setup_teardown_taskflow.py for tasks to queue
[2025-03-18T11:01:54.840+0000] {logging_mixin.py:190} INFO - [2025-03-18T11:01:54.840+0000] {dagbag.py:588} INFO - Filling up the DagBag from /usr/local/python/3.12.1/lib/python3.12/site-packages/airflow/example_dags/example_setup_teardown_taskflow.py
[2025-03-18T11:01:54.849+0000] {processor.py:925} INFO - DAG(s) 'example_setup_teardown_taskflow' retrieved from /usr/local/python/3.12.1/lib/python3.12/site-packages/airflow/example_dags/example_setup_teardown_taskflow.py
[2025-03-18T11:01:54.861+0000] {logging_mixin.py:190} INFO - [2025-03-18T11:01:54.861+0000] {dag.py:3239} INFO - Sync 1 DAGs
[2025-03-18T11:01:54.872+0000] {logging_mixin.py:190} INFO - [2025-03-18T11:01:54.872+0000] {dag.py:4180} INFO - Setting next_dagrun for example_setup_teardown_taskflow to None, run_after=None
[2025-03-18T11:01:54.888+0000] {processor.py:208} INFO - Processing /usr/local/python/3.12.1/lib/python3.12/site-packages/airflow/example_dags/example_setup_teardown_taskflow.py took 0.054 seconds
[2025-03-18T11:02:45.639+0000] {processor.py:186} INFO - Started process (PID=58352) to work on /usr/local/python/3.12.1/lib/python3.12/site-packages/airflow/example_dags/example_setup_teardown_taskflow.py
[2025-03-18T11:02:45.640+0000] {processor.py:914} INFO - Processing file /usr/local/python/3.12.1/lib/python3.12/site-packages/airflow/example_dags/example_setup_teardown_taskflow.py for tasks to queue
[2025-03-18T11:02:45.641+0000] {logging_mixin.py:190} INFO - [2025-03-18T11:02:45.641+0000] {dagbag.py:588} INFO - Filling up the DagBag from /usr/local/python/3.12.1/lib/python3.12/site-packages/airflow/example_dags/example_setup_teardown_taskflow.py
[2025-03-18T11:02:45.649+0000] {processor.py:925} INFO - DAG(s) 'example_setup_teardown_taskflow' retrieved from /usr/local/python/3.12.1/lib/python3.12/site-packages/airflow/example_dags/example_setup_teardown_taskflow.py
[2025-03-18T11:02:45.661+0000] {logging_mixin.py:190} INFO - [2025-03-18T11:02:45.661+0000] {dag.py:3239} INFO - Sync 1 DAGs
[2025-03-18T11:02:45.671+0000] {logging_mixin.py:190} INFO - [2025-03-18T11:02:45.670+0000] {dag.py:4180} INFO - Setting next_dagrun for example_setup_teardown_taskflow to None, run_after=None
[2025-03-18T11:02:45.686+0000] {processor.py:208} INFO - Processing /usr/local/python/3.12.1/lib/python3.12/site-packages/airflow/example_dags/example_setup_teardown_taskflow.py took 0.051 seconds
[2025-03-18T11:03:31.465+0000] {processor.py:186} INFO - Started process (PID=58740) to work on /usr/local/python/3.12.1/lib/python3.12/site-packages/airflow/example_dags/example_setup_teardown_taskflow.py
[2025-03-18T11:03:31.466+0000] {processor.py:914} INFO - Processing file /usr/local/python/3.12.1/lib/python3.12/site-packages/airflow/example_dags/example_setup_teardown_taskflow.py for tasks to queue
[2025-03-18T11:03:31.467+0000] {logging_mixin.py:190} INFO - [2025-03-18T11:03:31.467+0000] {dagbag.py:588} INFO - Filling up the DagBag from /usr/local/python/3.12.1/lib/python3.12/site-packages/airflow/example_dags/example_setup_teardown_taskflow.py
[2025-03-18T11:03:31.476+0000] {processor.py:925} INFO - DAG(s) 'example_setup_teardown_taskflow' retrieved from /usr/local/python/3.12.1/lib/python3.12/site-packages/airflow/example_dags/example_setup_teardown_taskflow.py
[2025-03-18T11:03:31.488+0000] {logging_mixin.py:190} INFO - [2025-03-18T11:03:31.488+0000] {dag.py:3239} INFO - Sync 1 DAGs
[2025-03-18T11:03:31.497+0000] {logging_mixin.py:190} INFO - [2025-03-18T11:03:31.497+0000] {dag.py:4180} INFO - Setting next_dagrun for example_setup_teardown_taskflow to None, run_after=None
[2025-03-18T11:03:31.512+0000] {processor.py:208} INFO - Processing /usr/local/python/3.12.1/lib/python3.12/site-packages/airflow/example_dags/example_setup_teardown_taskflow.py took 0.051 seconds
[2025-03-18T11:04:21.185+0000] {processor.py:186} INFO - Started process (PID=59133) to work on /usr/local/python/3.12.1/lib/python3.12/site-packages/airflow/example_dags/example_setup_teardown_taskflow.py
[2025-03-18T11:04:21.186+0000] {processor.py:914} INFO - Processing file /usr/local/python/3.12.1/lib/python3.12/site-packages/airflow/example_dags/example_setup_teardown_taskflow.py for tasks to queue
[2025-03-18T11:04:21.187+0000] {logging_mixin.py:190} INFO - [2025-03-18T11:04:21.187+0000] {dagbag.py:588} INFO - Filling up the DagBag from /usr/local/python/3.12.1/lib/python3.12/site-packages/airflow/example_dags/example_setup_teardown_taskflow.py
[2025-03-18T11:04:21.196+0000] {processor.py:925} INFO - DAG(s) 'example_setup_teardown_taskflow' retrieved from /usr/local/python/3.12.1/lib/python3.12/site-packages/airflow/example_dags/example_setup_teardown_taskflow.py
[2025-03-18T11:04:21.208+0000] {logging_mixin.py:190} INFO - [2025-03-18T11:04:21.207+0000] {dag.py:3239} INFO - Sync 1 DAGs
[2025-03-18T11:04:21.217+0000] {logging_mixin.py:190} INFO - [2025-03-18T11:04:21.217+0000] {dag.py:4180} INFO - Setting next_dagrun for example_setup_teardown_taskflow to None, run_after=None
[2025-03-18T11:04:21.231+0000] {processor.py:208} INFO - Processing /usr/local/python/3.12.1/lib/python3.12/site-packages/airflow/example_dags/example_setup_teardown_taskflow.py took 0.050 seconds
[2025-03-18T11:05:09.415+0000] {processor.py:186} INFO - Started process (PID=59515) to work on /usr/local/python/3.12.1/lib/python3.12/site-packages/airflow/example_dags/example_setup_teardown_taskflow.py
[2025-03-18T11:05:09.416+0000] {processor.py:914} INFO - Processing file /usr/local/python/3.12.1/lib/python3.12/site-packages/airflow/example_dags/example_setup_teardown_taskflow.py for tasks to queue
[2025-03-18T11:05:09.417+0000] {logging_mixin.py:190} INFO - [2025-03-18T11:05:09.417+0000] {dagbag.py:588} INFO - Filling up the DagBag from /usr/local/python/3.12.1/lib/python3.12/site-packages/airflow/example_dags/example_setup_teardown_taskflow.py
[2025-03-18T11:05:09.426+0000] {processor.py:925} INFO - DAG(s) 'example_setup_teardown_taskflow' retrieved from /usr/local/python/3.12.1/lib/python3.12/site-packages/airflow/example_dags/example_setup_teardown_taskflow.py
[2025-03-18T11:05:09.438+0000] {logging_mixin.py:190} INFO - [2025-03-18T11:05:09.437+0000] {dag.py:3239} INFO - Sync 1 DAGs
[2025-03-18T11:05:09.447+0000] {logging_mixin.py:190} INFO - [2025-03-18T11:05:09.447+0000] {dag.py:4180} INFO - Setting next_dagrun for example_setup_teardown_taskflow to None, run_after=None
[2025-03-18T11:05:09.461+0000] {processor.py:208} INFO - Processing /usr/local/python/3.12.1/lib/python3.12/site-packages/airflow/example_dags/example_setup_teardown_taskflow.py took 0.050 seconds
[2025-03-18T11:06:00.090+0000] {processor.py:186} INFO - Started process (PID=59914) to work on /usr/local/python/3.12.1/lib/python3.12/site-packages/airflow/example_dags/example_setup_teardown_taskflow.py
[2025-03-18T11:06:00.091+0000] {processor.py:914} INFO - Processing file /usr/local/python/3.12.1/lib/python3.12/site-packages/airflow/example_dags/example_setup_teardown_taskflow.py for tasks to queue
[2025-03-18T11:06:00.092+0000] {logging_mixin.py:190} INFO - [2025-03-18T11:06:00.092+0000] {dagbag.py:588} INFO - Filling up the DagBag from /usr/local/python/3.12.1/lib/python3.12/site-packages/airflow/example_dags/example_setup_teardown_taskflow.py
[2025-03-18T11:06:00.100+0000] {processor.py:925} INFO - DAG(s) 'example_setup_teardown_taskflow' retrieved from /usr/local/python/3.12.1/lib/python3.12/site-packages/airflow/example_dags/example_setup_teardown_taskflow.py
[2025-03-18T11:06:00.112+0000] {logging_mixin.py:190} INFO - [2025-03-18T11:06:00.112+0000] {dag.py:3239} INFO - Sync 1 DAGs
[2025-03-18T11:06:00.121+0000] {logging_mixin.py:190} INFO - [2025-03-18T11:06:00.121+0000] {dag.py:4180} INFO - Setting next_dagrun for example_setup_teardown_taskflow to None, run_after=None
[2025-03-18T11:06:00.135+0000] {processor.py:208} INFO - Processing /usr/local/python/3.12.1/lib/python3.12/site-packages/airflow/example_dags/example_setup_teardown_taskflow.py took 0.049 seconds
[2025-03-18T11:06:49.909+0000] {processor.py:186} INFO - Started process (PID=60312) to work on /usr/local/python/3.12.1/lib/python3.12/site-packages/airflow/example_dags/example_setup_teardown_taskflow.py
[2025-03-18T11:06:49.910+0000] {processor.py:914} INFO - Processing file /usr/local/python/3.12.1/lib/python3.12/site-packages/airflow/example_dags/example_setup_teardown_taskflow.py for tasks to queue
[2025-03-18T11:06:49.911+0000] {logging_mixin.py:190} INFO - [2025-03-18T11:06:49.911+0000] {dagbag.py:588} INFO - Filling up the DagBag from /usr/local/python/3.12.1/lib/python3.12/site-packages/airflow/example_dags/example_setup_teardown_taskflow.py
[2025-03-18T11:06:49.919+0000] {processor.py:925} INFO - DAG(s) 'example_setup_teardown_taskflow' retrieved from /usr/local/python/3.12.1/lib/python3.12/site-packages/airflow/example_dags/example_setup_teardown_taskflow.py
[2025-03-18T11:06:49.931+0000] {logging_mixin.py:190} INFO - [2025-03-18T11:06:49.931+0000] {dag.py:3239} INFO - Sync 1 DAGs
[2025-03-18T11:06:49.940+0000] {logging_mixin.py:190} INFO - [2025-03-18T11:06:49.940+0000] {dag.py:4180} INFO - Setting next_dagrun for example_setup_teardown_taskflow to None, run_after=None
[2025-03-18T11:06:49.955+0000] {processor.py:208} INFO - Processing /usr/local/python/3.12.1/lib/python3.12/site-packages/airflow/example_dags/example_setup_teardown_taskflow.py took 0.050 seconds
[2025-03-18T11:07:41.246+0000] {processor.py:186} INFO - Started process (PID=60719) to work on /usr/local/python/3.12.1/lib/python3.12/site-packages/airflow/example_dags/example_setup_teardown_taskflow.py
[2025-03-18T11:07:41.246+0000] {processor.py:914} INFO - Processing file /usr/local/python/3.12.1/lib/python3.12/site-packages/airflow/example_dags/example_setup_teardown_taskflow.py for tasks to queue
[2025-03-18T11:07:41.248+0000] {logging_mixin.py:190} INFO - [2025-03-18T11:07:41.248+0000] {dagbag.py:588} INFO - Filling up the DagBag from /usr/local/python/3.12.1/lib/python3.12/site-packages/airflow/example_dags/example_setup_teardown_taskflow.py
[2025-03-18T11:07:41.256+0000] {processor.py:925} INFO - DAG(s) 'example_setup_teardown_taskflow' retrieved from /usr/local/python/3.12.1/lib/python3.12/site-packages/airflow/example_dags/example_setup_teardown_taskflow.py
[2025-03-18T11:07:41.268+0000] {logging_mixin.py:190} INFO - [2025-03-18T11:07:41.268+0000] {dag.py:3239} INFO - Sync 1 DAGs
[2025-03-18T11:07:41.278+0000] {logging_mixin.py:190} INFO - [2025-03-18T11:07:41.278+0000] {dag.py:4180} INFO - Setting next_dagrun for example_setup_teardown_taskflow to None, run_after=None
[2025-03-18T11:07:41.292+0000] {processor.py:208} INFO - Processing /usr/local/python/3.12.1/lib/python3.12/site-packages/airflow/example_dags/example_setup_teardown_taskflow.py took 0.050 seconds
[2025-03-18T11:08:30.371+0000] {processor.py:186} INFO - Started process (PID=61136) to work on /usr/local/python/3.12.1/lib/python3.12/site-packages/airflow/example_dags/example_setup_teardown_taskflow.py
[2025-03-18T11:08:30.372+0000] {processor.py:914} INFO - Processing file /usr/local/python/3.12.1/lib/python3.12/site-packages/airflow/example_dags/example_setup_teardown_taskflow.py for tasks to queue
[2025-03-18T11:08:30.374+0000] {logging_mixin.py:190} INFO - [2025-03-18T11:08:30.373+0000] {dagbag.py:588} INFO - Filling up the DagBag from /usr/local/python/3.12.1/lib/python3.12/site-packages/airflow/example_dags/example_setup_teardown_taskflow.py
[2025-03-18T11:08:30.382+0000] {processor.py:925} INFO - DAG(s) 'example_setup_teardown_taskflow' retrieved from /usr/local/python/3.12.1/lib/python3.12/site-packages/airflow/example_dags/example_setup_teardown_taskflow.py
[2025-03-18T11:08:30.394+0000] {logging_mixin.py:190} INFO - [2025-03-18T11:08:30.394+0000] {dag.py:3239} INFO - Sync 1 DAGs
[2025-03-18T11:08:30.404+0000] {logging_mixin.py:190} INFO - [2025-03-18T11:08:30.403+0000] {dag.py:4180} INFO - Setting next_dagrun for example_setup_teardown_taskflow to None, run_after=None
[2025-03-18T11:08:30.418+0000] {processor.py:208} INFO - Processing /usr/local/python/3.12.1/lib/python3.12/site-packages/airflow/example_dags/example_setup_teardown_taskflow.py took 0.051 seconds
[2025-03-18T11:09:22.705+0000] {processor.py:186} INFO - Started process (PID=61578) to work on /usr/local/python/3.12.1/lib/python3.12/site-packages/airflow/example_dags/example_setup_teardown_taskflow.py
[2025-03-18T11:09:22.706+0000] {processor.py:914} INFO - Processing file /usr/local/python/3.12.1/lib/python3.12/site-packages/airflow/example_dags/example_setup_teardown_taskflow.py for tasks to queue
[2025-03-18T11:09:22.708+0000] {logging_mixin.py:190} INFO - [2025-03-18T11:09:22.707+0000] {dagbag.py:588} INFO - Filling up the DagBag from /usr/local/python/3.12.1/lib/python3.12/site-packages/airflow/example_dags/example_setup_teardown_taskflow.py
[2025-03-18T11:09:22.716+0000] {processor.py:925} INFO - DAG(s) 'example_setup_teardown_taskflow' retrieved from /usr/local/python/3.12.1/lib/python3.12/site-packages/airflow/example_dags/example_setup_teardown_taskflow.py
[2025-03-18T11:09:22.728+0000] {logging_mixin.py:190} INFO - [2025-03-18T11:09:22.728+0000] {dag.py:3239} INFO - Sync 1 DAGs
[2025-03-18T11:09:22.737+0000] {logging_mixin.py:190} INFO - [2025-03-18T11:09:22.737+0000] {dag.py:4180} INFO - Setting next_dagrun for example_setup_teardown_taskflow to None, run_after=None
[2025-03-18T11:09:22.751+0000] {processor.py:208} INFO - Processing /usr/local/python/3.12.1/lib/python3.12/site-packages/airflow/example_dags/example_setup_teardown_taskflow.py took 0.050 seconds
[2025-03-18T11:10:16.779+0000] {processor.py:186} INFO - Started process (PID=62042) to work on /usr/local/python/3.12.1/lib/python3.12/site-packages/airflow/example_dags/example_setup_teardown_taskflow.py
[2025-03-18T11:10:16.780+0000] {processor.py:914} INFO - Processing file /usr/local/python/3.12.1/lib/python3.12/site-packages/airflow/example_dags/example_setup_teardown_taskflow.py for tasks to queue
[2025-03-18T11:10:16.782+0000] {logging_mixin.py:190} INFO - [2025-03-18T11:10:16.782+0000] {dagbag.py:588} INFO - Filling up the DagBag from /usr/local/python/3.12.1/lib/python3.12/site-packages/airflow/example_dags/example_setup_teardown_taskflow.py
[2025-03-18T11:10:16.793+0000] {processor.py:925} INFO - DAG(s) 'example_setup_teardown_taskflow' retrieved from /usr/local/python/3.12.1/lib/python3.12/site-packages/airflow/example_dags/example_setup_teardown_taskflow.py
[2025-03-18T11:10:16.807+0000] {logging_mixin.py:190} INFO - [2025-03-18T11:10:16.807+0000] {dag.py:3239} INFO - Sync 1 DAGs
[2025-03-18T11:10:16.818+0000] {logging_mixin.py:190} INFO - [2025-03-18T11:10:16.818+0000] {dag.py:4180} INFO - Setting next_dagrun for example_setup_teardown_taskflow to None, run_after=None
[2025-03-18T11:10:16.832+0000] {processor.py:208} INFO - Processing /usr/local/python/3.12.1/lib/python3.12/site-packages/airflow/example_dags/example_setup_teardown_taskflow.py took 0.057 seconds
[2025-03-18T11:11:05.307+0000] {processor.py:186} INFO - Started process (PID=62467) to work on /usr/local/python/3.12.1/lib/python3.12/site-packages/airflow/example_dags/example_setup_teardown_taskflow.py
[2025-03-18T11:11:05.308+0000] {processor.py:914} INFO - Processing file /usr/local/python/3.12.1/lib/python3.12/site-packages/airflow/example_dags/example_setup_teardown_taskflow.py for tasks to queue
[2025-03-18T11:11:05.309+0000] {logging_mixin.py:190} INFO - [2025-03-18T11:11:05.309+0000] {dagbag.py:588} INFO - Filling up the DagBag from /usr/local/python/3.12.1/lib/python3.12/site-packages/airflow/example_dags/example_setup_teardown_taskflow.py
[2025-03-18T11:11:05.317+0000] {processor.py:925} INFO - DAG(s) 'example_setup_teardown_taskflow' retrieved from /usr/local/python/3.12.1/lib/python3.12/site-packages/airflow/example_dags/example_setup_teardown_taskflow.py
[2025-03-18T11:11:05.329+0000] {logging_mixin.py:190} INFO - [2025-03-18T11:11:05.329+0000] {dag.py:3239} INFO - Sync 1 DAGs
[2025-03-18T11:11:05.339+0000] {logging_mixin.py:190} INFO - [2025-03-18T11:11:05.339+0000] {dag.py:4180} INFO - Setting next_dagrun for example_setup_teardown_taskflow to None, run_after=None
[2025-03-18T11:11:05.353+0000] {processor.py:208} INFO - Processing /usr/local/python/3.12.1/lib/python3.12/site-packages/airflow/example_dags/example_setup_teardown_taskflow.py took 0.050 seconds
[2025-03-18T11:11:52.601+0000] {processor.py:186} INFO - Started process (PID=62993) to work on /usr/local/python/3.12.1/lib/python3.12/site-packages/airflow/example_dags/example_setup_teardown_taskflow.py
[2025-03-18T11:11:52.602+0000] {processor.py:914} INFO - Processing file /usr/local/python/3.12.1/lib/python3.12/site-packages/airflow/example_dags/example_setup_teardown_taskflow.py for tasks to queue
[2025-03-18T11:11:52.604+0000] {logging_mixin.py:190} INFO - [2025-03-18T11:11:52.603+0000] {dagbag.py:588} INFO - Filling up the DagBag from /usr/local/python/3.12.1/lib/python3.12/site-packages/airflow/example_dags/example_setup_teardown_taskflow.py
[2025-03-18T11:11:52.612+0000] {processor.py:925} INFO - DAG(s) 'example_setup_teardown_taskflow' retrieved from /usr/local/python/3.12.1/lib/python3.12/site-packages/airflow/example_dags/example_setup_teardown_taskflow.py
[2025-03-18T11:11:52.624+0000] {logging_mixin.py:190} INFO - [2025-03-18T11:11:52.623+0000] {dag.py:3239} INFO - Sync 1 DAGs
[2025-03-18T11:11:52.633+0000] {logging_mixin.py:190} INFO - [2025-03-18T11:11:52.633+0000] {dag.py:4180} INFO - Setting next_dagrun for example_setup_teardown_taskflow to None, run_after=None
[2025-03-18T11:11:52.647+0000] {processor.py:208} INFO - Processing /usr/local/python/3.12.1/lib/python3.12/site-packages/airflow/example_dags/example_setup_teardown_taskflow.py took 0.050 seconds
[2025-03-18T11:50:39.165+0000] {processor.py:186} INFO - Started process (PID=83015) to work on /usr/local/python/3.12.1/lib/python3.12/site-packages/airflow/example_dags/example_setup_teardown_taskflow.py
[2025-03-18T11:50:39.166+0000] {processor.py:914} INFO - Processing file /usr/local/python/3.12.1/lib/python3.12/site-packages/airflow/example_dags/example_setup_teardown_taskflow.py for tasks to queue
[2025-03-18T11:50:39.167+0000] {logging_mixin.py:190} INFO - [2025-03-18T11:50:39.167+0000] {dagbag.py:588} INFO - Filling up the DagBag from /usr/local/python/3.12.1/lib/python3.12/site-packages/airflow/example_dags/example_setup_teardown_taskflow.py
[2025-03-18T11:50:39.175+0000] {processor.py:925} INFO - DAG(s) 'example_setup_teardown_taskflow' retrieved from /usr/local/python/3.12.1/lib/python3.12/site-packages/airflow/example_dags/example_setup_teardown_taskflow.py
[2025-03-18T11:50:39.189+0000] {logging_mixin.py:190} INFO - [2025-03-18T11:50:39.189+0000] {dag.py:3239} INFO - Sync 1 DAGs
[2025-03-18T11:50:39.199+0000] {logging_mixin.py:190} INFO - [2025-03-18T11:50:39.199+0000] {dag.py:4180} INFO - Setting next_dagrun for example_setup_teardown_taskflow to None, run_after=None
[2025-03-18T11:50:39.213+0000] {processor.py:208} INFO - Processing /usr/local/python/3.12.1/lib/python3.12/site-packages/airflow/example_dags/example_setup_teardown_taskflow.py took 0.052 seconds
