[2025-03-18T10:51:27.817+0000] {processor.py:186} INFO - Started process (PID=49219) to work on /usr/local/python/3.12.1/lib/python3.12/site-packages/airflow/example_dags/example_trigger_target_dag.py
[2025-03-18T10:51:27.817+0000] {processor.py:914} INFO - Processing file /usr/local/python/3.12.1/lib/python3.12/site-packages/airflow/example_dags/example_trigger_target_dag.py for tasks to queue
[2025-03-18T10:51:27.819+0000] {logging_mixin.py:190} INFO - [2025-03-18T10:51:27.819+0000] {dagbag.py:588} INFO - Filling up the DagBag from /usr/local/python/3.12.1/lib/python3.12/site-packages/airflow/example_dags/example_trigger_target_dag.py
[2025-03-18T10:51:27.825+0000] {processor.py:925} INFO - DAG(s) 'example_trigger_target_dag' retrieved from /usr/local/python/3.12.1/lib/python3.12/site-packages/airflow/example_dags/example_trigger_target_dag.py
[2025-03-18T10:51:27.910+0000] {logging_mixin.py:190} INFO - [2025-03-18T10:51:27.909+0000] {override.py:1930} INFO - Created Permission View: can read on DAG:example_trigger_target_dag
[2025-03-18T10:51:27.918+0000] {logging_mixin.py:190} INFO - [2025-03-18T10:51:27.918+0000] {override.py:1930} INFO - Created Permission View: can edit on DAG:example_trigger_target_dag
[2025-03-18T10:51:27.924+0000] {logging_mixin.py:190} INFO - [2025-03-18T10:51:27.923+0000] {override.py:1930} INFO - Created Permission View: can delete on DAG:example_trigger_target_dag
[2025-03-18T10:51:27.932+0000] {logging_mixin.py:190} INFO - [2025-03-18T10:51:27.932+0000] {override.py:1930} INFO - Created Permission View: can read on DAG Run:example_trigger_target_dag
[2025-03-18T10:51:27.938+0000] {logging_mixin.py:190} INFO - [2025-03-18T10:51:27.937+0000] {override.py:1930} INFO - Created Permission View: can create on DAG Run:example_trigger_target_dag
[2025-03-18T10:51:27.943+0000] {logging_mixin.py:190} INFO - [2025-03-18T10:51:27.943+0000] {override.py:1930} INFO - Created Permission View: menu access on DAG Run:example_trigger_target_dag
[2025-03-18T10:51:27.949+0000] {logging_mixin.py:190} INFO - [2025-03-18T10:51:27.948+0000] {override.py:1930} INFO - Created Permission View: can delete on DAG Run:example_trigger_target_dag
[2025-03-18T10:51:27.949+0000] {logging_mixin.py:190} INFO - [2025-03-18T10:51:27.949+0000] {dag.py:3239} INFO - Sync 1 DAGs
[2025-03-18T10:51:27.957+0000] {logging_mixin.py:190} INFO - [2025-03-18T10:51:27.957+0000] {dag.py:3262} INFO - Creating ORM DAG for example_trigger_target_dag
[2025-03-18T10:51:27.958+0000] {logging_mixin.py:190} INFO - [2025-03-18T10:51:27.957+0000] {dag.py:4180} INFO - Setting next_dagrun for example_trigger_target_dag to None, run_after=None
[2025-03-18T10:51:27.972+0000] {processor.py:208} INFO - Processing /usr/local/python/3.12.1/lib/python3.12/site-packages/airflow/example_dags/example_trigger_target_dag.py took 0.159 seconds
[2025-03-18T10:52:28.953+0000] {processor.py:186} INFO - Started process (PID=49841) to work on /usr/local/python/3.12.1/lib/python3.12/site-packages/airflow/example_dags/example_trigger_target_dag.py
[2025-03-18T10:52:28.954+0000] {processor.py:914} INFO - Processing file /usr/local/python/3.12.1/lib/python3.12/site-packages/airflow/example_dags/example_trigger_target_dag.py for tasks to queue
[2025-03-18T10:52:28.956+0000] {logging_mixin.py:190} INFO - [2025-03-18T10:52:28.956+0000] {dagbag.py:588} INFO - Filling up the DagBag from /usr/local/python/3.12.1/lib/python3.12/site-packages/airflow/example_dags/example_trigger_target_dag.py
[2025-03-18T10:52:28.962+0000] {processor.py:925} INFO - DAG(s) 'example_trigger_target_dag' retrieved from /usr/local/python/3.12.1/lib/python3.12/site-packages/airflow/example_dags/example_trigger_target_dag.py
[2025-03-18T10:52:28.973+0000] {logging_mixin.py:190} INFO - [2025-03-18T10:52:28.972+0000] {dag.py:3239} INFO - Sync 1 DAGs
[2025-03-18T10:52:28.982+0000] {logging_mixin.py:190} INFO - [2025-03-18T10:52:28.982+0000] {dag.py:4180} INFO - Setting next_dagrun for example_trigger_target_dag to None, run_after=None
[2025-03-18T10:52:28.997+0000] {processor.py:208} INFO - Processing /usr/local/python/3.12.1/lib/python3.12/site-packages/airflow/example_dags/example_trigger_target_dag.py took 0.049 seconds
[2025-03-18T10:53:10.284+0000] {processor.py:186} INFO - Started process (PID=50412) to work on /usr/local/python/3.12.1/lib/python3.12/site-packages/airflow/example_dags/example_trigger_target_dag.py
[2025-03-18T10:53:10.284+0000] {processor.py:914} INFO - Processing file /usr/local/python/3.12.1/lib/python3.12/site-packages/airflow/example_dags/example_trigger_target_dag.py for tasks to queue
[2025-03-18T10:53:10.286+0000] {logging_mixin.py:190} INFO - [2025-03-18T10:53:10.286+0000] {dagbag.py:588} INFO - Filling up the DagBag from /usr/local/python/3.12.1/lib/python3.12/site-packages/airflow/example_dags/example_trigger_target_dag.py
[2025-03-18T10:53:10.292+0000] {processor.py:925} INFO - DAG(s) 'example_trigger_target_dag' retrieved from /usr/local/python/3.12.1/lib/python3.12/site-packages/airflow/example_dags/example_trigger_target_dag.py
[2025-03-18T10:53:10.307+0000] {logging_mixin.py:190} INFO - [2025-03-18T10:53:10.307+0000] {dag.py:3239} INFO - Sync 1 DAGs
[2025-03-18T10:53:10.317+0000] {logging_mixin.py:190} INFO - [2025-03-18T10:53:10.316+0000] {dag.py:4180} INFO - Setting next_dagrun for example_trigger_target_dag to None, run_after=None
[2025-03-18T10:53:10.332+0000] {processor.py:208} INFO - Processing /usr/local/python/3.12.1/lib/python3.12/site-packages/airflow/example_dags/example_trigger_target_dag.py took 0.052 seconds
[2025-03-18T10:54:06.409+0000] {processor.py:186} INFO - Started process (PID=51063) to work on /usr/local/python/3.12.1/lib/python3.12/site-packages/airflow/example_dags/example_trigger_target_dag.py
[2025-03-18T10:54:06.410+0000] {processor.py:914} INFO - Processing file /usr/local/python/3.12.1/lib/python3.12/site-packages/airflow/example_dags/example_trigger_target_dag.py for tasks to queue
[2025-03-18T10:54:06.412+0000] {logging_mixin.py:190} INFO - [2025-03-18T10:54:06.411+0000] {dagbag.py:588} INFO - Filling up the DagBag from /usr/local/python/3.12.1/lib/python3.12/site-packages/airflow/example_dags/example_trigger_target_dag.py
[2025-03-18T10:54:06.417+0000] {processor.py:925} INFO - DAG(s) 'example_trigger_target_dag' retrieved from /usr/local/python/3.12.1/lib/python3.12/site-packages/airflow/example_dags/example_trigger_target_dag.py
[2025-03-18T10:54:06.427+0000] {logging_mixin.py:190} INFO - [2025-03-18T10:54:06.427+0000] {dag.py:3239} INFO - Sync 1 DAGs
[2025-03-18T10:54:06.436+0000] {logging_mixin.py:190} INFO - [2025-03-18T10:54:06.436+0000] {dag.py:4180} INFO - Setting next_dagrun for example_trigger_target_dag to None, run_after=None
[2025-03-18T10:54:06.451+0000] {processor.py:208} INFO - Processing /usr/local/python/3.12.1/lib/python3.12/site-packages/airflow/example_dags/example_trigger_target_dag.py took 0.045 seconds
[2025-03-18T10:55:00.138+0000] {processor.py:186} INFO - Started process (PID=51521) to work on /usr/local/python/3.12.1/lib/python3.12/site-packages/airflow/example_dags/example_trigger_target_dag.py
[2025-03-18T10:55:00.138+0000] {processor.py:914} INFO - Processing file /usr/local/python/3.12.1/lib/python3.12/site-packages/airflow/example_dags/example_trigger_target_dag.py for tasks to queue
[2025-03-18T10:55:00.140+0000] {logging_mixin.py:190} INFO - [2025-03-18T10:55:00.140+0000] {dagbag.py:588} INFO - Filling up the DagBag from /usr/local/python/3.12.1/lib/python3.12/site-packages/airflow/example_dags/example_trigger_target_dag.py
[2025-03-18T10:55:00.146+0000] {processor.py:925} INFO - DAG(s) 'example_trigger_target_dag' retrieved from /usr/local/python/3.12.1/lib/python3.12/site-packages/airflow/example_dags/example_trigger_target_dag.py
[2025-03-18T10:55:00.156+0000] {logging_mixin.py:190} INFO - [2025-03-18T10:55:00.156+0000] {dag.py:3239} INFO - Sync 1 DAGs
[2025-03-18T10:55:00.165+0000] {logging_mixin.py:190} INFO - [2025-03-18T10:55:00.165+0000] {dag.py:4180} INFO - Setting next_dagrun for example_trigger_target_dag to None, run_after=None
[2025-03-18T10:55:00.179+0000] {processor.py:208} INFO - Processing /usr/local/python/3.12.1/lib/python3.12/site-packages/airflow/example_dags/example_trigger_target_dag.py took 0.046 seconds
[2025-03-18T10:55:48.697+0000] {processor.py:186} INFO - Started process (PID=52105) to work on /usr/local/python/3.12.1/lib/python3.12/site-packages/airflow/example_dags/example_trigger_target_dag.py
[2025-03-18T10:55:48.697+0000] {processor.py:914} INFO - Processing file /usr/local/python/3.12.1/lib/python3.12/site-packages/airflow/example_dags/example_trigger_target_dag.py for tasks to queue
[2025-03-18T10:55:48.699+0000] {logging_mixin.py:190} INFO - [2025-03-18T10:55:48.698+0000] {dagbag.py:588} INFO - Filling up the DagBag from /usr/local/python/3.12.1/lib/python3.12/site-packages/airflow/example_dags/example_trigger_target_dag.py
[2025-03-18T10:55:48.705+0000] {processor.py:925} INFO - DAG(s) 'example_trigger_target_dag' retrieved from /usr/local/python/3.12.1/lib/python3.12/site-packages/airflow/example_dags/example_trigger_target_dag.py
[2025-03-18T10:55:48.714+0000] {logging_mixin.py:190} INFO - [2025-03-18T10:55:48.714+0000] {dag.py:3239} INFO - Sync 1 DAGs
[2025-03-18T10:55:48.724+0000] {logging_mixin.py:190} INFO - [2025-03-18T10:55:48.724+0000] {dag.py:4180} INFO - Setting next_dagrun for example_trigger_target_dag to None, run_after=None
[2025-03-18T10:55:48.738+0000] {processor.py:208} INFO - Processing /usr/local/python/3.12.1/lib/python3.12/site-packages/airflow/example_dags/example_trigger_target_dag.py took 0.046 seconds
[2025-03-18T10:56:38.344+0000] {processor.py:186} INFO - Started process (PID=52699) to work on /usr/local/python/3.12.1/lib/python3.12/site-packages/airflow/example_dags/example_trigger_target_dag.py
[2025-03-18T10:56:38.345+0000] {processor.py:914} INFO - Processing file /usr/local/python/3.12.1/lib/python3.12/site-packages/airflow/example_dags/example_trigger_target_dag.py for tasks to queue
[2025-03-18T10:56:38.346+0000] {logging_mixin.py:190} INFO - [2025-03-18T10:56:38.346+0000] {dagbag.py:588} INFO - Filling up the DagBag from /usr/local/python/3.12.1/lib/python3.12/site-packages/airflow/example_dags/example_trigger_target_dag.py
[2025-03-18T10:56:38.352+0000] {processor.py:925} INFO - DAG(s) 'example_trigger_target_dag' retrieved from /usr/local/python/3.12.1/lib/python3.12/site-packages/airflow/example_dags/example_trigger_target_dag.py
[2025-03-18T10:56:38.364+0000] {logging_mixin.py:190} INFO - [2025-03-18T10:56:38.363+0000] {dag.py:3239} INFO - Sync 1 DAGs
[2025-03-18T10:56:38.374+0000] {logging_mixin.py:190} INFO - [2025-03-18T10:56:38.374+0000] {dag.py:4180} INFO - Setting next_dagrun for example_trigger_target_dag to None, run_after=None
[2025-03-18T10:56:38.392+0000] {processor.py:208} INFO - Processing /usr/local/python/3.12.1/lib/python3.12/site-packages/airflow/example_dags/example_trigger_target_dag.py took 0.052 seconds
[2025-03-18T10:57:27.524+0000] {processor.py:186} INFO - Started process (PID=53286) to work on /usr/local/python/3.12.1/lib/python3.12/site-packages/airflow/example_dags/example_trigger_target_dag.py
[2025-03-18T10:57:27.525+0000] {processor.py:914} INFO - Processing file /usr/local/python/3.12.1/lib/python3.12/site-packages/airflow/example_dags/example_trigger_target_dag.py for tasks to queue
[2025-03-18T10:57:27.526+0000] {logging_mixin.py:190} INFO - [2025-03-18T10:57:27.526+0000] {dagbag.py:588} INFO - Filling up the DagBag from /usr/local/python/3.12.1/lib/python3.12/site-packages/airflow/example_dags/example_trigger_target_dag.py
[2025-03-18T10:57:27.533+0000] {processor.py:925} INFO - DAG(s) 'example_trigger_target_dag' retrieved from /usr/local/python/3.12.1/lib/python3.12/site-packages/airflow/example_dags/example_trigger_target_dag.py
[2025-03-18T10:57:27.542+0000] {logging_mixin.py:190} INFO - [2025-03-18T10:57:27.542+0000] {dag.py:3239} INFO - Sync 1 DAGs
[2025-03-18T10:57:27.552+0000] {logging_mixin.py:190} INFO - [2025-03-18T10:57:27.551+0000] {dag.py:4180} INFO - Setting next_dagrun for example_trigger_target_dag to None, run_after=None
[2025-03-18T10:57:27.566+0000] {processor.py:208} INFO - Processing /usr/local/python/3.12.1/lib/python3.12/site-packages/airflow/example_dags/example_trigger_target_dag.py took 0.045 seconds
[2025-03-18T10:58:16.060+0000] {processor.py:186} INFO - Started process (PID=53780) to work on /usr/local/python/3.12.1/lib/python3.12/site-packages/airflow/example_dags/example_trigger_target_dag.py
[2025-03-18T10:58:16.060+0000] {processor.py:914} INFO - Processing file /usr/local/python/3.12.1/lib/python3.12/site-packages/airflow/example_dags/example_trigger_target_dag.py for tasks to queue
[2025-03-18T10:58:16.062+0000] {logging_mixin.py:190} INFO - [2025-03-18T10:58:16.062+0000] {dagbag.py:588} INFO - Filling up the DagBag from /usr/local/python/3.12.1/lib/python3.12/site-packages/airflow/example_dags/example_trigger_target_dag.py
[2025-03-18T10:58:16.068+0000] {processor.py:925} INFO - DAG(s) 'example_trigger_target_dag' retrieved from /usr/local/python/3.12.1/lib/python3.12/site-packages/airflow/example_dags/example_trigger_target_dag.py
[2025-03-18T10:58:16.078+0000] {logging_mixin.py:190} INFO - [2025-03-18T10:58:16.078+0000] {dag.py:3239} INFO - Sync 1 DAGs
[2025-03-18T10:58:16.088+0000] {logging_mixin.py:190} INFO - [2025-03-18T10:58:16.087+0000] {dag.py:4180} INFO - Setting next_dagrun for example_trigger_target_dag to None, run_after=None
[2025-03-18T10:58:16.103+0000] {processor.py:208} INFO - Processing /usr/local/python/3.12.1/lib/python3.12/site-packages/airflow/example_dags/example_trigger_target_dag.py took 0.047 seconds
[2025-03-18T10:59:02.983+0000] {processor.py:186} INFO - Started process (PID=54321) to work on /usr/local/python/3.12.1/lib/python3.12/site-packages/airflow/example_dags/example_trigger_target_dag.py
[2025-03-18T10:59:02.984+0000] {processor.py:914} INFO - Processing file /usr/local/python/3.12.1/lib/python3.12/site-packages/airflow/example_dags/example_trigger_target_dag.py for tasks to queue
[2025-03-18T10:59:02.986+0000] {logging_mixin.py:190} INFO - [2025-03-18T10:59:02.985+0000] {dagbag.py:588} INFO - Filling up the DagBag from /usr/local/python/3.12.1/lib/python3.12/site-packages/airflow/example_dags/example_trigger_target_dag.py
[2025-03-18T10:59:02.992+0000] {processor.py:925} INFO - DAG(s) 'example_trigger_target_dag' retrieved from /usr/local/python/3.12.1/lib/python3.12/site-packages/airflow/example_dags/example_trigger_target_dag.py
[2025-03-18T10:59:03.001+0000] {logging_mixin.py:190} INFO - [2025-03-18T10:59:03.001+0000] {dag.py:3239} INFO - Sync 1 DAGs
[2025-03-18T10:59:03.011+0000] {logging_mixin.py:190} INFO - [2025-03-18T10:59:03.010+0000] {dag.py:4180} INFO - Setting next_dagrun for example_trigger_target_dag to None, run_after=None
[2025-03-18T10:59:03.026+0000] {processor.py:208} INFO - Processing /usr/local/python/3.12.1/lib/python3.12/site-packages/airflow/example_dags/example_trigger_target_dag.py took 0.046 seconds
[2025-03-18T10:59:50.886+0000] {processor.py:186} INFO - Started process (PID=54870) to work on /usr/local/python/3.12.1/lib/python3.12/site-packages/airflow/example_dags/example_trigger_target_dag.py
[2025-03-18T10:59:50.887+0000] {processor.py:914} INFO - Processing file /usr/local/python/3.12.1/lib/python3.12/site-packages/airflow/example_dags/example_trigger_target_dag.py for tasks to queue
[2025-03-18T10:59:50.889+0000] {logging_mixin.py:190} INFO - [2025-03-18T10:59:50.888+0000] {dagbag.py:588} INFO - Filling up the DagBag from /usr/local/python/3.12.1/lib/python3.12/site-packages/airflow/example_dags/example_trigger_target_dag.py
[2025-03-18T10:59:50.894+0000] {processor.py:925} INFO - DAG(s) 'example_trigger_target_dag' retrieved from /usr/local/python/3.12.1/lib/python3.12/site-packages/airflow/example_dags/example_trigger_target_dag.py
[2025-03-18T10:59:50.904+0000] {logging_mixin.py:190} INFO - [2025-03-18T10:59:50.904+0000] {dag.py:3239} INFO - Sync 1 DAGs
[2025-03-18T10:59:50.913+0000] {logging_mixin.py:190} INFO - [2025-03-18T10:59:50.913+0000] {dag.py:4180} INFO - Setting next_dagrun for example_trigger_target_dag to None, run_after=None
[2025-03-18T10:59:50.927+0000] {processor.py:208} INFO - Processing /usr/local/python/3.12.1/lib/python3.12/site-packages/airflow/example_dags/example_trigger_target_dag.py took 0.045 seconds
[2025-03-18T11:00:40.975+0000] {processor.py:186} INFO - Started process (PID=55922) to work on /usr/local/python/3.12.1/lib/python3.12/site-packages/airflow/example_dags/example_trigger_target_dag.py
[2025-03-18T11:00:40.975+0000] {processor.py:914} INFO - Processing file /usr/local/python/3.12.1/lib/python3.12/site-packages/airflow/example_dags/example_trigger_target_dag.py for tasks to queue
[2025-03-18T11:00:40.977+0000] {logging_mixin.py:190} INFO - [2025-03-18T11:00:40.977+0000] {dagbag.py:588} INFO - Filling up the DagBag from /usr/local/python/3.12.1/lib/python3.12/site-packages/airflow/example_dags/example_trigger_target_dag.py
[2025-03-18T11:00:40.983+0000] {processor.py:925} INFO - DAG(s) 'example_trigger_target_dag' retrieved from /usr/local/python/3.12.1/lib/python3.12/site-packages/airflow/example_dags/example_trigger_target_dag.py
[2025-03-18T11:00:40.992+0000] {logging_mixin.py:190} INFO - [2025-03-18T11:00:40.992+0000] {dag.py:3239} INFO - Sync 1 DAGs
[2025-03-18T11:00:41.002+0000] {logging_mixin.py:190} INFO - [2025-03-18T11:00:41.001+0000] {dag.py:4180} INFO - Setting next_dagrun for example_trigger_target_dag to None, run_after=None
[2025-03-18T11:00:41.016+0000] {processor.py:208} INFO - Processing /usr/local/python/3.12.1/lib/python3.12/site-packages/airflow/example_dags/example_trigger_target_dag.py took 0.045 seconds
[2025-03-18T11:01:32.546+0000] {processor.py:186} INFO - Started process (PID=57786) to work on /usr/local/python/3.12.1/lib/python3.12/site-packages/airflow/example_dags/example_trigger_target_dag.py
[2025-03-18T11:01:32.547+0000] {processor.py:914} INFO - Processing file /usr/local/python/3.12.1/lib/python3.12/site-packages/airflow/example_dags/example_trigger_target_dag.py for tasks to queue
[2025-03-18T11:01:32.548+0000] {logging_mixin.py:190} INFO - [2025-03-18T11:01:32.548+0000] {dagbag.py:588} INFO - Filling up the DagBag from /usr/local/python/3.12.1/lib/python3.12/site-packages/airflow/example_dags/example_trigger_target_dag.py
[2025-03-18T11:01:32.554+0000] {processor.py:925} INFO - DAG(s) 'example_trigger_target_dag' retrieved from /usr/local/python/3.12.1/lib/python3.12/site-packages/airflow/example_dags/example_trigger_target_dag.py
[2025-03-18T11:01:32.564+0000] {logging_mixin.py:190} INFO - [2025-03-18T11:01:32.564+0000] {dag.py:3239} INFO - Sync 1 DAGs
[2025-03-18T11:01:32.574+0000] {logging_mixin.py:190} INFO - [2025-03-18T11:01:32.573+0000] {dag.py:4180} INFO - Setting next_dagrun for example_trigger_target_dag to None, run_after=None
[2025-03-18T11:01:32.588+0000] {processor.py:208} INFO - Processing /usr/local/python/3.12.1/lib/python3.12/site-packages/airflow/example_dags/example_trigger_target_dag.py took 0.046 seconds
[2025-03-18T11:02:23.947+0000] {processor.py:186} INFO - Started process (PID=58186) to work on /usr/local/python/3.12.1/lib/python3.12/site-packages/airflow/example_dags/example_trigger_target_dag.py
[2025-03-18T11:02:23.948+0000] {processor.py:914} INFO - Processing file /usr/local/python/3.12.1/lib/python3.12/site-packages/airflow/example_dags/example_trigger_target_dag.py for tasks to queue
[2025-03-18T11:02:23.949+0000] {logging_mixin.py:190} INFO - [2025-03-18T11:02:23.949+0000] {dagbag.py:588} INFO - Filling up the DagBag from /usr/local/python/3.12.1/lib/python3.12/site-packages/airflow/example_dags/example_trigger_target_dag.py
[2025-03-18T11:02:23.955+0000] {processor.py:925} INFO - DAG(s) 'example_trigger_target_dag' retrieved from /usr/local/python/3.12.1/lib/python3.12/site-packages/airflow/example_dags/example_trigger_target_dag.py
[2025-03-18T11:02:23.965+0000] {logging_mixin.py:190} INFO - [2025-03-18T11:02:23.965+0000] {dag.py:3239} INFO - Sync 1 DAGs
[2025-03-18T11:02:23.974+0000] {logging_mixin.py:190} INFO - [2025-03-18T11:02:23.974+0000] {dag.py:4180} INFO - Setting next_dagrun for example_trigger_target_dag to None, run_after=None
[2025-03-18T11:02:23.989+0000] {processor.py:208} INFO - Processing /usr/local/python/3.12.1/lib/python3.12/site-packages/airflow/example_dags/example_trigger_target_dag.py took 0.046 seconds
[2025-03-18T11:03:11.941+0000] {processor.py:186} INFO - Started process (PID=58581) to work on /usr/local/python/3.12.1/lib/python3.12/site-packages/airflow/example_dags/example_trigger_target_dag.py
[2025-03-18T11:03:11.942+0000] {processor.py:914} INFO - Processing file /usr/local/python/3.12.1/lib/python3.12/site-packages/airflow/example_dags/example_trigger_target_dag.py for tasks to queue
[2025-03-18T11:03:11.943+0000] {logging_mixin.py:190} INFO - [2025-03-18T11:03:11.943+0000] {dagbag.py:588} INFO - Filling up the DagBag from /usr/local/python/3.12.1/lib/python3.12/site-packages/airflow/example_dags/example_trigger_target_dag.py
[2025-03-18T11:03:11.949+0000] {processor.py:925} INFO - DAG(s) 'example_trigger_target_dag' retrieved from /usr/local/python/3.12.1/lib/python3.12/site-packages/airflow/example_dags/example_trigger_target_dag.py
[2025-03-18T11:03:11.959+0000] {logging_mixin.py:190} INFO - [2025-03-18T11:03:11.959+0000] {dag.py:3239} INFO - Sync 1 DAGs
[2025-03-18T11:03:11.968+0000] {logging_mixin.py:190} INFO - [2025-03-18T11:03:11.968+0000] {dag.py:4180} INFO - Setting next_dagrun for example_trigger_target_dag to None, run_after=None
[2025-03-18T11:03:11.983+0000] {processor.py:208} INFO - Processing /usr/local/python/3.12.1/lib/python3.12/site-packages/airflow/example_dags/example_trigger_target_dag.py took 0.046 seconds
[2025-03-18T11:03:58.469+0000] {processor.py:186} INFO - Started process (PID=58958) to work on /usr/local/python/3.12.1/lib/python3.12/site-packages/airflow/example_dags/example_trigger_target_dag.py
[2025-03-18T11:03:58.469+0000] {processor.py:914} INFO - Processing file /usr/local/python/3.12.1/lib/python3.12/site-packages/airflow/example_dags/example_trigger_target_dag.py for tasks to queue
[2025-03-18T11:03:58.471+0000] {logging_mixin.py:190} INFO - [2025-03-18T11:03:58.471+0000] {dagbag.py:588} INFO - Filling up the DagBag from /usr/local/python/3.12.1/lib/python3.12/site-packages/airflow/example_dags/example_trigger_target_dag.py
[2025-03-18T11:03:58.477+0000] {processor.py:925} INFO - DAG(s) 'example_trigger_target_dag' retrieved from /usr/local/python/3.12.1/lib/python3.12/site-packages/airflow/example_dags/example_trigger_target_dag.py
[2025-03-18T11:03:58.487+0000] {logging_mixin.py:190} INFO - [2025-03-18T11:03:58.487+0000] {dag.py:3239} INFO - Sync 1 DAGs
[2025-03-18T11:03:58.497+0000] {logging_mixin.py:190} INFO - [2025-03-18T11:03:58.497+0000] {dag.py:4180} INFO - Setting next_dagrun for example_trigger_target_dag to None, run_after=None
[2025-03-18T11:03:58.512+0000] {processor.py:208} INFO - Processing /usr/local/python/3.12.1/lib/python3.12/site-packages/airflow/example_dags/example_trigger_target_dag.py took 0.047 seconds
[2025-03-18T11:04:47.708+0000] {processor.py:186} INFO - Started process (PID=59349) to work on /usr/local/python/3.12.1/lib/python3.12/site-packages/airflow/example_dags/example_trigger_target_dag.py
[2025-03-18T11:04:47.709+0000] {processor.py:914} INFO - Processing file /usr/local/python/3.12.1/lib/python3.12/site-packages/airflow/example_dags/example_trigger_target_dag.py for tasks to queue
[2025-03-18T11:04:47.710+0000] {logging_mixin.py:190} INFO - [2025-03-18T11:04:47.710+0000] {dagbag.py:588} INFO - Filling up the DagBag from /usr/local/python/3.12.1/lib/python3.12/site-packages/airflow/example_dags/example_trigger_target_dag.py
[2025-03-18T11:04:47.717+0000] {processor.py:925} INFO - DAG(s) 'example_trigger_target_dag' retrieved from /usr/local/python/3.12.1/lib/python3.12/site-packages/airflow/example_dags/example_trigger_target_dag.py
[2025-03-18T11:04:47.727+0000] {logging_mixin.py:190} INFO - [2025-03-18T11:04:47.727+0000] {dag.py:3239} INFO - Sync 1 DAGs
[2025-03-18T11:04:47.736+0000] {logging_mixin.py:190} INFO - [2025-03-18T11:04:47.736+0000] {dag.py:4180} INFO - Setting next_dagrun for example_trigger_target_dag to None, run_after=None
[2025-03-18T11:04:47.751+0000] {processor.py:208} INFO - Processing /usr/local/python/3.12.1/lib/python3.12/site-packages/airflow/example_dags/example_trigger_target_dag.py took 0.047 seconds
[2025-03-18T11:05:35.695+0000] {processor.py:186} INFO - Started process (PID=59731) to work on /usr/local/python/3.12.1/lib/python3.12/site-packages/airflow/example_dags/example_trigger_target_dag.py
[2025-03-18T11:05:35.696+0000] {processor.py:914} INFO - Processing file /usr/local/python/3.12.1/lib/python3.12/site-packages/airflow/example_dags/example_trigger_target_dag.py for tasks to queue
[2025-03-18T11:05:35.697+0000] {logging_mixin.py:190} INFO - [2025-03-18T11:05:35.697+0000] {dagbag.py:588} INFO - Filling up the DagBag from /usr/local/python/3.12.1/lib/python3.12/site-packages/airflow/example_dags/example_trigger_target_dag.py
[2025-03-18T11:05:35.703+0000] {processor.py:925} INFO - DAG(s) 'example_trigger_target_dag' retrieved from /usr/local/python/3.12.1/lib/python3.12/site-packages/airflow/example_dags/example_trigger_target_dag.py
[2025-03-18T11:05:35.713+0000] {logging_mixin.py:190} INFO - [2025-03-18T11:05:35.713+0000] {dag.py:3239} INFO - Sync 1 DAGs
[2025-03-18T11:05:35.722+0000] {logging_mixin.py:190} INFO - [2025-03-18T11:05:35.722+0000] {dag.py:4180} INFO - Setting next_dagrun for example_trigger_target_dag to None, run_after=None
[2025-03-18T11:05:35.737+0000] {processor.py:208} INFO - Processing /usr/local/python/3.12.1/lib/python3.12/site-packages/airflow/example_dags/example_trigger_target_dag.py took 0.046 seconds
[2025-03-18T11:06:25.653+0000] {processor.py:186} INFO - Started process (PID=60113) to work on /usr/local/python/3.12.1/lib/python3.12/site-packages/airflow/example_dags/example_trigger_target_dag.py
[2025-03-18T11:06:25.653+0000] {processor.py:914} INFO - Processing file /usr/local/python/3.12.1/lib/python3.12/site-packages/airflow/example_dags/example_trigger_target_dag.py for tasks to queue
[2025-03-18T11:06:25.655+0000] {logging_mixin.py:190} INFO - [2025-03-18T11:06:25.654+0000] {dagbag.py:588} INFO - Filling up the DagBag from /usr/local/python/3.12.1/lib/python3.12/site-packages/airflow/example_dags/example_trigger_target_dag.py
[2025-03-18T11:06:25.661+0000] {processor.py:925} INFO - DAG(s) 'example_trigger_target_dag' retrieved from /usr/local/python/3.12.1/lib/python3.12/site-packages/airflow/example_dags/example_trigger_target_dag.py
[2025-03-18T11:06:25.671+0000] {logging_mixin.py:190} INFO - [2025-03-18T11:06:25.671+0000] {dag.py:3239} INFO - Sync 1 DAGs
[2025-03-18T11:06:25.680+0000] {logging_mixin.py:190} INFO - [2025-03-18T11:06:25.680+0000] {dag.py:4180} INFO - Setting next_dagrun for example_trigger_target_dag to None, run_after=None
[2025-03-18T11:06:25.694+0000] {processor.py:208} INFO - Processing /usr/local/python/3.12.1/lib/python3.12/site-packages/airflow/example_dags/example_trigger_target_dag.py took 0.046 seconds
[2025-03-18T11:07:17.810+0000] {processor.py:186} INFO - Started process (PID=60537) to work on /usr/local/python/3.12.1/lib/python3.12/site-packages/airflow/example_dags/example_trigger_target_dag.py
[2025-03-18T11:07:17.811+0000] {processor.py:914} INFO - Processing file /usr/local/python/3.12.1/lib/python3.12/site-packages/airflow/example_dags/example_trigger_target_dag.py for tasks to queue
[2025-03-18T11:07:17.812+0000] {logging_mixin.py:190} INFO - [2025-03-18T11:07:17.812+0000] {dagbag.py:588} INFO - Filling up the DagBag from /usr/local/python/3.12.1/lib/python3.12/site-packages/airflow/example_dags/example_trigger_target_dag.py
[2025-03-18T11:07:17.819+0000] {processor.py:925} INFO - DAG(s) 'example_trigger_target_dag' retrieved from /usr/local/python/3.12.1/lib/python3.12/site-packages/airflow/example_dags/example_trigger_target_dag.py
[2025-03-18T11:07:17.828+0000] {logging_mixin.py:190} INFO - [2025-03-18T11:07:17.828+0000] {dag.py:3239} INFO - Sync 1 DAGs
[2025-03-18T11:07:17.837+0000] {logging_mixin.py:190} INFO - [2025-03-18T11:07:17.837+0000] {dag.py:4180} INFO - Setting next_dagrun for example_trigger_target_dag to None, run_after=None
[2025-03-18T11:07:17.852+0000] {processor.py:208} INFO - Processing /usr/local/python/3.12.1/lib/python3.12/site-packages/airflow/example_dags/example_trigger_target_dag.py took 0.046 seconds
[2025-03-18T11:08:08.082+0000] {processor.py:186} INFO - Started process (PID=60964) to work on /usr/local/python/3.12.1/lib/python3.12/site-packages/airflow/example_dags/example_trigger_target_dag.py
[2025-03-18T11:08:08.082+0000] {processor.py:914} INFO - Processing file /usr/local/python/3.12.1/lib/python3.12/site-packages/airflow/example_dags/example_trigger_target_dag.py for tasks to queue
[2025-03-18T11:08:08.084+0000] {logging_mixin.py:190} INFO - [2025-03-18T11:08:08.084+0000] {dagbag.py:588} INFO - Filling up the DagBag from /usr/local/python/3.12.1/lib/python3.12/site-packages/airflow/example_dags/example_trigger_target_dag.py
[2025-03-18T11:08:08.090+0000] {processor.py:925} INFO - DAG(s) 'example_trigger_target_dag' retrieved from /usr/local/python/3.12.1/lib/python3.12/site-packages/airflow/example_dags/example_trigger_target_dag.py
[2025-03-18T11:08:08.100+0000] {logging_mixin.py:190} INFO - [2025-03-18T11:08:08.100+0000] {dag.py:3239} INFO - Sync 1 DAGs
[2025-03-18T11:08:08.109+0000] {logging_mixin.py:190} INFO - [2025-03-18T11:08:08.109+0000] {dag.py:4180} INFO - Setting next_dagrun for example_trigger_target_dag to None, run_after=None
[2025-03-18T11:08:08.123+0000] {processor.py:208} INFO - Processing /usr/local/python/3.12.1/lib/python3.12/site-packages/airflow/example_dags/example_trigger_target_dag.py took 0.046 seconds
[2025-03-18T11:08:58.167+0000] {processor.py:186} INFO - Started process (PID=61391) to work on /usr/local/python/3.12.1/lib/python3.12/site-packages/airflow/example_dags/example_trigger_target_dag.py
[2025-03-18T11:08:58.168+0000] {processor.py:914} INFO - Processing file /usr/local/python/3.12.1/lib/python3.12/site-packages/airflow/example_dags/example_trigger_target_dag.py for tasks to queue
[2025-03-18T11:08:58.169+0000] {logging_mixin.py:190} INFO - [2025-03-18T11:08:58.169+0000] {dagbag.py:588} INFO - Filling up the DagBag from /usr/local/python/3.12.1/lib/python3.12/site-packages/airflow/example_dags/example_trigger_target_dag.py
[2025-03-18T11:08:58.175+0000] {processor.py:925} INFO - DAG(s) 'example_trigger_target_dag' retrieved from /usr/local/python/3.12.1/lib/python3.12/site-packages/airflow/example_dags/example_trigger_target_dag.py
[2025-03-18T11:08:58.185+0000] {logging_mixin.py:190} INFO - [2025-03-18T11:08:58.185+0000] {dag.py:3239} INFO - Sync 1 DAGs
[2025-03-18T11:08:58.194+0000] {logging_mixin.py:190} INFO - [2025-03-18T11:08:58.194+0000] {dag.py:4180} INFO - Setting next_dagrun for example_trigger_target_dag to None, run_after=None
[2025-03-18T11:08:58.208+0000] {processor.py:208} INFO - Processing /usr/local/python/3.12.1/lib/python3.12/site-packages/airflow/example_dags/example_trigger_target_dag.py took 0.045 seconds
[2025-03-18T11:09:52.387+0000] {processor.py:186} INFO - Started process (PID=61837) to work on /usr/local/python/3.12.1/lib/python3.12/site-packages/airflow/example_dags/example_trigger_target_dag.py
[2025-03-18T11:09:52.387+0000] {processor.py:914} INFO - Processing file /usr/local/python/3.12.1/lib/python3.12/site-packages/airflow/example_dags/example_trigger_target_dag.py for tasks to queue
[2025-03-18T11:09:52.389+0000] {logging_mixin.py:190} INFO - [2025-03-18T11:09:52.389+0000] {dagbag.py:588} INFO - Filling up the DagBag from /usr/local/python/3.12.1/lib/python3.12/site-packages/airflow/example_dags/example_trigger_target_dag.py
[2025-03-18T11:09:52.395+0000] {processor.py:925} INFO - DAG(s) 'example_trigger_target_dag' retrieved from /usr/local/python/3.12.1/lib/python3.12/site-packages/airflow/example_dags/example_trigger_target_dag.py
[2025-03-18T11:09:52.405+0000] {logging_mixin.py:190} INFO - [2025-03-18T11:09:52.405+0000] {dag.py:3239} INFO - Sync 1 DAGs
[2025-03-18T11:09:52.415+0000] {logging_mixin.py:190} INFO - [2025-03-18T11:09:52.414+0000] {dag.py:4180} INFO - Setting next_dagrun for example_trigger_target_dag to None, run_after=None
[2025-03-18T11:09:52.429+0000] {processor.py:208} INFO - Processing /usr/local/python/3.12.1/lib/python3.12/site-packages/airflow/example_dags/example_trigger_target_dag.py took 0.046 seconds
[2025-03-18T11:10:42.617+0000] {processor.py:186} INFO - Started process (PID=62277) to work on /usr/local/python/3.12.1/lib/python3.12/site-packages/airflow/example_dags/example_trigger_target_dag.py
[2025-03-18T11:10:42.617+0000] {processor.py:914} INFO - Processing file /usr/local/python/3.12.1/lib/python3.12/site-packages/airflow/example_dags/example_trigger_target_dag.py for tasks to queue
[2025-03-18T11:10:42.619+0000] {logging_mixin.py:190} INFO - [2025-03-18T11:10:42.619+0000] {dagbag.py:588} INFO - Filling up the DagBag from /usr/local/python/3.12.1/lib/python3.12/site-packages/airflow/example_dags/example_trigger_target_dag.py
[2025-03-18T11:10:42.625+0000] {processor.py:925} INFO - DAG(s) 'example_trigger_target_dag' retrieved from /usr/local/python/3.12.1/lib/python3.12/site-packages/airflow/example_dags/example_trigger_target_dag.py
[2025-03-18T11:10:42.635+0000] {logging_mixin.py:190} INFO - [2025-03-18T11:10:42.635+0000] {dag.py:3239} INFO - Sync 1 DAGs
[2025-03-18T11:10:42.644+0000] {logging_mixin.py:190} INFO - [2025-03-18T11:10:42.644+0000] {dag.py:4180} INFO - Setting next_dagrun for example_trigger_target_dag to None, run_after=None
[2025-03-18T11:10:42.658+0000] {processor.py:208} INFO - Processing /usr/local/python/3.12.1/lib/python3.12/site-packages/airflow/example_dags/example_trigger_target_dag.py took 0.045 seconds
[2025-03-18T11:11:32.038+0000] {processor.py:186} INFO - Started process (PID=62706) to work on /usr/local/python/3.12.1/lib/python3.12/site-packages/airflow/example_dags/example_trigger_target_dag.py
[2025-03-18T11:11:32.039+0000] {processor.py:914} INFO - Processing file /usr/local/python/3.12.1/lib/python3.12/site-packages/airflow/example_dags/example_trigger_target_dag.py for tasks to queue
[2025-03-18T11:11:32.040+0000] {logging_mixin.py:190} INFO - [2025-03-18T11:11:32.040+0000] {dagbag.py:588} INFO - Filling up the DagBag from /usr/local/python/3.12.1/lib/python3.12/site-packages/airflow/example_dags/example_trigger_target_dag.py
[2025-03-18T11:11:32.046+0000] {processor.py:925} INFO - DAG(s) 'example_trigger_target_dag' retrieved from /usr/local/python/3.12.1/lib/python3.12/site-packages/airflow/example_dags/example_trigger_target_dag.py
[2025-03-18T11:11:32.056+0000] {logging_mixin.py:190} INFO - [2025-03-18T11:11:32.056+0000] {dag.py:3239} INFO - Sync 1 DAGs
[2025-03-18T11:11:32.065+0000] {logging_mixin.py:190} INFO - [2025-03-18T11:11:32.065+0000] {dag.py:4180} INFO - Setting next_dagrun for example_trigger_target_dag to None, run_after=None
[2025-03-18T11:11:32.079+0000] {processor.py:208} INFO - Processing /usr/local/python/3.12.1/lib/python3.12/site-packages/airflow/example_dags/example_trigger_target_dag.py took 0.045 seconds
[2025-03-18T11:12:19.382+0000] {processor.py:186} INFO - Started process (PID=63291) to work on /usr/local/python/3.12.1/lib/python3.12/site-packages/airflow/example_dags/example_trigger_target_dag.py
[2025-03-18T11:12:19.382+0000] {processor.py:914} INFO - Processing file /usr/local/python/3.12.1/lib/python3.12/site-packages/airflow/example_dags/example_trigger_target_dag.py for tasks to queue
[2025-03-18T11:12:19.384+0000] {logging_mixin.py:190} INFO - [2025-03-18T11:12:19.384+0000] {dagbag.py:588} INFO - Filling up the DagBag from /usr/local/python/3.12.1/lib/python3.12/site-packages/airflow/example_dags/example_trigger_target_dag.py
[2025-03-18T11:12:19.390+0000] {processor.py:925} INFO - DAG(s) 'example_trigger_target_dag' retrieved from /usr/local/python/3.12.1/lib/python3.12/site-packages/airflow/example_dags/example_trigger_target_dag.py
[2025-03-18T11:12:19.400+0000] {logging_mixin.py:190} INFO - [2025-03-18T11:12:19.400+0000] {dag.py:3239} INFO - Sync 1 DAGs
[2025-03-18T11:12:19.409+0000] {logging_mixin.py:190} INFO - [2025-03-18T11:12:19.409+0000] {dag.py:4180} INFO - Setting next_dagrun for example_trigger_target_dag to None, run_after=None
[2025-03-18T11:12:19.424+0000] {processor.py:208} INFO - Processing /usr/local/python/3.12.1/lib/python3.12/site-packages/airflow/example_dags/example_trigger_target_dag.py took 0.046 seconds
[2025-03-18T11:49:49.669+0000] {processor.py:186} INFO - Started process (PID=82418) to work on /usr/local/python/3.12.1/lib/python3.12/site-packages/airflow/example_dags/example_trigger_target_dag.py
[2025-03-18T11:49:49.670+0000] {processor.py:914} INFO - Processing file /usr/local/python/3.12.1/lib/python3.12/site-packages/airflow/example_dags/example_trigger_target_dag.py for tasks to queue
[2025-03-18T11:49:49.671+0000] {logging_mixin.py:190} INFO - [2025-03-18T11:49:49.671+0000] {dagbag.py:588} INFO - Filling up the DagBag from /usr/local/python/3.12.1/lib/python3.12/site-packages/airflow/example_dags/example_trigger_target_dag.py
[2025-03-18T11:49:49.677+0000] {processor.py:925} INFO - DAG(s) 'example_trigger_target_dag' retrieved from /usr/local/python/3.12.1/lib/python3.12/site-packages/airflow/example_dags/example_trigger_target_dag.py
[2025-03-18T11:49:49.692+0000] {logging_mixin.py:190} INFO - [2025-03-18T11:49:49.692+0000] {dag.py:3239} INFO - Sync 1 DAGs
[2025-03-18T11:49:49.702+0000] {logging_mixin.py:190} INFO - [2025-03-18T11:49:49.702+0000] {dag.py:4180} INFO - Setting next_dagrun for example_trigger_target_dag to None, run_after=None
[2025-03-18T11:49:49.718+0000] {processor.py:208} INFO - Processing /usr/local/python/3.12.1/lib/python3.12/site-packages/airflow/example_dags/example_trigger_target_dag.py took 0.053 seconds
[2025-03-18T11:50:24.360+0000] {processor.py:186} INFO - Started process (PID=82889) to work on /usr/local/python/3.12.1/lib/python3.12/site-packages/airflow/example_dags/example_trigger_target_dag.py
[2025-03-18T11:50:24.361+0000] {processor.py:914} INFO - Processing file /usr/local/python/3.12.1/lib/python3.12/site-packages/airflow/example_dags/example_trigger_target_dag.py for tasks to queue
[2025-03-18T11:50:24.362+0000] {logging_mixin.py:190} INFO - [2025-03-18T11:50:24.362+0000] {dagbag.py:588} INFO - Filling up the DagBag from /usr/local/python/3.12.1/lib/python3.12/site-packages/airflow/example_dags/example_trigger_target_dag.py
[2025-03-18T11:50:24.369+0000] {processor.py:925} INFO - DAG(s) 'example_trigger_target_dag' retrieved from /usr/local/python/3.12.1/lib/python3.12/site-packages/airflow/example_dags/example_trigger_target_dag.py
[2025-03-18T11:50:24.385+0000] {logging_mixin.py:190} INFO - [2025-03-18T11:50:24.385+0000] {dag.py:3239} INFO - Sync 1 DAGs
[2025-03-18T11:50:24.394+0000] {logging_mixin.py:190} INFO - [2025-03-18T11:50:24.394+0000] {dag.py:4180} INFO - Setting next_dagrun for example_trigger_target_dag to None, run_after=None
[2025-03-18T11:50:24.410+0000] {processor.py:208} INFO - Processing /usr/local/python/3.12.1/lib/python3.12/site-packages/airflow/example_dags/example_trigger_target_dag.py took 0.054 seconds
[2025-03-18T11:57:42.119+0000] {processor.py:186} INFO - Started process (PID=86747) to work on /usr/local/python/3.12.1/lib/python3.12/site-packages/airflow/example_dags/example_trigger_target_dag.py
[2025-03-18T11:57:42.120+0000] {processor.py:914} INFO - Processing file /usr/local/python/3.12.1/lib/python3.12/site-packages/airflow/example_dags/example_trigger_target_dag.py for tasks to queue
[2025-03-18T11:57:42.122+0000] {logging_mixin.py:190} INFO - [2025-03-18T11:57:42.121+0000] {dagbag.py:588} INFO - Filling up the DagBag from /usr/local/python/3.12.1/lib/python3.12/site-packages/airflow/example_dags/example_trigger_target_dag.py
[2025-03-18T11:57:42.130+0000] {processor.py:925} INFO - DAG(s) 'example_trigger_target_dag' retrieved from /usr/local/python/3.12.1/lib/python3.12/site-packages/airflow/example_dags/example_trigger_target_dag.py
[2025-03-18T11:57:42.145+0000] {logging_mixin.py:190} INFO - [2025-03-18T11:57:42.145+0000] {dag.py:3239} INFO - Sync 1 DAGs
[2025-03-18T11:57:42.154+0000] {logging_mixin.py:190} INFO - [2025-03-18T11:57:42.154+0000] {dag.py:4180} INFO - Setting next_dagrun for example_trigger_target_dag to None, run_after=None
[2025-03-18T11:57:42.169+0000] {processor.py:208} INFO - Processing /usr/local/python/3.12.1/lib/python3.12/site-packages/airflow/example_dags/example_trigger_target_dag.py took 0.053 seconds
