[2025-03-18T10:52:08.284+0000] {processor.py:186} INFO - Started process (PID=49567) to work on /usr/local/python/3.12.1/lib/python3.12/site-packages/airflow/example_dags/example_complex.py
[2025-03-18T10:52:08.284+0000] {processor.py:914} INFO - Processing file /usr/local/python/3.12.1/lib/python3.12/site-packages/airflow/example_dags/example_complex.py for tasks to queue
[2025-03-18T10:52:08.286+0000] {logging_mixin.py:190} INFO - [2025-03-18T10:52:08.285+0000] {dagbag.py:588} INFO - Filling up the DagBag from /usr/local/python/3.12.1/lib/python3.12/site-packages/airflow/example_dags/example_complex.py
[2025-03-18T10:52:08.295+0000] {processor.py:925} INFO - DAG(s) 'example_complex' retrieved from /usr/local/python/3.12.1/lib/python3.12/site-packages/airflow/example_dags/example_complex.py
[2025-03-18T10:52:08.388+0000] {logging_mixin.py:190} INFO - [2025-03-18T10:52:08.387+0000] {override.py:1930} INFO - Created Permission View: can read on DAG:example_complex
[2025-03-18T10:52:08.396+0000] {logging_mixin.py:190} INFO - [2025-03-18T10:52:08.395+0000] {override.py:1930} INFO - Created Permission View: can edit on DAG:example_complex
[2025-03-18T10:52:08.401+0000] {logging_mixin.py:190} INFO - [2025-03-18T10:52:08.401+0000] {override.py:1930} INFO - Created Permission View: can delete on DAG:example_complex
[2025-03-18T10:52:08.410+0000] {logging_mixin.py:190} INFO - [2025-03-18T10:52:08.410+0000] {override.py:1930} INFO - Created Permission View: can read on DAG Run:example_complex
[2025-03-18T10:52:08.416+0000] {logging_mixin.py:190} INFO - [2025-03-18T10:52:08.416+0000] {override.py:1930} INFO - Created Permission View: can create on DAG Run:example_complex
[2025-03-18T10:52:08.422+0000] {logging_mixin.py:190} INFO - [2025-03-18T10:52:08.422+0000] {override.py:1930} INFO - Created Permission View: menu access on DAG Run:example_complex
[2025-03-18T10:52:08.428+0000] {logging_mixin.py:190} INFO - [2025-03-18T10:52:08.428+0000] {override.py:1930} INFO - Created Permission View: can delete on DAG Run:example_complex
[2025-03-18T10:52:08.428+0000] {logging_mixin.py:190} INFO - [2025-03-18T10:52:08.428+0000] {dag.py:3239} INFO - Sync 1 DAGs
[2025-03-18T10:52:08.436+0000] {logging_mixin.py:190} INFO - [2025-03-18T10:52:08.436+0000] {dag.py:3262} INFO - Creating ORM DAG for example_complex
[2025-03-18T10:52:08.437+0000] {logging_mixin.py:190} INFO - [2025-03-18T10:52:08.437+0000] {dag.py:4180} INFO - Setting next_dagrun for example_complex to None, run_after=None
[2025-03-18T10:52:08.451+0000] {processor.py:208} INFO - Processing /usr/local/python/3.12.1/lib/python3.12/site-packages/airflow/example_dags/example_complex.py took 0.172 seconds
[2025-03-18T10:53:45.420+0000] {processor.py:186} INFO - Started process (PID=50869) to work on /usr/local/python/3.12.1/lib/python3.12/site-packages/airflow/example_dags/example_complex.py
[2025-03-18T10:53:45.420+0000] {processor.py:914} INFO - Processing file /usr/local/python/3.12.1/lib/python3.12/site-packages/airflow/example_dags/example_complex.py for tasks to queue
[2025-03-18T10:53:45.422+0000] {logging_mixin.py:190} INFO - [2025-03-18T10:53:45.422+0000] {dagbag.py:588} INFO - Filling up the DagBag from /usr/local/python/3.12.1/lib/python3.12/site-packages/airflow/example_dags/example_complex.py
[2025-03-18T10:53:45.431+0000] {processor.py:925} INFO - DAG(s) 'example_complex' retrieved from /usr/local/python/3.12.1/lib/python3.12/site-packages/airflow/example_dags/example_complex.py
[2025-03-18T10:53:45.451+0000] {logging_mixin.py:190} INFO - [2025-03-18T10:53:45.451+0000] {dag.py:3239} INFO - Sync 1 DAGs
[2025-03-18T10:53:45.462+0000] {logging_mixin.py:190} INFO - [2025-03-18T10:53:45.462+0000] {dag.py:4180} INFO - Setting next_dagrun for example_complex to None, run_after=None
[2025-03-18T10:53:45.478+0000] {processor.py:208} INFO - Processing /usr/local/python/3.12.1/lib/python3.12/site-packages/airflow/example_dags/example_complex.py took 0.062 seconds
[2025-03-18T10:54:41.069+0000] {processor.py:186} INFO - Started process (PID=51333) to work on /usr/local/python/3.12.1/lib/python3.12/site-packages/airflow/example_dags/example_complex.py
[2025-03-18T10:54:41.070+0000] {processor.py:914} INFO - Processing file /usr/local/python/3.12.1/lib/python3.12/site-packages/airflow/example_dags/example_complex.py for tasks to queue
[2025-03-18T10:54:41.071+0000] {logging_mixin.py:190} INFO - [2025-03-18T10:54:41.071+0000] {dagbag.py:588} INFO - Filling up the DagBag from /usr/local/python/3.12.1/lib/python3.12/site-packages/airflow/example_dags/example_complex.py
[2025-03-18T10:54:41.081+0000] {processor.py:925} INFO - DAG(s) 'example_complex' retrieved from /usr/local/python/3.12.1/lib/python3.12/site-packages/airflow/example_dags/example_complex.py
[2025-03-18T10:54:41.100+0000] {logging_mixin.py:190} INFO - [2025-03-18T10:54:41.100+0000] {dag.py:3239} INFO - Sync 1 DAGs
[2025-03-18T10:54:41.109+0000] {logging_mixin.py:190} INFO - [2025-03-18T10:54:41.109+0000] {dag.py:4180} INFO - Setting next_dagrun for example_complex to None, run_after=None
[2025-03-18T10:54:41.123+0000] {processor.py:208} INFO - Processing /usr/local/python/3.12.1/lib/python3.12/site-packages/airflow/example_dags/example_complex.py took 0.058 seconds
[2025-03-18T10:55:34.440+0000] {processor.py:186} INFO - Started process (PID=51846) to work on /usr/local/python/3.12.1/lib/python3.12/site-packages/airflow/example_dags/example_complex.py
[2025-03-18T10:55:34.440+0000] {processor.py:914} INFO - Processing file /usr/local/python/3.12.1/lib/python3.12/site-packages/airflow/example_dags/example_complex.py for tasks to queue
[2025-03-18T10:55:34.442+0000] {logging_mixin.py:190} INFO - [2025-03-18T10:55:34.441+0000] {dagbag.py:588} INFO - Filling up the DagBag from /usr/local/python/3.12.1/lib/python3.12/site-packages/airflow/example_dags/example_complex.py
[2025-03-18T10:55:34.451+0000] {processor.py:925} INFO - DAG(s) 'example_complex' retrieved from /usr/local/python/3.12.1/lib/python3.12/site-packages/airflow/example_dags/example_complex.py
[2025-03-18T10:55:34.471+0000] {logging_mixin.py:190} INFO - [2025-03-18T10:55:34.471+0000] {dag.py:3239} INFO - Sync 1 DAGs
[2025-03-18T10:55:34.480+0000] {logging_mixin.py:190} INFO - [2025-03-18T10:55:34.480+0000] {dag.py:4180} INFO - Setting next_dagrun for example_complex to None, run_after=None
[2025-03-18T10:55:34.494+0000] {processor.py:208} INFO - Processing /usr/local/python/3.12.1/lib/python3.12/site-packages/airflow/example_dags/example_complex.py took 0.059 seconds
[2025-03-18T10:56:49.232+0000] {processor.py:186} INFO - Started process (PID=52783) to work on /usr/local/python/3.12.1/lib/python3.12/site-packages/airflow/example_dags/example_complex.py
[2025-03-18T10:56:49.233+0000] {processor.py:914} INFO - Processing file /usr/local/python/3.12.1/lib/python3.12/site-packages/airflow/example_dags/example_complex.py for tasks to queue
[2025-03-18T10:56:49.234+0000] {logging_mixin.py:190} INFO - [2025-03-18T10:56:49.234+0000] {dagbag.py:588} INFO - Filling up the DagBag from /usr/local/python/3.12.1/lib/python3.12/site-packages/airflow/example_dags/example_complex.py
[2025-03-18T10:56:49.243+0000] {processor.py:925} INFO - DAG(s) 'example_complex' retrieved from /usr/local/python/3.12.1/lib/python3.12/site-packages/airflow/example_dags/example_complex.py
[2025-03-18T10:56:49.263+0000] {logging_mixin.py:190} INFO - [2025-03-18T10:56:49.263+0000] {dag.py:3239} INFO - Sync 1 DAGs
[2025-03-18T10:56:49.273+0000] {logging_mixin.py:190} INFO - [2025-03-18T10:56:49.272+0000] {dag.py:4180} INFO - Setting next_dagrun for example_complex to None, run_after=None
[2025-03-18T10:56:49.287+0000] {processor.py:208} INFO - Processing /usr/local/python/3.12.1/lib/python3.12/site-packages/airflow/example_dags/example_complex.py took 0.059 seconds
[2025-03-18T10:58:02.667+0000] {processor.py:186} INFO - Started process (PID=53674) to work on /usr/local/python/3.12.1/lib/python3.12/site-packages/airflow/example_dags/example_complex.py
[2025-03-18T10:58:02.668+0000] {processor.py:914} INFO - Processing file /usr/local/python/3.12.1/lib/python3.12/site-packages/airflow/example_dags/example_complex.py for tasks to queue
[2025-03-18T10:58:02.669+0000] {logging_mixin.py:190} INFO - [2025-03-18T10:58:02.669+0000] {dagbag.py:588} INFO - Filling up the DagBag from /usr/local/python/3.12.1/lib/python3.12/site-packages/airflow/example_dags/example_complex.py
[2025-03-18T10:58:02.679+0000] {processor.py:925} INFO - DAG(s) 'example_complex' retrieved from /usr/local/python/3.12.1/lib/python3.12/site-packages/airflow/example_dags/example_complex.py
[2025-03-18T10:58:02.698+0000] {logging_mixin.py:190} INFO - [2025-03-18T10:58:02.698+0000] {dag.py:3239} INFO - Sync 1 DAGs
[2025-03-18T10:58:02.707+0000] {logging_mixin.py:190} INFO - [2025-03-18T10:58:02.707+0000] {dag.py:4180} INFO - Setting next_dagrun for example_complex to None, run_after=None
[2025-03-18T10:58:02.721+0000] {processor.py:208} INFO - Processing /usr/local/python/3.12.1/lib/python3.12/site-packages/airflow/example_dags/example_complex.py took 0.058 seconds
[2025-03-18T10:59:14.485+0000] {processor.py:186} INFO - Started process (PID=54502) to work on /usr/local/python/3.12.1/lib/python3.12/site-packages/airflow/example_dags/example_complex.py
[2025-03-18T10:59:14.486+0000] {processor.py:914} INFO - Processing file /usr/local/python/3.12.1/lib/python3.12/site-packages/airflow/example_dags/example_complex.py for tasks to queue
[2025-03-18T10:59:14.487+0000] {logging_mixin.py:190} INFO - [2025-03-18T10:59:14.487+0000] {dagbag.py:588} INFO - Filling up the DagBag from /usr/local/python/3.12.1/lib/python3.12/site-packages/airflow/example_dags/example_complex.py
[2025-03-18T10:59:14.497+0000] {processor.py:925} INFO - DAG(s) 'example_complex' retrieved from /usr/local/python/3.12.1/lib/python3.12/site-packages/airflow/example_dags/example_complex.py
[2025-03-18T10:59:14.516+0000] {logging_mixin.py:190} INFO - [2025-03-18T10:59:14.516+0000] {dag.py:3239} INFO - Sync 1 DAGs
[2025-03-18T10:59:14.526+0000] {logging_mixin.py:190} INFO - [2025-03-18T10:59:14.525+0000] {dag.py:4180} INFO - Setting next_dagrun for example_complex to None, run_after=None
[2025-03-18T10:59:14.539+0000] {processor.py:208} INFO - Processing /usr/local/python/3.12.1/lib/python3.12/site-packages/airflow/example_dags/example_complex.py took 0.058 seconds
[2025-03-18T11:00:27.284+0000] {processor.py:186} INFO - Started process (PID=55320) to work on /usr/local/python/3.12.1/lib/python3.12/site-packages/airflow/example_dags/example_complex.py
[2025-03-18T11:00:27.285+0000] {processor.py:914} INFO - Processing file /usr/local/python/3.12.1/lib/python3.12/site-packages/airflow/example_dags/example_complex.py for tasks to queue
[2025-03-18T11:00:27.286+0000] {logging_mixin.py:190} INFO - [2025-03-18T11:00:27.286+0000] {dagbag.py:588} INFO - Filling up the DagBag from /usr/local/python/3.12.1/lib/python3.12/site-packages/airflow/example_dags/example_complex.py
[2025-03-18T11:00:27.296+0000] {processor.py:925} INFO - DAG(s) 'example_complex' retrieved from /usr/local/python/3.12.1/lib/python3.12/site-packages/airflow/example_dags/example_complex.py
[2025-03-18T11:00:27.321+0000] {logging_mixin.py:190} INFO - [2025-03-18T11:00:27.321+0000] {dag.py:3239} INFO - Sync 1 DAGs
[2025-03-18T11:00:27.330+0000] {logging_mixin.py:190} INFO - [2025-03-18T11:00:27.330+0000] {dag.py:4180} INFO - Setting next_dagrun for example_complex to None, run_after=None
[2025-03-18T11:00:27.344+0000] {processor.py:208} INFO - Processing /usr/local/python/3.12.1/lib/python3.12/site-packages/airflow/example_dags/example_complex.py took 0.064 seconds
[2025-03-18T11:01:43.962+0000] {processor.py:186} INFO - Started process (PID=57870) to work on /usr/local/python/3.12.1/lib/python3.12/site-packages/airflow/example_dags/example_complex.py
[2025-03-18T11:01:43.962+0000] {processor.py:914} INFO - Processing file /usr/local/python/3.12.1/lib/python3.12/site-packages/airflow/example_dags/example_complex.py for tasks to queue
[2025-03-18T11:01:43.964+0000] {logging_mixin.py:190} INFO - [2025-03-18T11:01:43.963+0000] {dagbag.py:588} INFO - Filling up the DagBag from /usr/local/python/3.12.1/lib/python3.12/site-packages/airflow/example_dags/example_complex.py
[2025-03-18T11:01:43.974+0000] {processor.py:925} INFO - DAG(s) 'example_complex' retrieved from /usr/local/python/3.12.1/lib/python3.12/site-packages/airflow/example_dags/example_complex.py
[2025-03-18T11:01:43.993+0000] {logging_mixin.py:190} INFO - [2025-03-18T11:01:43.993+0000] {dag.py:3239} INFO - Sync 1 DAGs
[2025-03-18T11:01:44.003+0000] {logging_mixin.py:190} INFO - [2025-03-18T11:01:44.003+0000] {dag.py:4180} INFO - Setting next_dagrun for example_complex to None, run_after=None
[2025-03-18T11:01:44.017+0000] {processor.py:208} INFO - Processing /usr/local/python/3.12.1/lib/python3.12/site-packages/airflow/example_dags/example_complex.py took 0.060 seconds
[2025-03-18T11:02:59.930+0000] {processor.py:186} INFO - Started process (PID=58460) to work on /usr/local/python/3.12.1/lib/python3.12/site-packages/airflow/example_dags/example_complex.py
[2025-03-18T11:02:59.930+0000] {processor.py:914} INFO - Processing file /usr/local/python/3.12.1/lib/python3.12/site-packages/airflow/example_dags/example_complex.py for tasks to queue
[2025-03-18T11:02:59.932+0000] {logging_mixin.py:190} INFO - [2025-03-18T11:02:59.931+0000] {dagbag.py:588} INFO - Filling up the DagBag from /usr/local/python/3.12.1/lib/python3.12/site-packages/airflow/example_dags/example_complex.py
[2025-03-18T11:02:59.941+0000] {processor.py:925} INFO - DAG(s) 'example_complex' retrieved from /usr/local/python/3.12.1/lib/python3.12/site-packages/airflow/example_dags/example_complex.py
[2025-03-18T11:02:59.960+0000] {logging_mixin.py:190} INFO - [2025-03-18T11:02:59.960+0000] {dag.py:3239} INFO - Sync 1 DAGs
[2025-03-18T11:02:59.970+0000] {logging_mixin.py:190} INFO - [2025-03-18T11:02:59.970+0000] {dag.py:4180} INFO - Setting next_dagrun for example_complex to None, run_after=None
[2025-03-18T11:02:59.984+0000] {processor.py:208} INFO - Processing /usr/local/python/3.12.1/lib/python3.12/site-packages/airflow/example_dags/example_complex.py took 0.059 seconds
[2025-03-18T11:04:09.738+0000] {processor.py:186} INFO - Started process (PID=59043) to work on /usr/local/python/3.12.1/lib/python3.12/site-packages/airflow/example_dags/example_complex.py
[2025-03-18T11:04:09.739+0000] {processor.py:914} INFO - Processing file /usr/local/python/3.12.1/lib/python3.12/site-packages/airflow/example_dags/example_complex.py for tasks to queue
[2025-03-18T11:04:09.740+0000] {logging_mixin.py:190} INFO - [2025-03-18T11:04:09.740+0000] {dagbag.py:588} INFO - Filling up the DagBag from /usr/local/python/3.12.1/lib/python3.12/site-packages/airflow/example_dags/example_complex.py
[2025-03-18T11:04:09.750+0000] {processor.py:925} INFO - DAG(s) 'example_complex' retrieved from /usr/local/python/3.12.1/lib/python3.12/site-packages/airflow/example_dags/example_complex.py
[2025-03-18T11:04:09.769+0000] {logging_mixin.py:190} INFO - [2025-03-18T11:04:09.769+0000] {dag.py:3239} INFO - Sync 1 DAGs
[2025-03-18T11:04:09.778+0000] {logging_mixin.py:190} INFO - [2025-03-18T11:04:09.778+0000] {dag.py:4180} INFO - Setting next_dagrun for example_complex to None, run_after=None
[2025-03-18T11:04:09.793+0000] {processor.py:208} INFO - Processing /usr/local/python/3.12.1/lib/python3.12/site-packages/airflow/example_dags/example_complex.py took 0.059 seconds
[2025-03-18T11:05:21.417+0000] {processor.py:186} INFO - Started process (PID=59606) to work on /usr/local/python/3.12.1/lib/python3.12/site-packages/airflow/example_dags/example_complex.py
[2025-03-18T11:05:21.418+0000] {processor.py:914} INFO - Processing file /usr/local/python/3.12.1/lib/python3.12/site-packages/airflow/example_dags/example_complex.py for tasks to queue
[2025-03-18T11:05:21.419+0000] {logging_mixin.py:190} INFO - [2025-03-18T11:05:21.419+0000] {dagbag.py:588} INFO - Filling up the DagBag from /usr/local/python/3.12.1/lib/python3.12/site-packages/airflow/example_dags/example_complex.py
[2025-03-18T11:05:21.429+0000] {processor.py:925} INFO - DAG(s) 'example_complex' retrieved from /usr/local/python/3.12.1/lib/python3.12/site-packages/airflow/example_dags/example_complex.py
[2025-03-18T11:05:21.448+0000] {logging_mixin.py:190} INFO - [2025-03-18T11:05:21.448+0000] {dag.py:3239} INFO - Sync 1 DAGs
[2025-03-18T11:05:21.457+0000] {logging_mixin.py:190} INFO - [2025-03-18T11:05:21.457+0000] {dag.py:4180} INFO - Setting next_dagrun for example_complex to None, run_after=None
[2025-03-18T11:05:21.471+0000] {processor.py:208} INFO - Processing /usr/local/python/3.12.1/lib/python3.12/site-packages/airflow/example_dags/example_complex.py took 0.058 seconds
[2025-03-18T11:06:36.746+0000] {processor.py:186} INFO - Started process (PID=60213) to work on /usr/local/python/3.12.1/lib/python3.12/site-packages/airflow/example_dags/example_complex.py
[2025-03-18T11:06:36.746+0000] {processor.py:914} INFO - Processing file /usr/local/python/3.12.1/lib/python3.12/site-packages/airflow/example_dags/example_complex.py for tasks to queue
[2025-03-18T11:06:36.748+0000] {logging_mixin.py:190} INFO - [2025-03-18T11:06:36.748+0000] {dagbag.py:588} INFO - Filling up the DagBag from /usr/local/python/3.12.1/lib/python3.12/site-packages/airflow/example_dags/example_complex.py
[2025-03-18T11:06:36.757+0000] {processor.py:925} INFO - DAG(s) 'example_complex' retrieved from /usr/local/python/3.12.1/lib/python3.12/site-packages/airflow/example_dags/example_complex.py
[2025-03-18T11:06:36.777+0000] {logging_mixin.py:190} INFO - [2025-03-18T11:06:36.776+0000] {dag.py:3239} INFO - Sync 1 DAGs
[2025-03-18T11:06:36.786+0000] {logging_mixin.py:190} INFO - [2025-03-18T11:06:36.786+0000] {dag.py:4180} INFO - Setting next_dagrun for example_complex to None, run_after=None
[2025-03-18T11:06:36.800+0000] {processor.py:208} INFO - Processing /usr/local/python/3.12.1/lib/python3.12/site-packages/airflow/example_dags/example_complex.py took 0.058 seconds
[2025-03-18T11:07:52.993+0000] {processor.py:186} INFO - Started process (PID=60803) to work on /usr/local/python/3.12.1/lib/python3.12/site-packages/airflow/example_dags/example_complex.py
[2025-03-18T11:07:52.994+0000] {processor.py:914} INFO - Processing file /usr/local/python/3.12.1/lib/python3.12/site-packages/airflow/example_dags/example_complex.py for tasks to queue
[2025-03-18T11:07:52.995+0000] {logging_mixin.py:190} INFO - [2025-03-18T11:07:52.995+0000] {dagbag.py:588} INFO - Filling up the DagBag from /usr/local/python/3.12.1/lib/python3.12/site-packages/airflow/example_dags/example_complex.py
[2025-03-18T11:07:53.005+0000] {processor.py:925} INFO - DAG(s) 'example_complex' retrieved from /usr/local/python/3.12.1/lib/python3.12/site-packages/airflow/example_dags/example_complex.py
[2025-03-18T11:07:53.024+0000] {logging_mixin.py:190} INFO - [2025-03-18T11:07:53.024+0000] {dag.py:3239} INFO - Sync 1 DAGs
[2025-03-18T11:07:53.033+0000] {logging_mixin.py:190} INFO - [2025-03-18T11:07:53.033+0000] {dag.py:4180} INFO - Setting next_dagrun for example_complex to None, run_after=None
[2025-03-18T11:07:53.049+0000] {processor.py:208} INFO - Processing /usr/local/python/3.12.1/lib/python3.12/site-packages/airflow/example_dags/example_complex.py took 0.059 seconds
[2025-03-18T11:09:08.422+0000] {processor.py:186} INFO - Started process (PID=61471) to work on /usr/local/python/3.12.1/lib/python3.12/site-packages/airflow/example_dags/example_complex.py
[2025-03-18T11:09:08.423+0000] {processor.py:914} INFO - Processing file /usr/local/python/3.12.1/lib/python3.12/site-packages/airflow/example_dags/example_complex.py for tasks to queue
[2025-03-18T11:09:08.425+0000] {logging_mixin.py:190} INFO - [2025-03-18T11:09:08.424+0000] {dagbag.py:588} INFO - Filling up the DagBag from /usr/local/python/3.12.1/lib/python3.12/site-packages/airflow/example_dags/example_complex.py
[2025-03-18T11:09:08.434+0000] {processor.py:925} INFO - DAG(s) 'example_complex' retrieved from /usr/local/python/3.12.1/lib/python3.12/site-packages/airflow/example_dags/example_complex.py
[2025-03-18T11:09:08.453+0000] {logging_mixin.py:190} INFO - [2025-03-18T11:09:08.453+0000] {dag.py:3239} INFO - Sync 1 DAGs
[2025-03-18T11:09:08.463+0000] {logging_mixin.py:190} INFO - [2025-03-18T11:09:08.462+0000] {dag.py:4180} INFO - Setting next_dagrun for example_complex to None, run_after=None
[2025-03-18T11:09:08.477+0000] {processor.py:208} INFO - Processing /usr/local/python/3.12.1/lib/python3.12/site-packages/airflow/example_dags/example_complex.py took 0.058 seconds
[2025-03-18T11:10:02.677+0000] {processor.py:186} INFO - Started process (PID=61927) to work on /usr/local/python/3.12.1/lib/python3.12/site-packages/airflow/example_dags/example_complex.py
[2025-03-18T11:10:02.678+0000] {processor.py:914} INFO - Processing file /usr/local/python/3.12.1/lib/python3.12/site-packages/airflow/example_dags/example_complex.py for tasks to queue
[2025-03-18T11:10:02.679+0000] {logging_mixin.py:190} INFO - [2025-03-18T11:10:02.679+0000] {dagbag.py:588} INFO - Filling up the DagBag from /usr/local/python/3.12.1/lib/python3.12/site-packages/airflow/example_dags/example_complex.py
[2025-03-18T11:10:02.689+0000] {processor.py:925} INFO - DAG(s) 'example_complex' retrieved from /usr/local/python/3.12.1/lib/python3.12/site-packages/airflow/example_dags/example_complex.py
[2025-03-18T11:10:02.710+0000] {logging_mixin.py:190} INFO - [2025-03-18T11:10:02.710+0000] {dag.py:3239} INFO - Sync 1 DAGs
[2025-03-18T11:10:02.720+0000] {logging_mixin.py:190} INFO - [2025-03-18T11:10:02.719+0000] {dag.py:4180} INFO - Setting next_dagrun for example_complex to None, run_after=None
[2025-03-18T11:10:02.734+0000] {processor.py:208} INFO - Processing /usr/local/python/3.12.1/lib/python3.12/site-packages/airflow/example_dags/example_complex.py took 0.061 seconds
[2025-03-18T11:10:54.354+0000] {processor.py:186} INFO - Started process (PID=62376) to work on /usr/local/python/3.12.1/lib/python3.12/site-packages/airflow/example_dags/example_complex.py
[2025-03-18T11:10:54.355+0000] {processor.py:914} INFO - Processing file /usr/local/python/3.12.1/lib/python3.12/site-packages/airflow/example_dags/example_complex.py for tasks to queue
[2025-03-18T11:10:54.356+0000] {logging_mixin.py:190} INFO - [2025-03-18T11:10:54.356+0000] {dagbag.py:588} INFO - Filling up the DagBag from /usr/local/python/3.12.1/lib/python3.12/site-packages/airflow/example_dags/example_complex.py
[2025-03-18T11:10:54.366+0000] {processor.py:925} INFO - DAG(s) 'example_complex' retrieved from /usr/local/python/3.12.1/lib/python3.12/site-packages/airflow/example_dags/example_complex.py
[2025-03-18T11:10:54.385+0000] {logging_mixin.py:190} INFO - [2025-03-18T11:10:54.385+0000] {dag.py:3239} INFO - Sync 1 DAGs
[2025-03-18T11:10:54.396+0000] {logging_mixin.py:190} INFO - [2025-03-18T11:10:54.396+0000] {dag.py:4180} INFO - Setting next_dagrun for example_complex to None, run_after=None
[2025-03-18T11:10:54.410+0000] {processor.py:208} INFO - Processing /usr/local/python/3.12.1/lib/python3.12/site-packages/airflow/example_dags/example_complex.py took 0.060 seconds
[2025-03-18T11:12:03.794+0000] {processor.py:186} INFO - Started process (PID=63146) to work on /usr/local/python/3.12.1/lib/python3.12/site-packages/airflow/example_dags/example_complex.py
[2025-03-18T11:12:03.795+0000] {processor.py:914} INFO - Processing file /usr/local/python/3.12.1/lib/python3.12/site-packages/airflow/example_dags/example_complex.py for tasks to queue
[2025-03-18T11:12:03.796+0000] {logging_mixin.py:190} INFO - [2025-03-18T11:12:03.796+0000] {dagbag.py:588} INFO - Filling up the DagBag from /usr/local/python/3.12.1/lib/python3.12/site-packages/airflow/example_dags/example_complex.py
[2025-03-18T11:12:03.806+0000] {processor.py:925} INFO - DAG(s) 'example_complex' retrieved from /usr/local/python/3.12.1/lib/python3.12/site-packages/airflow/example_dags/example_complex.py
[2025-03-18T11:12:03.825+0000] {logging_mixin.py:190} INFO - [2025-03-18T11:12:03.825+0000] {dag.py:3239} INFO - Sync 1 DAGs
[2025-03-18T11:12:03.835+0000] {logging_mixin.py:190} INFO - [2025-03-18T11:12:03.834+0000] {dag.py:4180} INFO - Setting next_dagrun for example_complex to None, run_after=None
[2025-03-18T11:12:03.848+0000] {processor.py:208} INFO - Processing /usr/local/python/3.12.1/lib/python3.12/site-packages/airflow/example_dags/example_complex.py took 0.058 seconds
