[2025-03-18T10:51:46.086+0000] {processor.py:186} INFO - Started process (PID=49390) to work on /usr/local/python/3.12.1/lib/python3.12/site-packages/airflow/example_dags/example_python_operator.py
[2025-03-18T10:51:46.087+0000] {processor.py:914} INFO - Processing file /usr/local/python/3.12.1/lib/python3.12/site-packages/airflow/example_dags/example_python_operator.py for tasks to queue
[2025-03-18T10:51:46.088+0000] {logging_mixin.py:190} INFO - [2025-03-18T10:51:46.088+0000] {dagbag.py:588} INFO - Filling up the DagBag from /usr/local/python/3.12.1/lib/python3.12/site-packages/airflow/example_dags/example_python_operator.py
[2025-03-18T10:51:46.098+0000] {processor.py:925} INFO - DAG(s) 'example_python_operator' retrieved from /usr/local/python/3.12.1/lib/python3.12/site-packages/airflow/example_dags/example_python_operator.py
[2025-03-18T10:51:46.182+0000] {logging_mixin.py:190} INFO - [2025-03-18T10:51:46.182+0000] {override.py:1930} INFO - Created Permission View: can read on DAG:example_python_operator
[2025-03-18T10:51:46.190+0000] {logging_mixin.py:190} INFO - [2025-03-18T10:51:46.190+0000] {override.py:1930} INFO - Created Permission View: can edit on DAG:example_python_operator
[2025-03-18T10:51:46.196+0000] {logging_mixin.py:190} INFO - [2025-03-18T10:51:46.195+0000] {override.py:1930} INFO - Created Permission View: can delete on DAG:example_python_operator
[2025-03-18T10:51:46.204+0000] {logging_mixin.py:190} INFO - [2025-03-18T10:51:46.204+0000] {override.py:1930} INFO - Created Permission View: can read on DAG Run:example_python_operator
[2025-03-18T10:51:46.209+0000] {logging_mixin.py:190} INFO - [2025-03-18T10:51:46.209+0000] {override.py:1930} INFO - Created Permission View: can create on DAG Run:example_python_operator
[2025-03-18T10:51:46.216+0000] {logging_mixin.py:190} INFO - [2025-03-18T10:51:46.216+0000] {override.py:1930} INFO - Created Permission View: menu access on DAG Run:example_python_operator
[2025-03-18T10:51:46.221+0000] {logging_mixin.py:190} INFO - [2025-03-18T10:51:46.221+0000] {override.py:1930} INFO - Created Permission View: can delete on DAG Run:example_python_operator
[2025-03-18T10:51:46.221+0000] {logging_mixin.py:190} INFO - [2025-03-18T10:51:46.221+0000] {dag.py:3239} INFO - Sync 1 DAGs
[2025-03-18T10:51:46.230+0000] {logging_mixin.py:190} INFO - [2025-03-18T10:51:46.229+0000] {dag.py:3262} INFO - Creating ORM DAG for example_python_operator
[2025-03-18T10:51:46.230+0000] {logging_mixin.py:190} INFO - [2025-03-18T10:51:46.230+0000] {dag.py:4180} INFO - Setting next_dagrun for example_python_operator to None, run_after=None
[2025-03-18T10:51:46.244+0000] {processor.py:208} INFO - Processing /usr/local/python/3.12.1/lib/python3.12/site-packages/airflow/example_dags/example_python_operator.py took 0.163 seconds
[2025-03-18T10:52:46.630+0000] {processor.py:186} INFO - Started process (PID=50117) to work on /usr/local/python/3.12.1/lib/python3.12/site-packages/airflow/example_dags/example_python_operator.py
[2025-03-18T10:52:46.630+0000] {processor.py:914} INFO - Processing file /usr/local/python/3.12.1/lib/python3.12/site-packages/airflow/example_dags/example_python_operator.py for tasks to queue
[2025-03-18T10:52:46.632+0000] {logging_mixin.py:190} INFO - [2025-03-18T10:52:46.631+0000] {dagbag.py:588} INFO - Filling up the DagBag from /usr/local/python/3.12.1/lib/python3.12/site-packages/airflow/example_dags/example_python_operator.py
[2025-03-18T10:52:46.641+0000] {processor.py:925} INFO - DAG(s) 'example_python_operator' retrieved from /usr/local/python/3.12.1/lib/python3.12/site-packages/airflow/example_dags/example_python_operator.py
[2025-03-18T10:52:46.653+0000] {logging_mixin.py:190} INFO - [2025-03-18T10:52:46.653+0000] {dag.py:3239} INFO - Sync 1 DAGs
[2025-03-18T10:52:46.663+0000] {logging_mixin.py:190} INFO - [2025-03-18T10:52:46.663+0000] {dag.py:4180} INFO - Setting next_dagrun for example_python_operator to None, run_after=None
[2025-03-18T10:52:46.678+0000] {processor.py:208} INFO - Processing /usr/local/python/3.12.1/lib/python3.12/site-packages/airflow/example_dags/example_python_operator.py took 0.052 seconds
[2025-03-18T10:53:25.691+0000] {processor.py:186} INFO - Started process (PID=50604) to work on /usr/local/python/3.12.1/lib/python3.12/site-packages/airflow/example_dags/example_python_operator.py
[2025-03-18T10:53:25.691+0000] {processor.py:914} INFO - Processing file /usr/local/python/3.12.1/lib/python3.12/site-packages/airflow/example_dags/example_python_operator.py for tasks to queue
[2025-03-18T10:53:25.693+0000] {logging_mixin.py:190} INFO - [2025-03-18T10:53:25.692+0000] {dagbag.py:588} INFO - Filling up the DagBag from /usr/local/python/3.12.1/lib/python3.12/site-packages/airflow/example_dags/example_python_operator.py
[2025-03-18T10:53:25.702+0000] {processor.py:925} INFO - DAG(s) 'example_python_operator' retrieved from /usr/local/python/3.12.1/lib/python3.12/site-packages/airflow/example_dags/example_python_operator.py
[2025-03-18T10:53:25.784+0000] {logging_mixin.py:190} INFO - [2025-03-18T10:53:25.784+0000] {dag.py:3239} INFO - Sync 1 DAGs
[2025-03-18T10:53:25.792+0000] {logging_mixin.py:190} INFO - [2025-03-18T10:53:25.792+0000] {dag.py:4180} INFO - Setting next_dagrun for example_python_operator to None, run_after=None
[2025-03-18T10:53:25.806+0000] {processor.py:208} INFO - Processing /usr/local/python/3.12.1/lib/python3.12/site-packages/airflow/example_dags/example_python_operator.py took 0.119 seconds
[2025-03-18T10:54:22.536+0000] {processor.py:186} INFO - Started process (PID=51181) to work on /usr/local/python/3.12.1/lib/python3.12/site-packages/airflow/example_dags/example_python_operator.py
[2025-03-18T10:54:22.536+0000] {processor.py:914} INFO - Processing file /usr/local/python/3.12.1/lib/python3.12/site-packages/airflow/example_dags/example_python_operator.py for tasks to queue
[2025-03-18T10:54:22.538+0000] {logging_mixin.py:190} INFO - [2025-03-18T10:54:22.537+0000] {dagbag.py:588} INFO - Filling up the DagBag from /usr/local/python/3.12.1/lib/python3.12/site-packages/airflow/example_dags/example_python_operator.py
[2025-03-18T10:54:22.547+0000] {processor.py:925} INFO - DAG(s) 'example_python_operator' retrieved from /usr/local/python/3.12.1/lib/python3.12/site-packages/airflow/example_dags/example_python_operator.py
[2025-03-18T10:54:22.559+0000] {logging_mixin.py:190} INFO - [2025-03-18T10:54:22.559+0000] {dag.py:3239} INFO - Sync 1 DAGs
[2025-03-18T10:54:22.569+0000] {logging_mixin.py:190} INFO - [2025-03-18T10:54:22.569+0000] {dag.py:4180} INFO - Setting next_dagrun for example_python_operator to None, run_after=None
[2025-03-18T10:54:22.585+0000] {processor.py:208} INFO - Processing /usr/local/python/3.12.1/lib/python3.12/site-packages/airflow/example_dags/example_python_operator.py took 0.053 seconds
[2025-03-18T10:55:17.288+0000] {processor.py:186} INFO - Started process (PID=51666) to work on /usr/local/python/3.12.1/lib/python3.12/site-packages/airflow/example_dags/example_python_operator.py
[2025-03-18T10:55:17.288+0000] {processor.py:914} INFO - Processing file /usr/local/python/3.12.1/lib/python3.12/site-packages/airflow/example_dags/example_python_operator.py for tasks to queue
[2025-03-18T10:55:17.290+0000] {logging_mixin.py:190} INFO - [2025-03-18T10:55:17.289+0000] {dagbag.py:588} INFO - Filling up the DagBag from /usr/local/python/3.12.1/lib/python3.12/site-packages/airflow/example_dags/example_python_operator.py
[2025-03-18T10:55:17.300+0000] {processor.py:925} INFO - DAG(s) 'example_python_operator' retrieved from /usr/local/python/3.12.1/lib/python3.12/site-packages/airflow/example_dags/example_python_operator.py
[2025-03-18T10:55:17.315+0000] {logging_mixin.py:190} INFO - [2025-03-18T10:55:17.315+0000] {dag.py:3239} INFO - Sync 1 DAGs
[2025-03-18T10:55:17.326+0000] {logging_mixin.py:190} INFO - [2025-03-18T10:55:17.326+0000] {dag.py:4180} INFO - Setting next_dagrun for example_python_operator to None, run_after=None
[2025-03-18T10:55:17.342+0000] {processor.py:208} INFO - Processing /usr/local/python/3.12.1/lib/python3.12/site-packages/airflow/example_dags/example_python_operator.py took 0.058 seconds
[2025-03-18T10:56:09.795+0000] {processor.py:186} INFO - Started process (PID=52400) to work on /usr/local/python/3.12.1/lib/python3.12/site-packages/airflow/example_dags/example_python_operator.py
[2025-03-18T10:56:09.795+0000] {processor.py:914} INFO - Processing file /usr/local/python/3.12.1/lib/python3.12/site-packages/airflow/example_dags/example_python_operator.py for tasks to queue
[2025-03-18T10:56:09.797+0000] {logging_mixin.py:190} INFO - [2025-03-18T10:56:09.796+0000] {dagbag.py:588} INFO - Filling up the DagBag from /usr/local/python/3.12.1/lib/python3.12/site-packages/airflow/example_dags/example_python_operator.py
[2025-03-18T10:56:09.806+0000] {processor.py:925} INFO - DAG(s) 'example_python_operator' retrieved from /usr/local/python/3.12.1/lib/python3.12/site-packages/airflow/example_dags/example_python_operator.py
[2025-03-18T10:56:09.818+0000] {logging_mixin.py:190} INFO - [2025-03-18T10:56:09.818+0000] {dag.py:3239} INFO - Sync 1 DAGs
[2025-03-18T10:56:09.827+0000] {logging_mixin.py:190} INFO - [2025-03-18T10:56:09.827+0000] {dag.py:4180} INFO - Setting next_dagrun for example_python_operator to None, run_after=None
[2025-03-18T10:56:09.844+0000] {processor.py:208} INFO - Processing /usr/local/python/3.12.1/lib/python3.12/site-packages/airflow/example_dags/example_python_operator.py took 0.054 seconds
[2025-03-18T10:57:00.036+0000] {processor.py:186} INFO - Started process (PID=52865) to work on /usr/local/python/3.12.1/lib/python3.12/site-packages/airflow/example_dags/example_python_operator.py
[2025-03-18T10:57:00.036+0000] {processor.py:914} INFO - Processing file /usr/local/python/3.12.1/lib/python3.12/site-packages/airflow/example_dags/example_python_operator.py for tasks to queue
[2025-03-18T10:57:00.038+0000] {logging_mixin.py:190} INFO - [2025-03-18T10:57:00.037+0000] {dagbag.py:588} INFO - Filling up the DagBag from /usr/local/python/3.12.1/lib/python3.12/site-packages/airflow/example_dags/example_python_operator.py
[2025-03-18T10:57:00.047+0000] {processor.py:925} INFO - DAG(s) 'example_python_operator' retrieved from /usr/local/python/3.12.1/lib/python3.12/site-packages/airflow/example_dags/example_python_operator.py
[2025-03-18T10:57:00.060+0000] {logging_mixin.py:190} INFO - [2025-03-18T10:57:00.060+0000] {dag.py:3239} INFO - Sync 1 DAGs
[2025-03-18T10:57:00.069+0000] {logging_mixin.py:190} INFO - [2025-03-18T10:57:00.069+0000] {dag.py:4180} INFO - Setting next_dagrun for example_python_operator to None, run_after=None
[2025-03-18T10:57:00.083+0000] {processor.py:208} INFO - Processing /usr/local/python/3.12.1/lib/python3.12/site-packages/airflow/example_dags/example_python_operator.py took 0.052 seconds
[2025-03-18T10:57:48.090+0000] {processor.py:186} INFO - Started process (PID=53466) to work on /usr/local/python/3.12.1/lib/python3.12/site-packages/airflow/example_dags/example_python_operator.py
[2025-03-18T10:57:48.091+0000] {processor.py:914} INFO - Processing file /usr/local/python/3.12.1/lib/python3.12/site-packages/airflow/example_dags/example_python_operator.py for tasks to queue
[2025-03-18T10:57:48.092+0000] {logging_mixin.py:190} INFO - [2025-03-18T10:57:48.092+0000] {dagbag.py:588} INFO - Filling up the DagBag from /usr/local/python/3.12.1/lib/python3.12/site-packages/airflow/example_dags/example_python_operator.py
[2025-03-18T10:57:48.103+0000] {processor.py:925} INFO - DAG(s) 'example_python_operator' retrieved from /usr/local/python/3.12.1/lib/python3.12/site-packages/airflow/example_dags/example_python_operator.py
[2025-03-18T10:57:48.121+0000] {logging_mixin.py:190} INFO - [2025-03-18T10:57:48.120+0000] {dag.py:3239} INFO - Sync 1 DAGs
[2025-03-18T10:57:48.135+0000] {logging_mixin.py:190} INFO - [2025-03-18T10:57:48.135+0000] {dag.py:4180} INFO - Setting next_dagrun for example_python_operator to None, run_after=None
[2025-03-18T10:57:48.155+0000] {processor.py:208} INFO - Processing /usr/local/python/3.12.1/lib/python3.12/site-packages/airflow/example_dags/example_python_operator.py took 0.069 seconds
[2025-03-18T10:58:37.614+0000] {processor.py:186} INFO - Started process (PID=53944) to work on /usr/local/python/3.12.1/lib/python3.12/site-packages/airflow/example_dags/example_python_operator.py
[2025-03-18T10:58:37.615+0000] {processor.py:914} INFO - Processing file /usr/local/python/3.12.1/lib/python3.12/site-packages/airflow/example_dags/example_python_operator.py for tasks to queue
[2025-03-18T10:58:37.616+0000] {logging_mixin.py:190} INFO - [2025-03-18T10:58:37.616+0000] {dagbag.py:588} INFO - Filling up the DagBag from /usr/local/python/3.12.1/lib/python3.12/site-packages/airflow/example_dags/example_python_operator.py
[2025-03-18T10:58:37.626+0000] {processor.py:925} INFO - DAG(s) 'example_python_operator' retrieved from /usr/local/python/3.12.1/lib/python3.12/site-packages/airflow/example_dags/example_python_operator.py
[2025-03-18T10:58:37.638+0000] {logging_mixin.py:190} INFO - [2025-03-18T10:58:37.638+0000] {dag.py:3239} INFO - Sync 1 DAGs
[2025-03-18T10:58:37.651+0000] {logging_mixin.py:190} INFO - [2025-03-18T10:58:37.651+0000] {dag.py:4180} INFO - Setting next_dagrun for example_python_operator to None, run_after=None
[2025-03-18T10:58:37.668+0000] {processor.py:208} INFO - Processing /usr/local/python/3.12.1/lib/python3.12/site-packages/airflow/example_dags/example_python_operator.py took 0.057 seconds
[2025-03-18T10:59:25.607+0000] {processor.py:186} INFO - Started process (PID=54649) to work on /usr/local/python/3.12.1/lib/python3.12/site-packages/airflow/example_dags/example_python_operator.py
[2025-03-18T10:59:25.608+0000] {processor.py:914} INFO - Processing file /usr/local/python/3.12.1/lib/python3.12/site-packages/airflow/example_dags/example_python_operator.py for tasks to queue
[2025-03-18T10:59:25.609+0000] {logging_mixin.py:190} INFO - [2025-03-18T10:59:25.609+0000] {dagbag.py:588} INFO - Filling up the DagBag from /usr/local/python/3.12.1/lib/python3.12/site-packages/airflow/example_dags/example_python_operator.py
[2025-03-18T10:59:25.619+0000] {processor.py:925} INFO - DAG(s) 'example_python_operator' retrieved from /usr/local/python/3.12.1/lib/python3.12/site-packages/airflow/example_dags/example_python_operator.py
[2025-03-18T10:59:25.631+0000] {logging_mixin.py:190} INFO - [2025-03-18T10:59:25.631+0000] {dag.py:3239} INFO - Sync 1 DAGs
[2025-03-18T10:59:25.641+0000] {logging_mixin.py:190} INFO - [2025-03-18T10:59:25.640+0000] {dag.py:4180} INFO - Setting next_dagrun for example_python_operator to None, run_after=None
[2025-03-18T10:59:25.657+0000] {processor.py:208} INFO - Processing /usr/local/python/3.12.1/lib/python3.12/site-packages/airflow/example_dags/example_python_operator.py took 0.054 seconds
[2025-03-18T11:00:13.003+0000] {processor.py:186} INFO - Started process (PID=55120) to work on /usr/local/python/3.12.1/lib/python3.12/site-packages/airflow/example_dags/example_python_operator.py
[2025-03-18T11:00:13.004+0000] {processor.py:914} INFO - Processing file /usr/local/python/3.12.1/lib/python3.12/site-packages/airflow/example_dags/example_python_operator.py for tasks to queue
[2025-03-18T11:00:13.005+0000] {logging_mixin.py:190} INFO - [2025-03-18T11:00:13.005+0000] {dagbag.py:588} INFO - Filling up the DagBag from /usr/local/python/3.12.1/lib/python3.12/site-packages/airflow/example_dags/example_python_operator.py
[2025-03-18T11:00:13.016+0000] {processor.py:925} INFO - DAG(s) 'example_python_operator' retrieved from /usr/local/python/3.12.1/lib/python3.12/site-packages/airflow/example_dags/example_python_operator.py
[2025-03-18T11:00:13.029+0000] {logging_mixin.py:190} INFO - [2025-03-18T11:00:13.029+0000] {dag.py:3239} INFO - Sync 1 DAGs
[2025-03-18T11:00:13.039+0000] {logging_mixin.py:190} INFO - [2025-03-18T11:00:13.039+0000] {dag.py:4180} INFO - Setting next_dagrun for example_python_operator to None, run_after=None
[2025-03-18T11:00:13.053+0000] {processor.py:208} INFO - Processing /usr/local/python/3.12.1/lib/python3.12/site-packages/airflow/example_dags/example_python_operator.py took 0.055 seconds
[2025-03-18T11:01:04.320+0000] {processor.py:186} INFO - Started process (PID=57523) to work on /usr/local/python/3.12.1/lib/python3.12/site-packages/airflow/example_dags/example_python_operator.py
[2025-03-18T11:01:04.321+0000] {processor.py:914} INFO - Processing file /usr/local/python/3.12.1/lib/python3.12/site-packages/airflow/example_dags/example_python_operator.py for tasks to queue
[2025-03-18T11:01:04.323+0000] {logging_mixin.py:190} INFO - [2025-03-18T11:01:04.323+0000] {dagbag.py:588} INFO - Filling up the DagBag from /usr/local/python/3.12.1/lib/python3.12/site-packages/airflow/example_dags/example_python_operator.py
[2025-03-18T11:01:04.335+0000] {processor.py:925} INFO - DAG(s) 'example_python_operator' retrieved from /usr/local/python/3.12.1/lib/python3.12/site-packages/airflow/example_dags/example_python_operator.py
[2025-03-18T11:01:04.352+0000] {logging_mixin.py:190} INFO - [2025-03-18T11:01:04.352+0000] {dag.py:3239} INFO - Sync 1 DAGs
[2025-03-18T11:01:04.361+0000] {logging_mixin.py:190} INFO - [2025-03-18T11:01:04.361+0000] {dag.py:4180} INFO - Setting next_dagrun for example_python_operator to None, run_after=None
[2025-03-18T11:01:04.384+0000] {processor.py:208} INFO - Processing /usr/local/python/3.12.1/lib/python3.12/site-packages/airflow/example_dags/example_python_operator.py took 0.069 seconds
[2025-03-18T11:01:55.979+0000] {processor.py:186} INFO - Started process (PID=57960) to work on /usr/local/python/3.12.1/lib/python3.12/site-packages/airflow/example_dags/example_python_operator.py
[2025-03-18T11:01:55.980+0000] {processor.py:914} INFO - Processing file /usr/local/python/3.12.1/lib/python3.12/site-packages/airflow/example_dags/example_python_operator.py for tasks to queue
[2025-03-18T11:01:55.981+0000] {logging_mixin.py:190} INFO - [2025-03-18T11:01:55.981+0000] {dagbag.py:588} INFO - Filling up the DagBag from /usr/local/python/3.12.1/lib/python3.12/site-packages/airflow/example_dags/example_python_operator.py
[2025-03-18T11:01:55.991+0000] {processor.py:925} INFO - DAG(s) 'example_python_operator' retrieved from /usr/local/python/3.12.1/lib/python3.12/site-packages/airflow/example_dags/example_python_operator.py
[2025-03-18T11:01:56.003+0000] {logging_mixin.py:190} INFO - [2025-03-18T11:01:56.003+0000] {dag.py:3239} INFO - Sync 1 DAGs
[2025-03-18T11:01:56.013+0000] {logging_mixin.py:190} INFO - [2025-03-18T11:01:56.012+0000] {dag.py:4180} INFO - Setting next_dagrun for example_python_operator to None, run_after=None
[2025-03-18T11:01:56.027+0000] {processor.py:208} INFO - Processing /usr/local/python/3.12.1/lib/python3.12/site-packages/airflow/example_dags/example_python_operator.py took 0.052 seconds
[2025-03-18T11:02:46.239+0000] {processor.py:186} INFO - Started process (PID=58365) to work on /usr/local/python/3.12.1/lib/python3.12/site-packages/airflow/example_dags/example_python_operator.py
[2025-03-18T11:02:46.240+0000] {processor.py:914} INFO - Processing file /usr/local/python/3.12.1/lib/python3.12/site-packages/airflow/example_dags/example_python_operator.py for tasks to queue
[2025-03-18T11:02:46.241+0000] {logging_mixin.py:190} INFO - [2025-03-18T11:02:46.241+0000] {dagbag.py:588} INFO - Filling up the DagBag from /usr/local/python/3.12.1/lib/python3.12/site-packages/airflow/example_dags/example_python_operator.py
[2025-03-18T11:02:46.251+0000] {processor.py:925} INFO - DAG(s) 'example_python_operator' retrieved from /usr/local/python/3.12.1/lib/python3.12/site-packages/airflow/example_dags/example_python_operator.py
[2025-03-18T11:02:46.263+0000] {logging_mixin.py:190} INFO - [2025-03-18T11:02:46.263+0000] {dag.py:3239} INFO - Sync 1 DAGs
[2025-03-18T11:02:46.272+0000] {logging_mixin.py:190} INFO - [2025-03-18T11:02:46.272+0000] {dag.py:4180} INFO - Setting next_dagrun for example_python_operator to None, run_after=None
[2025-03-18T11:02:46.287+0000] {processor.py:208} INFO - Processing /usr/local/python/3.12.1/lib/python3.12/site-packages/airflow/example_dags/example_python_operator.py took 0.052 seconds
[2025-03-18T11:03:32.501+0000] {processor.py:186} INFO - Started process (PID=58742) to work on /usr/local/python/3.12.1/lib/python3.12/site-packages/airflow/example_dags/example_python_operator.py
[2025-03-18T11:03:32.501+0000] {processor.py:914} INFO - Processing file /usr/local/python/3.12.1/lib/python3.12/site-packages/airflow/example_dags/example_python_operator.py for tasks to queue
[2025-03-18T11:03:32.503+0000] {logging_mixin.py:190} INFO - [2025-03-18T11:03:32.502+0000] {dagbag.py:588} INFO - Filling up the DagBag from /usr/local/python/3.12.1/lib/python3.12/site-packages/airflow/example_dags/example_python_operator.py
[2025-03-18T11:03:32.512+0000] {processor.py:925} INFO - DAG(s) 'example_python_operator' retrieved from /usr/local/python/3.12.1/lib/python3.12/site-packages/airflow/example_dags/example_python_operator.py
[2025-03-18T11:03:32.524+0000] {logging_mixin.py:190} INFO - [2025-03-18T11:03:32.524+0000] {dag.py:3239} INFO - Sync 1 DAGs
[2025-03-18T11:03:32.533+0000] {logging_mixin.py:190} INFO - [2025-03-18T11:03:32.533+0000] {dag.py:4180} INFO - Setting next_dagrun for example_python_operator to None, run_after=None
[2025-03-18T11:03:32.547+0000] {processor.py:208} INFO - Processing /usr/local/python/3.12.1/lib/python3.12/site-packages/airflow/example_dags/example_python_operator.py took 0.051 seconds
[2025-03-18T11:04:22.320+0000] {processor.py:186} INFO - Started process (PID=59135) to work on /usr/local/python/3.12.1/lib/python3.12/site-packages/airflow/example_dags/example_python_operator.py
[2025-03-18T11:04:22.321+0000] {processor.py:914} INFO - Processing file /usr/local/python/3.12.1/lib/python3.12/site-packages/airflow/example_dags/example_python_operator.py for tasks to queue
[2025-03-18T11:04:22.322+0000] {logging_mixin.py:190} INFO - [2025-03-18T11:04:22.322+0000] {dagbag.py:588} INFO - Filling up the DagBag from /usr/local/python/3.12.1/lib/python3.12/site-packages/airflow/example_dags/example_python_operator.py
[2025-03-18T11:04:22.333+0000] {processor.py:925} INFO - DAG(s) 'example_python_operator' retrieved from /usr/local/python/3.12.1/lib/python3.12/site-packages/airflow/example_dags/example_python_operator.py
[2025-03-18T11:04:22.346+0000] {logging_mixin.py:190} INFO - [2025-03-18T11:04:22.346+0000] {dag.py:3239} INFO - Sync 1 DAGs
[2025-03-18T11:04:22.357+0000] {logging_mixin.py:190} INFO - [2025-03-18T11:04:22.357+0000] {dag.py:4180} INFO - Setting next_dagrun for example_python_operator to None, run_after=None
[2025-03-18T11:04:22.375+0000] {processor.py:208} INFO - Processing /usr/local/python/3.12.1/lib/python3.12/site-packages/airflow/example_dags/example_python_operator.py took 0.059 seconds
[2025-03-18T11:05:09.998+0000] {processor.py:186} INFO - Started process (PID=59524) to work on /usr/local/python/3.12.1/lib/python3.12/site-packages/airflow/example_dags/example_python_operator.py
[2025-03-18T11:05:09.998+0000] {processor.py:914} INFO - Processing file /usr/local/python/3.12.1/lib/python3.12/site-packages/airflow/example_dags/example_python_operator.py for tasks to queue
[2025-03-18T11:05:10.000+0000] {logging_mixin.py:190} INFO - [2025-03-18T11:05:10.000+0000] {dagbag.py:588} INFO - Filling up the DagBag from /usr/local/python/3.12.1/lib/python3.12/site-packages/airflow/example_dags/example_python_operator.py
[2025-03-18T11:05:10.010+0000] {processor.py:925} INFO - DAG(s) 'example_python_operator' retrieved from /usr/local/python/3.12.1/lib/python3.12/site-packages/airflow/example_dags/example_python_operator.py
[2025-03-18T11:05:10.022+0000] {logging_mixin.py:190} INFO - [2025-03-18T11:05:10.022+0000] {dag.py:3239} INFO - Sync 1 DAGs
[2025-03-18T11:05:10.032+0000] {logging_mixin.py:190} INFO - [2025-03-18T11:05:10.032+0000] {dag.py:4180} INFO - Setting next_dagrun for example_python_operator to None, run_after=None
[2025-03-18T11:05:10.046+0000] {processor.py:208} INFO - Processing /usr/local/python/3.12.1/lib/python3.12/site-packages/airflow/example_dags/example_python_operator.py took 0.052 seconds
[2025-03-18T11:06:01.225+0000] {processor.py:186} INFO - Started process (PID=59928) to work on /usr/local/python/3.12.1/lib/python3.12/site-packages/airflow/example_dags/example_python_operator.py
[2025-03-18T11:06:01.225+0000] {processor.py:914} INFO - Processing file /usr/local/python/3.12.1/lib/python3.12/site-packages/airflow/example_dags/example_python_operator.py for tasks to queue
[2025-03-18T11:06:01.227+0000] {logging_mixin.py:190} INFO - [2025-03-18T11:06:01.227+0000] {dagbag.py:588} INFO - Filling up the DagBag from /usr/local/python/3.12.1/lib/python3.12/site-packages/airflow/example_dags/example_python_operator.py
[2025-03-18T11:06:01.236+0000] {processor.py:925} INFO - DAG(s) 'example_python_operator' retrieved from /usr/local/python/3.12.1/lib/python3.12/site-packages/airflow/example_dags/example_python_operator.py
[2025-03-18T11:06:01.248+0000] {logging_mixin.py:190} INFO - [2025-03-18T11:06:01.248+0000] {dag.py:3239} INFO - Sync 1 DAGs
[2025-03-18T11:06:01.257+0000] {logging_mixin.py:190} INFO - [2025-03-18T11:06:01.257+0000] {dag.py:4180} INFO - Setting next_dagrun for example_python_operator to None, run_after=None
[2025-03-18T11:06:01.273+0000] {processor.py:208} INFO - Processing /usr/local/python/3.12.1/lib/python3.12/site-packages/airflow/example_dags/example_python_operator.py took 0.052 seconds
[2025-03-18T11:06:50.739+0000] {processor.py:186} INFO - Started process (PID=60320) to work on /usr/local/python/3.12.1/lib/python3.12/site-packages/airflow/example_dags/example_python_operator.py
[2025-03-18T11:06:50.740+0000] {processor.py:914} INFO - Processing file /usr/local/python/3.12.1/lib/python3.12/site-packages/airflow/example_dags/example_python_operator.py for tasks to queue
[2025-03-18T11:06:50.741+0000] {logging_mixin.py:190} INFO - [2025-03-18T11:06:50.741+0000] {dagbag.py:588} INFO - Filling up the DagBag from /usr/local/python/3.12.1/lib/python3.12/site-packages/airflow/example_dags/example_python_operator.py
[2025-03-18T11:06:50.751+0000] {processor.py:925} INFO - DAG(s) 'example_python_operator' retrieved from /usr/local/python/3.12.1/lib/python3.12/site-packages/airflow/example_dags/example_python_operator.py
[2025-03-18T11:06:50.764+0000] {logging_mixin.py:190} INFO - [2025-03-18T11:06:50.764+0000] {dag.py:3239} INFO - Sync 1 DAGs
[2025-03-18T11:06:50.773+0000] {logging_mixin.py:190} INFO - [2025-03-18T11:06:50.773+0000] {dag.py:4180} INFO - Setting next_dagrun for example_python_operator to None, run_after=None
[2025-03-18T11:06:50.787+0000] {processor.py:208} INFO - Processing /usr/local/python/3.12.1/lib/python3.12/site-packages/airflow/example_dags/example_python_operator.py took 0.052 seconds
[2025-03-18T11:07:41.409+0000] {processor.py:186} INFO - Started process (PID=60720) to work on /usr/local/python/3.12.1/lib/python3.12/site-packages/airflow/example_dags/example_python_operator.py
[2025-03-18T11:07:41.410+0000] {processor.py:914} INFO - Processing file /usr/local/python/3.12.1/lib/python3.12/site-packages/airflow/example_dags/example_python_operator.py for tasks to queue
[2025-03-18T11:07:41.411+0000] {logging_mixin.py:190} INFO - [2025-03-18T11:07:41.411+0000] {dagbag.py:588} INFO - Filling up the DagBag from /usr/local/python/3.12.1/lib/python3.12/site-packages/airflow/example_dags/example_python_operator.py
[2025-03-18T11:07:41.421+0000] {processor.py:925} INFO - DAG(s) 'example_python_operator' retrieved from /usr/local/python/3.12.1/lib/python3.12/site-packages/airflow/example_dags/example_python_operator.py
[2025-03-18T11:07:41.433+0000] {logging_mixin.py:190} INFO - [2025-03-18T11:07:41.433+0000] {dag.py:3239} INFO - Sync 1 DAGs
[2025-03-18T11:07:41.442+0000] {logging_mixin.py:190} INFO - [2025-03-18T11:07:41.442+0000] {dag.py:4180} INFO - Setting next_dagrun for example_python_operator to None, run_after=None
[2025-03-18T11:07:41.456+0000] {processor.py:208} INFO - Processing /usr/local/python/3.12.1/lib/python3.12/site-packages/airflow/example_dags/example_python_operator.py took 0.051 seconds
[2025-03-18T11:08:31.512+0000] {processor.py:186} INFO - Started process (PID=61144) to work on /usr/local/python/3.12.1/lib/python3.12/site-packages/airflow/example_dags/example_python_operator.py
[2025-03-18T11:08:31.513+0000] {processor.py:914} INFO - Processing file /usr/local/python/3.12.1/lib/python3.12/site-packages/airflow/example_dags/example_python_operator.py for tasks to queue
[2025-03-18T11:08:31.514+0000] {logging_mixin.py:190} INFO - [2025-03-18T11:08:31.514+0000] {dagbag.py:588} INFO - Filling up the DagBag from /usr/local/python/3.12.1/lib/python3.12/site-packages/airflow/example_dags/example_python_operator.py
[2025-03-18T11:08:31.524+0000] {processor.py:925} INFO - DAG(s) 'example_python_operator' retrieved from /usr/local/python/3.12.1/lib/python3.12/site-packages/airflow/example_dags/example_python_operator.py
[2025-03-18T11:08:31.536+0000] {logging_mixin.py:190} INFO - [2025-03-18T11:08:31.536+0000] {dag.py:3239} INFO - Sync 1 DAGs
[2025-03-18T11:08:31.546+0000] {logging_mixin.py:190} INFO - [2025-03-18T11:08:31.546+0000] {dag.py:4180} INFO - Setting next_dagrun for example_python_operator to None, run_after=None
[2025-03-18T11:08:31.560+0000] {processor.py:208} INFO - Processing /usr/local/python/3.12.1/lib/python3.12/site-packages/airflow/example_dags/example_python_operator.py took 0.052 seconds
[2025-03-18T11:09:23.565+0000] {processor.py:186} INFO - Started process (PID=61586) to work on /usr/local/python/3.12.1/lib/python3.12/site-packages/airflow/example_dags/example_python_operator.py
[2025-03-18T11:09:23.565+0000] {processor.py:914} INFO - Processing file /usr/local/python/3.12.1/lib/python3.12/site-packages/airflow/example_dags/example_python_operator.py for tasks to queue
[2025-03-18T11:09:23.567+0000] {logging_mixin.py:190} INFO - [2025-03-18T11:09:23.566+0000] {dagbag.py:588} INFO - Filling up the DagBag from /usr/local/python/3.12.1/lib/python3.12/site-packages/airflow/example_dags/example_python_operator.py
[2025-03-18T11:09:23.576+0000] {processor.py:925} INFO - DAG(s) 'example_python_operator' retrieved from /usr/local/python/3.12.1/lib/python3.12/site-packages/airflow/example_dags/example_python_operator.py
[2025-03-18T11:09:23.589+0000] {logging_mixin.py:190} INFO - [2025-03-18T11:09:23.589+0000] {dag.py:3239} INFO - Sync 1 DAGs
[2025-03-18T11:09:23.598+0000] {logging_mixin.py:190} INFO - [2025-03-18T11:09:23.598+0000] {dag.py:4180} INFO - Setting next_dagrun for example_python_operator to None, run_after=None
[2025-03-18T11:09:23.612+0000] {processor.py:208} INFO - Processing /usr/local/python/3.12.1/lib/python3.12/site-packages/airflow/example_dags/example_python_operator.py took 0.052 seconds
[2025-03-18T11:10:17.912+0000] {processor.py:186} INFO - Started process (PID=62048) to work on /usr/local/python/3.12.1/lib/python3.12/site-packages/airflow/example_dags/example_python_operator.py
[2025-03-18T11:10:17.913+0000] {processor.py:914} INFO - Processing file /usr/local/python/3.12.1/lib/python3.12/site-packages/airflow/example_dags/example_python_operator.py for tasks to queue
[2025-03-18T11:10:17.914+0000] {logging_mixin.py:190} INFO - [2025-03-18T11:10:17.914+0000] {dagbag.py:588} INFO - Filling up the DagBag from /usr/local/python/3.12.1/lib/python3.12/site-packages/airflow/example_dags/example_python_operator.py
[2025-03-18T11:10:17.924+0000] {processor.py:925} INFO - DAG(s) 'example_python_operator' retrieved from /usr/local/python/3.12.1/lib/python3.12/site-packages/airflow/example_dags/example_python_operator.py
[2025-03-18T11:10:17.936+0000] {logging_mixin.py:190} INFO - [2025-03-18T11:10:17.936+0000] {dag.py:3239} INFO - Sync 1 DAGs
[2025-03-18T11:10:17.945+0000] {logging_mixin.py:190} INFO - [2025-03-18T11:10:17.945+0000] {dag.py:4180} INFO - Setting next_dagrun for example_python_operator to None, run_after=None
[2025-03-18T11:10:17.960+0000] {processor.py:208} INFO - Processing /usr/local/python/3.12.1/lib/python3.12/site-packages/airflow/example_dags/example_python_operator.py took 0.052 seconds
[2025-03-18T11:11:06.440+0000] {processor.py:186} INFO - Started process (PID=62476) to work on /usr/local/python/3.12.1/lib/python3.12/site-packages/airflow/example_dags/example_python_operator.py
[2025-03-18T11:11:06.441+0000] {processor.py:914} INFO - Processing file /usr/local/python/3.12.1/lib/python3.12/site-packages/airflow/example_dags/example_python_operator.py for tasks to queue
[2025-03-18T11:11:06.442+0000] {logging_mixin.py:190} INFO - [2025-03-18T11:11:06.442+0000] {dagbag.py:588} INFO - Filling up the DagBag from /usr/local/python/3.12.1/lib/python3.12/site-packages/airflow/example_dags/example_python_operator.py
[2025-03-18T11:11:06.452+0000] {processor.py:925} INFO - DAG(s) 'example_python_operator' retrieved from /usr/local/python/3.12.1/lib/python3.12/site-packages/airflow/example_dags/example_python_operator.py
[2025-03-18T11:11:06.464+0000] {logging_mixin.py:190} INFO - [2025-03-18T11:11:06.464+0000] {dag.py:3239} INFO - Sync 1 DAGs
[2025-03-18T11:11:06.473+0000] {logging_mixin.py:190} INFO - [2025-03-18T11:11:06.473+0000] {dag.py:4180} INFO - Setting next_dagrun for example_python_operator to None, run_after=None
[2025-03-18T11:11:06.488+0000] {processor.py:208} INFO - Processing /usr/local/python/3.12.1/lib/python3.12/site-packages/airflow/example_dags/example_python_operator.py took 0.052 seconds
[2025-03-18T11:11:53.734+0000] {processor.py:186} INFO - Started process (PID=63012) to work on /usr/local/python/3.12.1/lib/python3.12/site-packages/airflow/example_dags/example_python_operator.py
[2025-03-18T11:11:53.735+0000] {processor.py:914} INFO - Processing file /usr/local/python/3.12.1/lib/python3.12/site-packages/airflow/example_dags/example_python_operator.py for tasks to queue
[2025-03-18T11:11:53.736+0000] {logging_mixin.py:190} INFO - [2025-03-18T11:11:53.736+0000] {dagbag.py:588} INFO - Filling up the DagBag from /usr/local/python/3.12.1/lib/python3.12/site-packages/airflow/example_dags/example_python_operator.py
[2025-03-18T11:11:53.746+0000] {processor.py:925} INFO - DAG(s) 'example_python_operator' retrieved from /usr/local/python/3.12.1/lib/python3.12/site-packages/airflow/example_dags/example_python_operator.py
[2025-03-18T11:11:53.758+0000] {logging_mixin.py:190} INFO - [2025-03-18T11:11:53.758+0000] {dag.py:3239} INFO - Sync 1 DAGs
[2025-03-18T11:11:53.767+0000] {logging_mixin.py:190} INFO - [2025-03-18T11:11:53.767+0000] {dag.py:4180} INFO - Setting next_dagrun for example_python_operator to None, run_after=None
[2025-03-18T11:11:53.782+0000] {processor.py:208} INFO - Processing /usr/local/python/3.12.1/lib/python3.12/site-packages/airflow/example_dags/example_python_operator.py took 0.052 seconds
[2025-03-18T11:50:39.764+0000] {processor.py:186} INFO - Started process (PID=83016) to work on /usr/local/python/3.12.1/lib/python3.12/site-packages/airflow/example_dags/example_python_operator.py
[2025-03-18T11:50:39.765+0000] {processor.py:914} INFO - Processing file /usr/local/python/3.12.1/lib/python3.12/site-packages/airflow/example_dags/example_python_operator.py for tasks to queue
[2025-03-18T11:50:39.766+0000] {logging_mixin.py:190} INFO - [2025-03-18T11:50:39.766+0000] {dagbag.py:588} INFO - Filling up the DagBag from /usr/local/python/3.12.1/lib/python3.12/site-packages/airflow/example_dags/example_python_operator.py
[2025-03-18T11:50:39.776+0000] {processor.py:925} INFO - DAG(s) 'example_python_operator' retrieved from /usr/local/python/3.12.1/lib/python3.12/site-packages/airflow/example_dags/example_python_operator.py
[2025-03-18T11:50:39.859+0000] {logging_mixin.py:190} INFO - [2025-03-18T11:50:39.859+0000] {dag.py:3239} INFO - Sync 1 DAGs
[2025-03-18T11:50:39.867+0000] {logging_mixin.py:190} INFO - [2025-03-18T11:50:39.867+0000] {dag.py:4180} INFO - Setting next_dagrun for example_python_operator to None, run_after=None
[2025-03-18T11:50:39.882+0000] {processor.py:208} INFO - Processing /usr/local/python/3.12.1/lib/python3.12/site-packages/airflow/example_dags/example_python_operator.py took 0.122 seconds
