[2025-03-18T10:51:57.902+0000] {processor.py:186} INFO - Started process (PID=49479) to work on /usr/local/python/3.12.1/lib/python3.12/site-packages/airflow/example_dags/example_local_kubernetes_executor.py
[2025-03-18T10:51:57.903+0000] {processor.py:914} INFO - Processing file /usr/local/python/3.12.1/lib/python3.12/site-packages/airflow/example_dags/example_local_kubernetes_executor.py for tasks to queue
[2025-03-18T10:51:57.905+0000] {logging_mixin.py:190} INFO - [2025-03-18T10:51:57.904+0000] {dagbag.py:588} INFO - Filling up the DagBag from /usr/local/python/3.12.1/lib/python3.12/site-packages/airflow/example_dags/example_local_kubernetes_executor.py
[2025-03-18T10:51:57.908+0000] {logging_mixin.py:190} INFO - [2025-03-18T10:51:57.907+0000] {example_local_kubernetes_executor.py:40} WARNING - Could not import DAGs in example_local_kubernetes_executor.py
Traceback (most recent call last):
  File "/usr/local/python/3.12.1/lib/python3.12/site-packages/airflow/example_dags/example_local_kubernetes_executor.py", line 38, in <module>
    from kubernetes.client import models as k8s
ModuleNotFoundError: No module named 'kubernetes'
[2025-03-18T10:51:57.908+0000] {logging_mixin.py:190} INFO - [2025-03-18T10:51:57.908+0000] {example_local_kubernetes_executor.py:41} WARNING - Install Kubernetes dependencies with: pip install apache-airflow[cncf.kubernetes]
[2025-03-18T10:51:57.909+0000] {processor.py:927} WARNING - No viable dags retrieved from /usr/local/python/3.12.1/lib/python3.12/site-packages/airflow/example_dags/example_local_kubernetes_executor.py
[2025-03-18T10:51:57.917+0000] {processor.py:208} INFO - Processing /usr/local/python/3.12.1/lib/python3.12/site-packages/airflow/example_dags/example_local_kubernetes_executor.py took 0.020 seconds
[2025-03-18T10:53:37.214+0000] {processor.py:186} INFO - Started process (PID=50745) to work on /usr/local/python/3.12.1/lib/python3.12/site-packages/airflow/example_dags/example_local_kubernetes_executor.py
[2025-03-18T10:53:37.215+0000] {processor.py:914} INFO - Processing file /usr/local/python/3.12.1/lib/python3.12/site-packages/airflow/example_dags/example_local_kubernetes_executor.py for tasks to queue
[2025-03-18T10:53:37.216+0000] {logging_mixin.py:190} INFO - [2025-03-18T10:53:37.216+0000] {dagbag.py:588} INFO - Filling up the DagBag from /usr/local/python/3.12.1/lib/python3.12/site-packages/airflow/example_dags/example_local_kubernetes_executor.py
[2025-03-18T10:53:37.219+0000] {logging_mixin.py:190} INFO - [2025-03-18T10:53:37.218+0000] {example_local_kubernetes_executor.py:40} WARNING - Could not import DAGs in example_local_kubernetes_executor.py
Traceback (most recent call last):
  File "/usr/local/python/3.12.1/lib/python3.12/site-packages/airflow/example_dags/example_local_kubernetes_executor.py", line 38, in <module>
    from kubernetes.client import models as k8s
ModuleNotFoundError: No module named 'kubernetes'
[2025-03-18T10:53:37.219+0000] {logging_mixin.py:190} INFO - [2025-03-18T10:53:37.219+0000] {example_local_kubernetes_executor.py:41} WARNING - Install Kubernetes dependencies with: pip install apache-airflow[cncf.kubernetes]
[2025-03-18T10:53:37.219+0000] {processor.py:927} WARNING - No viable dags retrieved from /usr/local/python/3.12.1/lib/python3.12/site-packages/airflow/example_dags/example_local_kubernetes_executor.py
[2025-03-18T10:53:37.225+0000] {processor.py:208} INFO - Processing /usr/local/python/3.12.1/lib/python3.12/site-packages/airflow/example_dags/example_local_kubernetes_executor.py took 0.015 seconds
[2025-03-18T10:54:32.815+0000] {processor.py:186} INFO - Started process (PID=51263) to work on /usr/local/python/3.12.1/lib/python3.12/site-packages/airflow/example_dags/example_local_kubernetes_executor.py
[2025-03-18T10:54:32.815+0000] {processor.py:914} INFO - Processing file /usr/local/python/3.12.1/lib/python3.12/site-packages/airflow/example_dags/example_local_kubernetes_executor.py for tasks to queue
[2025-03-18T10:54:32.817+0000] {logging_mixin.py:190} INFO - [2025-03-18T10:54:32.816+0000] {dagbag.py:588} INFO - Filling up the DagBag from /usr/local/python/3.12.1/lib/python3.12/site-packages/airflow/example_dags/example_local_kubernetes_executor.py
[2025-03-18T10:54:32.819+0000] {logging_mixin.py:190} INFO - [2025-03-18T10:54:32.819+0000] {example_local_kubernetes_executor.py:40} WARNING - Could not import DAGs in example_local_kubernetes_executor.py
Traceback (most recent call last):
  File "/usr/local/python/3.12.1/lib/python3.12/site-packages/airflow/example_dags/example_local_kubernetes_executor.py", line 38, in <module>
    from kubernetes.client import models as k8s
ModuleNotFoundError: No module named 'kubernetes'
[2025-03-18T10:54:32.819+0000] {logging_mixin.py:190} INFO - [2025-03-18T10:54:32.819+0000] {example_local_kubernetes_executor.py:41} WARNING - Install Kubernetes dependencies with: pip install apache-airflow[cncf.kubernetes]
[2025-03-18T10:54:32.819+0000] {processor.py:927} WARNING - No viable dags retrieved from /usr/local/python/3.12.1/lib/python3.12/site-packages/airflow/example_dags/example_local_kubernetes_executor.py
[2025-03-18T10:54:32.826+0000] {processor.py:208} INFO - Processing /usr/local/python/3.12.1/lib/python3.12/site-packages/airflow/example_dags/example_local_kubernetes_executor.py took 0.015 seconds
[2025-03-18T10:55:27.564+0000] {processor.py:186} INFO - Started process (PID=51766) to work on /usr/local/python/3.12.1/lib/python3.12/site-packages/airflow/example_dags/example_local_kubernetes_executor.py
[2025-03-18T10:55:27.564+0000] {processor.py:914} INFO - Processing file /usr/local/python/3.12.1/lib/python3.12/site-packages/airflow/example_dags/example_local_kubernetes_executor.py for tasks to queue
[2025-03-18T10:55:27.566+0000] {logging_mixin.py:190} INFO - [2025-03-18T10:55:27.565+0000] {dagbag.py:588} INFO - Filling up the DagBag from /usr/local/python/3.12.1/lib/python3.12/site-packages/airflow/example_dags/example_local_kubernetes_executor.py
[2025-03-18T10:55:27.568+0000] {logging_mixin.py:190} INFO - [2025-03-18T10:55:27.568+0000] {example_local_kubernetes_executor.py:40} WARNING - Could not import DAGs in example_local_kubernetes_executor.py
Traceback (most recent call last):
  File "/usr/local/python/3.12.1/lib/python3.12/site-packages/airflow/example_dags/example_local_kubernetes_executor.py", line 38, in <module>
    from kubernetes.client import models as k8s
ModuleNotFoundError: No module named 'kubernetes'
[2025-03-18T10:55:27.568+0000] {logging_mixin.py:190} INFO - [2025-03-18T10:55:27.568+0000] {example_local_kubernetes_executor.py:41} WARNING - Install Kubernetes dependencies with: pip install apache-airflow[cncf.kubernetes]
[2025-03-18T10:55:27.569+0000] {processor.py:927} WARNING - No viable dags retrieved from /usr/local/python/3.12.1/lib/python3.12/site-packages/airflow/example_dags/example_local_kubernetes_executor.py
[2025-03-18T10:55:27.575+0000] {processor.py:208} INFO - Processing /usr/local/python/3.12.1/lib/python3.12/site-packages/airflow/example_dags/example_local_kubernetes_executor.py took 0.015 seconds
[2025-03-18T10:56:20.680+0000] {processor.py:186} INFO - Started process (PID=52545) to work on /usr/local/python/3.12.1/lib/python3.12/site-packages/airflow/example_dags/example_local_kubernetes_executor.py
[2025-03-18T10:56:20.680+0000] {processor.py:914} INFO - Processing file /usr/local/python/3.12.1/lib/python3.12/site-packages/airflow/example_dags/example_local_kubernetes_executor.py for tasks to queue
[2025-03-18T10:56:20.681+0000] {logging_mixin.py:190} INFO - [2025-03-18T10:56:20.681+0000] {dagbag.py:588} INFO - Filling up the DagBag from /usr/local/python/3.12.1/lib/python3.12/site-packages/airflow/example_dags/example_local_kubernetes_executor.py
[2025-03-18T10:56:20.684+0000] {logging_mixin.py:190} INFO - [2025-03-18T10:56:20.683+0000] {example_local_kubernetes_executor.py:40} WARNING - Could not import DAGs in example_local_kubernetes_executor.py
Traceback (most recent call last):
  File "/usr/local/python/3.12.1/lib/python3.12/site-packages/airflow/example_dags/example_local_kubernetes_executor.py", line 38, in <module>
    from kubernetes.client import models as k8s
ModuleNotFoundError: No module named 'kubernetes'
[2025-03-18T10:56:20.684+0000] {logging_mixin.py:190} INFO - [2025-03-18T10:56:20.684+0000] {example_local_kubernetes_executor.py:41} WARNING - Install Kubernetes dependencies with: pip install apache-airflow[cncf.kubernetes]
[2025-03-18T10:56:20.684+0000] {processor.py:927} WARNING - No viable dags retrieved from /usr/local/python/3.12.1/lib/python3.12/site-packages/airflow/example_dags/example_local_kubernetes_executor.py
[2025-03-18T10:56:20.691+0000] {processor.py:208} INFO - Processing /usr/local/python/3.12.1/lib/python3.12/site-packages/airflow/example_dags/example_local_kubernetes_executor.py took 0.015 seconds
[2025-03-18T10:57:07.967+0000] {processor.py:186} INFO - Started process (PID=52992) to work on /usr/local/python/3.12.1/lib/python3.12/site-packages/airflow/example_dags/example_local_kubernetes_executor.py
[2025-03-18T10:57:07.967+0000] {processor.py:914} INFO - Processing file /usr/local/python/3.12.1/lib/python3.12/site-packages/airflow/example_dags/example_local_kubernetes_executor.py for tasks to queue
[2025-03-18T10:57:07.969+0000] {logging_mixin.py:190} INFO - [2025-03-18T10:57:07.968+0000] {dagbag.py:588} INFO - Filling up the DagBag from /usr/local/python/3.12.1/lib/python3.12/site-packages/airflow/example_dags/example_local_kubernetes_executor.py
[2025-03-18T10:57:07.971+0000] {logging_mixin.py:190} INFO - [2025-03-18T10:57:07.971+0000] {example_local_kubernetes_executor.py:40} WARNING - Could not import DAGs in example_local_kubernetes_executor.py
Traceback (most recent call last):
  File "/usr/local/python/3.12.1/lib/python3.12/site-packages/airflow/example_dags/example_local_kubernetes_executor.py", line 38, in <module>
    from kubernetes.client import models as k8s
ModuleNotFoundError: No module named 'kubernetes'
[2025-03-18T10:57:07.971+0000] {logging_mixin.py:190} INFO - [2025-03-18T10:57:07.971+0000] {example_local_kubernetes_executor.py:41} WARNING - Install Kubernetes dependencies with: pip install apache-airflow[cncf.kubernetes]
[2025-03-18T10:57:07.971+0000] {processor.py:927} WARNING - No viable dags retrieved from /usr/local/python/3.12.1/lib/python3.12/site-packages/airflow/example_dags/example_local_kubernetes_executor.py
[2025-03-18T10:57:07.978+0000] {processor.py:208} INFO - Processing /usr/local/python/3.12.1/lib/python3.12/site-packages/airflow/example_dags/example_local_kubernetes_executor.py took 0.015 seconds
[2025-03-18T10:57:58.369+0000] {processor.py:186} INFO - Started process (PID=53620) to work on /usr/local/python/3.12.1/lib/python3.12/site-packages/airflow/example_dags/example_local_kubernetes_executor.py
[2025-03-18T10:57:58.369+0000] {processor.py:914} INFO - Processing file /usr/local/python/3.12.1/lib/python3.12/site-packages/airflow/example_dags/example_local_kubernetes_executor.py for tasks to queue
[2025-03-18T10:57:58.371+0000] {logging_mixin.py:190} INFO - [2025-03-18T10:57:58.371+0000] {dagbag.py:588} INFO - Filling up the DagBag from /usr/local/python/3.12.1/lib/python3.12/site-packages/airflow/example_dags/example_local_kubernetes_executor.py
[2025-03-18T10:57:58.373+0000] {logging_mixin.py:190} INFO - [2025-03-18T10:57:58.373+0000] {example_local_kubernetes_executor.py:40} WARNING - Could not import DAGs in example_local_kubernetes_executor.py
Traceback (most recent call last):
  File "/usr/local/python/3.12.1/lib/python3.12/site-packages/airflow/example_dags/example_local_kubernetes_executor.py", line 38, in <module>
    from kubernetes.client import models as k8s
ModuleNotFoundError: No module named 'kubernetes'
[2025-03-18T10:57:58.374+0000] {logging_mixin.py:190} INFO - [2025-03-18T10:57:58.374+0000] {example_local_kubernetes_executor.py:41} WARNING - Install Kubernetes dependencies with: pip install apache-airflow[cncf.kubernetes]
[2025-03-18T10:57:58.374+0000] {processor.py:927} WARNING - No viable dags retrieved from /usr/local/python/3.12.1/lib/python3.12/site-packages/airflow/example_dags/example_local_kubernetes_executor.py
[2025-03-18T10:57:58.380+0000] {processor.py:208} INFO - Processing /usr/local/python/3.12.1/lib/python3.12/site-packages/airflow/example_dags/example_local_kubernetes_executor.py took 0.016 seconds
[2025-03-18T10:58:47.893+0000] {processor.py:186} INFO - Started process (PID=54064) to work on /usr/local/python/3.12.1/lib/python3.12/site-packages/airflow/example_dags/example_local_kubernetes_executor.py
[2025-03-18T10:58:47.893+0000] {processor.py:914} INFO - Processing file /usr/local/python/3.12.1/lib/python3.12/site-packages/airflow/example_dags/example_local_kubernetes_executor.py for tasks to queue
[2025-03-18T10:58:47.895+0000] {logging_mixin.py:190} INFO - [2025-03-18T10:58:47.894+0000] {dagbag.py:588} INFO - Filling up the DagBag from /usr/local/python/3.12.1/lib/python3.12/site-packages/airflow/example_dags/example_local_kubernetes_executor.py
[2025-03-18T10:58:47.897+0000] {logging_mixin.py:190} INFO - [2025-03-18T10:58:47.896+0000] {example_local_kubernetes_executor.py:40} WARNING - Could not import DAGs in example_local_kubernetes_executor.py
Traceback (most recent call last):
  File "/usr/local/python/3.12.1/lib/python3.12/site-packages/airflow/example_dags/example_local_kubernetes_executor.py", line 38, in <module>
    from kubernetes.client import models as k8s
ModuleNotFoundError: No module named 'kubernetes'
[2025-03-18T10:58:47.897+0000] {logging_mixin.py:190} INFO - [2025-03-18T10:58:47.897+0000] {example_local_kubernetes_executor.py:41} WARNING - Install Kubernetes dependencies with: pip install apache-airflow[cncf.kubernetes]
[2025-03-18T10:58:47.897+0000] {processor.py:927} WARNING - No viable dags retrieved from /usr/local/python/3.12.1/lib/python3.12/site-packages/airflow/example_dags/example_local_kubernetes_executor.py
[2025-03-18T10:58:47.904+0000] {processor.py:208} INFO - Processing /usr/local/python/3.12.1/lib/python3.12/site-packages/airflow/example_dags/example_local_kubernetes_executor.py took 0.015 seconds
[2025-03-18T10:59:58.712+0000] {processor.py:186} INFO - Started process (PID=54923) to work on /usr/local/python/3.12.1/lib/python3.12/site-packages/airflow/example_dags/example_local_kubernetes_executor.py
[2025-03-18T10:59:58.713+0000] {processor.py:914} INFO - Processing file /usr/local/python/3.12.1/lib/python3.12/site-packages/airflow/example_dags/example_local_kubernetes_executor.py for tasks to queue
[2025-03-18T10:59:58.714+0000] {logging_mixin.py:190} INFO - [2025-03-18T10:59:58.714+0000] {dagbag.py:588} INFO - Filling up the DagBag from /usr/local/python/3.12.1/lib/python3.12/site-packages/airflow/example_dags/example_local_kubernetes_executor.py
[2025-03-18T10:59:58.717+0000] {logging_mixin.py:190} INFO - [2025-03-18T10:59:58.716+0000] {example_local_kubernetes_executor.py:40} WARNING - Could not import DAGs in example_local_kubernetes_executor.py
Traceback (most recent call last):
  File "/usr/local/python/3.12.1/lib/python3.12/site-packages/airflow/example_dags/example_local_kubernetes_executor.py", line 38, in <module>
    from kubernetes.client import models as k8s
ModuleNotFoundError: No module named 'kubernetes'
[2025-03-18T10:59:58.717+0000] {logging_mixin.py:190} INFO - [2025-03-18T10:59:58.717+0000] {example_local_kubernetes_executor.py:41} WARNING - Install Kubernetes dependencies with: pip install apache-airflow[cncf.kubernetes]
[2025-03-18T10:59:58.717+0000] {processor.py:927} WARNING - No viable dags retrieved from /usr/local/python/3.12.1/lib/python3.12/site-packages/airflow/example_dags/example_local_kubernetes_executor.py
[2025-03-18T10:59:58.723+0000] {processor.py:208} INFO - Processing /usr/local/python/3.12.1/lib/python3.12/site-packages/airflow/example_dags/example_local_kubernetes_executor.py took 0.016 seconds
[2025-03-18T11:00:49.173+0000] {processor.py:186} INFO - Started process (PID=56037) to work on /usr/local/python/3.12.1/lib/python3.12/site-packages/airflow/example_dags/example_local_kubernetes_executor.py
[2025-03-18T11:00:49.173+0000] {processor.py:914} INFO - Processing file /usr/local/python/3.12.1/lib/python3.12/site-packages/airflow/example_dags/example_local_kubernetes_executor.py for tasks to queue
[2025-03-18T11:00:49.175+0000] {logging_mixin.py:190} INFO - [2025-03-18T11:00:49.175+0000] {dagbag.py:588} INFO - Filling up the DagBag from /usr/local/python/3.12.1/lib/python3.12/site-packages/airflow/example_dags/example_local_kubernetes_executor.py
[2025-03-18T11:00:49.178+0000] {logging_mixin.py:190} INFO - [2025-03-18T11:00:49.177+0000] {example_local_kubernetes_executor.py:40} WARNING - Could not import DAGs in example_local_kubernetes_executor.py
Traceback (most recent call last):
  File "/usr/local/python/3.12.1/lib/python3.12/site-packages/airflow/example_dags/example_local_kubernetes_executor.py", line 38, in <module>
    from kubernetes.client import models as k8s
ModuleNotFoundError: No module named 'kubernetes'
[2025-03-18T11:00:49.178+0000] {logging_mixin.py:190} INFO - [2025-03-18T11:00:49.178+0000] {example_local_kubernetes_executor.py:41} WARNING - Install Kubernetes dependencies with: pip install apache-airflow[cncf.kubernetes]
[2025-03-18T11:00:49.178+0000] {processor.py:927} WARNING - No viable dags retrieved from /usr/local/python/3.12.1/lib/python3.12/site-packages/airflow/example_dags/example_local_kubernetes_executor.py
[2025-03-18T11:00:49.184+0000] {processor.py:208} INFO - Processing /usr/local/python/3.12.1/lib/python3.12/site-packages/airflow/example_dags/example_local_kubernetes_executor.py took 0.016 seconds
[2025-03-18T11:01:40.557+0000] {processor.py:186} INFO - Started process (PID=57834) to work on /usr/local/python/3.12.1/lib/python3.12/site-packages/airflow/example_dags/example_local_kubernetes_executor.py
[2025-03-18T11:01:40.558+0000] {processor.py:914} INFO - Processing file /usr/local/python/3.12.1/lib/python3.12/site-packages/airflow/example_dags/example_local_kubernetes_executor.py for tasks to queue
[2025-03-18T11:01:40.560+0000] {logging_mixin.py:190} INFO - [2025-03-18T11:01:40.560+0000] {dagbag.py:588} INFO - Filling up the DagBag from /usr/local/python/3.12.1/lib/python3.12/site-packages/airflow/example_dags/example_local_kubernetes_executor.py
[2025-03-18T11:01:40.562+0000] {logging_mixin.py:190} INFO - [2025-03-18T11:01:40.562+0000] {example_local_kubernetes_executor.py:40} WARNING - Could not import DAGs in example_local_kubernetes_executor.py
Traceback (most recent call last):
  File "/usr/local/python/3.12.1/lib/python3.12/site-packages/airflow/example_dags/example_local_kubernetes_executor.py", line 38, in <module>
    from kubernetes.client import models as k8s
ModuleNotFoundError: No module named 'kubernetes'
[2025-03-18T11:01:40.563+0000] {logging_mixin.py:190} INFO - [2025-03-18T11:01:40.563+0000] {example_local_kubernetes_executor.py:41} WARNING - Install Kubernetes dependencies with: pip install apache-airflow[cncf.kubernetes]
[2025-03-18T11:01:40.563+0000] {processor.py:927} WARNING - No viable dags retrieved from /usr/local/python/3.12.1/lib/python3.12/site-packages/airflow/example_dags/example_local_kubernetes_executor.py
[2025-03-18T11:01:40.569+0000] {processor.py:208} INFO - Processing /usr/local/python/3.12.1/lib/python3.12/site-packages/airflow/example_dags/example_local_kubernetes_executor.py took 0.016 seconds
[2025-03-18T11:02:31.959+0000] {processor.py:186} INFO - Started process (PID=58239) to work on /usr/local/python/3.12.1/lib/python3.12/site-packages/airflow/example_dags/example_local_kubernetes_executor.py
[2025-03-18T11:02:31.960+0000] {processor.py:914} INFO - Processing file /usr/local/python/3.12.1/lib/python3.12/site-packages/airflow/example_dags/example_local_kubernetes_executor.py for tasks to queue
[2025-03-18T11:02:31.961+0000] {logging_mixin.py:190} INFO - [2025-03-18T11:02:31.961+0000] {dagbag.py:588} INFO - Filling up the DagBag from /usr/local/python/3.12.1/lib/python3.12/site-packages/airflow/example_dags/example_local_kubernetes_executor.py
[2025-03-18T11:02:31.964+0000] {logging_mixin.py:190} INFO - [2025-03-18T11:02:31.963+0000] {example_local_kubernetes_executor.py:40} WARNING - Could not import DAGs in example_local_kubernetes_executor.py
Traceback (most recent call last):
  File "/usr/local/python/3.12.1/lib/python3.12/site-packages/airflow/example_dags/example_local_kubernetes_executor.py", line 38, in <module>
    from kubernetes.client import models as k8s
ModuleNotFoundError: No module named 'kubernetes'
[2025-03-18T11:02:31.964+0000] {logging_mixin.py:190} INFO - [2025-03-18T11:02:31.964+0000] {example_local_kubernetes_executor.py:41} WARNING - Install Kubernetes dependencies with: pip install apache-airflow[cncf.kubernetes]
[2025-03-18T11:02:31.964+0000] {processor.py:927} WARNING - No viable dags retrieved from /usr/local/python/3.12.1/lib/python3.12/site-packages/airflow/example_dags/example_local_kubernetes_executor.py
[2025-03-18T11:02:31.970+0000] {processor.py:208} INFO - Processing /usr/local/python/3.12.1/lib/python3.12/site-packages/airflow/example_dags/example_local_kubernetes_executor.py took 0.016 seconds
[2025-03-18T11:03:41.600+0000] {processor.py:186} INFO - Started process (PID=58821) to work on /usr/local/python/3.12.1/lib/python3.12/site-packages/airflow/example_dags/example_local_kubernetes_executor.py
[2025-03-18T11:03:41.601+0000] {processor.py:914} INFO - Processing file /usr/local/python/3.12.1/lib/python3.12/site-packages/airflow/example_dags/example_local_kubernetes_executor.py for tasks to queue
[2025-03-18T11:03:41.602+0000] {logging_mixin.py:190} INFO - [2025-03-18T11:03:41.602+0000] {dagbag.py:588} INFO - Filling up the DagBag from /usr/local/python/3.12.1/lib/python3.12/site-packages/airflow/example_dags/example_local_kubernetes_executor.py
[2025-03-18T11:03:41.605+0000] {logging_mixin.py:190} INFO - [2025-03-18T11:03:41.604+0000] {example_local_kubernetes_executor.py:40} WARNING - Could not import DAGs in example_local_kubernetes_executor.py
Traceback (most recent call last):
  File "/usr/local/python/3.12.1/lib/python3.12/site-packages/airflow/example_dags/example_local_kubernetes_executor.py", line 38, in <module>
    from kubernetes.client import models as k8s
ModuleNotFoundError: No module named 'kubernetes'
[2025-03-18T11:03:41.605+0000] {logging_mixin.py:190} INFO - [2025-03-18T11:03:41.605+0000] {example_local_kubernetes_executor.py:41} WARNING - Install Kubernetes dependencies with: pip install apache-airflow[cncf.kubernetes]
[2025-03-18T11:03:41.605+0000] {processor.py:927} WARNING - No viable dags retrieved from /usr/local/python/3.12.1/lib/python3.12/site-packages/airflow/example_dags/example_local_kubernetes_executor.py
[2025-03-18T11:03:41.611+0000] {processor.py:208} INFO - Processing /usr/local/python/3.12.1/lib/python3.12/site-packages/airflow/example_dags/example_local_kubernetes_executor.py took 0.015 seconds
[2025-03-18T11:04:31.145+0000] {processor.py:186} INFO - Started process (PID=59213) to work on /usr/local/python/3.12.1/lib/python3.12/site-packages/airflow/example_dags/example_local_kubernetes_executor.py
[2025-03-18T11:04:31.146+0000] {processor.py:914} INFO - Processing file /usr/local/python/3.12.1/lib/python3.12/site-packages/airflow/example_dags/example_local_kubernetes_executor.py for tasks to queue
[2025-03-18T11:04:31.147+0000] {logging_mixin.py:190} INFO - [2025-03-18T11:04:31.147+0000] {dagbag.py:588} INFO - Filling up the DagBag from /usr/local/python/3.12.1/lib/python3.12/site-packages/airflow/example_dags/example_local_kubernetes_executor.py
[2025-03-18T11:04:31.150+0000] {logging_mixin.py:190} INFO - [2025-03-18T11:04:31.149+0000] {example_local_kubernetes_executor.py:40} WARNING - Could not import DAGs in example_local_kubernetes_executor.py
Traceback (most recent call last):
  File "/usr/local/python/3.12.1/lib/python3.12/site-packages/airflow/example_dags/example_local_kubernetes_executor.py", line 38, in <module>
    from kubernetes.client import models as k8s
ModuleNotFoundError: No module named 'kubernetes'
[2025-03-18T11:04:31.150+0000] {logging_mixin.py:190} INFO - [2025-03-18T11:04:31.150+0000] {example_local_kubernetes_executor.py:41} WARNING - Install Kubernetes dependencies with: pip install apache-airflow[cncf.kubernetes]
[2025-03-18T11:04:31.150+0000] {processor.py:927} WARNING - No viable dags retrieved from /usr/local/python/3.12.1/lib/python3.12/site-packages/airflow/example_dags/example_local_kubernetes_executor.py
[2025-03-18T11:04:31.156+0000] {processor.py:208} INFO - Processing /usr/local/python/3.12.1/lib/python3.12/site-packages/airflow/example_dags/example_local_kubernetes_executor.py took 0.015 seconds
[2025-03-18T11:05:45.372+0000] {processor.py:186} INFO - Started process (PID=59812) to work on /usr/local/python/3.12.1/lib/python3.12/site-packages/airflow/example_dags/example_local_kubernetes_executor.py
[2025-03-18T11:05:45.373+0000] {processor.py:914} INFO - Processing file /usr/local/python/3.12.1/lib/python3.12/site-packages/airflow/example_dags/example_local_kubernetes_executor.py for tasks to queue
[2025-03-18T11:05:45.375+0000] {logging_mixin.py:190} INFO - [2025-03-18T11:05:45.374+0000] {dagbag.py:588} INFO - Filling up the DagBag from /usr/local/python/3.12.1/lib/python3.12/site-packages/airflow/example_dags/example_local_kubernetes_executor.py
[2025-03-18T11:05:45.377+0000] {logging_mixin.py:190} INFO - [2025-03-18T11:05:45.377+0000] {example_local_kubernetes_executor.py:40} WARNING - Could not import DAGs in example_local_kubernetes_executor.py
Traceback (most recent call last):
  File "/usr/local/python/3.12.1/lib/python3.12/site-packages/airflow/example_dags/example_local_kubernetes_executor.py", line 38, in <module>
    from kubernetes.client import models as k8s
ModuleNotFoundError: No module named 'kubernetes'
[2025-03-18T11:05:45.377+0000] {logging_mixin.py:190} INFO - [2025-03-18T11:05:45.377+0000] {example_local_kubernetes_executor.py:41} WARNING - Install Kubernetes dependencies with: pip install apache-airflow[cncf.kubernetes]
[2025-03-18T11:05:45.377+0000] {processor.py:927} WARNING - No viable dags retrieved from /usr/local/python/3.12.1/lib/python3.12/site-packages/airflow/example_dags/example_local_kubernetes_executor.py
[2025-03-18T11:05:45.384+0000] {processor.py:208} INFO - Processing /usr/local/python/3.12.1/lib/python3.12/site-packages/airflow/example_dags/example_local_kubernetes_executor.py took 0.016 seconds
[2025-03-18T11:06:34.480+0000] {processor.py:186} INFO - Started process (PID=60185) to work on /usr/local/python/3.12.1/lib/python3.12/site-packages/airflow/example_dags/example_local_kubernetes_executor.py
[2025-03-18T11:06:34.481+0000] {processor.py:914} INFO - Processing file /usr/local/python/3.12.1/lib/python3.12/site-packages/airflow/example_dags/example_local_kubernetes_executor.py for tasks to queue
[2025-03-18T11:06:34.482+0000] {logging_mixin.py:190} INFO - [2025-03-18T11:06:34.482+0000] {dagbag.py:588} INFO - Filling up the DagBag from /usr/local/python/3.12.1/lib/python3.12/site-packages/airflow/example_dags/example_local_kubernetes_executor.py
[2025-03-18T11:06:34.484+0000] {logging_mixin.py:190} INFO - [2025-03-18T11:06:34.484+0000] {example_local_kubernetes_executor.py:40} WARNING - Could not import DAGs in example_local_kubernetes_executor.py
Traceback (most recent call last):
  File "/usr/local/python/3.12.1/lib/python3.12/site-packages/airflow/example_dags/example_local_kubernetes_executor.py", line 38, in <module>
    from kubernetes.client import models as k8s
ModuleNotFoundError: No module named 'kubernetes'
[2025-03-18T11:06:34.485+0000] {logging_mixin.py:190} INFO - [2025-03-18T11:06:34.485+0000] {example_local_kubernetes_executor.py:41} WARNING - Install Kubernetes dependencies with: pip install apache-airflow[cncf.kubernetes]
[2025-03-18T11:06:34.485+0000] {processor.py:927} WARNING - No viable dags retrieved from /usr/local/python/3.12.1/lib/python3.12/site-packages/airflow/example_dags/example_local_kubernetes_executor.py
[2025-03-18T11:06:34.491+0000] {processor.py:208} INFO - Processing /usr/local/python/3.12.1/lib/python3.12/site-packages/airflow/example_dags/example_local_kubernetes_executor.py took 0.016 seconds
[2025-03-18T11:07:25.825+0000] {processor.py:186} INFO - Started process (PID=60584) to work on /usr/local/python/3.12.1/lib/python3.12/site-packages/airflow/example_dags/example_local_kubernetes_executor.py
[2025-03-18T11:07:25.826+0000] {processor.py:914} INFO - Processing file /usr/local/python/3.12.1/lib/python3.12/site-packages/airflow/example_dags/example_local_kubernetes_executor.py for tasks to queue
[2025-03-18T11:07:25.827+0000] {logging_mixin.py:190} INFO - [2025-03-18T11:07:25.827+0000] {dagbag.py:588} INFO - Filling up the DagBag from /usr/local/python/3.12.1/lib/python3.12/site-packages/airflow/example_dags/example_local_kubernetes_executor.py
[2025-03-18T11:07:25.830+0000] {logging_mixin.py:190} INFO - [2025-03-18T11:07:25.829+0000] {example_local_kubernetes_executor.py:40} WARNING - Could not import DAGs in example_local_kubernetes_executor.py
Traceback (most recent call last):
  File "/usr/local/python/3.12.1/lib/python3.12/site-packages/airflow/example_dags/example_local_kubernetes_executor.py", line 38, in <module>
    from kubernetes.client import models as k8s
ModuleNotFoundError: No module named 'kubernetes'
[2025-03-18T11:07:25.830+0000] {logging_mixin.py:190} INFO - [2025-03-18T11:07:25.830+0000] {example_local_kubernetes_executor.py:41} WARNING - Install Kubernetes dependencies with: pip install apache-airflow[cncf.kubernetes]
[2025-03-18T11:07:25.830+0000] {processor.py:927} WARNING - No viable dags retrieved from /usr/local/python/3.12.1/lib/python3.12/site-packages/airflow/example_dags/example_local_kubernetes_executor.py
[2025-03-18T11:07:25.837+0000] {processor.py:208} INFO - Processing /usr/local/python/3.12.1/lib/python3.12/site-packages/airflow/example_dags/example_local_kubernetes_executor.py took 0.016 seconds
[2025-03-18T11:08:17.226+0000] {processor.py:186} INFO - Started process (PID=61019) to work on /usr/local/python/3.12.1/lib/python3.12/site-packages/airflow/example_dags/example_local_kubernetes_executor.py
[2025-03-18T11:08:17.226+0000] {processor.py:914} INFO - Processing file /usr/local/python/3.12.1/lib/python3.12/site-packages/airflow/example_dags/example_local_kubernetes_executor.py for tasks to queue
[2025-03-18T11:08:17.228+0000] {logging_mixin.py:190} INFO - [2025-03-18T11:08:17.227+0000] {dagbag.py:588} INFO - Filling up the DagBag from /usr/local/python/3.12.1/lib/python3.12/site-packages/airflow/example_dags/example_local_kubernetes_executor.py
[2025-03-18T11:08:17.230+0000] {logging_mixin.py:190} INFO - [2025-03-18T11:08:17.230+0000] {example_local_kubernetes_executor.py:40} WARNING - Could not import DAGs in example_local_kubernetes_executor.py
Traceback (most recent call last):
  File "/usr/local/python/3.12.1/lib/python3.12/site-packages/airflow/example_dags/example_local_kubernetes_executor.py", line 38, in <module>
    from kubernetes.client import models as k8s
ModuleNotFoundError: No module named 'kubernetes'
[2025-03-18T11:08:17.230+0000] {logging_mixin.py:190} INFO - [2025-03-18T11:08:17.230+0000] {example_local_kubernetes_executor.py:41} WARNING - Install Kubernetes dependencies with: pip install apache-airflow[cncf.kubernetes]
[2025-03-18T11:08:17.231+0000] {processor.py:927} WARNING - No viable dags retrieved from /usr/local/python/3.12.1/lib/python3.12/site-packages/airflow/example_dags/example_local_kubernetes_executor.py
[2025-03-18T11:08:17.237+0000] {processor.py:208} INFO - Processing /usr/local/python/3.12.1/lib/python3.12/site-packages/airflow/example_dags/example_local_kubernetes_executor.py took 0.015 seconds
[2025-03-18T11:09:06.149+0000] {processor.py:186} INFO - Started process (PID=61443) to work on /usr/local/python/3.12.1/lib/python3.12/site-packages/airflow/example_dags/example_local_kubernetes_executor.py
[2025-03-18T11:09:06.149+0000] {processor.py:914} INFO - Processing file /usr/local/python/3.12.1/lib/python3.12/site-packages/airflow/example_dags/example_local_kubernetes_executor.py for tasks to queue
[2025-03-18T11:09:06.151+0000] {logging_mixin.py:190} INFO - [2025-03-18T11:09:06.151+0000] {dagbag.py:588} INFO - Filling up the DagBag from /usr/local/python/3.12.1/lib/python3.12/site-packages/airflow/example_dags/example_local_kubernetes_executor.py
[2025-03-18T11:09:06.154+0000] {logging_mixin.py:190} INFO - [2025-03-18T11:09:06.154+0000] {example_local_kubernetes_executor.py:40} WARNING - Could not import DAGs in example_local_kubernetes_executor.py
Traceback (most recent call last):
  File "/usr/local/python/3.12.1/lib/python3.12/site-packages/airflow/example_dags/example_local_kubernetes_executor.py", line 38, in <module>
    from kubernetes.client import models as k8s
ModuleNotFoundError: No module named 'kubernetes'
[2025-03-18T11:09:06.154+0000] {logging_mixin.py:190} INFO - [2025-03-18T11:09:06.154+0000] {example_local_kubernetes_executor.py:41} WARNING - Install Kubernetes dependencies with: pip install apache-airflow[cncf.kubernetes]
[2025-03-18T11:09:06.154+0000] {processor.py:927} WARNING - No viable dags retrieved from /usr/local/python/3.12.1/lib/python3.12/site-packages/airflow/example_dags/example_local_kubernetes_executor.py
[2025-03-18T11:09:06.161+0000] {processor.py:208} INFO - Processing /usr/local/python/3.12.1/lib/python3.12/site-packages/airflow/example_dags/example_local_kubernetes_executor.py took 0.016 seconds
[2025-03-18T11:10:00.941+0000] {processor.py:186} INFO - Started process (PID=61912) to work on /usr/local/python/3.12.1/lib/python3.12/site-packages/airflow/example_dags/example_local_kubernetes_executor.py
[2025-03-18T11:10:00.942+0000] {processor.py:914} INFO - Processing file /usr/local/python/3.12.1/lib/python3.12/site-packages/airflow/example_dags/example_local_kubernetes_executor.py for tasks to queue
[2025-03-18T11:10:00.944+0000] {logging_mixin.py:190} INFO - [2025-03-18T11:10:00.943+0000] {dagbag.py:588} INFO - Filling up the DagBag from /usr/local/python/3.12.1/lib/python3.12/site-packages/airflow/example_dags/example_local_kubernetes_executor.py
[2025-03-18T11:10:00.946+0000] {logging_mixin.py:190} INFO - [2025-03-18T11:10:00.946+0000] {example_local_kubernetes_executor.py:40} WARNING - Could not import DAGs in example_local_kubernetes_executor.py
Traceback (most recent call last):
  File "/usr/local/python/3.12.1/lib/python3.12/site-packages/airflow/example_dags/example_local_kubernetes_executor.py", line 38, in <module>
    from kubernetes.client import models as k8s
ModuleNotFoundError: No module named 'kubernetes'
[2025-03-18T11:10:00.946+0000] {logging_mixin.py:190} INFO - [2025-03-18T11:10:00.946+0000] {example_local_kubernetes_executor.py:41} WARNING - Install Kubernetes dependencies with: pip install apache-airflow[cncf.kubernetes]
[2025-03-18T11:10:00.946+0000] {processor.py:927} WARNING - No viable dags retrieved from /usr/local/python/3.12.1/lib/python3.12/site-packages/airflow/example_dags/example_local_kubernetes_executor.py
[2025-03-18T11:10:00.953+0000] {processor.py:208} INFO - Processing /usr/local/python/3.12.1/lib/python3.12/site-packages/airflow/example_dags/example_local_kubernetes_executor.py took 0.015 seconds
[2025-03-18T11:10:52.292+0000] {processor.py:186} INFO - Started process (PID=62364) to work on /usr/local/python/3.12.1/lib/python3.12/site-packages/airflow/example_dags/example_local_kubernetes_executor.py
[2025-03-18T11:10:52.293+0000] {processor.py:914} INFO - Processing file /usr/local/python/3.12.1/lib/python3.12/site-packages/airflow/example_dags/example_local_kubernetes_executor.py for tasks to queue
[2025-03-18T11:10:52.295+0000] {logging_mixin.py:190} INFO - [2025-03-18T11:10:52.295+0000] {dagbag.py:588} INFO - Filling up the DagBag from /usr/local/python/3.12.1/lib/python3.12/site-packages/airflow/example_dags/example_local_kubernetes_executor.py
[2025-03-18T11:10:52.297+0000] {logging_mixin.py:190} INFO - [2025-03-18T11:10:52.297+0000] {example_local_kubernetes_executor.py:40} WARNING - Could not import DAGs in example_local_kubernetes_executor.py
Traceback (most recent call last):
  File "/usr/local/python/3.12.1/lib/python3.12/site-packages/airflow/example_dags/example_local_kubernetes_executor.py", line 38, in <module>
    from kubernetes.client import models as k8s
ModuleNotFoundError: No module named 'kubernetes'
[2025-03-18T11:10:52.298+0000] {logging_mixin.py:190} INFO - [2025-03-18T11:10:52.298+0000] {example_local_kubernetes_executor.py:41} WARNING - Install Kubernetes dependencies with: pip install apache-airflow[cncf.kubernetes]
[2025-03-18T11:10:52.298+0000] {processor.py:927} WARNING - No viable dags retrieved from /usr/local/python/3.12.1/lib/python3.12/site-packages/airflow/example_dags/example_local_kubernetes_executor.py
[2025-03-18T11:10:52.304+0000] {processor.py:208} INFO - Processing /usr/local/python/3.12.1/lib/python3.12/site-packages/airflow/example_dags/example_local_kubernetes_executor.py took 0.016 seconds
[2025-03-18T11:12:00.606+0000] {processor.py:186} INFO - Started process (PID=63104) to work on /usr/local/python/3.12.1/lib/python3.12/site-packages/airflow/example_dags/example_local_kubernetes_executor.py
[2025-03-18T11:12:00.606+0000] {processor.py:914} INFO - Processing file /usr/local/python/3.12.1/lib/python3.12/site-packages/airflow/example_dags/example_local_kubernetes_executor.py for tasks to queue
[2025-03-18T11:12:00.608+0000] {logging_mixin.py:190} INFO - [2025-03-18T11:12:00.608+0000] {dagbag.py:588} INFO - Filling up the DagBag from /usr/local/python/3.12.1/lib/python3.12/site-packages/airflow/example_dags/example_local_kubernetes_executor.py
[2025-03-18T11:12:00.610+0000] {logging_mixin.py:190} INFO - [2025-03-18T11:12:00.610+0000] {example_local_kubernetes_executor.py:40} WARNING - Could not import DAGs in example_local_kubernetes_executor.py
Traceback (most recent call last):
  File "/usr/local/python/3.12.1/lib/python3.12/site-packages/airflow/example_dags/example_local_kubernetes_executor.py", line 38, in <module>
    from kubernetes.client import models as k8s
ModuleNotFoundError: No module named 'kubernetes'
[2025-03-18T11:12:00.611+0000] {logging_mixin.py:190} INFO - [2025-03-18T11:12:00.610+0000] {example_local_kubernetes_executor.py:41} WARNING - Install Kubernetes dependencies with: pip install apache-airflow[cncf.kubernetes]
[2025-03-18T11:12:00.611+0000] {processor.py:927} WARNING - No viable dags retrieved from /usr/local/python/3.12.1/lib/python3.12/site-packages/airflow/example_dags/example_local_kubernetes_executor.py
[2025-03-18T11:12:00.617+0000] {processor.py:208} INFO - Processing /usr/local/python/3.12.1/lib/python3.12/site-packages/airflow/example_dags/example_local_kubernetes_executor.py took 0.016 seconds
[2025-03-18T11:50:51.267+0000] {processor.py:186} INFO - Started process (PID=83116) to work on /usr/local/python/3.12.1/lib/python3.12/site-packages/airflow/example_dags/example_local_kubernetes_executor.py
[2025-03-18T11:50:51.268+0000] {processor.py:914} INFO - Processing file /usr/local/python/3.12.1/lib/python3.12/site-packages/airflow/example_dags/example_local_kubernetes_executor.py for tasks to queue
[2025-03-18T11:50:51.269+0000] {logging_mixin.py:190} INFO - [2025-03-18T11:50:51.269+0000] {dagbag.py:588} INFO - Filling up the DagBag from /usr/local/python/3.12.1/lib/python3.12/site-packages/airflow/example_dags/example_local_kubernetes_executor.py
[2025-03-18T11:50:51.272+0000] {logging_mixin.py:190} INFO - [2025-03-18T11:50:51.271+0000] {example_local_kubernetes_executor.py:40} WARNING - Could not import DAGs in example_local_kubernetes_executor.py
Traceback (most recent call last):
  File "/usr/local/python/3.12.1/lib/python3.12/site-packages/airflow/example_dags/example_local_kubernetes_executor.py", line 38, in <module>
    from kubernetes.client import models as k8s
ModuleNotFoundError: No module named 'kubernetes'
[2025-03-18T11:50:51.272+0000] {logging_mixin.py:190} INFO - [2025-03-18T11:50:51.272+0000] {example_local_kubernetes_executor.py:41} WARNING - Install Kubernetes dependencies with: pip install apache-airflow[cncf.kubernetes]
[2025-03-18T11:50:51.272+0000] {processor.py:927} WARNING - No viable dags retrieved from /usr/local/python/3.12.1/lib/python3.12/site-packages/airflow/example_dags/example_local_kubernetes_executor.py
[2025-03-18T11:50:51.279+0000] {processor.py:208} INFO - Processing /usr/local/python/3.12.1/lib/python3.12/site-packages/airflow/example_dags/example_local_kubernetes_executor.py took 0.016 seconds
