[2025-03-18T10:52:11.987+0000] {processor.py:186} INFO - Started process (PID=49612) to work on /usr/local/python/3.12.1/lib/python3.12/site-packages/airflow/example_dags/example_branch_operator_decorator.py
[2025-03-18T10:52:11.987+0000] {processor.py:914} INFO - Processing file /usr/local/python/3.12.1/lib/python3.12/site-packages/airflow/example_dags/example_branch_operator_decorator.py for tasks to queue
[2025-03-18T10:52:11.989+0000] {logging_mixin.py:190} INFO - [2025-03-18T10:52:11.989+0000] {dagbag.py:588} INFO - Filling up the DagBag from /usr/local/python/3.12.1/lib/python3.12/site-packages/airflow/example_dags/example_branch_operator_decorator.py
[2025-03-18T10:52:12.006+0000] {processor.py:925} INFO - DAG(s) 'example_branch_python_operator_decorator' retrieved from /usr/local/python/3.12.1/lib/python3.12/site-packages/airflow/example_dags/example_branch_operator_decorator.py
[2025-03-18T10:52:12.094+0000] {logging_mixin.py:190} INFO - [2025-03-18T10:52:12.094+0000] {override.py:1930} INFO - Created Permission View: can read on DAG:example_branch_python_operator_decorator
[2025-03-18T10:52:12.102+0000] {logging_mixin.py:190} INFO - [2025-03-18T10:52:12.102+0000] {override.py:1930} INFO - Created Permission View: can edit on DAG:example_branch_python_operator_decorator
[2025-03-18T10:52:12.108+0000] {logging_mixin.py:190} INFO - [2025-03-18T10:52:12.108+0000] {override.py:1930} INFO - Created Permission View: can delete on DAG:example_branch_python_operator_decorator
[2025-03-18T10:52:12.116+0000] {logging_mixin.py:190} INFO - [2025-03-18T10:52:12.116+0000] {override.py:1930} INFO - Created Permission View: can read on DAG Run:example_branch_python_operator_decorator
[2025-03-18T10:52:12.122+0000] {logging_mixin.py:190} INFO - [2025-03-18T10:52:12.121+0000] {override.py:1930} INFO - Created Permission View: can create on DAG Run:example_branch_python_operator_decorator
[2025-03-18T10:52:12.127+0000] {logging_mixin.py:190} INFO - [2025-03-18T10:52:12.127+0000] {override.py:1930} INFO - Created Permission View: menu access on DAG Run:example_branch_python_operator_decorator
[2025-03-18T10:52:12.133+0000] {logging_mixin.py:190} INFO - [2025-03-18T10:52:12.132+0000] {override.py:1930} INFO - Created Permission View: can delete on DAG Run:example_branch_python_operator_decorator
[2025-03-18T10:52:12.133+0000] {logging_mixin.py:190} INFO - [2025-03-18T10:52:12.133+0000] {dag.py:3239} INFO - Sync 1 DAGs
[2025-03-18T10:52:12.141+0000] {logging_mixin.py:190} INFO - [2025-03-18T10:52:12.141+0000] {dag.py:3262} INFO - Creating ORM DAG for example_branch_python_operator_decorator
[2025-03-18T10:52:12.148+0000] {logging_mixin.py:190} INFO - [2025-03-18T10:52:12.148+0000] {dag.py:4180} INFO - Setting next_dagrun for example_branch_python_operator_decorator to 2025-03-17 00:00:00+00:00, run_after=2025-03-18 00:00:00+00:00
[2025-03-18T10:52:12.163+0000] {processor.py:208} INFO - Processing /usr/local/python/3.12.1/lib/python3.12/site-packages/airflow/example_dags/example_branch_operator_decorator.py took 0.180 seconds
[2025-03-18T10:53:48.726+0000] {processor.py:186} INFO - Started process (PID=50916) to work on /usr/local/python/3.12.1/lib/python3.12/site-packages/airflow/example_dags/example_branch_operator_decorator.py
[2025-03-18T10:53:48.727+0000] {processor.py:914} INFO - Processing file /usr/local/python/3.12.1/lib/python3.12/site-packages/airflow/example_dags/example_branch_operator_decorator.py for tasks to queue
[2025-03-18T10:53:48.728+0000] {logging_mixin.py:190} INFO - [2025-03-18T10:53:48.728+0000] {dagbag.py:588} INFO - Filling up the DagBag from /usr/local/python/3.12.1/lib/python3.12/site-packages/airflow/example_dags/example_branch_operator_decorator.py
[2025-03-18T10:53:48.746+0000] {processor.py:925} INFO - DAG(s) 'example_branch_python_operator_decorator' retrieved from /usr/local/python/3.12.1/lib/python3.12/site-packages/airflow/example_dags/example_branch_operator_decorator.py
[2025-03-18T10:53:48.833+0000] {logging_mixin.py:190} INFO - [2025-03-18T10:53:48.833+0000] {dag.py:3239} INFO - Sync 1 DAGs
[2025-03-18T10:53:48.847+0000] {logging_mixin.py:190} INFO - [2025-03-18T10:53:48.847+0000] {dag.py:4180} INFO - Setting next_dagrun for example_branch_python_operator_decorator to 2025-03-17 00:00:00+00:00, run_after=2025-03-18 00:00:00+00:00
[2025-03-18T10:53:48.866+0000] {processor.py:208} INFO - Processing /usr/local/python/3.12.1/lib/python3.12/site-packages/airflow/example_dags/example_branch_operator_decorator.py took 0.144 seconds
[2025-03-18T10:54:44.232+0000] {processor.py:186} INFO - Started process (PID=51360) to work on /usr/local/python/3.12.1/lib/python3.12/site-packages/airflow/example_dags/example_branch_operator_decorator.py
[2025-03-18T10:54:44.233+0000] {processor.py:914} INFO - Processing file /usr/local/python/3.12.1/lib/python3.12/site-packages/airflow/example_dags/example_branch_operator_decorator.py for tasks to queue
[2025-03-18T10:54:44.235+0000] {logging_mixin.py:190} INFO - [2025-03-18T10:54:44.234+0000] {dagbag.py:588} INFO - Filling up the DagBag from /usr/local/python/3.12.1/lib/python3.12/site-packages/airflow/example_dags/example_branch_operator_decorator.py
[2025-03-18T10:54:44.252+0000] {processor.py:925} INFO - DAG(s) 'example_branch_python_operator_decorator' retrieved from /usr/local/python/3.12.1/lib/python3.12/site-packages/airflow/example_dags/example_branch_operator_decorator.py
[2025-03-18T10:54:44.269+0000] {logging_mixin.py:190} INFO - [2025-03-18T10:54:44.269+0000] {dag.py:3239} INFO - Sync 1 DAGs
[2025-03-18T10:54:44.285+0000] {logging_mixin.py:190} INFO - [2025-03-18T10:54:44.285+0000] {dag.py:4180} INFO - Setting next_dagrun for example_branch_python_operator_decorator to 2025-03-17 00:00:00+00:00, run_after=2025-03-18 00:00:00+00:00
[2025-03-18T10:54:44.299+0000] {processor.py:208} INFO - Processing /usr/local/python/3.12.1/lib/python3.12/site-packages/airflow/example_dags/example_branch_operator_decorator.py took 0.071 seconds
[2025-03-18T10:55:58.379+0000] {processor.py:186} INFO - Started process (PID=52239) to work on /usr/local/python/3.12.1/lib/python3.12/site-packages/airflow/example_dags/example_branch_operator_decorator.py
[2025-03-18T10:55:58.380+0000] {processor.py:914} INFO - Processing file /usr/local/python/3.12.1/lib/python3.12/site-packages/airflow/example_dags/example_branch_operator_decorator.py for tasks to queue
[2025-03-18T10:55:58.382+0000] {logging_mixin.py:190} INFO - [2025-03-18T10:55:58.381+0000] {dagbag.py:588} INFO - Filling up the DagBag from /usr/local/python/3.12.1/lib/python3.12/site-packages/airflow/example_dags/example_branch_operator_decorator.py
[2025-03-18T10:55:58.399+0000] {processor.py:925} INFO - DAG(s) 'example_branch_python_operator_decorator' retrieved from /usr/local/python/3.12.1/lib/python3.12/site-packages/airflow/example_dags/example_branch_operator_decorator.py
[2025-03-18T10:55:58.417+0000] {logging_mixin.py:190} INFO - [2025-03-18T10:55:58.417+0000] {dag.py:3239} INFO - Sync 1 DAGs
[2025-03-18T10:55:58.433+0000] {logging_mixin.py:190} INFO - [2025-03-18T10:55:58.433+0000] {dag.py:4180} INFO - Setting next_dagrun for example_branch_python_operator_decorator to 2025-03-17 00:00:00+00:00, run_after=2025-03-18 00:00:00+00:00
[2025-03-18T10:55:58.449+0000] {processor.py:208} INFO - Processing /usr/local/python/3.12.1/lib/python3.12/site-packages/airflow/example_dags/example_branch_operator_decorator.py took 0.073 seconds
[2025-03-18T10:57:11.364+0000] {processor.py:186} INFO - Started process (PID=53063) to work on /usr/local/python/3.12.1/lib/python3.12/site-packages/airflow/example_dags/example_branch_operator_decorator.py
[2025-03-18T10:57:11.365+0000] {processor.py:914} INFO - Processing file /usr/local/python/3.12.1/lib/python3.12/site-packages/airflow/example_dags/example_branch_operator_decorator.py for tasks to queue
[2025-03-18T10:57:11.367+0000] {logging_mixin.py:190} INFO - [2025-03-18T10:57:11.366+0000] {dagbag.py:588} INFO - Filling up the DagBag from /usr/local/python/3.12.1/lib/python3.12/site-packages/airflow/example_dags/example_branch_operator_decorator.py
[2025-03-18T10:57:11.384+0000] {processor.py:925} INFO - DAG(s) 'example_branch_python_operator_decorator' retrieved from /usr/local/python/3.12.1/lib/python3.12/site-packages/airflow/example_dags/example_branch_operator_decorator.py
[2025-03-18T10:57:11.401+0000] {logging_mixin.py:190} INFO - [2025-03-18T10:57:11.401+0000] {dag.py:3239} INFO - Sync 1 DAGs
[2025-03-18T10:57:11.416+0000] {logging_mixin.py:190} INFO - [2025-03-18T10:57:11.416+0000] {dag.py:4180} INFO - Setting next_dagrun for example_branch_python_operator_decorator to 2025-03-17 00:00:00+00:00, run_after=2025-03-18 00:00:00+00:00
[2025-03-18T10:57:11.431+0000] {processor.py:208} INFO - Processing /usr/local/python/3.12.1/lib/python3.12/site-packages/airflow/example_dags/example_branch_operator_decorator.py took 0.070 seconds
[2025-03-18T10:58:25.069+0000] {processor.py:186} INFO - Started process (PID=53846) to work on /usr/local/python/3.12.1/lib/python3.12/site-packages/airflow/example_dags/example_branch_operator_decorator.py
[2025-03-18T10:58:25.070+0000] {processor.py:914} INFO - Processing file /usr/local/python/3.12.1/lib/python3.12/site-packages/airflow/example_dags/example_branch_operator_decorator.py for tasks to queue
[2025-03-18T10:58:25.071+0000] {logging_mixin.py:190} INFO - [2025-03-18T10:58:25.071+0000] {dagbag.py:588} INFO - Filling up the DagBag from /usr/local/python/3.12.1/lib/python3.12/site-packages/airflow/example_dags/example_branch_operator_decorator.py
[2025-03-18T10:58:25.088+0000] {processor.py:925} INFO - DAG(s) 'example_branch_python_operator_decorator' retrieved from /usr/local/python/3.12.1/lib/python3.12/site-packages/airflow/example_dags/example_branch_operator_decorator.py
[2025-03-18T10:58:25.105+0000] {logging_mixin.py:190} INFO - [2025-03-18T10:58:25.105+0000] {dag.py:3239} INFO - Sync 1 DAGs
[2025-03-18T10:58:25.121+0000] {logging_mixin.py:190} INFO - [2025-03-18T10:58:25.121+0000] {dag.py:4180} INFO - Setting next_dagrun for example_branch_python_operator_decorator to 2025-03-17 00:00:00+00:00, run_after=2025-03-18 00:00:00+00:00
[2025-03-18T10:58:25.135+0000] {processor.py:208} INFO - Processing /usr/local/python/3.12.1/lib/python3.12/site-packages/airflow/example_dags/example_branch_operator_decorator.py took 0.070 seconds
[2025-03-18T10:59:35.887+0000] {processor.py:186} INFO - Started process (PID=54732) to work on /usr/local/python/3.12.1/lib/python3.12/site-packages/airflow/example_dags/example_branch_operator_decorator.py
[2025-03-18T10:59:35.888+0000] {processor.py:914} INFO - Processing file /usr/local/python/3.12.1/lib/python3.12/site-packages/airflow/example_dags/example_branch_operator_decorator.py for tasks to queue
[2025-03-18T10:59:35.889+0000] {logging_mixin.py:190} INFO - [2025-03-18T10:59:35.889+0000] {dagbag.py:588} INFO - Filling up the DagBag from /usr/local/python/3.12.1/lib/python3.12/site-packages/airflow/example_dags/example_branch_operator_decorator.py
[2025-03-18T10:59:35.907+0000] {processor.py:925} INFO - DAG(s) 'example_branch_python_operator_decorator' retrieved from /usr/local/python/3.12.1/lib/python3.12/site-packages/airflow/example_dags/example_branch_operator_decorator.py
[2025-03-18T10:59:35.923+0000] {logging_mixin.py:190} INFO - [2025-03-18T10:59:35.923+0000] {dag.py:3239} INFO - Sync 1 DAGs
[2025-03-18T10:59:35.939+0000] {logging_mixin.py:190} INFO - [2025-03-18T10:59:35.939+0000] {dag.py:4180} INFO - Setting next_dagrun for example_branch_python_operator_decorator to 2025-03-17 00:00:00+00:00, run_after=2025-03-18 00:00:00+00:00
[2025-03-18T10:59:35.954+0000] {processor.py:208} INFO - Processing /usr/local/python/3.12.1/lib/python3.12/site-packages/airflow/example_dags/example_branch_operator_decorator.py took 0.070 seconds
[2025-03-18T11:00:51.447+0000] {processor.py:186} INFO - Started process (PID=56273) to work on /usr/local/python/3.12.1/lib/python3.12/site-packages/airflow/example_dags/example_branch_operator_decorator.py
[2025-03-18T11:00:51.447+0000] {processor.py:914} INFO - Processing file /usr/local/python/3.12.1/lib/python3.12/site-packages/airflow/example_dags/example_branch_operator_decorator.py for tasks to queue
[2025-03-18T11:00:51.450+0000] {logging_mixin.py:190} INFO - [2025-03-18T11:00:51.449+0000] {dagbag.py:588} INFO - Filling up the DagBag from /usr/local/python/3.12.1/lib/python3.12/site-packages/airflow/example_dags/example_branch_operator_decorator.py
[2025-03-18T11:00:51.467+0000] {processor.py:925} INFO - DAG(s) 'example_branch_python_operator_decorator' retrieved from /usr/local/python/3.12.1/lib/python3.12/site-packages/airflow/example_dags/example_branch_operator_decorator.py
[2025-03-18T11:00:51.486+0000] {logging_mixin.py:190} INFO - [2025-03-18T11:00:51.485+0000] {dag.py:3239} INFO - Sync 1 DAGs
[2025-03-18T11:00:51.503+0000] {logging_mixin.py:190} INFO - [2025-03-18T11:00:51.503+0000] {dag.py:4180} INFO - Setting next_dagrun for example_branch_python_operator_decorator to 2025-03-17 00:00:00+00:00, run_after=2025-03-18 00:00:00+00:00
[2025-03-18T11:00:51.519+0000] {processor.py:208} INFO - Processing /usr/local/python/3.12.1/lib/python3.12/site-packages/airflow/example_dags/example_branch_operator_decorator.py took 0.077 seconds
[2025-03-18T11:01:46.726+0000] {processor.py:186} INFO - Started process (PID=57894) to work on /usr/local/python/3.12.1/lib/python3.12/site-packages/airflow/example_dags/example_branch_operator_decorator.py
[2025-03-18T11:01:46.726+0000] {processor.py:914} INFO - Processing file /usr/local/python/3.12.1/lib/python3.12/site-packages/airflow/example_dags/example_branch_operator_decorator.py for tasks to queue
[2025-03-18T11:01:46.728+0000] {logging_mixin.py:190} INFO - [2025-03-18T11:01:46.727+0000] {dagbag.py:588} INFO - Filling up the DagBag from /usr/local/python/3.12.1/lib/python3.12/site-packages/airflow/example_dags/example_branch_operator_decorator.py
[2025-03-18T11:01:46.745+0000] {processor.py:925} INFO - DAG(s) 'example_branch_python_operator_decorator' retrieved from /usr/local/python/3.12.1/lib/python3.12/site-packages/airflow/example_dags/example_branch_operator_decorator.py
[2025-03-18T11:01:46.762+0000] {logging_mixin.py:190} INFO - [2025-03-18T11:01:46.762+0000] {dag.py:3239} INFO - Sync 1 DAGs
[2025-03-18T11:01:46.777+0000] {logging_mixin.py:190} INFO - [2025-03-18T11:01:46.777+0000] {dag.py:4180} INFO - Setting next_dagrun for example_branch_python_operator_decorator to 2025-03-17 00:00:00+00:00, run_after=2025-03-18 00:00:00+00:00
[2025-03-18T11:01:46.792+0000] {processor.py:208} INFO - Processing /usr/local/python/3.12.1/lib/python3.12/site-packages/airflow/example_dags/example_branch_operator_decorator.py took 0.070 seconds
[2025-03-18T11:03:01.257+0000] {processor.py:186} INFO - Started process (PID=58470) to work on /usr/local/python/3.12.1/lib/python3.12/site-packages/airflow/example_dags/example_branch_operator_decorator.py
[2025-03-18T11:03:01.258+0000] {processor.py:914} INFO - Processing file /usr/local/python/3.12.1/lib/python3.12/site-packages/airflow/example_dags/example_branch_operator_decorator.py for tasks to queue
[2025-03-18T11:03:01.259+0000] {logging_mixin.py:190} INFO - [2025-03-18T11:03:01.259+0000] {dagbag.py:588} INFO - Filling up the DagBag from /usr/local/python/3.12.1/lib/python3.12/site-packages/airflow/example_dags/example_branch_operator_decorator.py
[2025-03-18T11:03:01.282+0000] {processor.py:925} INFO - DAG(s) 'example_branch_python_operator_decorator' retrieved from /usr/local/python/3.12.1/lib/python3.12/site-packages/airflow/example_dags/example_branch_operator_decorator.py
[2025-03-18T11:03:01.301+0000] {logging_mixin.py:190} INFO - [2025-03-18T11:03:01.301+0000] {dag.py:3239} INFO - Sync 1 DAGs
[2025-03-18T11:03:01.317+0000] {logging_mixin.py:190} INFO - [2025-03-18T11:03:01.317+0000] {dag.py:4180} INFO - Setting next_dagrun for example_branch_python_operator_decorator to 2025-03-17 00:00:00+00:00, run_after=2025-03-18 00:00:00+00:00
[2025-03-18T11:03:01.332+0000] {processor.py:208} INFO - Processing /usr/local/python/3.12.1/lib/python3.12/site-packages/airflow/example_dags/example_branch_operator_decorator.py took 0.078 seconds
[2025-03-18T11:04:13.139+0000] {processor.py:186} INFO - Started process (PID=59067) to work on /usr/local/python/3.12.1/lib/python3.12/site-packages/airflow/example_dags/example_branch_operator_decorator.py
[2025-03-18T11:04:13.139+0000] {processor.py:914} INFO - Processing file /usr/local/python/3.12.1/lib/python3.12/site-packages/airflow/example_dags/example_branch_operator_decorator.py for tasks to queue
[2025-03-18T11:04:13.141+0000] {logging_mixin.py:190} INFO - [2025-03-18T11:04:13.140+0000] {dagbag.py:588} INFO - Filling up the DagBag from /usr/local/python/3.12.1/lib/python3.12/site-packages/airflow/example_dags/example_branch_operator_decorator.py
[2025-03-18T11:04:13.158+0000] {processor.py:925} INFO - DAG(s) 'example_branch_python_operator_decorator' retrieved from /usr/local/python/3.12.1/lib/python3.12/site-packages/airflow/example_dags/example_branch_operator_decorator.py
[2025-03-18T11:04:13.175+0000] {logging_mixin.py:190} INFO - [2025-03-18T11:04:13.175+0000] {dag.py:3239} INFO - Sync 1 DAGs
[2025-03-18T11:04:13.191+0000] {logging_mixin.py:190} INFO - [2025-03-18T11:04:13.190+0000] {dag.py:4180} INFO - Setting next_dagrun for example_branch_python_operator_decorator to 2025-03-17 00:00:00+00:00, run_after=2025-03-18 00:00:00+00:00
[2025-03-18T11:04:13.205+0000] {processor.py:208} INFO - Processing /usr/local/python/3.12.1/lib/python3.12/site-packages/airflow/example_dags/example_branch_operator_decorator.py took 0.071 seconds
[2025-03-18T11:05:23.974+0000] {processor.py:186} INFO - Started process (PID=59630) to work on /usr/local/python/3.12.1/lib/python3.12/site-packages/airflow/example_dags/example_branch_operator_decorator.py
[2025-03-18T11:05:23.975+0000] {processor.py:914} INFO - Processing file /usr/local/python/3.12.1/lib/python3.12/site-packages/airflow/example_dags/example_branch_operator_decorator.py for tasks to queue
[2025-03-18T11:05:23.976+0000] {logging_mixin.py:190} INFO - [2025-03-18T11:05:23.976+0000] {dagbag.py:588} INFO - Filling up the DagBag from /usr/local/python/3.12.1/lib/python3.12/site-packages/airflow/example_dags/example_branch_operator_decorator.py
[2025-03-18T11:05:23.993+0000] {processor.py:925} INFO - DAG(s) 'example_branch_python_operator_decorator' retrieved from /usr/local/python/3.12.1/lib/python3.12/site-packages/airflow/example_dags/example_branch_operator_decorator.py
[2025-03-18T11:05:24.010+0000] {logging_mixin.py:190} INFO - [2025-03-18T11:05:24.010+0000] {dag.py:3239} INFO - Sync 1 DAGs
[2025-03-18T11:05:24.028+0000] {logging_mixin.py:190} INFO - [2025-03-18T11:05:24.028+0000] {dag.py:4180} INFO - Setting next_dagrun for example_branch_python_operator_decorator to 2025-03-17 00:00:00+00:00, run_after=2025-03-18 00:00:00+00:00
[2025-03-18T11:05:24.042+0000] {processor.py:208} INFO - Processing /usr/local/python/3.12.1/lib/python3.12/site-packages/airflow/example_dags/example_branch_operator_decorator.py took 0.072 seconds
[2025-03-18T11:06:39.631+0000] {processor.py:186} INFO - Started process (PID=60232) to work on /usr/local/python/3.12.1/lib/python3.12/site-packages/airflow/example_dags/example_branch_operator_decorator.py
[2025-03-18T11:06:39.632+0000] {processor.py:914} INFO - Processing file /usr/local/python/3.12.1/lib/python3.12/site-packages/airflow/example_dags/example_branch_operator_decorator.py for tasks to queue
[2025-03-18T11:06:39.633+0000] {logging_mixin.py:190} INFO - [2025-03-18T11:06:39.633+0000] {dagbag.py:588} INFO - Filling up the DagBag from /usr/local/python/3.12.1/lib/python3.12/site-packages/airflow/example_dags/example_branch_operator_decorator.py
[2025-03-18T11:06:39.651+0000] {processor.py:925} INFO - DAG(s) 'example_branch_python_operator_decorator' retrieved from /usr/local/python/3.12.1/lib/python3.12/site-packages/airflow/example_dags/example_branch_operator_decorator.py
[2025-03-18T11:06:39.668+0000] {logging_mixin.py:190} INFO - [2025-03-18T11:06:39.668+0000] {dag.py:3239} INFO - Sync 1 DAGs
[2025-03-18T11:06:39.685+0000] {logging_mixin.py:190} INFO - [2025-03-18T11:06:39.685+0000] {dag.py:4180} INFO - Setting next_dagrun for example_branch_python_operator_decorator to 2025-03-17 00:00:00+00:00, run_after=2025-03-18 00:00:00+00:00
[2025-03-18T11:06:39.700+0000] {processor.py:208} INFO - Processing /usr/local/python/3.12.1/lib/python3.12/site-packages/airflow/example_dags/example_branch_operator_decorator.py took 0.073 seconds
[2025-03-18T11:07:55.533+0000] {processor.py:186} INFO - Started process (PID=60827) to work on /usr/local/python/3.12.1/lib/python3.12/site-packages/airflow/example_dags/example_branch_operator_decorator.py
[2025-03-18T11:07:55.533+0000] {processor.py:914} INFO - Processing file /usr/local/python/3.12.1/lib/python3.12/site-packages/airflow/example_dags/example_branch_operator_decorator.py for tasks to queue
[2025-03-18T11:07:55.535+0000] {logging_mixin.py:190} INFO - [2025-03-18T11:07:55.535+0000] {dagbag.py:588} INFO - Filling up the DagBag from /usr/local/python/3.12.1/lib/python3.12/site-packages/airflow/example_dags/example_branch_operator_decorator.py
[2025-03-18T11:07:55.552+0000] {processor.py:925} INFO - DAG(s) 'example_branch_python_operator_decorator' retrieved from /usr/local/python/3.12.1/lib/python3.12/site-packages/airflow/example_dags/example_branch_operator_decorator.py
[2025-03-18T11:07:55.569+0000] {logging_mixin.py:190} INFO - [2025-03-18T11:07:55.569+0000] {dag.py:3239} INFO - Sync 1 DAGs
[2025-03-18T11:07:55.585+0000] {logging_mixin.py:190} INFO - [2025-03-18T11:07:55.585+0000] {dag.py:4180} INFO - Setting next_dagrun for example_branch_python_operator_decorator to 2025-03-17 00:00:00+00:00, run_after=2025-03-18 00:00:00+00:00
[2025-03-18T11:07:55.599+0000] {processor.py:208} INFO - Processing /usr/local/python/3.12.1/lib/python3.12/site-packages/airflow/example_dags/example_branch_operator_decorator.py took 0.070 seconds
[2025-03-18T11:09:11.288+0000] {processor.py:186} INFO - Started process (PID=61496) to work on /usr/local/python/3.12.1/lib/python3.12/site-packages/airflow/example_dags/example_branch_operator_decorator.py
[2025-03-18T11:09:11.289+0000] {processor.py:914} INFO - Processing file /usr/local/python/3.12.1/lib/python3.12/site-packages/airflow/example_dags/example_branch_operator_decorator.py for tasks to queue
[2025-03-18T11:09:11.290+0000] {logging_mixin.py:190} INFO - [2025-03-18T11:09:11.290+0000] {dagbag.py:588} INFO - Filling up the DagBag from /usr/local/python/3.12.1/lib/python3.12/site-packages/airflow/example_dags/example_branch_operator_decorator.py
[2025-03-18T11:09:11.308+0000] {processor.py:925} INFO - DAG(s) 'example_branch_python_operator_decorator' retrieved from /usr/local/python/3.12.1/lib/python3.12/site-packages/airflow/example_dags/example_branch_operator_decorator.py
[2025-03-18T11:09:11.325+0000] {logging_mixin.py:190} INFO - [2025-03-18T11:09:11.325+0000] {dag.py:3239} INFO - Sync 1 DAGs
[2025-03-18T11:09:11.341+0000] {logging_mixin.py:190} INFO - [2025-03-18T11:09:11.341+0000] {dag.py:4180} INFO - Setting next_dagrun for example_branch_python_operator_decorator to 2025-03-17 00:00:00+00:00, run_after=2025-03-18 00:00:00+00:00
[2025-03-18T11:09:11.356+0000] {processor.py:208} INFO - Processing /usr/local/python/3.12.1/lib/python3.12/site-packages/airflow/example_dags/example_branch_operator_decorator.py took 0.072 seconds
[2025-03-18T11:10:30.608+0000] {processor.py:186} INFO - Started process (PID=62173) to work on /usr/local/python/3.12.1/lib/python3.12/site-packages/airflow/example_dags/example_branch_operator_decorator.py
[2025-03-18T11:10:30.609+0000] {processor.py:914} INFO - Processing file /usr/local/python/3.12.1/lib/python3.12/site-packages/airflow/example_dags/example_branch_operator_decorator.py for tasks to queue
[2025-03-18T11:10:30.610+0000] {logging_mixin.py:190} INFO - [2025-03-18T11:10:30.610+0000] {dagbag.py:588} INFO - Filling up the DagBag from /usr/local/python/3.12.1/lib/python3.12/site-packages/airflow/example_dags/example_branch_operator_decorator.py
[2025-03-18T11:10:30.627+0000] {processor.py:925} INFO - DAG(s) 'example_branch_python_operator_decorator' retrieved from /usr/local/python/3.12.1/lib/python3.12/site-packages/airflow/example_dags/example_branch_operator_decorator.py
[2025-03-18T11:10:30.645+0000] {logging_mixin.py:190} INFO - [2025-03-18T11:10:30.644+0000] {dag.py:3239} INFO - Sync 1 DAGs
[2025-03-18T11:10:30.663+0000] {logging_mixin.py:190} INFO - [2025-03-18T11:10:30.663+0000] {dag.py:4180} INFO - Setting next_dagrun for example_branch_python_operator_decorator to 2025-03-17 00:00:00+00:00, run_after=2025-03-18 00:00:00+00:00
[2025-03-18T11:10:30.680+0000] {processor.py:208} INFO - Processing /usr/local/python/3.12.1/lib/python3.12/site-packages/airflow/example_dags/example_branch_operator_decorator.py took 0.076 seconds
[2025-03-18T11:11:41.184+0000] {processor.py:186} INFO - Started process (PID=62841) to work on /usr/local/python/3.12.1/lib/python3.12/site-packages/airflow/example_dags/example_branch_operator_decorator.py
[2025-03-18T11:11:41.185+0000] {processor.py:914} INFO - Processing file /usr/local/python/3.12.1/lib/python3.12/site-packages/airflow/example_dags/example_branch_operator_decorator.py for tasks to queue
[2025-03-18T11:11:41.187+0000] {logging_mixin.py:190} INFO - [2025-03-18T11:11:41.186+0000] {dagbag.py:588} INFO - Filling up the DagBag from /usr/local/python/3.12.1/lib/python3.12/site-packages/airflow/example_dags/example_branch_operator_decorator.py
[2025-03-18T11:11:41.204+0000] {processor.py:925} INFO - DAG(s) 'example_branch_python_operator_decorator' retrieved from /usr/local/python/3.12.1/lib/python3.12/site-packages/airflow/example_dags/example_branch_operator_decorator.py
[2025-03-18T11:11:41.221+0000] {logging_mixin.py:190} INFO - [2025-03-18T11:11:41.221+0000] {dag.py:3239} INFO - Sync 1 DAGs
[2025-03-18T11:11:41.237+0000] {logging_mixin.py:190} INFO - [2025-03-18T11:11:41.237+0000] {dag.py:4180} INFO - Setting next_dagrun for example_branch_python_operator_decorator to 2025-03-17 00:00:00+00:00, run_after=2025-03-18 00:00:00+00:00
[2025-03-18T11:11:41.252+0000] {processor.py:208} INFO - Processing /usr/local/python/3.12.1/lib/python3.12/site-packages/airflow/example_dags/example_branch_operator_decorator.py took 0.072 seconds
