[2025-03-18T10:51:31.817+0000] {processor.py:186} INFO - Started process (PID=49272) to work on /usr/local/python/3.12.1/lib/python3.12/site-packages/airflow/example_dags/example_xcomargs.py
[2025-03-18T10:51:31.818+0000] {processor.py:914} INFO - Processing file /usr/local/python/3.12.1/lib/python3.12/site-packages/airflow/example_dags/example_xcomargs.py for tasks to queue
[2025-03-18T10:51:31.819+0000] {logging_mixin.py:190} INFO - [2025-03-18T10:51:31.819+0000] {dagbag.py:588} INFO - Filling up the DagBag from /usr/local/python/3.12.1/lib/python3.12/site-packages/airflow/example_dags/example_xcomargs.py
[2025-03-18T10:51:31.827+0000] {processor.py:925} INFO - DAG(s) 'example_xcom_args_with_operators', 'example_xcom_args' retrieved from /usr/local/python/3.12.1/lib/python3.12/site-packages/airflow/example_dags/example_xcomargs.py
[2025-03-18T10:51:31.909+0000] {logging_mixin.py:190} INFO - [2025-03-18T10:51:31.909+0000] {override.py:1930} INFO - Created Permission View: can read on DAG:example_xcom_args_with_operators
[2025-03-18T10:51:31.917+0000] {logging_mixin.py:190} INFO - [2025-03-18T10:51:31.917+0000] {override.py:1930} INFO - Created Permission View: can edit on DAG:example_xcom_args_with_operators
[2025-03-18T10:51:31.923+0000] {logging_mixin.py:190} INFO - [2025-03-18T10:51:31.923+0000] {override.py:1930} INFO - Created Permission View: can delete on DAG:example_xcom_args_with_operators
[2025-03-18T10:51:31.932+0000] {logging_mixin.py:190} INFO - [2025-03-18T10:51:31.932+0000] {override.py:1930} INFO - Created Permission View: can read on DAG Run:example_xcom_args_with_operators
[2025-03-18T10:51:31.938+0000] {logging_mixin.py:190} INFO - [2025-03-18T10:51:31.938+0000] {override.py:1930} INFO - Created Permission View: can create on DAG Run:example_xcom_args_with_operators
[2025-03-18T10:51:31.944+0000] {logging_mixin.py:190} INFO - [2025-03-18T10:51:31.944+0000] {override.py:1930} INFO - Created Permission View: menu access on DAG Run:example_xcom_args_with_operators
[2025-03-18T10:51:31.950+0000] {logging_mixin.py:190} INFO - [2025-03-18T10:51:31.950+0000] {override.py:1930} INFO - Created Permission View: can delete on DAG Run:example_xcom_args_with_operators
[2025-03-18T10:51:31.963+0000] {logging_mixin.py:190} INFO - [2025-03-18T10:51:31.963+0000] {override.py:1930} INFO - Created Permission View: can read on DAG:example_xcom_args
[2025-03-18T10:51:31.969+0000] {logging_mixin.py:190} INFO - [2025-03-18T10:51:31.969+0000] {override.py:1930} INFO - Created Permission View: can edit on DAG:example_xcom_args
[2025-03-18T10:51:31.975+0000] {logging_mixin.py:190} INFO - [2025-03-18T10:51:31.975+0000] {override.py:1930} INFO - Created Permission View: can delete on DAG:example_xcom_args
[2025-03-18T10:51:31.984+0000] {logging_mixin.py:190} INFO - [2025-03-18T10:51:31.984+0000] {override.py:1930} INFO - Created Permission View: can read on DAG Run:example_xcom_args
[2025-03-18T10:51:31.990+0000] {logging_mixin.py:190} INFO - [2025-03-18T10:51:31.990+0000] {override.py:1930} INFO - Created Permission View: can create on DAG Run:example_xcom_args
[2025-03-18T10:51:31.995+0000] {logging_mixin.py:190} INFO - [2025-03-18T10:51:31.995+0000] {override.py:1930} INFO - Created Permission View: menu access on DAG Run:example_xcom_args
[2025-03-18T10:51:32.001+0000] {logging_mixin.py:190} INFO - [2025-03-18T10:51:32.001+0000] {override.py:1930} INFO - Created Permission View: can delete on DAG Run:example_xcom_args
[2025-03-18T10:51:32.001+0000] {logging_mixin.py:190} INFO - [2025-03-18T10:51:32.001+0000] {dag.py:3239} INFO - Sync 2 DAGs
[2025-03-18T10:51:32.010+0000] {logging_mixin.py:190} INFO - [2025-03-18T10:51:32.010+0000] {dag.py:3262} INFO - Creating ORM DAG for example_xcom_args
[2025-03-18T10:51:32.011+0000] {logging_mixin.py:190} INFO - [2025-03-18T10:51:32.010+0000] {dag.py:3262} INFO - Creating ORM DAG for example_xcom_args_with_operators
[2025-03-18T10:51:32.011+0000] {logging_mixin.py:190} INFO - [2025-03-18T10:51:32.011+0000] {dag.py:4180} INFO - Setting next_dagrun for example_xcom_args to None, run_after=None
[2025-03-18T10:51:32.011+0000] {logging_mixin.py:190} INFO - [2025-03-18T10:51:32.011+0000] {dag.py:4180} INFO - Setting next_dagrun for example_xcom_args_with_operators to None, run_after=None
[2025-03-18T10:51:32.027+0000] {processor.py:208} INFO - Processing /usr/local/python/3.12.1/lib/python3.12/site-packages/airflow/example_dags/example_xcomargs.py took 0.214 seconds
[2025-03-18T10:52:33.218+0000] {processor.py:186} INFO - Started process (PID=49947) to work on /usr/local/python/3.12.1/lib/python3.12/site-packages/airflow/example_dags/example_xcomargs.py
[2025-03-18T10:52:33.219+0000] {processor.py:914} INFO - Processing file /usr/local/python/3.12.1/lib/python3.12/site-packages/airflow/example_dags/example_xcomargs.py for tasks to queue
[2025-03-18T10:52:33.221+0000] {logging_mixin.py:190} INFO - [2025-03-18T10:52:33.220+0000] {dagbag.py:588} INFO - Filling up the DagBag from /usr/local/python/3.12.1/lib/python3.12/site-packages/airflow/example_dags/example_xcomargs.py
[2025-03-18T10:52:33.228+0000] {processor.py:925} INFO - DAG(s) 'example_xcom_args', 'example_xcom_args_with_operators' retrieved from /usr/local/python/3.12.1/lib/python3.12/site-packages/airflow/example_dags/example_xcomargs.py
[2025-03-18T10:52:33.240+0000] {logging_mixin.py:190} INFO - [2025-03-18T10:52:33.240+0000] {dag.py:3239} INFO - Sync 2 DAGs
[2025-03-18T10:52:33.250+0000] {logging_mixin.py:190} INFO - [2025-03-18T10:52:33.250+0000] {dag.py:4180} INFO - Setting next_dagrun for example_xcom_args to None, run_after=None
[2025-03-18T10:52:33.252+0000] {logging_mixin.py:190} INFO - [2025-03-18T10:52:33.252+0000] {dag.py:4180} INFO - Setting next_dagrun for example_xcom_args_with_operators to None, run_after=None
[2025-03-18T10:52:33.265+0000] {processor.py:208} INFO - Processing /usr/local/python/3.12.1/lib/python3.12/site-packages/airflow/example_dags/example_xcomargs.py took 0.051 seconds
[2025-03-18T10:53:14.826+0000] {processor.py:186} INFO - Started process (PID=50467) to work on /usr/local/python/3.12.1/lib/python3.12/site-packages/airflow/example_dags/example_xcomargs.py
[2025-03-18T10:53:14.827+0000] {processor.py:914} INFO - Processing file /usr/local/python/3.12.1/lib/python3.12/site-packages/airflow/example_dags/example_xcomargs.py for tasks to queue
[2025-03-18T10:53:14.828+0000] {logging_mixin.py:190} INFO - [2025-03-18T10:53:14.828+0000] {dagbag.py:588} INFO - Filling up the DagBag from /usr/local/python/3.12.1/lib/python3.12/site-packages/airflow/example_dags/example_xcomargs.py
[2025-03-18T10:53:14.836+0000] {processor.py:925} INFO - DAG(s) 'example_xcom_args', 'example_xcom_args_with_operators' retrieved from /usr/local/python/3.12.1/lib/python3.12/site-packages/airflow/example_dags/example_xcomargs.py
[2025-03-18T10:53:14.850+0000] {logging_mixin.py:190} INFO - [2025-03-18T10:53:14.850+0000] {dag.py:3239} INFO - Sync 2 DAGs
[2025-03-18T10:53:14.859+0000] {logging_mixin.py:190} INFO - [2025-03-18T10:53:14.859+0000] {dag.py:4180} INFO - Setting next_dagrun for example_xcom_args to None, run_after=None
[2025-03-18T10:53:14.862+0000] {logging_mixin.py:190} INFO - [2025-03-18T10:53:14.861+0000] {dag.py:4180} INFO - Setting next_dagrun for example_xcom_args_with_operators to None, run_after=None
[2025-03-18T10:53:14.876+0000] {processor.py:208} INFO - Processing /usr/local/python/3.12.1/lib/python3.12/site-packages/airflow/example_dags/example_xcomargs.py took 0.053 seconds
[2025-03-18T10:54:10.519+0000] {processor.py:186} INFO - Started process (PID=51090) to work on /usr/local/python/3.12.1/lib/python3.12/site-packages/airflow/example_dags/example_xcomargs.py
[2025-03-18T10:54:10.520+0000] {processor.py:914} INFO - Processing file /usr/local/python/3.12.1/lib/python3.12/site-packages/airflow/example_dags/example_xcomargs.py for tasks to queue
[2025-03-18T10:54:10.521+0000] {logging_mixin.py:190} INFO - [2025-03-18T10:54:10.521+0000] {dagbag.py:588} INFO - Filling up the DagBag from /usr/local/python/3.12.1/lib/python3.12/site-packages/airflow/example_dags/example_xcomargs.py
[2025-03-18T10:54:10.529+0000] {processor.py:925} INFO - DAG(s) 'example_xcom_args', 'example_xcom_args_with_operators' retrieved from /usr/local/python/3.12.1/lib/python3.12/site-packages/airflow/example_dags/example_xcomargs.py
[2025-03-18T10:54:10.541+0000] {logging_mixin.py:190} INFO - [2025-03-18T10:54:10.541+0000] {dag.py:3239} INFO - Sync 2 DAGs
[2025-03-18T10:54:10.550+0000] {logging_mixin.py:190} INFO - [2025-03-18T10:54:10.550+0000] {dag.py:4180} INFO - Setting next_dagrun for example_xcom_args to None, run_after=None
[2025-03-18T10:54:10.553+0000] {logging_mixin.py:190} INFO - [2025-03-18T10:54:10.553+0000] {dag.py:4180} INFO - Setting next_dagrun for example_xcom_args_with_operators to None, run_after=None
[2025-03-18T10:54:10.566+0000] {processor.py:208} INFO - Processing /usr/local/python/3.12.1/lib/python3.12/site-packages/airflow/example_dags/example_xcomargs.py took 0.051 seconds
[2025-03-18T10:55:02.472+0000] {processor.py:186} INFO - Started process (PID=51539) to work on /usr/local/python/3.12.1/lib/python3.12/site-packages/airflow/example_dags/example_xcomargs.py
[2025-03-18T10:55:02.472+0000] {processor.py:914} INFO - Processing file /usr/local/python/3.12.1/lib/python3.12/site-packages/airflow/example_dags/example_xcomargs.py for tasks to queue
[2025-03-18T10:55:02.474+0000] {logging_mixin.py:190} INFO - [2025-03-18T10:55:02.474+0000] {dagbag.py:588} INFO - Filling up the DagBag from /usr/local/python/3.12.1/lib/python3.12/site-packages/airflow/example_dags/example_xcomargs.py
[2025-03-18T10:55:02.481+0000] {processor.py:925} INFO - DAG(s) 'example_xcom_args_with_operators', 'example_xcom_args' retrieved from /usr/local/python/3.12.1/lib/python3.12/site-packages/airflow/example_dags/example_xcomargs.py
[2025-03-18T10:55:02.498+0000] {logging_mixin.py:190} INFO - [2025-03-18T10:55:02.497+0000] {dag.py:3239} INFO - Sync 2 DAGs
[2025-03-18T10:55:02.507+0000] {logging_mixin.py:190} INFO - [2025-03-18T10:55:02.507+0000] {dag.py:4180} INFO - Setting next_dagrun for example_xcom_args to None, run_after=None
[2025-03-18T10:55:02.509+0000] {logging_mixin.py:190} INFO - [2025-03-18T10:55:02.509+0000] {dag.py:4180} INFO - Setting next_dagrun for example_xcom_args_with_operators to None, run_after=None
[2025-03-18T10:55:02.522+0000] {processor.py:208} INFO - Processing /usr/local/python/3.12.1/lib/python3.12/site-packages/airflow/example_dags/example_xcomargs.py took 0.054 seconds
[2025-03-18T10:55:53.125+0000] {processor.py:186} INFO - Started process (PID=52157) to work on /usr/local/python/3.12.1/lib/python3.12/site-packages/airflow/example_dags/example_xcomargs.py
[2025-03-18T10:55:53.125+0000] {processor.py:914} INFO - Processing file /usr/local/python/3.12.1/lib/python3.12/site-packages/airflow/example_dags/example_xcomargs.py for tasks to queue
[2025-03-18T10:55:53.128+0000] {logging_mixin.py:190} INFO - [2025-03-18T10:55:53.127+0000] {dagbag.py:588} INFO - Filling up the DagBag from /usr/local/python/3.12.1/lib/python3.12/site-packages/airflow/example_dags/example_xcomargs.py
[2025-03-18T10:55:53.137+0000] {processor.py:925} INFO - DAG(s) 'example_xcom_args_with_operators', 'example_xcom_args' retrieved from /usr/local/python/3.12.1/lib/python3.12/site-packages/airflow/example_dags/example_xcomargs.py
[2025-03-18T10:55:53.152+0000] {logging_mixin.py:190} INFO - [2025-03-18T10:55:53.152+0000] {dag.py:3239} INFO - Sync 2 DAGs
[2025-03-18T10:55:53.161+0000] {logging_mixin.py:190} INFO - [2025-03-18T10:55:53.161+0000] {dag.py:4180} INFO - Setting next_dagrun for example_xcom_args to None, run_after=None
[2025-03-18T10:55:53.164+0000] {logging_mixin.py:190} INFO - [2025-03-18T10:55:53.164+0000] {dag.py:4180} INFO - Setting next_dagrun for example_xcom_args_with_operators to None, run_after=None
[2025-03-18T10:55:53.179+0000] {processor.py:208} INFO - Processing /usr/local/python/3.12.1/lib/python3.12/site-packages/airflow/example_dags/example_xcomargs.py took 0.060 seconds
[2025-03-18T10:56:42.351+0000] {processor.py:186} INFO - Started process (PID=52720) to work on /usr/local/python/3.12.1/lib/python3.12/site-packages/airflow/example_dags/example_xcomargs.py
[2025-03-18T10:56:42.351+0000] {processor.py:914} INFO - Processing file /usr/local/python/3.12.1/lib/python3.12/site-packages/airflow/example_dags/example_xcomargs.py for tasks to queue
[2025-03-18T10:56:42.353+0000] {logging_mixin.py:190} INFO - [2025-03-18T10:56:42.353+0000] {dagbag.py:588} INFO - Filling up the DagBag from /usr/local/python/3.12.1/lib/python3.12/site-packages/airflow/example_dags/example_xcomargs.py
[2025-03-18T10:56:42.360+0000] {processor.py:925} INFO - DAG(s) 'example_xcom_args', 'example_xcom_args_with_operators' retrieved from /usr/local/python/3.12.1/lib/python3.12/site-packages/airflow/example_dags/example_xcomargs.py
[2025-03-18T10:56:42.377+0000] {logging_mixin.py:190} INFO - [2025-03-18T10:56:42.377+0000] {dag.py:3239} INFO - Sync 2 DAGs
[2025-03-18T10:56:42.387+0000] {logging_mixin.py:190} INFO - [2025-03-18T10:56:42.387+0000] {dag.py:4180} INFO - Setting next_dagrun for example_xcom_args to None, run_after=None
[2025-03-18T10:56:42.389+0000] {logging_mixin.py:190} INFO - [2025-03-18T10:56:42.389+0000] {dag.py:4180} INFO - Setting next_dagrun for example_xcom_args_with_operators to None, run_after=None
[2025-03-18T10:56:42.402+0000] {processor.py:208} INFO - Processing /usr/local/python/3.12.1/lib/python3.12/site-packages/airflow/example_dags/example_xcomargs.py took 0.055 seconds
[2025-03-18T10:57:32.066+0000] {processor.py:186} INFO - Started process (PID=53335) to work on /usr/local/python/3.12.1/lib/python3.12/site-packages/airflow/example_dags/example_xcomargs.py
[2025-03-18T10:57:32.067+0000] {processor.py:914} INFO - Processing file /usr/local/python/3.12.1/lib/python3.12/site-packages/airflow/example_dags/example_xcomargs.py for tasks to queue
[2025-03-18T10:57:32.069+0000] {logging_mixin.py:190} INFO - [2025-03-18T10:57:32.068+0000] {dagbag.py:588} INFO - Filling up the DagBag from /usr/local/python/3.12.1/lib/python3.12/site-packages/airflow/example_dags/example_xcomargs.py
[2025-03-18T10:57:32.076+0000] {processor.py:925} INFO - DAG(s) 'example_xcom_args', 'example_xcom_args_with_operators' retrieved from /usr/local/python/3.12.1/lib/python3.12/site-packages/airflow/example_dags/example_xcomargs.py
[2025-03-18T10:57:32.089+0000] {logging_mixin.py:190} INFO - [2025-03-18T10:57:32.088+0000] {dag.py:3239} INFO - Sync 2 DAGs
[2025-03-18T10:57:32.098+0000] {logging_mixin.py:190} INFO - [2025-03-18T10:57:32.098+0000] {dag.py:4180} INFO - Setting next_dagrun for example_xcom_args to None, run_after=None
[2025-03-18T10:57:32.100+0000] {logging_mixin.py:190} INFO - [2025-03-18T10:57:32.100+0000] {dag.py:4180} INFO - Setting next_dagrun for example_xcom_args_with_operators to None, run_after=None
[2025-03-18T10:57:32.113+0000] {processor.py:208} INFO - Processing /usr/local/python/3.12.1/lib/python3.12/site-packages/airflow/example_dags/example_xcomargs.py took 0.051 seconds
[2025-03-18T10:58:20.065+0000] {processor.py:186} INFO - Started process (PID=53812) to work on /usr/local/python/3.12.1/lib/python3.12/site-packages/airflow/example_dags/example_xcomargs.py
[2025-03-18T10:58:20.065+0000] {processor.py:914} INFO - Processing file /usr/local/python/3.12.1/lib/python3.12/site-packages/airflow/example_dags/example_xcomargs.py for tasks to queue
[2025-03-18T10:58:20.067+0000] {logging_mixin.py:190} INFO - [2025-03-18T10:58:20.067+0000] {dagbag.py:588} INFO - Filling up the DagBag from /usr/local/python/3.12.1/lib/python3.12/site-packages/airflow/example_dags/example_xcomargs.py
[2025-03-18T10:58:20.075+0000] {processor.py:925} INFO - DAG(s) 'example_xcom_args', 'example_xcom_args_with_operators' retrieved from /usr/local/python/3.12.1/lib/python3.12/site-packages/airflow/example_dags/example_xcomargs.py
[2025-03-18T10:58:20.090+0000] {logging_mixin.py:190} INFO - [2025-03-18T10:58:20.090+0000] {dag.py:3239} INFO - Sync 2 DAGs
[2025-03-18T10:58:20.102+0000] {logging_mixin.py:190} INFO - [2025-03-18T10:58:20.101+0000] {dag.py:4180} INFO - Setting next_dagrun for example_xcom_args to None, run_after=None
[2025-03-18T10:58:20.105+0000] {logging_mixin.py:190} INFO - [2025-03-18T10:58:20.104+0000] {dag.py:4180} INFO - Setting next_dagrun for example_xcom_args_with_operators to None, run_after=None
[2025-03-18T10:58:20.118+0000] {processor.py:208} INFO - Processing /usr/local/python/3.12.1/lib/python3.12/site-packages/airflow/example_dags/example_xcomargs.py took 0.057 seconds
[2025-03-18T10:59:06.188+0000] {processor.py:186} INFO - Started process (PID=54383) to work on /usr/local/python/3.12.1/lib/python3.12/site-packages/airflow/example_dags/example_xcomargs.py
[2025-03-18T10:59:06.188+0000] {processor.py:914} INFO - Processing file /usr/local/python/3.12.1/lib/python3.12/site-packages/airflow/example_dags/example_xcomargs.py for tasks to queue
[2025-03-18T10:59:06.190+0000] {logging_mixin.py:190} INFO - [2025-03-18T10:59:06.190+0000] {dagbag.py:588} INFO - Filling up the DagBag from /usr/local/python/3.12.1/lib/python3.12/site-packages/airflow/example_dags/example_xcomargs.py
[2025-03-18T10:59:06.197+0000] {processor.py:925} INFO - DAG(s) 'example_xcom_args_with_operators', 'example_xcom_args' retrieved from /usr/local/python/3.12.1/lib/python3.12/site-packages/airflow/example_dags/example_xcomargs.py
[2025-03-18T10:59:06.210+0000] {logging_mixin.py:190} INFO - [2025-03-18T10:59:06.209+0000] {dag.py:3239} INFO - Sync 2 DAGs
[2025-03-18T10:59:06.219+0000] {logging_mixin.py:190} INFO - [2025-03-18T10:59:06.219+0000] {dag.py:4180} INFO - Setting next_dagrun for example_xcom_args to None, run_after=None
[2025-03-18T10:59:06.222+0000] {logging_mixin.py:190} INFO - [2025-03-18T10:59:06.222+0000] {dag.py:4180} INFO - Setting next_dagrun for example_xcom_args_with_operators to None, run_after=None
[2025-03-18T10:59:06.234+0000] {processor.py:208} INFO - Processing /usr/local/python/3.12.1/lib/python3.12/site-packages/airflow/example_dags/example_xcomargs.py took 0.050 seconds
[2025-03-18T10:59:54.705+0000] {processor.py:186} INFO - Started process (PID=54896) to work on /usr/local/python/3.12.1/lib/python3.12/site-packages/airflow/example_dags/example_xcomargs.py
[2025-03-18T10:59:54.706+0000] {processor.py:914} INFO - Processing file /usr/local/python/3.12.1/lib/python3.12/site-packages/airflow/example_dags/example_xcomargs.py for tasks to queue
[2025-03-18T10:59:54.707+0000] {logging_mixin.py:190} INFO - [2025-03-18T10:59:54.707+0000] {dagbag.py:588} INFO - Filling up the DagBag from /usr/local/python/3.12.1/lib/python3.12/site-packages/airflow/example_dags/example_xcomargs.py
[2025-03-18T10:59:54.715+0000] {processor.py:925} INFO - DAG(s) 'example_xcom_args_with_operators', 'example_xcom_args' retrieved from /usr/local/python/3.12.1/lib/python3.12/site-packages/airflow/example_dags/example_xcomargs.py
[2025-03-18T10:59:54.727+0000] {logging_mixin.py:190} INFO - [2025-03-18T10:59:54.727+0000] {dag.py:3239} INFO - Sync 2 DAGs
[2025-03-18T10:59:54.736+0000] {logging_mixin.py:190} INFO - [2025-03-18T10:59:54.736+0000] {dag.py:4180} INFO - Setting next_dagrun for example_xcom_args to None, run_after=None
[2025-03-18T10:59:54.738+0000] {logging_mixin.py:190} INFO - [2025-03-18T10:59:54.738+0000] {dag.py:4180} INFO - Setting next_dagrun for example_xcom_args_with_operators to None, run_after=None
[2025-03-18T10:59:54.751+0000] {processor.py:208} INFO - Processing /usr/local/python/3.12.1/lib/python3.12/site-packages/airflow/example_dags/example_xcomargs.py took 0.050 seconds
[2025-03-18T11:00:44.980+0000] {processor.py:186} INFO - Started process (PID=55980) to work on /usr/local/python/3.12.1/lib/python3.12/site-packages/airflow/example_dags/example_xcomargs.py
[2025-03-18T11:00:44.981+0000] {processor.py:914} INFO - Processing file /usr/local/python/3.12.1/lib/python3.12/site-packages/airflow/example_dags/example_xcomargs.py for tasks to queue
[2025-03-18T11:00:44.983+0000] {logging_mixin.py:190} INFO - [2025-03-18T11:00:44.982+0000] {dagbag.py:588} INFO - Filling up the DagBag from /usr/local/python/3.12.1/lib/python3.12/site-packages/airflow/example_dags/example_xcomargs.py
[2025-03-18T11:00:44.990+0000] {processor.py:925} INFO - DAG(s) 'example_xcom_args', 'example_xcom_args_with_operators' retrieved from /usr/local/python/3.12.1/lib/python3.12/site-packages/airflow/example_dags/example_xcomargs.py
[2025-03-18T11:00:45.003+0000] {logging_mixin.py:190} INFO - [2025-03-18T11:00:45.003+0000] {dag.py:3239} INFO - Sync 2 DAGs
[2025-03-18T11:00:45.012+0000] {logging_mixin.py:190} INFO - [2025-03-18T11:00:45.012+0000] {dag.py:4180} INFO - Setting next_dagrun for example_xcom_args to None, run_after=None
[2025-03-18T11:00:45.015+0000] {logging_mixin.py:190} INFO - [2025-03-18T11:00:45.015+0000] {dag.py:4180} INFO - Setting next_dagrun for example_xcom_args_with_operators to None, run_after=None
[2025-03-18T11:00:45.029+0000] {processor.py:208} INFO - Processing /usr/local/python/3.12.1/lib/python3.12/site-packages/airflow/example_dags/example_xcomargs.py took 0.053 seconds
[2025-03-18T11:01:35.742+0000] {processor.py:186} INFO - Started process (PID=57805) to work on /usr/local/python/3.12.1/lib/python3.12/site-packages/airflow/example_dags/example_xcomargs.py
[2025-03-18T11:01:35.743+0000] {processor.py:914} INFO - Processing file /usr/local/python/3.12.1/lib/python3.12/site-packages/airflow/example_dags/example_xcomargs.py for tasks to queue
[2025-03-18T11:01:35.745+0000] {logging_mixin.py:190} INFO - [2025-03-18T11:01:35.745+0000] {dagbag.py:588} INFO - Filling up the DagBag from /usr/local/python/3.12.1/lib/python3.12/site-packages/airflow/example_dags/example_xcomargs.py
[2025-03-18T11:01:35.753+0000] {processor.py:925} INFO - DAG(s) 'example_xcom_args', 'example_xcom_args_with_operators' retrieved from /usr/local/python/3.12.1/lib/python3.12/site-packages/airflow/example_dags/example_xcomargs.py
[2025-03-18T11:01:35.772+0000] {logging_mixin.py:190} INFO - [2025-03-18T11:01:35.772+0000] {dag.py:3239} INFO - Sync 2 DAGs
[2025-03-18T11:01:35.788+0000] {logging_mixin.py:190} INFO - [2025-03-18T11:01:35.787+0000] {dag.py:4180} INFO - Setting next_dagrun for example_xcom_args to None, run_after=None
[2025-03-18T11:01:35.791+0000] {logging_mixin.py:190} INFO - [2025-03-18T11:01:35.791+0000] {dag.py:4180} INFO - Setting next_dagrun for example_xcom_args_with_operators to None, run_after=None
[2025-03-18T11:01:35.805+0000] {processor.py:208} INFO - Processing /usr/local/python/3.12.1/lib/python3.12/site-packages/airflow/example_dags/example_xcomargs.py took 0.067 seconds
[2025-03-18T11:02:27.263+0000] {processor.py:186} INFO - Started process (PID=58205) to work on /usr/local/python/3.12.1/lib/python3.12/site-packages/airflow/example_dags/example_xcomargs.py
[2025-03-18T11:02:27.263+0000] {processor.py:914} INFO - Processing file /usr/local/python/3.12.1/lib/python3.12/site-packages/airflow/example_dags/example_xcomargs.py for tasks to queue
[2025-03-18T11:02:27.265+0000] {logging_mixin.py:190} INFO - [2025-03-18T11:02:27.265+0000] {dagbag.py:588} INFO - Filling up the DagBag from /usr/local/python/3.12.1/lib/python3.12/site-packages/airflow/example_dags/example_xcomargs.py
[2025-03-18T11:02:27.272+0000] {processor.py:925} INFO - DAG(s) 'example_xcom_args_with_operators', 'example_xcom_args' retrieved from /usr/local/python/3.12.1/lib/python3.12/site-packages/airflow/example_dags/example_xcomargs.py
[2025-03-18T11:02:27.285+0000] {logging_mixin.py:190} INFO - [2025-03-18T11:02:27.284+0000] {dag.py:3239} INFO - Sync 2 DAGs
[2025-03-18T11:02:27.294+0000] {logging_mixin.py:190} INFO - [2025-03-18T11:02:27.294+0000] {dag.py:4180} INFO - Setting next_dagrun for example_xcom_args to None, run_after=None
[2025-03-18T11:02:27.296+0000] {logging_mixin.py:190} INFO - [2025-03-18T11:02:27.296+0000] {dag.py:4180} INFO - Setting next_dagrun for example_xcom_args_with_operators to None, run_after=None
[2025-03-18T11:02:27.309+0000] {processor.py:208} INFO - Processing /usr/local/python/3.12.1/lib/python3.12/site-packages/airflow/example_dags/example_xcomargs.py took 0.050 seconds
[2025-03-18T11:03:16.478+0000] {processor.py:186} INFO - Started process (PID=58625) to work on /usr/local/python/3.12.1/lib/python3.12/site-packages/airflow/example_dags/example_xcomargs.py
[2025-03-18T11:03:16.479+0000] {processor.py:914} INFO - Processing file /usr/local/python/3.12.1/lib/python3.12/site-packages/airflow/example_dags/example_xcomargs.py for tasks to queue
[2025-03-18T11:03:16.481+0000] {logging_mixin.py:190} INFO - [2025-03-18T11:03:16.480+0000] {dagbag.py:588} INFO - Filling up the DagBag from /usr/local/python/3.12.1/lib/python3.12/site-packages/airflow/example_dags/example_xcomargs.py
[2025-03-18T11:03:16.488+0000] {processor.py:925} INFO - DAG(s) 'example_xcom_args_with_operators', 'example_xcom_args' retrieved from /usr/local/python/3.12.1/lib/python3.12/site-packages/airflow/example_dags/example_xcomargs.py
[2025-03-18T11:03:16.501+0000] {logging_mixin.py:190} INFO - [2025-03-18T11:03:16.501+0000] {dag.py:3239} INFO - Sync 2 DAGs
[2025-03-18T11:03:16.510+0000] {logging_mixin.py:190} INFO - [2025-03-18T11:03:16.510+0000] {dag.py:4180} INFO - Setting next_dagrun for example_xcom_args to None, run_after=None
[2025-03-18T11:03:16.513+0000] {logging_mixin.py:190} INFO - [2025-03-18T11:03:16.513+0000] {dag.py:4180} INFO - Setting next_dagrun for example_xcom_args_with_operators to None, run_after=None
[2025-03-18T11:03:16.526+0000] {processor.py:208} INFO - Processing /usr/local/python/3.12.1/lib/python3.12/site-packages/airflow/example_dags/example_xcomargs.py took 0.052 seconds
[2025-03-18T11:04:02.528+0000] {processor.py:186} INFO - Started process (PID=58984) to work on /usr/local/python/3.12.1/lib/python3.12/site-packages/airflow/example_dags/example_xcomargs.py
[2025-03-18T11:04:02.528+0000] {processor.py:914} INFO - Processing file /usr/local/python/3.12.1/lib/python3.12/site-packages/airflow/example_dags/example_xcomargs.py for tasks to queue
[2025-03-18T11:04:02.530+0000] {logging_mixin.py:190} INFO - [2025-03-18T11:04:02.530+0000] {dagbag.py:588} INFO - Filling up the DagBag from /usr/local/python/3.12.1/lib/python3.12/site-packages/airflow/example_dags/example_xcomargs.py
[2025-03-18T11:04:02.537+0000] {processor.py:925} INFO - DAG(s) 'example_xcom_args_with_operators', 'example_xcom_args' retrieved from /usr/local/python/3.12.1/lib/python3.12/site-packages/airflow/example_dags/example_xcomargs.py
[2025-03-18T11:04:02.550+0000] {logging_mixin.py:190} INFO - [2025-03-18T11:04:02.550+0000] {dag.py:3239} INFO - Sync 2 DAGs
[2025-03-18T11:04:02.559+0000] {logging_mixin.py:190} INFO - [2025-03-18T11:04:02.559+0000] {dag.py:4180} INFO - Setting next_dagrun for example_xcom_args to None, run_after=None
[2025-03-18T11:04:02.562+0000] {logging_mixin.py:190} INFO - [2025-03-18T11:04:02.562+0000] {dag.py:4180} INFO - Setting next_dagrun for example_xcom_args_with_operators to None, run_after=None
[2025-03-18T11:04:02.575+0000] {processor.py:208} INFO - Processing /usr/local/python/3.12.1/lib/python3.12/site-packages/airflow/example_dags/example_xcomargs.py took 0.051 seconds
[2025-03-18T11:04:50.578+0000] {processor.py:186} INFO - Started process (PID=59368) to work on /usr/local/python/3.12.1/lib/python3.12/site-packages/airflow/example_dags/example_xcomargs.py
[2025-03-18T11:04:50.579+0000] {processor.py:914} INFO - Processing file /usr/local/python/3.12.1/lib/python3.12/site-packages/airflow/example_dags/example_xcomargs.py for tasks to queue
[2025-03-18T11:04:50.581+0000] {logging_mixin.py:190} INFO - [2025-03-18T11:04:50.581+0000] {dagbag.py:588} INFO - Filling up the DagBag from /usr/local/python/3.12.1/lib/python3.12/site-packages/airflow/example_dags/example_xcomargs.py
[2025-03-18T11:04:50.588+0000] {processor.py:925} INFO - DAG(s) 'example_xcom_args_with_operators', 'example_xcom_args' retrieved from /usr/local/python/3.12.1/lib/python3.12/site-packages/airflow/example_dags/example_xcomargs.py
[2025-03-18T11:04:50.601+0000] {logging_mixin.py:190} INFO - [2025-03-18T11:04:50.601+0000] {dag.py:3239} INFO - Sync 2 DAGs
[2025-03-18T11:04:50.610+0000] {logging_mixin.py:190} INFO - [2025-03-18T11:04:50.610+0000] {dag.py:4180} INFO - Setting next_dagrun for example_xcom_args to None, run_after=None
[2025-03-18T11:04:50.612+0000] {logging_mixin.py:190} INFO - [2025-03-18T11:04:50.612+0000] {dag.py:4180} INFO - Setting next_dagrun for example_xcom_args_with_operators to None, run_after=None
[2025-03-18T11:04:50.625+0000] {processor.py:208} INFO - Processing /usr/local/python/3.12.1/lib/python3.12/site-packages/airflow/example_dags/example_xcomargs.py took 0.051 seconds
[2025-03-18T11:05:39.822+0000] {processor.py:186} INFO - Started process (PID=59758) to work on /usr/local/python/3.12.1/lib/python3.12/site-packages/airflow/example_dags/example_xcomargs.py
[2025-03-18T11:05:39.822+0000] {processor.py:914} INFO - Processing file /usr/local/python/3.12.1/lib/python3.12/site-packages/airflow/example_dags/example_xcomargs.py for tasks to queue
[2025-03-18T11:05:39.824+0000] {logging_mixin.py:190} INFO - [2025-03-18T11:05:39.824+0000] {dagbag.py:588} INFO - Filling up the DagBag from /usr/local/python/3.12.1/lib/python3.12/site-packages/airflow/example_dags/example_xcomargs.py
[2025-03-18T11:05:39.832+0000] {processor.py:925} INFO - DAG(s) 'example_xcom_args_with_operators', 'example_xcom_args' retrieved from /usr/local/python/3.12.1/lib/python3.12/site-packages/airflow/example_dags/example_xcomargs.py
[2025-03-18T11:05:39.844+0000] {logging_mixin.py:190} INFO - [2025-03-18T11:05:39.844+0000] {dag.py:3239} INFO - Sync 2 DAGs
[2025-03-18T11:05:39.853+0000] {logging_mixin.py:190} INFO - [2025-03-18T11:05:39.853+0000] {dag.py:4180} INFO - Setting next_dagrun for example_xcom_args to None, run_after=None
[2025-03-18T11:05:39.856+0000] {logging_mixin.py:190} INFO - [2025-03-18T11:05:39.856+0000] {dag.py:4180} INFO - Setting next_dagrun for example_xcom_args_with_operators to None, run_after=None
[2025-03-18T11:05:39.868+0000] {processor.py:208} INFO - Processing /usr/local/python/3.12.1/lib/python3.12/site-packages/airflow/example_dags/example_xcomargs.py took 0.050 seconds
[2025-03-18T11:06:29.337+0000] {processor.py:186} INFO - Started process (PID=60151) to work on /usr/local/python/3.12.1/lib/python3.12/site-packages/airflow/example_dags/example_xcomargs.py
[2025-03-18T11:06:29.338+0000] {processor.py:914} INFO - Processing file /usr/local/python/3.12.1/lib/python3.12/site-packages/airflow/example_dags/example_xcomargs.py for tasks to queue
[2025-03-18T11:06:29.340+0000] {logging_mixin.py:190} INFO - [2025-03-18T11:06:29.339+0000] {dagbag.py:588} INFO - Filling up the DagBag from /usr/local/python/3.12.1/lib/python3.12/site-packages/airflow/example_dags/example_xcomargs.py
[2025-03-18T11:06:29.347+0000] {processor.py:925} INFO - DAG(s) 'example_xcom_args', 'example_xcom_args_with_operators' retrieved from /usr/local/python/3.12.1/lib/python3.12/site-packages/airflow/example_dags/example_xcomargs.py
[2025-03-18T11:06:29.359+0000] {logging_mixin.py:190} INFO - [2025-03-18T11:06:29.359+0000] {dag.py:3239} INFO - Sync 2 DAGs
[2025-03-18T11:06:29.369+0000] {logging_mixin.py:190} INFO - [2025-03-18T11:06:29.369+0000] {dag.py:4180} INFO - Setting next_dagrun for example_xcom_args to None, run_after=None
[2025-03-18T11:06:29.371+0000] {logging_mixin.py:190} INFO - [2025-03-18T11:06:29.371+0000] {dag.py:4180} INFO - Setting next_dagrun for example_xcom_args_with_operators to None, run_after=None
[2025-03-18T11:06:29.384+0000] {processor.py:208} INFO - Processing /usr/local/python/3.12.1/lib/python3.12/site-packages/airflow/example_dags/example_xcomargs.py took 0.051 seconds
[2025-03-18T11:07:21.140+0000] {processor.py:186} INFO - Started process (PID=60557) to work on /usr/local/python/3.12.1/lib/python3.12/site-packages/airflow/example_dags/example_xcomargs.py
[2025-03-18T11:07:21.141+0000] {processor.py:914} INFO - Processing file /usr/local/python/3.12.1/lib/python3.12/site-packages/airflow/example_dags/example_xcomargs.py for tasks to queue
[2025-03-18T11:07:21.143+0000] {logging_mixin.py:190} INFO - [2025-03-18T11:07:21.143+0000] {dagbag.py:588} INFO - Filling up the DagBag from /usr/local/python/3.12.1/lib/python3.12/site-packages/airflow/example_dags/example_xcomargs.py
[2025-03-18T11:07:21.150+0000] {processor.py:925} INFO - DAG(s) 'example_xcom_args_with_operators', 'example_xcom_args' retrieved from /usr/local/python/3.12.1/lib/python3.12/site-packages/airflow/example_dags/example_xcomargs.py
[2025-03-18T11:07:21.162+0000] {logging_mixin.py:190} INFO - [2025-03-18T11:07:21.162+0000] {dag.py:3239} INFO - Sync 2 DAGs
[2025-03-18T11:07:21.171+0000] {logging_mixin.py:190} INFO - [2025-03-18T11:07:21.171+0000] {dag.py:4180} INFO - Setting next_dagrun for example_xcom_args to None, run_after=None
[2025-03-18T11:07:21.174+0000] {logging_mixin.py:190} INFO - [2025-03-18T11:07:21.174+0000] {dag.py:4180} INFO - Setting next_dagrun for example_xcom_args_with_operators to None, run_after=None
[2025-03-18T11:07:21.186+0000] {processor.py:208} INFO - Processing /usr/local/python/3.12.1/lib/python3.12/site-packages/airflow/example_dags/example_xcomargs.py took 0.050 seconds
[2025-03-18T11:08:11.704+0000] {processor.py:186} INFO - Started process (PID=60984) to work on /usr/local/python/3.12.1/lib/python3.12/site-packages/airflow/example_dags/example_xcomargs.py
[2025-03-18T11:08:11.704+0000] {processor.py:914} INFO - Processing file /usr/local/python/3.12.1/lib/python3.12/site-packages/airflow/example_dags/example_xcomargs.py for tasks to queue
[2025-03-18T11:08:11.706+0000] {logging_mixin.py:190} INFO - [2025-03-18T11:08:11.706+0000] {dagbag.py:588} INFO - Filling up the DagBag from /usr/local/python/3.12.1/lib/python3.12/site-packages/airflow/example_dags/example_xcomargs.py
[2025-03-18T11:08:11.714+0000] {processor.py:925} INFO - DAG(s) 'example_xcom_args_with_operators', 'example_xcom_args' retrieved from /usr/local/python/3.12.1/lib/python3.12/site-packages/airflow/example_dags/example_xcomargs.py
[2025-03-18T11:08:11.726+0000] {logging_mixin.py:190} INFO - [2025-03-18T11:08:11.726+0000] {dag.py:3239} INFO - Sync 2 DAGs
[2025-03-18T11:08:11.735+0000] {logging_mixin.py:190} INFO - [2025-03-18T11:08:11.735+0000] {dag.py:4180} INFO - Setting next_dagrun for example_xcom_args to None, run_after=None
[2025-03-18T11:08:11.738+0000] {logging_mixin.py:190} INFO - [2025-03-18T11:08:11.738+0000] {dag.py:4180} INFO - Setting next_dagrun for example_xcom_args_with_operators to None, run_after=None
[2025-03-18T11:08:11.750+0000] {processor.py:208} INFO - Processing /usr/local/python/3.12.1/lib/python3.12/site-packages/airflow/example_dags/example_xcomargs.py took 0.050 seconds
[2025-03-18T11:09:02.148+0000] {processor.py:186} INFO - Started process (PID=61416) to work on /usr/local/python/3.12.1/lib/python3.12/site-packages/airflow/example_dags/example_xcomargs.py
[2025-03-18T11:09:02.149+0000] {processor.py:914} INFO - Processing file /usr/local/python/3.12.1/lib/python3.12/site-packages/airflow/example_dags/example_xcomargs.py for tasks to queue
[2025-03-18T11:09:02.151+0000] {logging_mixin.py:190} INFO - [2025-03-18T11:09:02.150+0000] {dagbag.py:588} INFO - Filling up the DagBag from /usr/local/python/3.12.1/lib/python3.12/site-packages/airflow/example_dags/example_xcomargs.py
[2025-03-18T11:09:02.158+0000] {processor.py:925} INFO - DAG(s) 'example_xcom_args_with_operators', 'example_xcom_args' retrieved from /usr/local/python/3.12.1/lib/python3.12/site-packages/airflow/example_dags/example_xcomargs.py
[2025-03-18T11:09:02.171+0000] {logging_mixin.py:190} INFO - [2025-03-18T11:09:02.171+0000] {dag.py:3239} INFO - Sync 2 DAGs
[2025-03-18T11:09:02.180+0000] {logging_mixin.py:190} INFO - [2025-03-18T11:09:02.180+0000] {dag.py:4180} INFO - Setting next_dagrun for example_xcom_args to None, run_after=None
[2025-03-18T11:09:02.183+0000] {logging_mixin.py:190} INFO - [2025-03-18T11:09:02.182+0000] {dag.py:4180} INFO - Setting next_dagrun for example_xcom_args_with_operators to None, run_after=None
[2025-03-18T11:09:02.195+0000] {processor.py:208} INFO - Processing /usr/local/python/3.12.1/lib/python3.12/site-packages/airflow/example_dags/example_xcomargs.py took 0.051 seconds
[2025-03-18T11:09:56.105+0000] {processor.py:186} INFO - Started process (PID=61856) to work on /usr/local/python/3.12.1/lib/python3.12/site-packages/airflow/example_dags/example_xcomargs.py
[2025-03-18T11:09:56.106+0000] {processor.py:914} INFO - Processing file /usr/local/python/3.12.1/lib/python3.12/site-packages/airflow/example_dags/example_xcomargs.py for tasks to queue
[2025-03-18T11:09:56.108+0000] {logging_mixin.py:190} INFO - [2025-03-18T11:09:56.107+0000] {dagbag.py:588} INFO - Filling up the DagBag from /usr/local/python/3.12.1/lib/python3.12/site-packages/airflow/example_dags/example_xcomargs.py
[2025-03-18T11:09:56.116+0000] {processor.py:925} INFO - DAG(s) 'example_xcom_args_with_operators', 'example_xcom_args' retrieved from /usr/local/python/3.12.1/lib/python3.12/site-packages/airflow/example_dags/example_xcomargs.py
[2025-03-18T11:09:56.129+0000] {logging_mixin.py:190} INFO - [2025-03-18T11:09:56.129+0000] {dag.py:3239} INFO - Sync 2 DAGs
[2025-03-18T11:09:56.140+0000] {logging_mixin.py:190} INFO - [2025-03-18T11:09:56.140+0000] {dag.py:4180} INFO - Setting next_dagrun for example_xcom_args to None, run_after=None
[2025-03-18T11:09:56.144+0000] {logging_mixin.py:190} INFO - [2025-03-18T11:09:56.143+0000] {dag.py:4180} INFO - Setting next_dagrun for example_xcom_args_with_operators to None, run_after=None
[2025-03-18T11:09:56.159+0000] {processor.py:208} INFO - Processing /usr/local/python/3.12.1/lib/python3.12/site-packages/airflow/example_dags/example_xcomargs.py took 0.057 seconds
[2025-03-18T11:10:47.154+0000] {processor.py:186} INFO - Started process (PID=62304) to work on /usr/local/python/3.12.1/lib/python3.12/site-packages/airflow/example_dags/example_xcomargs.py
[2025-03-18T11:10:47.155+0000] {processor.py:914} INFO - Processing file /usr/local/python/3.12.1/lib/python3.12/site-packages/airflow/example_dags/example_xcomargs.py for tasks to queue
[2025-03-18T11:10:47.157+0000] {logging_mixin.py:190} INFO - [2025-03-18T11:10:47.156+0000] {dagbag.py:588} INFO - Filling up the DagBag from /usr/local/python/3.12.1/lib/python3.12/site-packages/airflow/example_dags/example_xcomargs.py
[2025-03-18T11:10:47.164+0000] {processor.py:925} INFO - DAG(s) 'example_xcom_args', 'example_xcom_args_with_operators' retrieved from /usr/local/python/3.12.1/lib/python3.12/site-packages/airflow/example_dags/example_xcomargs.py
[2025-03-18T11:10:47.176+0000] {logging_mixin.py:190} INFO - [2025-03-18T11:10:47.176+0000] {dag.py:3239} INFO - Sync 2 DAGs
[2025-03-18T11:10:47.186+0000] {logging_mixin.py:190} INFO - [2025-03-18T11:10:47.185+0000] {dag.py:4180} INFO - Setting next_dagrun for example_xcom_args to None, run_after=None
[2025-03-18T11:10:47.188+0000] {logging_mixin.py:190} INFO - [2025-03-18T11:10:47.188+0000] {dag.py:4180} INFO - Setting next_dagrun for example_xcom_args_with_operators to None, run_after=None
[2025-03-18T11:10:47.200+0000] {processor.py:208} INFO - Processing /usr/local/python/3.12.1/lib/python3.12/site-packages/airflow/example_dags/example_xcomargs.py took 0.050 seconds
[2025-03-18T11:11:36.045+0000] {processor.py:186} INFO - Started process (PID=62747) to work on /usr/local/python/3.12.1/lib/python3.12/site-packages/airflow/example_dags/example_xcomargs.py
[2025-03-18T11:11:36.045+0000] {processor.py:914} INFO - Processing file /usr/local/python/3.12.1/lib/python3.12/site-packages/airflow/example_dags/example_xcomargs.py for tasks to queue
[2025-03-18T11:11:36.047+0000] {logging_mixin.py:190} INFO - [2025-03-18T11:11:36.047+0000] {dagbag.py:588} INFO - Filling up the DagBag from /usr/local/python/3.12.1/lib/python3.12/site-packages/airflow/example_dags/example_xcomargs.py
[2025-03-18T11:11:36.055+0000] {processor.py:925} INFO - DAG(s) 'example_xcom_args', 'example_xcom_args_with_operators' retrieved from /usr/local/python/3.12.1/lib/python3.12/site-packages/airflow/example_dags/example_xcomargs.py
[2025-03-18T11:11:36.067+0000] {logging_mixin.py:190} INFO - [2025-03-18T11:11:36.067+0000] {dag.py:3239} INFO - Sync 2 DAGs
[2025-03-18T11:11:36.076+0000] {logging_mixin.py:190} INFO - [2025-03-18T11:11:36.076+0000] {dag.py:4180} INFO - Setting next_dagrun for example_xcom_args to None, run_after=None
[2025-03-18T11:11:36.078+0000] {logging_mixin.py:190} INFO - [2025-03-18T11:11:36.078+0000] {dag.py:4180} INFO - Setting next_dagrun for example_xcom_args_with_operators to None, run_after=None
[2025-03-18T11:11:36.091+0000] {processor.py:208} INFO - Processing /usr/local/python/3.12.1/lib/python3.12/site-packages/airflow/example_dags/example_xcomargs.py took 0.051 seconds
[2025-03-18T11:49:54.218+0000] {processor.py:186} INFO - Started process (PID=82518) to work on /usr/local/python/3.12.1/lib/python3.12/site-packages/airflow/example_dags/example_xcomargs.py
[2025-03-18T11:49:54.219+0000] {processor.py:914} INFO - Processing file /usr/local/python/3.12.1/lib/python3.12/site-packages/airflow/example_dags/example_xcomargs.py for tasks to queue
[2025-03-18T11:49:54.220+0000] {logging_mixin.py:190} INFO - [2025-03-18T11:49:54.220+0000] {dagbag.py:588} INFO - Filling up the DagBag from /usr/local/python/3.12.1/lib/python3.12/site-packages/airflow/example_dags/example_xcomargs.py
[2025-03-18T11:49:54.228+0000] {processor.py:925} INFO - DAG(s) 'example_xcom_args_with_operators', 'example_xcom_args' retrieved from /usr/local/python/3.12.1/lib/python3.12/site-packages/airflow/example_dags/example_xcomargs.py
[2025-03-18T11:49:54.242+0000] {logging_mixin.py:190} INFO - [2025-03-18T11:49:54.242+0000] {dag.py:3239} INFO - Sync 2 DAGs
[2025-03-18T11:49:54.252+0000] {logging_mixin.py:190} INFO - [2025-03-18T11:49:54.252+0000] {dag.py:4180} INFO - Setting next_dagrun for example_xcom_args to None, run_after=None
[2025-03-18T11:49:54.254+0000] {logging_mixin.py:190} INFO - [2025-03-18T11:49:54.254+0000] {dag.py:4180} INFO - Setting next_dagrun for example_xcom_args_with_operators to None, run_after=None
[2025-03-18T11:49:54.268+0000] {processor.py:208} INFO - Processing /usr/local/python/3.12.1/lib/python3.12/site-packages/airflow/example_dags/example_xcomargs.py took 0.054 seconds
[2025-03-18T11:50:28.895+0000] {processor.py:186} INFO - Started process (PID=82928) to work on /usr/local/python/3.12.1/lib/python3.12/site-packages/airflow/example_dags/example_xcomargs.py
[2025-03-18T11:50:28.896+0000] {processor.py:914} INFO - Processing file /usr/local/python/3.12.1/lib/python3.12/site-packages/airflow/example_dags/example_xcomargs.py for tasks to queue
[2025-03-18T11:50:28.897+0000] {logging_mixin.py:190} INFO - [2025-03-18T11:50:28.897+0000] {dagbag.py:588} INFO - Filling up the DagBag from /usr/local/python/3.12.1/lib/python3.12/site-packages/airflow/example_dags/example_xcomargs.py
[2025-03-18T11:50:28.905+0000] {processor.py:925} INFO - DAG(s) 'example_xcom_args_with_operators', 'example_xcom_args' retrieved from /usr/local/python/3.12.1/lib/python3.12/site-packages/airflow/example_dags/example_xcomargs.py
[2025-03-18T11:50:28.919+0000] {logging_mixin.py:190} INFO - [2025-03-18T11:50:28.919+0000] {dag.py:3239} INFO - Sync 2 DAGs
[2025-03-18T11:50:28.928+0000] {logging_mixin.py:190} INFO - [2025-03-18T11:50:28.928+0000] {dag.py:4180} INFO - Setting next_dagrun for example_xcom_args to None, run_after=None
[2025-03-18T11:50:28.930+0000] {logging_mixin.py:190} INFO - [2025-03-18T11:50:28.930+0000] {dag.py:4180} INFO - Setting next_dagrun for example_xcom_args_with_operators to None, run_after=None
[2025-03-18T11:50:28.945+0000] {processor.py:208} INFO - Processing /usr/local/python/3.12.1/lib/python3.12/site-packages/airflow/example_dags/example_xcomargs.py took 0.053 seconds
[2025-03-18T11:57:46.756+0000] {processor.py:186} INFO - Started process (PID=86792) to work on /usr/local/python/3.12.1/lib/python3.12/site-packages/airflow/example_dags/example_xcomargs.py
[2025-03-18T11:57:46.757+0000] {processor.py:914} INFO - Processing file /usr/local/python/3.12.1/lib/python3.12/site-packages/airflow/example_dags/example_xcomargs.py for tasks to queue
[2025-03-18T11:57:46.759+0000] {logging_mixin.py:190} INFO - [2025-03-18T11:57:46.758+0000] {dagbag.py:588} INFO - Filling up the DagBag from /usr/local/python/3.12.1/lib/python3.12/site-packages/airflow/example_dags/example_xcomargs.py
[2025-03-18T11:57:46.769+0000] {processor.py:925} INFO - DAG(s) 'example_xcom_args_with_operators', 'example_xcom_args' retrieved from /usr/local/python/3.12.1/lib/python3.12/site-packages/airflow/example_dags/example_xcomargs.py
[2025-03-18T11:57:46.784+0000] {logging_mixin.py:190} INFO - [2025-03-18T11:57:46.784+0000] {dag.py:3239} INFO - Sync 2 DAGs
[2025-03-18T11:57:46.795+0000] {logging_mixin.py:190} INFO - [2025-03-18T11:57:46.795+0000] {dag.py:4180} INFO - Setting next_dagrun for example_xcom_args to None, run_after=None
[2025-03-18T11:57:46.798+0000] {logging_mixin.py:190} INFO - [2025-03-18T11:57:46.798+0000] {dag.py:4180} INFO - Setting next_dagrun for example_xcom_args_with_operators to None, run_after=None
[2025-03-18T11:57:46.814+0000] {processor.py:208} INFO - Processing /usr/local/python/3.12.1/lib/python3.12/site-packages/airflow/example_dags/example_xcomargs.py took 0.063 seconds
