[2025-03-18T10:51:56.817+0000] {processor.py:186} INFO - Started process (PID=49471) to work on /usr/local/python/3.12.1/lib/python3.12/site-packages/airflow/example_dags/example_nested_branch_dag.py
[2025-03-18T10:51:56.818+0000] {processor.py:914} INFO - Processing file /usr/local/python/3.12.1/lib/python3.12/site-packages/airflow/example_dags/example_nested_branch_dag.py for tasks to queue
[2025-03-18T10:51:56.819+0000] {logging_mixin.py:190} INFO - [2025-03-18T10:51:56.819+0000] {dagbag.py:588} INFO - Filling up the DagBag from /usr/local/python/3.12.1/lib/python3.12/site-packages/airflow/example_dags/example_nested_branch_dag.py
[2025-03-18T10:51:56.828+0000] {processor.py:925} INFO - DAG(s) 'example_nested_branch_dag' retrieved from /usr/local/python/3.12.1/lib/python3.12/site-packages/airflow/example_dags/example_nested_branch_dag.py
[2025-03-18T10:51:56.915+0000] {logging_mixin.py:190} INFO - [2025-03-18T10:51:56.914+0000] {override.py:1930} INFO - Created Permission View: can read on DAG:example_nested_branch_dag
[2025-03-18T10:51:56.922+0000] {logging_mixin.py:190} INFO - [2025-03-18T10:51:56.922+0000] {override.py:1930} INFO - Created Permission View: can edit on DAG:example_nested_branch_dag
[2025-03-18T10:51:56.928+0000] {logging_mixin.py:190} INFO - [2025-03-18T10:51:56.928+0000] {override.py:1930} INFO - Created Permission View: can delete on DAG:example_nested_branch_dag
[2025-03-18T10:51:56.936+0000] {logging_mixin.py:190} INFO - [2025-03-18T10:51:56.936+0000] {override.py:1930} INFO - Created Permission View: can read on DAG Run:example_nested_branch_dag
[2025-03-18T10:51:56.941+0000] {logging_mixin.py:190} INFO - [2025-03-18T10:51:56.941+0000] {override.py:1930} INFO - Created Permission View: can create on DAG Run:example_nested_branch_dag
[2025-03-18T10:51:56.947+0000] {logging_mixin.py:190} INFO - [2025-03-18T10:51:56.947+0000] {override.py:1930} INFO - Created Permission View: menu access on DAG Run:example_nested_branch_dag
[2025-03-18T10:51:56.952+0000] {logging_mixin.py:190} INFO - [2025-03-18T10:51:56.952+0000] {override.py:1930} INFO - Created Permission View: can delete on DAG Run:example_nested_branch_dag
[2025-03-18T10:51:56.952+0000] {logging_mixin.py:190} INFO - [2025-03-18T10:51:56.952+0000] {dag.py:3239} INFO - Sync 1 DAGs
[2025-03-18T10:51:56.961+0000] {logging_mixin.py:190} INFO - [2025-03-18T10:51:56.960+0000] {dag.py:3262} INFO - Creating ORM DAG for example_nested_branch_dag
[2025-03-18T10:51:56.968+0000] {logging_mixin.py:190} INFO - [2025-03-18T10:51:56.968+0000] {dag.py:4180} INFO - Setting next_dagrun for example_nested_branch_dag to 2025-03-17 00:00:00+00:00, run_after=2025-03-18 00:00:00+00:00
[2025-03-18T10:51:56.981+0000] {processor.py:208} INFO - Processing /usr/local/python/3.12.1/lib/python3.12/site-packages/airflow/example_dags/example_nested_branch_dag.py took 0.168 seconds
[2025-03-18T10:53:36.075+0000] {processor.py:186} INFO - Started process (PID=50722) to work on /usr/local/python/3.12.1/lib/python3.12/site-packages/airflow/example_dags/example_nested_branch_dag.py
[2025-03-18T10:53:36.075+0000] {processor.py:914} INFO - Processing file /usr/local/python/3.12.1/lib/python3.12/site-packages/airflow/example_dags/example_nested_branch_dag.py for tasks to queue
[2025-03-18T10:53:36.077+0000] {logging_mixin.py:190} INFO - [2025-03-18T10:53:36.076+0000] {dagbag.py:588} INFO - Filling up the DagBag from /usr/local/python/3.12.1/lib/python3.12/site-packages/airflow/example_dags/example_nested_branch_dag.py
[2025-03-18T10:53:36.086+0000] {processor.py:925} INFO - DAG(s) 'example_nested_branch_dag' retrieved from /usr/local/python/3.12.1/lib/python3.12/site-packages/airflow/example_dags/example_nested_branch_dag.py
[2025-03-18T10:53:36.099+0000] {logging_mixin.py:190} INFO - [2025-03-18T10:53:36.099+0000] {dag.py:3239} INFO - Sync 1 DAGs
[2025-03-18T10:53:36.115+0000] {logging_mixin.py:190} INFO - [2025-03-18T10:53:36.114+0000] {dag.py:4180} INFO - Setting next_dagrun for example_nested_branch_dag to 2025-03-17 00:00:00+00:00, run_after=2025-03-18 00:00:00+00:00
[2025-03-18T10:53:36.129+0000] {processor.py:208} INFO - Processing /usr/local/python/3.12.1/lib/python3.12/site-packages/airflow/example_dags/example_nested_branch_dag.py took 0.058 seconds
[2025-03-18T10:54:32.069+0000] {processor.py:186} INFO - Started process (PID=51255) to work on /usr/local/python/3.12.1/lib/python3.12/site-packages/airflow/example_dags/example_nested_branch_dag.py
[2025-03-18T10:54:32.069+0000] {processor.py:914} INFO - Processing file /usr/local/python/3.12.1/lib/python3.12/site-packages/airflow/example_dags/example_nested_branch_dag.py for tasks to queue
[2025-03-18T10:54:32.071+0000] {logging_mixin.py:190} INFO - [2025-03-18T10:54:32.070+0000] {dagbag.py:588} INFO - Filling up the DagBag from /usr/local/python/3.12.1/lib/python3.12/site-packages/airflow/example_dags/example_nested_branch_dag.py
[2025-03-18T10:54:32.080+0000] {processor.py:925} INFO - DAG(s) 'example_nested_branch_dag' retrieved from /usr/local/python/3.12.1/lib/python3.12/site-packages/airflow/example_dags/example_nested_branch_dag.py
[2025-03-18T10:54:32.092+0000] {logging_mixin.py:190} INFO - [2025-03-18T10:54:32.091+0000] {dag.py:3239} INFO - Sync 1 DAGs
[2025-03-18T10:54:32.107+0000] {logging_mixin.py:190} INFO - [2025-03-18T10:54:32.107+0000] {dag.py:4180} INFO - Setting next_dagrun for example_nested_branch_dag to 2025-03-17 00:00:00+00:00, run_after=2025-03-18 00:00:00+00:00
[2025-03-18T10:54:32.123+0000] {processor.py:208} INFO - Processing /usr/local/python/3.12.1/lib/python3.12/site-packages/airflow/example_dags/example_nested_branch_dag.py took 0.058 seconds
[2025-03-18T10:55:26.431+0000] {processor.py:186} INFO - Started process (PID=51764) to work on /usr/local/python/3.12.1/lib/python3.12/site-packages/airflow/example_dags/example_nested_branch_dag.py
[2025-03-18T10:55:26.432+0000] {processor.py:914} INFO - Processing file /usr/local/python/3.12.1/lib/python3.12/site-packages/airflow/example_dags/example_nested_branch_dag.py for tasks to queue
[2025-03-18T10:55:26.433+0000] {logging_mixin.py:190} INFO - [2025-03-18T10:55:26.433+0000] {dagbag.py:588} INFO - Filling up the DagBag from /usr/local/python/3.12.1/lib/python3.12/site-packages/airflow/example_dags/example_nested_branch_dag.py
[2025-03-18T10:55:26.442+0000] {processor.py:925} INFO - DAG(s) 'example_nested_branch_dag' retrieved from /usr/local/python/3.12.1/lib/python3.12/site-packages/airflow/example_dags/example_nested_branch_dag.py
[2025-03-18T10:55:26.453+0000] {logging_mixin.py:190} INFO - [2025-03-18T10:55:26.453+0000] {dag.py:3239} INFO - Sync 1 DAGs
[2025-03-18T10:55:26.469+0000] {logging_mixin.py:190} INFO - [2025-03-18T10:55:26.469+0000] {dag.py:4180} INFO - Setting next_dagrun for example_nested_branch_dag to 2025-03-17 00:00:00+00:00, run_after=2025-03-18 00:00:00+00:00
[2025-03-18T10:55:26.484+0000] {processor.py:208} INFO - Processing /usr/local/python/3.12.1/lib/python3.12/site-packages/airflow/example_dags/example_nested_branch_dag.py took 0.056 seconds
[2025-03-18T10:56:20.090+0000] {processor.py:186} INFO - Started process (PID=52544) to work on /usr/local/python/3.12.1/lib/python3.12/site-packages/airflow/example_dags/example_nested_branch_dag.py
[2025-03-18T10:56:20.091+0000] {processor.py:914} INFO - Processing file /usr/local/python/3.12.1/lib/python3.12/site-packages/airflow/example_dags/example_nested_branch_dag.py for tasks to queue
[2025-03-18T10:56:20.092+0000] {logging_mixin.py:190} INFO - [2025-03-18T10:56:20.092+0000] {dagbag.py:588} INFO - Filling up the DagBag from /usr/local/python/3.12.1/lib/python3.12/site-packages/airflow/example_dags/example_nested_branch_dag.py
[2025-03-18T10:56:20.104+0000] {processor.py:925} INFO - DAG(s) 'example_nested_branch_dag' retrieved from /usr/local/python/3.12.1/lib/python3.12/site-packages/airflow/example_dags/example_nested_branch_dag.py
[2025-03-18T10:56:20.118+0000] {logging_mixin.py:190} INFO - [2025-03-18T10:56:20.117+0000] {dag.py:3239} INFO - Sync 1 DAGs
[2025-03-18T10:56:20.134+0000] {logging_mixin.py:190} INFO - [2025-03-18T10:56:20.134+0000] {dag.py:4180} INFO - Setting next_dagrun for example_nested_branch_dag to 2025-03-17 00:00:00+00:00, run_after=2025-03-18 00:00:00+00:00
[2025-03-18T10:56:20.148+0000] {processor.py:208} INFO - Processing /usr/local/python/3.12.1/lib/python3.12/site-packages/airflow/example_dags/example_nested_branch_dag.py took 0.064 seconds
[2025-03-18T10:57:06.827+0000] {processor.py:186} INFO - Started process (PID=52963) to work on /usr/local/python/3.12.1/lib/python3.12/site-packages/airflow/example_dags/example_nested_branch_dag.py
[2025-03-18T10:57:06.828+0000] {processor.py:914} INFO - Processing file /usr/local/python/3.12.1/lib/python3.12/site-packages/airflow/example_dags/example_nested_branch_dag.py for tasks to queue
[2025-03-18T10:57:06.829+0000] {logging_mixin.py:190} INFO - [2025-03-18T10:57:06.829+0000] {dagbag.py:588} INFO - Filling up the DagBag from /usr/local/python/3.12.1/lib/python3.12/site-packages/airflow/example_dags/example_nested_branch_dag.py
[2025-03-18T10:57:06.838+0000] {processor.py:925} INFO - DAG(s) 'example_nested_branch_dag' retrieved from /usr/local/python/3.12.1/lib/python3.12/site-packages/airflow/example_dags/example_nested_branch_dag.py
[2025-03-18T10:57:06.850+0000] {logging_mixin.py:190} INFO - [2025-03-18T10:57:06.849+0000] {dag.py:3239} INFO - Sync 1 DAGs
[2025-03-18T10:57:06.865+0000] {logging_mixin.py:190} INFO - [2025-03-18T10:57:06.865+0000] {dag.py:4180} INFO - Setting next_dagrun for example_nested_branch_dag to 2025-03-17 00:00:00+00:00, run_after=2025-03-18 00:00:00+00:00
[2025-03-18T10:57:06.879+0000] {processor.py:208} INFO - Processing /usr/local/python/3.12.1/lib/python3.12/site-packages/airflow/example_dags/example_nested_branch_dag.py took 0.056 seconds
[2025-03-18T10:57:58.135+0000] {processor.py:186} INFO - Started process (PID=53601) to work on /usr/local/python/3.12.1/lib/python3.12/site-packages/airflow/example_dags/example_nested_branch_dag.py
[2025-03-18T10:57:58.136+0000] {processor.py:914} INFO - Processing file /usr/local/python/3.12.1/lib/python3.12/site-packages/airflow/example_dags/example_nested_branch_dag.py for tasks to queue
[2025-03-18T10:57:58.137+0000] {logging_mixin.py:190} INFO - [2025-03-18T10:57:58.137+0000] {dagbag.py:588} INFO - Filling up the DagBag from /usr/local/python/3.12.1/lib/python3.12/site-packages/airflow/example_dags/example_nested_branch_dag.py
[2025-03-18T10:57:58.146+0000] {processor.py:925} INFO - DAG(s) 'example_nested_branch_dag' retrieved from /usr/local/python/3.12.1/lib/python3.12/site-packages/airflow/example_dags/example_nested_branch_dag.py
[2025-03-18T10:57:58.158+0000] {logging_mixin.py:190} INFO - [2025-03-18T10:57:58.158+0000] {dag.py:3239} INFO - Sync 1 DAGs
[2025-03-18T10:57:58.174+0000] {logging_mixin.py:190} INFO - [2025-03-18T10:57:58.173+0000] {dag.py:4180} INFO - Setting next_dagrun for example_nested_branch_dag to 2025-03-17 00:00:00+00:00, run_after=2025-03-18 00:00:00+00:00
[2025-03-18T10:57:58.188+0000] {processor.py:208} INFO - Processing /usr/local/python/3.12.1/lib/python3.12/site-packages/airflow/example_dags/example_nested_branch_dag.py took 0.056 seconds
[2025-03-18T10:58:46.760+0000] {processor.py:186} INFO - Started process (PID=54056) to work on /usr/local/python/3.12.1/lib/python3.12/site-packages/airflow/example_dags/example_nested_branch_dag.py
[2025-03-18T10:58:46.761+0000] {processor.py:914} INFO - Processing file /usr/local/python/3.12.1/lib/python3.12/site-packages/airflow/example_dags/example_nested_branch_dag.py for tasks to queue
[2025-03-18T10:58:46.762+0000] {logging_mixin.py:190} INFO - [2025-03-18T10:58:46.762+0000] {dagbag.py:588} INFO - Filling up the DagBag from /usr/local/python/3.12.1/lib/python3.12/site-packages/airflow/example_dags/example_nested_branch_dag.py
[2025-03-18T10:58:46.771+0000] {processor.py:925} INFO - DAG(s) 'example_nested_branch_dag' retrieved from /usr/local/python/3.12.1/lib/python3.12/site-packages/airflow/example_dags/example_nested_branch_dag.py
[2025-03-18T10:58:46.783+0000] {logging_mixin.py:190} INFO - [2025-03-18T10:58:46.783+0000] {dag.py:3239} INFO - Sync 1 DAGs
[2025-03-18T10:58:46.799+0000] {logging_mixin.py:190} INFO - [2025-03-18T10:58:46.799+0000] {dag.py:4180} INFO - Setting next_dagrun for example_nested_branch_dag to 2025-03-17 00:00:00+00:00, run_after=2025-03-18 00:00:00+00:00
[2025-03-18T10:58:46.813+0000] {processor.py:208} INFO - Processing /usr/local/python/3.12.1/lib/python3.12/site-packages/airflow/example_dags/example_nested_branch_dag.py took 0.057 seconds
[2025-03-18T10:59:34.753+0000] {processor.py:186} INFO - Started process (PID=54730) to work on /usr/local/python/3.12.1/lib/python3.12/site-packages/airflow/example_dags/example_nested_branch_dag.py
[2025-03-18T10:59:34.754+0000] {processor.py:914} INFO - Processing file /usr/local/python/3.12.1/lib/python3.12/site-packages/airflow/example_dags/example_nested_branch_dag.py for tasks to queue
[2025-03-18T10:59:34.755+0000] {logging_mixin.py:190} INFO - [2025-03-18T10:59:34.755+0000] {dagbag.py:588} INFO - Filling up the DagBag from /usr/local/python/3.12.1/lib/python3.12/site-packages/airflow/example_dags/example_nested_branch_dag.py
[2025-03-18T10:59:34.764+0000] {processor.py:925} INFO - DAG(s) 'example_nested_branch_dag' retrieved from /usr/local/python/3.12.1/lib/python3.12/site-packages/airflow/example_dags/example_nested_branch_dag.py
[2025-03-18T10:59:34.776+0000] {logging_mixin.py:190} INFO - [2025-03-18T10:59:34.775+0000] {dag.py:3239} INFO - Sync 1 DAGs
[2025-03-18T10:59:34.791+0000] {logging_mixin.py:190} INFO - [2025-03-18T10:59:34.791+0000] {dag.py:4180} INFO - Setting next_dagrun for example_nested_branch_dag to 2025-03-17 00:00:00+00:00, run_after=2025-03-18 00:00:00+00:00
[2025-03-18T10:59:34.805+0000] {processor.py:208} INFO - Processing /usr/local/python/3.12.1/lib/python3.12/site-packages/airflow/example_dags/example_nested_branch_dag.py took 0.057 seconds
[2025-03-18T11:00:23.286+0000] {processor.py:186} INFO - Started process (PID=55266) to work on /usr/local/python/3.12.1/lib/python3.12/site-packages/airflow/example_dags/example_nested_branch_dag.py
[2025-03-18T11:00:23.287+0000] {processor.py:914} INFO - Processing file /usr/local/python/3.12.1/lib/python3.12/site-packages/airflow/example_dags/example_nested_branch_dag.py for tasks to queue
[2025-03-18T11:00:23.288+0000] {logging_mixin.py:190} INFO - [2025-03-18T11:00:23.288+0000] {dagbag.py:588} INFO - Filling up the DagBag from /usr/local/python/3.12.1/lib/python3.12/site-packages/airflow/example_dags/example_nested_branch_dag.py
[2025-03-18T11:00:23.297+0000] {processor.py:925} INFO - DAG(s) 'example_nested_branch_dag' retrieved from /usr/local/python/3.12.1/lib/python3.12/site-packages/airflow/example_dags/example_nested_branch_dag.py
[2025-03-18T11:00:23.309+0000] {logging_mixin.py:190} INFO - [2025-03-18T11:00:23.309+0000] {dag.py:3239} INFO - Sync 1 DAGs
[2025-03-18T11:00:23.324+0000] {logging_mixin.py:190} INFO - [2025-03-18T11:00:23.324+0000] {dag.py:4180} INFO - Setting next_dagrun for example_nested_branch_dag to 2025-03-17 00:00:00+00:00, run_after=2025-03-18 00:00:00+00:00
[2025-03-18T11:00:23.339+0000] {processor.py:208} INFO - Processing /usr/local/python/3.12.1/lib/python3.12/site-packages/airflow/example_dags/example_nested_branch_dag.py took 0.056 seconds
[2025-03-18T11:01:14.866+0000] {processor.py:186} INFO - Started process (PID=57605) to work on /usr/local/python/3.12.1/lib/python3.12/site-packages/airflow/example_dags/example_nested_branch_dag.py
[2025-03-18T11:01:14.867+0000] {processor.py:914} INFO - Processing file /usr/local/python/3.12.1/lib/python3.12/site-packages/airflow/example_dags/example_nested_branch_dag.py for tasks to queue
[2025-03-18T11:01:14.869+0000] {logging_mixin.py:190} INFO - [2025-03-18T11:01:14.868+0000] {dagbag.py:588} INFO - Filling up the DagBag from /usr/local/python/3.12.1/lib/python3.12/site-packages/airflow/example_dags/example_nested_branch_dag.py
[2025-03-18T11:01:14.877+0000] {processor.py:925} INFO - DAG(s) 'example_nested_branch_dag' retrieved from /usr/local/python/3.12.1/lib/python3.12/site-packages/airflow/example_dags/example_nested_branch_dag.py
[2025-03-18T11:01:14.889+0000] {logging_mixin.py:190} INFO - [2025-03-18T11:01:14.889+0000] {dag.py:3239} INFO - Sync 1 DAGs
[2025-03-18T11:01:14.905+0000] {logging_mixin.py:190} INFO - [2025-03-18T11:01:14.904+0000] {dag.py:4180} INFO - Setting next_dagrun for example_nested_branch_dag to 2025-03-17 00:00:00+00:00, run_after=2025-03-18 00:00:00+00:00
[2025-03-18T11:01:14.919+0000] {processor.py:208} INFO - Processing /usr/local/python/3.12.1/lib/python3.12/site-packages/airflow/example_dags/example_nested_branch_dag.py took 0.057 seconds
[2025-03-18T11:02:05.121+0000] {processor.py:186} INFO - Started process (PID=58039) to work on /usr/local/python/3.12.1/lib/python3.12/site-packages/airflow/example_dags/example_nested_branch_dag.py
[2025-03-18T11:02:05.122+0000] {processor.py:914} INFO - Processing file /usr/local/python/3.12.1/lib/python3.12/site-packages/airflow/example_dags/example_nested_branch_dag.py for tasks to queue
[2025-03-18T11:02:05.123+0000] {logging_mixin.py:190} INFO - [2025-03-18T11:02:05.123+0000] {dagbag.py:588} INFO - Filling up the DagBag from /usr/local/python/3.12.1/lib/python3.12/site-packages/airflow/example_dags/example_nested_branch_dag.py
[2025-03-18T11:02:05.132+0000] {processor.py:925} INFO - DAG(s) 'example_nested_branch_dag' retrieved from /usr/local/python/3.12.1/lib/python3.12/site-packages/airflow/example_dags/example_nested_branch_dag.py
[2025-03-18T11:02:05.144+0000] {logging_mixin.py:190} INFO - [2025-03-18T11:02:05.144+0000] {dag.py:3239} INFO - Sync 1 DAGs
[2025-03-18T11:02:05.160+0000] {logging_mixin.py:190} INFO - [2025-03-18T11:02:05.160+0000] {dag.py:4180} INFO - Setting next_dagrun for example_nested_branch_dag to 2025-03-17 00:00:00+00:00, run_after=2025-03-18 00:00:00+00:00
[2025-03-18T11:02:05.174+0000] {processor.py:208} INFO - Processing /usr/local/python/3.12.1/lib/python3.12/site-packages/airflow/example_dags/example_nested_branch_dag.py took 0.057 seconds
[2025-03-18T11:02:55.921+0000] {processor.py:186} INFO - Started process (PID=58433) to work on /usr/local/python/3.12.1/lib/python3.12/site-packages/airflow/example_dags/example_nested_branch_dag.py
[2025-03-18T11:02:55.921+0000] {processor.py:914} INFO - Processing file /usr/local/python/3.12.1/lib/python3.12/site-packages/airflow/example_dags/example_nested_branch_dag.py for tasks to queue
[2025-03-18T11:02:55.923+0000] {logging_mixin.py:190} INFO - [2025-03-18T11:02:55.922+0000] {dagbag.py:588} INFO - Filling up the DagBag from /usr/local/python/3.12.1/lib/python3.12/site-packages/airflow/example_dags/example_nested_branch_dag.py
[2025-03-18T11:02:55.932+0000] {processor.py:925} INFO - DAG(s) 'example_nested_branch_dag' retrieved from /usr/local/python/3.12.1/lib/python3.12/site-packages/airflow/example_dags/example_nested_branch_dag.py
[2025-03-18T11:02:55.944+0000] {logging_mixin.py:190} INFO - [2025-03-18T11:02:55.943+0000] {dag.py:3239} INFO - Sync 1 DAGs
[2025-03-18T11:02:55.960+0000] {logging_mixin.py:190} INFO - [2025-03-18T11:02:55.959+0000] {dag.py:4180} INFO - Setting next_dagrun for example_nested_branch_dag to 2025-03-17 00:00:00+00:00, run_after=2025-03-18 00:00:00+00:00
[2025-03-18T11:02:55.975+0000] {processor.py:208} INFO - Processing /usr/local/python/3.12.1/lib/python3.12/site-packages/airflow/example_dags/example_nested_branch_dag.py took 0.058 seconds
[2025-03-18T11:04:06.045+0000] {processor.py:186} INFO - Started process (PID=59022) to work on /usr/local/python/3.12.1/lib/python3.12/site-packages/airflow/example_dags/example_nested_branch_dag.py
[2025-03-18T11:04:06.045+0000] {processor.py:914} INFO - Processing file /usr/local/python/3.12.1/lib/python3.12/site-packages/airflow/example_dags/example_nested_branch_dag.py for tasks to queue
[2025-03-18T11:04:06.047+0000] {logging_mixin.py:190} INFO - [2025-03-18T11:04:06.047+0000] {dagbag.py:588} INFO - Filling up the DagBag from /usr/local/python/3.12.1/lib/python3.12/site-packages/airflow/example_dags/example_nested_branch_dag.py
[2025-03-18T11:04:06.056+0000] {processor.py:925} INFO - DAG(s) 'example_nested_branch_dag' retrieved from /usr/local/python/3.12.1/lib/python3.12/site-packages/airflow/example_dags/example_nested_branch_dag.py
[2025-03-18T11:04:06.068+0000] {logging_mixin.py:190} INFO - [2025-03-18T11:04:06.068+0000] {dag.py:3239} INFO - Sync 1 DAGs
[2025-03-18T11:04:06.084+0000] {logging_mixin.py:190} INFO - [2025-03-18T11:04:06.084+0000] {dag.py:4180} INFO - Setting next_dagrun for example_nested_branch_dag to 2025-03-17 00:00:00+00:00, run_after=2025-03-18 00:00:00+00:00
[2025-03-18T11:04:06.098+0000] {processor.py:208} INFO - Processing /usr/local/python/3.12.1/lib/python3.12/site-packages/airflow/example_dags/example_nested_branch_dag.py took 0.057 seconds
[2025-03-18T11:04:54.579+0000] {processor.py:186} INFO - Started process (PID=59406) to work on /usr/local/python/3.12.1/lib/python3.12/site-packages/airflow/example_dags/example_nested_branch_dag.py
[2025-03-18T11:04:54.579+0000] {processor.py:914} INFO - Processing file /usr/local/python/3.12.1/lib/python3.12/site-packages/airflow/example_dags/example_nested_branch_dag.py for tasks to queue
[2025-03-18T11:04:54.581+0000] {logging_mixin.py:190} INFO - [2025-03-18T11:04:54.581+0000] {dagbag.py:588} INFO - Filling up the DagBag from /usr/local/python/3.12.1/lib/python3.12/site-packages/airflow/example_dags/example_nested_branch_dag.py
[2025-03-18T11:04:54.590+0000] {processor.py:925} INFO - DAG(s) 'example_nested_branch_dag' retrieved from /usr/local/python/3.12.1/lib/python3.12/site-packages/airflow/example_dags/example_nested_branch_dag.py
[2025-03-18T11:04:54.601+0000] {logging_mixin.py:190} INFO - [2025-03-18T11:04:54.601+0000] {dag.py:3239} INFO - Sync 1 DAGs
[2025-03-18T11:04:54.617+0000] {logging_mixin.py:190} INFO - [2025-03-18T11:04:54.617+0000] {dag.py:4180} INFO - Setting next_dagrun for example_nested_branch_dag to 2025-03-17 00:00:00+00:00, run_after=2025-03-18 00:00:00+00:00
[2025-03-18T11:04:54.631+0000] {processor.py:208} INFO - Processing /usr/local/python/3.12.1/lib/python3.12/site-packages/airflow/example_dags/example_nested_branch_dag.py took 0.057 seconds
[2025-03-18T11:05:44.239+0000] {processor.py:186} INFO - Started process (PID=59786) to work on /usr/local/python/3.12.1/lib/python3.12/site-packages/airflow/example_dags/example_nested_branch_dag.py
[2025-03-18T11:05:44.240+0000] {processor.py:914} INFO - Processing file /usr/local/python/3.12.1/lib/python3.12/site-packages/airflow/example_dags/example_nested_branch_dag.py for tasks to queue
[2025-03-18T11:05:44.242+0000] {logging_mixin.py:190} INFO - [2025-03-18T11:05:44.242+0000] {dagbag.py:588} INFO - Filling up the DagBag from /usr/local/python/3.12.1/lib/python3.12/site-packages/airflow/example_dags/example_nested_branch_dag.py
[2025-03-18T11:05:44.251+0000] {processor.py:925} INFO - DAG(s) 'example_nested_branch_dag' retrieved from /usr/local/python/3.12.1/lib/python3.12/site-packages/airflow/example_dags/example_nested_branch_dag.py
[2025-03-18T11:05:44.263+0000] {logging_mixin.py:190} INFO - [2025-03-18T11:05:44.263+0000] {dag.py:3239} INFO - Sync 1 DAGs
[2025-03-18T11:05:44.278+0000] {logging_mixin.py:190} INFO - [2025-03-18T11:05:44.278+0000] {dag.py:4180} INFO - Setting next_dagrun for example_nested_branch_dag to 2025-03-17 00:00:00+00:00, run_after=2025-03-18 00:00:00+00:00
[2025-03-18T11:05:44.293+0000] {processor.py:208} INFO - Processing /usr/local/python/3.12.1/lib/python3.12/site-packages/airflow/example_dags/example_nested_branch_dag.py took 0.058 seconds
[2025-03-18T11:06:33.347+0000] {processor.py:186} INFO - Started process (PID=60177) to work on /usr/local/python/3.12.1/lib/python3.12/site-packages/airflow/example_dags/example_nested_branch_dag.py
[2025-03-18T11:06:33.348+0000] {processor.py:914} INFO - Processing file /usr/local/python/3.12.1/lib/python3.12/site-packages/airflow/example_dags/example_nested_branch_dag.py for tasks to queue
[2025-03-18T11:06:33.350+0000] {logging_mixin.py:190} INFO - [2025-03-18T11:06:33.349+0000] {dagbag.py:588} INFO - Filling up the DagBag from /usr/local/python/3.12.1/lib/python3.12/site-packages/airflow/example_dags/example_nested_branch_dag.py
[2025-03-18T11:06:33.358+0000] {processor.py:925} INFO - DAG(s) 'example_nested_branch_dag' retrieved from /usr/local/python/3.12.1/lib/python3.12/site-packages/airflow/example_dags/example_nested_branch_dag.py
[2025-03-18T11:06:33.370+0000] {logging_mixin.py:190} INFO - [2025-03-18T11:06:33.370+0000] {dag.py:3239} INFO - Sync 1 DAGs
[2025-03-18T11:06:33.385+0000] {logging_mixin.py:190} INFO - [2025-03-18T11:06:33.385+0000] {dag.py:4180} INFO - Setting next_dagrun for example_nested_branch_dag to 2025-03-17 00:00:00+00:00, run_after=2025-03-18 00:00:00+00:00
[2025-03-18T11:06:33.400+0000] {processor.py:208} INFO - Processing /usr/local/python/3.12.1/lib/python3.12/site-packages/airflow/example_dags/example_nested_branch_dag.py took 0.057 seconds
[2025-03-18T11:07:24.692+0000] {processor.py:186} INFO - Started process (PID=60576) to work on /usr/local/python/3.12.1/lib/python3.12/site-packages/airflow/example_dags/example_nested_branch_dag.py
[2025-03-18T11:07:24.692+0000] {processor.py:914} INFO - Processing file /usr/local/python/3.12.1/lib/python3.12/site-packages/airflow/example_dags/example_nested_branch_dag.py for tasks to queue
[2025-03-18T11:07:24.694+0000] {logging_mixin.py:190} INFO - [2025-03-18T11:07:24.694+0000] {dagbag.py:588} INFO - Filling up the DagBag from /usr/local/python/3.12.1/lib/python3.12/site-packages/airflow/example_dags/example_nested_branch_dag.py
[2025-03-18T11:07:24.703+0000] {processor.py:925} INFO - DAG(s) 'example_nested_branch_dag' retrieved from /usr/local/python/3.12.1/lib/python3.12/site-packages/airflow/example_dags/example_nested_branch_dag.py
[2025-03-18T11:07:24.715+0000] {logging_mixin.py:190} INFO - [2025-03-18T11:07:24.715+0000] {dag.py:3239} INFO - Sync 1 DAGs
[2025-03-18T11:07:24.732+0000] {logging_mixin.py:190} INFO - [2025-03-18T11:07:24.732+0000] {dag.py:4180} INFO - Setting next_dagrun for example_nested_branch_dag to 2025-03-17 00:00:00+00:00, run_after=2025-03-18 00:00:00+00:00
[2025-03-18T11:07:24.746+0000] {processor.py:208} INFO - Processing /usr/local/python/3.12.1/lib/python3.12/site-packages/airflow/example_dags/example_nested_branch_dag.py took 0.058 seconds
[2025-03-18T11:08:16.093+0000] {processor.py:186} INFO - Started process (PID=61017) to work on /usr/local/python/3.12.1/lib/python3.12/site-packages/airflow/example_dags/example_nested_branch_dag.py
[2025-03-18T11:08:16.093+0000] {processor.py:914} INFO - Processing file /usr/local/python/3.12.1/lib/python3.12/site-packages/airflow/example_dags/example_nested_branch_dag.py for tasks to queue
[2025-03-18T11:08:16.095+0000] {logging_mixin.py:190} INFO - [2025-03-18T11:08:16.095+0000] {dagbag.py:588} INFO - Filling up the DagBag from /usr/local/python/3.12.1/lib/python3.12/site-packages/airflow/example_dags/example_nested_branch_dag.py
[2025-03-18T11:08:16.104+0000] {processor.py:925} INFO - DAG(s) 'example_nested_branch_dag' retrieved from /usr/local/python/3.12.1/lib/python3.12/site-packages/airflow/example_dags/example_nested_branch_dag.py
[2025-03-18T11:08:16.116+0000] {logging_mixin.py:190} INFO - [2025-03-18T11:08:16.116+0000] {dag.py:3239} INFO - Sync 1 DAGs
[2025-03-18T11:08:16.131+0000] {logging_mixin.py:190} INFO - [2025-03-18T11:08:16.131+0000] {dag.py:4180} INFO - Setting next_dagrun for example_nested_branch_dag to 2025-03-17 00:00:00+00:00, run_after=2025-03-18 00:00:00+00:00
[2025-03-18T11:08:16.146+0000] {processor.py:208} INFO - Processing /usr/local/python/3.12.1/lib/python3.12/site-packages/airflow/example_dags/example_nested_branch_dag.py took 0.057 seconds
[2025-03-18T11:09:05.782+0000] {processor.py:186} INFO - Started process (PID=61442) to work on /usr/local/python/3.12.1/lib/python3.12/site-packages/airflow/example_dags/example_nested_branch_dag.py
[2025-03-18T11:09:05.782+0000] {processor.py:914} INFO - Processing file /usr/local/python/3.12.1/lib/python3.12/site-packages/airflow/example_dags/example_nested_branch_dag.py for tasks to queue
[2025-03-18T11:09:05.784+0000] {logging_mixin.py:190} INFO - [2025-03-18T11:09:05.784+0000] {dagbag.py:588} INFO - Filling up the DagBag from /usr/local/python/3.12.1/lib/python3.12/site-packages/airflow/example_dags/example_nested_branch_dag.py
[2025-03-18T11:09:05.793+0000] {processor.py:925} INFO - DAG(s) 'example_nested_branch_dag' retrieved from /usr/local/python/3.12.1/lib/python3.12/site-packages/airflow/example_dags/example_nested_branch_dag.py
[2025-03-18T11:09:05.805+0000] {logging_mixin.py:190} INFO - [2025-03-18T11:09:05.805+0000] {dag.py:3239} INFO - Sync 1 DAGs
[2025-03-18T11:09:05.820+0000] {logging_mixin.py:190} INFO - [2025-03-18T11:09:05.820+0000] {dag.py:4180} INFO - Setting next_dagrun for example_nested_branch_dag to 2025-03-17 00:00:00+00:00, run_after=2025-03-18 00:00:00+00:00
[2025-03-18T11:09:05.834+0000] {processor.py:208} INFO - Processing /usr/local/python/3.12.1/lib/python3.12/site-packages/airflow/example_dags/example_nested_branch_dag.py took 0.057 seconds
[2025-03-18T11:09:59.809+0000] {processor.py:186} INFO - Started process (PID=61904) to work on /usr/local/python/3.12.1/lib/python3.12/site-packages/airflow/example_dags/example_nested_branch_dag.py
[2025-03-18T11:09:59.810+0000] {processor.py:914} INFO - Processing file /usr/local/python/3.12.1/lib/python3.12/site-packages/airflow/example_dags/example_nested_branch_dag.py for tasks to queue
[2025-03-18T11:09:59.811+0000] {logging_mixin.py:190} INFO - [2025-03-18T11:09:59.811+0000] {dagbag.py:588} INFO - Filling up the DagBag from /usr/local/python/3.12.1/lib/python3.12/site-packages/airflow/example_dags/example_nested_branch_dag.py
[2025-03-18T11:09:59.820+0000] {processor.py:925} INFO - DAG(s) 'example_nested_branch_dag' retrieved from /usr/local/python/3.12.1/lib/python3.12/site-packages/airflow/example_dags/example_nested_branch_dag.py
[2025-03-18T11:09:59.832+0000] {logging_mixin.py:190} INFO - [2025-03-18T11:09:59.832+0000] {dag.py:3239} INFO - Sync 1 DAGs
[2025-03-18T11:09:59.848+0000] {logging_mixin.py:190} INFO - [2025-03-18T11:09:59.848+0000] {dag.py:4180} INFO - Setting next_dagrun for example_nested_branch_dag to 2025-03-17 00:00:00+00:00, run_after=2025-03-18 00:00:00+00:00
[2025-03-18T11:09:59.862+0000] {processor.py:208} INFO - Processing /usr/local/python/3.12.1/lib/python3.12/site-packages/airflow/example_dags/example_nested_branch_dag.py took 0.056 seconds
[2025-03-18T11:10:51.160+0000] {processor.py:186} INFO - Started process (PID=62346) to work on /usr/local/python/3.12.1/lib/python3.12/site-packages/airflow/example_dags/example_nested_branch_dag.py
[2025-03-18T11:10:51.161+0000] {processor.py:914} INFO - Processing file /usr/local/python/3.12.1/lib/python3.12/site-packages/airflow/example_dags/example_nested_branch_dag.py for tasks to queue
[2025-03-18T11:10:51.163+0000] {logging_mixin.py:190} INFO - [2025-03-18T11:10:51.162+0000] {dagbag.py:588} INFO - Filling up the DagBag from /usr/local/python/3.12.1/lib/python3.12/site-packages/airflow/example_dags/example_nested_branch_dag.py
[2025-03-18T11:10:51.172+0000] {processor.py:925} INFO - DAG(s) 'example_nested_branch_dag' retrieved from /usr/local/python/3.12.1/lib/python3.12/site-packages/airflow/example_dags/example_nested_branch_dag.py
[2025-03-18T11:10:51.183+0000] {logging_mixin.py:190} INFO - [2025-03-18T11:10:51.183+0000] {dag.py:3239} INFO - Sync 1 DAGs
[2025-03-18T11:10:51.199+0000] {logging_mixin.py:190} INFO - [2025-03-18T11:10:51.198+0000] {dag.py:4180} INFO - Setting next_dagrun for example_nested_branch_dag to 2025-03-17 00:00:00+00:00, run_after=2025-03-18 00:00:00+00:00
[2025-03-18T11:10:51.213+0000] {processor.py:208} INFO - Processing /usr/local/python/3.12.1/lib/python3.12/site-packages/airflow/example_dags/example_nested_branch_dag.py took 0.057 seconds
[2025-03-18T11:11:39.762+0000] {processor.py:186} INFO - Started process (PID=62797) to work on /usr/local/python/3.12.1/lib/python3.12/site-packages/airflow/example_dags/example_nested_branch_dag.py
[2025-03-18T11:11:39.762+0000] {processor.py:914} INFO - Processing file /usr/local/python/3.12.1/lib/python3.12/site-packages/airflow/example_dags/example_nested_branch_dag.py for tasks to queue
[2025-03-18T11:11:39.764+0000] {logging_mixin.py:190} INFO - [2025-03-18T11:11:39.764+0000] {dagbag.py:588} INFO - Filling up the DagBag from /usr/local/python/3.12.1/lib/python3.12/site-packages/airflow/example_dags/example_nested_branch_dag.py
[2025-03-18T11:11:39.773+0000] {processor.py:925} INFO - DAG(s) 'example_nested_branch_dag' retrieved from /usr/local/python/3.12.1/lib/python3.12/site-packages/airflow/example_dags/example_nested_branch_dag.py
[2025-03-18T11:11:39.785+0000] {logging_mixin.py:190} INFO - [2025-03-18T11:11:39.785+0000] {dag.py:3239} INFO - Sync 1 DAGs
[2025-03-18T11:11:39.800+0000] {logging_mixin.py:190} INFO - [2025-03-18T11:11:39.800+0000] {dag.py:4180} INFO - Setting next_dagrun for example_nested_branch_dag to 2025-03-17 00:00:00+00:00, run_after=2025-03-18 00:00:00+00:00
[2025-03-18T11:11:39.814+0000] {processor.py:208} INFO - Processing /usr/local/python/3.12.1/lib/python3.12/site-packages/airflow/example_dags/example_nested_branch_dag.py took 0.057 seconds
[2025-03-18T11:50:50.134+0000] {processor.py:186} INFO - Started process (PID=83098) to work on /usr/local/python/3.12.1/lib/python3.12/site-packages/airflow/example_dags/example_nested_branch_dag.py
[2025-03-18T11:50:50.134+0000] {processor.py:914} INFO - Processing file /usr/local/python/3.12.1/lib/python3.12/site-packages/airflow/example_dags/example_nested_branch_dag.py for tasks to queue
[2025-03-18T11:50:50.136+0000] {logging_mixin.py:190} INFO - [2025-03-18T11:50:50.136+0000] {dagbag.py:588} INFO - Filling up the DagBag from /usr/local/python/3.12.1/lib/python3.12/site-packages/airflow/example_dags/example_nested_branch_dag.py
[2025-03-18T11:50:50.146+0000] {processor.py:925} INFO - DAG(s) 'example_nested_branch_dag' retrieved from /usr/local/python/3.12.1/lib/python3.12/site-packages/airflow/example_dags/example_nested_branch_dag.py
[2025-03-18T11:50:50.160+0000] {logging_mixin.py:190} INFO - [2025-03-18T11:50:50.160+0000] {dag.py:3239} INFO - Sync 1 DAGs
[2025-03-18T11:50:50.176+0000] {logging_mixin.py:190} INFO - [2025-03-18T11:50:50.176+0000] {dag.py:4180} INFO - Setting next_dagrun for example_nested_branch_dag to 2025-03-17 00:00:00+00:00, run_after=2025-03-18 00:00:00+00:00
[2025-03-18T11:50:50.192+0000] {processor.py:208} INFO - Processing /usr/local/python/3.12.1/lib/python3.12/site-packages/airflow/example_dags/example_nested_branch_dag.py took 0.062 seconds
