[2025-03-18T10:52:16.095+0000] {processor.py:186} INFO - Started process (PID=49687) to work on /usr/local/python/3.12.1/lib/python3.12/site-packages/airflow/example_dags/example_bash_decorator.py
[2025-03-18T10:52:16.095+0000] {processor.py:914} INFO - Processing file /usr/local/python/3.12.1/lib/python3.12/site-packages/airflow/example_dags/example_bash_decorator.py for tasks to queue
[2025-03-18T10:52:16.097+0000] {logging_mixin.py:190} INFO - [2025-03-18T10:52:16.096+0000] {dagbag.py:588} INFO - Filling up the DagBag from /usr/local/python/3.12.1/lib/python3.12/site-packages/airflow/example_dags/example_bash_decorator.py
[2025-03-18T10:52:16.108+0000] {processor.py:925} INFO - DAG(s) 'example_bash_decorator' retrieved from /usr/local/python/3.12.1/lib/python3.12/site-packages/airflow/example_dags/example_bash_decorator.py
[2025-03-18T10:52:16.192+0000] {logging_mixin.py:190} INFO - [2025-03-18T10:52:16.192+0000] {override.py:1930} INFO - Created Permission View: can read on DAG:example_bash_decorator
[2025-03-18T10:52:16.200+0000] {logging_mixin.py:190} INFO - [2025-03-18T10:52:16.200+0000] {override.py:1930} INFO - Created Permission View: can edit on DAG:example_bash_decorator
[2025-03-18T10:52:16.206+0000] {logging_mixin.py:190} INFO - [2025-03-18T10:52:16.206+0000] {override.py:1930} INFO - Created Permission View: can delete on DAG:example_bash_decorator
[2025-03-18T10:52:16.214+0000] {logging_mixin.py:190} INFO - [2025-03-18T10:52:16.214+0000] {override.py:1930} INFO - Created Permission View: can read on DAG Run:example_bash_decorator
[2025-03-18T10:52:16.219+0000] {logging_mixin.py:190} INFO - [2025-03-18T10:52:16.219+0000] {override.py:1930} INFO - Created Permission View: can create on DAG Run:example_bash_decorator
[2025-03-18T10:52:16.225+0000] {logging_mixin.py:190} INFO - [2025-03-18T10:52:16.225+0000] {override.py:1930} INFO - Created Permission View: menu access on DAG Run:example_bash_decorator
[2025-03-18T10:52:16.231+0000] {logging_mixin.py:190} INFO - [2025-03-18T10:52:16.230+0000] {override.py:1930} INFO - Created Permission View: can delete on DAG Run:example_bash_decorator
[2025-03-18T10:52:16.231+0000] {logging_mixin.py:190} INFO - [2025-03-18T10:52:16.231+0000] {dag.py:3239} INFO - Sync 1 DAGs
[2025-03-18T10:52:16.239+0000] {logging_mixin.py:190} INFO - [2025-03-18T10:52:16.239+0000] {dag.py:3262} INFO - Creating ORM DAG for example_bash_decorator
[2025-03-18T10:52:16.240+0000] {logging_mixin.py:190} INFO - [2025-03-18T10:52:16.240+0000] {dag.py:4180} INFO - Setting next_dagrun for example_bash_decorator to None, run_after=None
[2025-03-18T10:52:16.253+0000] {processor.py:208} INFO - Processing /usr/local/python/3.12.1/lib/python3.12/site-packages/airflow/example_dags/example_bash_decorator.py took 0.163 seconds
[2025-03-18T10:53:52.734+0000] {processor.py:186} INFO - Started process (PID=50942) to work on /usr/local/python/3.12.1/lib/python3.12/site-packages/airflow/example_dags/example_bash_decorator.py
[2025-03-18T10:53:52.734+0000] {processor.py:914} INFO - Processing file /usr/local/python/3.12.1/lib/python3.12/site-packages/airflow/example_dags/example_bash_decorator.py for tasks to queue
[2025-03-18T10:53:52.736+0000] {logging_mixin.py:190} INFO - [2025-03-18T10:53:52.736+0000] {dagbag.py:588} INFO - Filling up the DagBag from /usr/local/python/3.12.1/lib/python3.12/site-packages/airflow/example_dags/example_bash_decorator.py
[2025-03-18T10:53:52.747+0000] {processor.py:925} INFO - DAG(s) 'example_bash_decorator' retrieved from /usr/local/python/3.12.1/lib/python3.12/site-packages/airflow/example_dags/example_bash_decorator.py
[2025-03-18T10:53:52.828+0000] {logging_mixin.py:190} INFO - [2025-03-18T10:53:52.827+0000] {dag.py:3239} INFO - Sync 1 DAGs
[2025-03-18T10:53:52.835+0000] {logging_mixin.py:190} INFO - [2025-03-18T10:53:52.835+0000] {dag.py:4180} INFO - Setting next_dagrun for example_bash_decorator to None, run_after=None
[2025-03-18T10:53:52.849+0000] {processor.py:208} INFO - Processing /usr/local/python/3.12.1/lib/python3.12/site-packages/airflow/example_dags/example_bash_decorator.py took 0.119 seconds
[2025-03-18T10:54:48.202+0000] {processor.py:186} INFO - Started process (PID=51423) to work on /usr/local/python/3.12.1/lib/python3.12/site-packages/airflow/example_dags/example_bash_decorator.py
[2025-03-18T10:54:48.202+0000] {processor.py:914} INFO - Processing file /usr/local/python/3.12.1/lib/python3.12/site-packages/airflow/example_dags/example_bash_decorator.py for tasks to queue
[2025-03-18T10:54:48.204+0000] {logging_mixin.py:190} INFO - [2025-03-18T10:54:48.204+0000] {dagbag.py:588} INFO - Filling up the DagBag from /usr/local/python/3.12.1/lib/python3.12/site-packages/airflow/example_dags/example_bash_decorator.py
[2025-03-18T10:54:48.215+0000] {processor.py:925} INFO - DAG(s) 'example_bash_decorator' retrieved from /usr/local/python/3.12.1/lib/python3.12/site-packages/airflow/example_dags/example_bash_decorator.py
[2025-03-18T10:54:48.228+0000] {logging_mixin.py:190} INFO - [2025-03-18T10:54:48.228+0000] {dag.py:3239} INFO - Sync 1 DAGs
[2025-03-18T10:54:48.238+0000] {logging_mixin.py:190} INFO - [2025-03-18T10:54:48.237+0000] {dag.py:4180} INFO - Setting next_dagrun for example_bash_decorator to None, run_after=None
[2025-03-18T10:54:48.252+0000] {processor.py:208} INFO - Processing /usr/local/python/3.12.1/lib/python3.12/site-packages/airflow/example_dags/example_bash_decorator.py took 0.054 seconds
[2025-03-18T10:56:00.410+0000] {processor.py:186} INFO - Started process (PID=52268) to work on /usr/local/python/3.12.1/lib/python3.12/site-packages/airflow/example_dags/example_bash_decorator.py
[2025-03-18T10:56:00.411+0000] {processor.py:914} INFO - Processing file /usr/local/python/3.12.1/lib/python3.12/site-packages/airflow/example_dags/example_bash_decorator.py for tasks to queue
[2025-03-18T10:56:00.412+0000] {logging_mixin.py:190} INFO - [2025-03-18T10:56:00.412+0000] {dagbag.py:588} INFO - Filling up the DagBag from /usr/local/python/3.12.1/lib/python3.12/site-packages/airflow/example_dags/example_bash_decorator.py
[2025-03-18T10:56:00.424+0000] {processor.py:925} INFO - DAG(s) 'example_bash_decorator' retrieved from /usr/local/python/3.12.1/lib/python3.12/site-packages/airflow/example_dags/example_bash_decorator.py
[2025-03-18T10:56:00.437+0000] {logging_mixin.py:190} INFO - [2025-03-18T10:56:00.437+0000] {dag.py:3239} INFO - Sync 1 DAGs
[2025-03-18T10:56:00.446+0000] {logging_mixin.py:190} INFO - [2025-03-18T10:56:00.446+0000] {dag.py:4180} INFO - Setting next_dagrun for example_bash_decorator to None, run_after=None
[2025-03-18T10:56:00.460+0000] {processor.py:208} INFO - Processing /usr/local/python/3.12.1/lib/python3.12/site-packages/airflow/example_dags/example_bash_decorator.py took 0.054 seconds
[2025-03-18T10:57:15.339+0000] {processor.py:186} INFO - Started process (PID=53112) to work on /usr/local/python/3.12.1/lib/python3.12/site-packages/airflow/example_dags/example_bash_decorator.py
[2025-03-18T10:57:15.339+0000] {processor.py:914} INFO - Processing file /usr/local/python/3.12.1/lib/python3.12/site-packages/airflow/example_dags/example_bash_decorator.py for tasks to queue
[2025-03-18T10:57:15.341+0000] {logging_mixin.py:190} INFO - [2025-03-18T10:57:15.340+0000] {dagbag.py:588} INFO - Filling up the DagBag from /usr/local/python/3.12.1/lib/python3.12/site-packages/airflow/example_dags/example_bash_decorator.py
[2025-03-18T10:57:15.352+0000] {processor.py:925} INFO - DAG(s) 'example_bash_decorator' retrieved from /usr/local/python/3.12.1/lib/python3.12/site-packages/airflow/example_dags/example_bash_decorator.py
[2025-03-18T10:57:15.366+0000] {logging_mixin.py:190} INFO - [2025-03-18T10:57:15.365+0000] {dag.py:3239} INFO - Sync 1 DAGs
[2025-03-18T10:57:15.375+0000] {logging_mixin.py:190} INFO - [2025-03-18T10:57:15.375+0000] {dag.py:4180} INFO - Setting next_dagrun for example_bash_decorator to None, run_after=None
[2025-03-18T10:57:15.392+0000] {processor.py:208} INFO - Processing /usr/local/python/3.12.1/lib/python3.12/site-packages/airflow/example_dags/example_bash_decorator.py took 0.057 seconds
[2025-03-18T10:58:29.069+0000] {processor.py:186} INFO - Started process (PID=53890) to work on /usr/local/python/3.12.1/lib/python3.12/site-packages/airflow/example_dags/example_bash_decorator.py
[2025-03-18T10:58:29.070+0000] {processor.py:914} INFO - Processing file /usr/local/python/3.12.1/lib/python3.12/site-packages/airflow/example_dags/example_bash_decorator.py for tasks to queue
[2025-03-18T10:58:29.071+0000] {logging_mixin.py:190} INFO - [2025-03-18T10:58:29.071+0000] {dagbag.py:588} INFO - Filling up the DagBag from /usr/local/python/3.12.1/lib/python3.12/site-packages/airflow/example_dags/example_bash_decorator.py
[2025-03-18T10:58:29.082+0000] {processor.py:925} INFO - DAG(s) 'example_bash_decorator' retrieved from /usr/local/python/3.12.1/lib/python3.12/site-packages/airflow/example_dags/example_bash_decorator.py
[2025-03-18T10:58:29.095+0000] {logging_mixin.py:190} INFO - [2025-03-18T10:58:29.095+0000] {dag.py:3239} INFO - Sync 1 DAGs
[2025-03-18T10:58:29.105+0000] {logging_mixin.py:190} INFO - [2025-03-18T10:58:29.105+0000] {dag.py:4180} INFO - Setting next_dagrun for example_bash_decorator to None, run_after=None
[2025-03-18T10:58:29.119+0000] {processor.py:208} INFO - Processing /usr/local/python/3.12.1/lib/python3.12/site-packages/airflow/example_dags/example_bash_decorator.py took 0.053 seconds
[2025-03-18T10:59:40.527+0000] {processor.py:186} INFO - Started process (PID=54788) to work on /usr/local/python/3.12.1/lib/python3.12/site-packages/airflow/example_dags/example_bash_decorator.py
[2025-03-18T10:59:40.527+0000] {processor.py:914} INFO - Processing file /usr/local/python/3.12.1/lib/python3.12/site-packages/airflow/example_dags/example_bash_decorator.py for tasks to queue
[2025-03-18T10:59:40.529+0000] {logging_mixin.py:190} INFO - [2025-03-18T10:59:40.528+0000] {dagbag.py:588} INFO - Filling up the DagBag from /usr/local/python/3.12.1/lib/python3.12/site-packages/airflow/example_dags/example_bash_decorator.py
[2025-03-18T10:59:40.540+0000] {processor.py:925} INFO - DAG(s) 'example_bash_decorator' retrieved from /usr/local/python/3.12.1/lib/python3.12/site-packages/airflow/example_dags/example_bash_decorator.py
[2025-03-18T10:59:40.554+0000] {logging_mixin.py:190} INFO - [2025-03-18T10:59:40.553+0000] {dag.py:3239} INFO - Sync 1 DAGs
[2025-03-18T10:59:40.563+0000] {logging_mixin.py:190} INFO - [2025-03-18T10:59:40.562+0000] {dag.py:4180} INFO - Setting next_dagrun for example_bash_decorator to None, run_after=None
[2025-03-18T10:59:40.576+0000] {processor.py:208} INFO - Processing /usr/local/python/3.12.1/lib/python3.12/site-packages/airflow/example_dags/example_bash_decorator.py took 0.054 seconds
[2025-03-18T11:00:55.448+0000] {processor.py:186} INFO - Started process (PID=56904) to work on /usr/local/python/3.12.1/lib/python3.12/site-packages/airflow/example_dags/example_bash_decorator.py
[2025-03-18T11:00:55.448+0000] {processor.py:914} INFO - Processing file /usr/local/python/3.12.1/lib/python3.12/site-packages/airflow/example_dags/example_bash_decorator.py for tasks to queue
[2025-03-18T11:00:55.450+0000] {logging_mixin.py:190} INFO - [2025-03-18T11:00:55.450+0000] {dagbag.py:588} INFO - Filling up the DagBag from /usr/local/python/3.12.1/lib/python3.12/site-packages/airflow/example_dags/example_bash_decorator.py
[2025-03-18T11:00:55.470+0000] {processor.py:925} INFO - DAG(s) 'example_bash_decorator' retrieved from /usr/local/python/3.12.1/lib/python3.12/site-packages/airflow/example_dags/example_bash_decorator.py
[2025-03-18T11:00:55.491+0000] {logging_mixin.py:190} INFO - [2025-03-18T11:00:55.491+0000] {dag.py:3239} INFO - Sync 1 DAGs
[2025-03-18T11:00:55.511+0000] {logging_mixin.py:190} INFO - [2025-03-18T11:00:55.511+0000] {dag.py:4180} INFO - Setting next_dagrun for example_bash_decorator to None, run_after=None
[2025-03-18T11:00:55.537+0000] {processor.py:208} INFO - Processing /usr/local/python/3.12.1/lib/python3.12/site-packages/airflow/example_dags/example_bash_decorator.py took 0.095 seconds
[2025-03-18T11:02:12.534+0000] {processor.py:186} INFO - Started process (PID=58097) to work on /usr/local/python/3.12.1/lib/python3.12/site-packages/airflow/example_dags/example_bash_decorator.py
[2025-03-18T11:02:12.535+0000] {processor.py:914} INFO - Processing file /usr/local/python/3.12.1/lib/python3.12/site-packages/airflow/example_dags/example_bash_decorator.py for tasks to queue
[2025-03-18T11:02:12.537+0000] {logging_mixin.py:190} INFO - [2025-03-18T11:02:12.536+0000] {dagbag.py:588} INFO - Filling up the DagBag from /usr/local/python/3.12.1/lib/python3.12/site-packages/airflow/example_dags/example_bash_decorator.py
[2025-03-18T11:02:12.548+0000] {processor.py:925} INFO - DAG(s) 'example_bash_decorator' retrieved from /usr/local/python/3.12.1/lib/python3.12/site-packages/airflow/example_dags/example_bash_decorator.py
[2025-03-18T11:02:12.561+0000] {logging_mixin.py:190} INFO - [2025-03-18T11:02:12.561+0000] {dag.py:3239} INFO - Sync 1 DAGs
[2025-03-18T11:02:12.570+0000] {logging_mixin.py:190} INFO - [2025-03-18T11:02:12.570+0000] {dag.py:4180} INFO - Setting next_dagrun for example_bash_decorator to None, run_after=None
[2025-03-18T11:02:12.584+0000] {processor.py:208} INFO - Processing /usr/local/python/3.12.1/lib/python3.12/site-packages/airflow/example_dags/example_bash_decorator.py took 0.054 seconds
[2025-03-18T11:03:23.361+0000] {processor.py:186} INFO - Started process (PID=58688) to work on /usr/local/python/3.12.1/lib/python3.12/site-packages/airflow/example_dags/example_bash_decorator.py
[2025-03-18T11:03:23.362+0000] {processor.py:914} INFO - Processing file /usr/local/python/3.12.1/lib/python3.12/site-packages/airflow/example_dags/example_bash_decorator.py for tasks to queue
[2025-03-18T11:03:23.363+0000] {logging_mixin.py:190} INFO - [2025-03-18T11:03:23.363+0000] {dagbag.py:588} INFO - Filling up the DagBag from /usr/local/python/3.12.1/lib/python3.12/site-packages/airflow/example_dags/example_bash_decorator.py
[2025-03-18T11:03:23.375+0000] {processor.py:925} INFO - DAG(s) 'example_bash_decorator' retrieved from /usr/local/python/3.12.1/lib/python3.12/site-packages/airflow/example_dags/example_bash_decorator.py
[2025-03-18T11:03:23.388+0000] {logging_mixin.py:190} INFO - [2025-03-18T11:03:23.388+0000] {dag.py:3239} INFO - Sync 1 DAGs
[2025-03-18T11:03:23.397+0000] {logging_mixin.py:190} INFO - [2025-03-18T11:03:23.397+0000] {dag.py:4180} INFO - Setting next_dagrun for example_bash_decorator to None, run_after=None
[2025-03-18T11:03:23.412+0000] {processor.py:208} INFO - Processing /usr/local/python/3.12.1/lib/python3.12/site-packages/airflow/example_dags/example_bash_decorator.py took 0.054 seconds
[2025-03-18T11:04:36.288+0000] {processor.py:186} INFO - Started process (PID=59259) to work on /usr/local/python/3.12.1/lib/python3.12/site-packages/airflow/example_dags/example_bash_decorator.py
[2025-03-18T11:04:36.288+0000] {processor.py:914} INFO - Processing file /usr/local/python/3.12.1/lib/python3.12/site-packages/airflow/example_dags/example_bash_decorator.py for tasks to queue
[2025-03-18T11:04:36.290+0000] {logging_mixin.py:190} INFO - [2025-03-18T11:04:36.289+0000] {dagbag.py:588} INFO - Filling up the DagBag from /usr/local/python/3.12.1/lib/python3.12/site-packages/airflow/example_dags/example_bash_decorator.py
[2025-03-18T11:04:36.301+0000] {processor.py:925} INFO - DAG(s) 'example_bash_decorator' retrieved from /usr/local/python/3.12.1/lib/python3.12/site-packages/airflow/example_dags/example_bash_decorator.py
[2025-03-18T11:04:36.315+0000] {logging_mixin.py:190} INFO - [2025-03-18T11:04:36.314+0000] {dag.py:3239} INFO - Sync 1 DAGs
[2025-03-18T11:04:36.324+0000] {logging_mixin.py:190} INFO - [2025-03-18T11:04:36.323+0000] {dag.py:4180} INFO - Setting next_dagrun for example_bash_decorator to None, run_after=None
[2025-03-18T11:04:36.337+0000] {processor.py:208} INFO - Processing /usr/local/python/3.12.1/lib/python3.12/site-packages/airflow/example_dags/example_bash_decorator.py took 0.054 seconds
[2025-03-18T11:05:49.956+0000] {processor.py:186} INFO - Started process (PID=59840) to work on /usr/local/python/3.12.1/lib/python3.12/site-packages/airflow/example_dags/example_bash_decorator.py
[2025-03-18T11:05:49.957+0000] {processor.py:914} INFO - Processing file /usr/local/python/3.12.1/lib/python3.12/site-packages/airflow/example_dags/example_bash_decorator.py for tasks to queue
[2025-03-18T11:05:49.958+0000] {logging_mixin.py:190} INFO - [2025-03-18T11:05:49.958+0000] {dagbag.py:588} INFO - Filling up the DagBag from /usr/local/python/3.12.1/lib/python3.12/site-packages/airflow/example_dags/example_bash_decorator.py
[2025-03-18T11:05:49.970+0000] {processor.py:925} INFO - DAG(s) 'example_bash_decorator' retrieved from /usr/local/python/3.12.1/lib/python3.12/site-packages/airflow/example_dags/example_bash_decorator.py
[2025-03-18T11:05:49.983+0000] {logging_mixin.py:190} INFO - [2025-03-18T11:05:49.983+0000] {dag.py:3239} INFO - Sync 1 DAGs
[2025-03-18T11:05:49.992+0000] {logging_mixin.py:190} INFO - [2025-03-18T11:05:49.992+0000] {dag.py:4180} INFO - Setting next_dagrun for example_bash_decorator to None, run_after=None
[2025-03-18T11:05:50.006+0000] {processor.py:208} INFO - Processing /usr/local/python/3.12.1/lib/python3.12/site-packages/airflow/example_dags/example_bash_decorator.py took 0.054 seconds
[2025-03-18T11:07:05.303+0000] {processor.py:186} INFO - Started process (PID=60428) to work on /usr/local/python/3.12.1/lib/python3.12/site-packages/airflow/example_dags/example_bash_decorator.py
[2025-03-18T11:07:05.304+0000] {processor.py:914} INFO - Processing file /usr/local/python/3.12.1/lib/python3.12/site-packages/airflow/example_dags/example_bash_decorator.py for tasks to queue
[2025-03-18T11:07:05.306+0000] {logging_mixin.py:190} INFO - [2025-03-18T11:07:05.305+0000] {dagbag.py:588} INFO - Filling up the DagBag from /usr/local/python/3.12.1/lib/python3.12/site-packages/airflow/example_dags/example_bash_decorator.py
[2025-03-18T11:07:05.317+0000] {processor.py:925} INFO - DAG(s) 'example_bash_decorator' retrieved from /usr/local/python/3.12.1/lib/python3.12/site-packages/airflow/example_dags/example_bash_decorator.py
[2025-03-18T11:07:05.331+0000] {logging_mixin.py:190} INFO - [2025-03-18T11:07:05.330+0000] {dag.py:3239} INFO - Sync 1 DAGs
[2025-03-18T11:07:05.340+0000] {logging_mixin.py:190} INFO - [2025-03-18T11:07:05.340+0000] {dag.py:4180} INFO - Setting next_dagrun for example_bash_decorator to None, run_after=None
[2025-03-18T11:07:05.354+0000] {processor.py:208} INFO - Processing /usr/local/python/3.12.1/lib/python3.12/site-packages/airflow/example_dags/example_bash_decorator.py took 0.055 seconds
[2025-03-18T11:08:21.233+0000] {processor.py:186} INFO - Started process (PID=61063) to work on /usr/local/python/3.12.1/lib/python3.12/site-packages/airflow/example_dags/example_bash_decorator.py
[2025-03-18T11:08:21.233+0000] {processor.py:914} INFO - Processing file /usr/local/python/3.12.1/lib/python3.12/site-packages/airflow/example_dags/example_bash_decorator.py for tasks to queue
[2025-03-18T11:08:21.235+0000] {logging_mixin.py:190} INFO - [2025-03-18T11:08:21.235+0000] {dagbag.py:588} INFO - Filling up the DagBag from /usr/local/python/3.12.1/lib/python3.12/site-packages/airflow/example_dags/example_bash_decorator.py
[2025-03-18T11:08:21.246+0000] {processor.py:925} INFO - DAG(s) 'example_bash_decorator' retrieved from /usr/local/python/3.12.1/lib/python3.12/site-packages/airflow/example_dags/example_bash_decorator.py
[2025-03-18T11:08:21.259+0000] {logging_mixin.py:190} INFO - [2025-03-18T11:08:21.259+0000] {dag.py:3239} INFO - Sync 1 DAGs
[2025-03-18T11:08:21.268+0000] {logging_mixin.py:190} INFO - [2025-03-18T11:08:21.268+0000] {dag.py:4180} INFO - Setting next_dagrun for example_bash_decorator to None, run_after=None
[2025-03-18T11:08:21.281+0000] {processor.py:208} INFO - Processing /usr/local/python/3.12.1/lib/python3.12/site-packages/airflow/example_dags/example_bash_decorator.py took 0.053 seconds
[2025-03-18T11:09:39.840+0000] {processor.py:186} INFO - Started process (PID=61734) to work on /usr/local/python/3.12.1/lib/python3.12/site-packages/airflow/example_dags/example_bash_decorator.py
[2025-03-18T11:09:39.841+0000] {processor.py:914} INFO - Processing file /usr/local/python/3.12.1/lib/python3.12/site-packages/airflow/example_dags/example_bash_decorator.py for tasks to queue
[2025-03-18T11:09:39.842+0000] {logging_mixin.py:190} INFO - [2025-03-18T11:09:39.842+0000] {dagbag.py:588} INFO - Filling up the DagBag from /usr/local/python/3.12.1/lib/python3.12/site-packages/airflow/example_dags/example_bash_decorator.py
[2025-03-18T11:09:39.853+0000] {processor.py:925} INFO - DAG(s) 'example_bash_decorator' retrieved from /usr/local/python/3.12.1/lib/python3.12/site-packages/airflow/example_dags/example_bash_decorator.py
[2025-03-18T11:09:39.866+0000] {logging_mixin.py:190} INFO - [2025-03-18T11:09:39.866+0000] {dag.py:3239} INFO - Sync 1 DAGs
[2025-03-18T11:09:39.875+0000] {logging_mixin.py:190} INFO - [2025-03-18T11:09:39.875+0000] {dag.py:4180} INFO - Setting next_dagrun for example_bash_decorator to None, run_after=None
[2025-03-18T11:09:39.889+0000] {processor.py:208} INFO - Processing /usr/local/python/3.12.1/lib/python3.12/site-packages/airflow/example_dags/example_bash_decorator.py took 0.053 seconds
[2025-03-18T11:10:57.757+0000] {processor.py:186} INFO - Started process (PID=62404) to work on /usr/local/python/3.12.1/lib/python3.12/site-packages/airflow/example_dags/example_bash_decorator.py
[2025-03-18T11:10:57.757+0000] {processor.py:914} INFO - Processing file /usr/local/python/3.12.1/lib/python3.12/site-packages/airflow/example_dags/example_bash_decorator.py for tasks to queue
[2025-03-18T11:10:57.759+0000] {logging_mixin.py:190} INFO - [2025-03-18T11:10:57.759+0000] {dagbag.py:588} INFO - Filling up the DagBag from /usr/local/python/3.12.1/lib/python3.12/site-packages/airflow/example_dags/example_bash_decorator.py
[2025-03-18T11:10:57.771+0000] {processor.py:925} INFO - DAG(s) 'example_bash_decorator' retrieved from /usr/local/python/3.12.1/lib/python3.12/site-packages/airflow/example_dags/example_bash_decorator.py
[2025-03-18T11:10:57.786+0000] {logging_mixin.py:190} INFO - [2025-03-18T11:10:57.786+0000] {dag.py:3239} INFO - Sync 1 DAGs
[2025-03-18T11:10:57.797+0000] {logging_mixin.py:190} INFO - [2025-03-18T11:10:57.797+0000] {dag.py:4180} INFO - Setting next_dagrun for example_bash_decorator to None, run_after=None
[2025-03-18T11:10:57.811+0000] {processor.py:208} INFO - Processing /usr/local/python/3.12.1/lib/python3.12/site-packages/airflow/example_dags/example_bash_decorator.py took 0.059 seconds
[2025-03-18T11:12:06.888+0000] {processor.py:186} INFO - Started process (PID=63162) to work on /usr/local/python/3.12.1/lib/python3.12/site-packages/airflow/example_dags/example_bash_decorator.py
[2025-03-18T11:12:06.888+0000] {processor.py:914} INFO - Processing file /usr/local/python/3.12.1/lib/python3.12/site-packages/airflow/example_dags/example_bash_decorator.py for tasks to queue
[2025-03-18T11:12:06.890+0000] {logging_mixin.py:190} INFO - [2025-03-18T11:12:06.889+0000] {dagbag.py:588} INFO - Filling up the DagBag from /usr/local/python/3.12.1/lib/python3.12/site-packages/airflow/example_dags/example_bash_decorator.py
[2025-03-18T11:12:06.901+0000] {processor.py:925} INFO - DAG(s) 'example_bash_decorator' retrieved from /usr/local/python/3.12.1/lib/python3.12/site-packages/airflow/example_dags/example_bash_decorator.py
[2025-03-18T11:12:06.914+0000] {logging_mixin.py:190} INFO - [2025-03-18T11:12:06.914+0000] {dag.py:3239} INFO - Sync 1 DAGs
[2025-03-18T11:12:06.923+0000] {logging_mixin.py:190} INFO - [2025-03-18T11:12:06.923+0000] {dag.py:4180} INFO - Setting next_dagrun for example_bash_decorator to None, run_after=None
[2025-03-18T11:12:06.937+0000] {processor.py:208} INFO - Processing /usr/local/python/3.12.1/lib/python3.12/site-packages/airflow/example_dags/example_bash_decorator.py took 0.054 seconds
