[2025-03-18T10:51:50.093+0000] {processor.py:186} INFO - Started process (PID=49416) to work on /usr/local/python/3.12.1/lib/python3.12/site-packages/airflow/example_dags/example_outlet_event_extra.py
[2025-03-18T10:51:50.094+0000] {processor.py:914} INFO - Processing file /usr/local/python/3.12.1/lib/python3.12/site-packages/airflow/example_dags/example_outlet_event_extra.py for tasks to queue
[2025-03-18T10:51:50.095+0000] {logging_mixin.py:190} INFO - [2025-03-18T10:51:50.095+0000] {dagbag.py:588} INFO - Filling up the DagBag from /usr/local/python/3.12.1/lib/python3.12/site-packages/airflow/example_dags/example_outlet_event_extra.py
[2025-03-18T10:51:50.108+0000] {processor.py:925} INFO - DAG(s) 'dataset_with_extra_from_classic_operator', 'dataset_with_extra_by_yield', 'dataset_with_extra_by_context' retrieved from /usr/local/python/3.12.1/lib/python3.12/site-packages/airflow/example_dags/example_outlet_event_extra.py
[2025-03-18T10:51:50.198+0000] {logging_mixin.py:190} INFO - [2025-03-18T10:51:50.198+0000] {override.py:1930} INFO - Created Permission View: can read on DAG:dataset_with_extra_from_classic_operator
[2025-03-18T10:51:50.208+0000] {logging_mixin.py:190} INFO - [2025-03-18T10:51:50.207+0000] {override.py:1930} INFO - Created Permission View: can edit on DAG:dataset_with_extra_from_classic_operator
[2025-03-18T10:51:50.213+0000] {logging_mixin.py:190} INFO - [2025-03-18T10:51:50.213+0000] {override.py:1930} INFO - Created Permission View: can delete on DAG:dataset_with_extra_from_classic_operator
[2025-03-18T10:51:50.222+0000] {logging_mixin.py:190} INFO - [2025-03-18T10:51:50.222+0000] {override.py:1930} INFO - Created Permission View: can read on DAG Run:dataset_with_extra_from_classic_operator
[2025-03-18T10:51:50.228+0000] {logging_mixin.py:190} INFO - [2025-03-18T10:51:50.227+0000] {override.py:1930} INFO - Created Permission View: can create on DAG Run:dataset_with_extra_from_classic_operator
[2025-03-18T10:51:50.233+0000] {logging_mixin.py:190} INFO - [2025-03-18T10:51:50.233+0000] {override.py:1930} INFO - Created Permission View: menu access on DAG Run:dataset_with_extra_from_classic_operator
[2025-03-18T10:51:50.239+0000] {logging_mixin.py:190} INFO - [2025-03-18T10:51:50.238+0000] {override.py:1930} INFO - Created Permission View: can delete on DAG Run:dataset_with_extra_from_classic_operator
[2025-03-18T10:51:50.252+0000] {logging_mixin.py:190} INFO - [2025-03-18T10:51:50.251+0000] {override.py:1930} INFO - Created Permission View: can read on DAG:dataset_with_extra_by_yield
[2025-03-18T10:51:50.257+0000] {logging_mixin.py:190} INFO - [2025-03-18T10:51:50.257+0000] {override.py:1930} INFO - Created Permission View: can edit on DAG:dataset_with_extra_by_yield
[2025-03-18T10:51:50.263+0000] {logging_mixin.py:190} INFO - [2025-03-18T10:51:50.263+0000] {override.py:1930} INFO - Created Permission View: can delete on DAG:dataset_with_extra_by_yield
[2025-03-18T10:51:50.273+0000] {logging_mixin.py:190} INFO - [2025-03-18T10:51:50.273+0000] {override.py:1930} INFO - Created Permission View: can read on DAG Run:dataset_with_extra_by_yield
[2025-03-18T10:51:50.279+0000] {logging_mixin.py:190} INFO - [2025-03-18T10:51:50.279+0000] {override.py:1930} INFO - Created Permission View: can create on DAG Run:dataset_with_extra_by_yield
[2025-03-18T10:51:50.285+0000] {logging_mixin.py:190} INFO - [2025-03-18T10:51:50.285+0000] {override.py:1930} INFO - Created Permission View: menu access on DAG Run:dataset_with_extra_by_yield
[2025-03-18T10:51:50.291+0000] {logging_mixin.py:190} INFO - [2025-03-18T10:51:50.291+0000] {override.py:1930} INFO - Created Permission View: can delete on DAG Run:dataset_with_extra_by_yield
[2025-03-18T10:51:50.303+0000] {logging_mixin.py:190} INFO - [2025-03-18T10:51:50.303+0000] {override.py:1930} INFO - Created Permission View: can read on DAG:dataset_with_extra_by_context
[2025-03-18T10:51:50.309+0000] {logging_mixin.py:190} INFO - [2025-03-18T10:51:50.309+0000] {override.py:1930} INFO - Created Permission View: can edit on DAG:dataset_with_extra_by_context
[2025-03-18T10:51:50.315+0000] {logging_mixin.py:190} INFO - [2025-03-18T10:51:50.315+0000] {override.py:1930} INFO - Created Permission View: can delete on DAG:dataset_with_extra_by_context
[2025-03-18T10:51:50.324+0000] {logging_mixin.py:190} INFO - [2025-03-18T10:51:50.324+0000] {override.py:1930} INFO - Created Permission View: can read on DAG Run:dataset_with_extra_by_context
[2025-03-18T10:51:50.330+0000] {logging_mixin.py:190} INFO - [2025-03-18T10:51:50.330+0000] {override.py:1930} INFO - Created Permission View: can create on DAG Run:dataset_with_extra_by_context
[2025-03-18T10:51:50.336+0000] {logging_mixin.py:190} INFO - [2025-03-18T10:51:50.336+0000] {override.py:1930} INFO - Created Permission View: menu access on DAG Run:dataset_with_extra_by_context
[2025-03-18T10:51:50.342+0000] {logging_mixin.py:190} INFO - [2025-03-18T10:51:50.342+0000] {override.py:1930} INFO - Created Permission View: can delete on DAG Run:dataset_with_extra_by_context
[2025-03-18T10:51:50.342+0000] {logging_mixin.py:190} INFO - [2025-03-18T10:51:50.342+0000] {dag.py:3239} INFO - Sync 3 DAGs
[2025-03-18T10:51:50.350+0000] {logging_mixin.py:190} INFO - [2025-03-18T10:51:50.350+0000] {dag.py:3262} INFO - Creating ORM DAG for dataset_with_extra_by_context
[2025-03-18T10:51:50.351+0000] {logging_mixin.py:190} INFO - [2025-03-18T10:51:50.351+0000] {dag.py:3262} INFO - Creating ORM DAG for dataset_with_extra_from_classic_operator
[2025-03-18T10:51:50.351+0000] {logging_mixin.py:190} INFO - [2025-03-18T10:51:50.351+0000] {dag.py:3262} INFO - Creating ORM DAG for dataset_with_extra_by_yield
[2025-03-18T10:51:50.358+0000] {logging_mixin.py:190} INFO - [2025-03-18T10:51:50.358+0000] {dag.py:4180} INFO - Setting next_dagrun for dataset_with_extra_by_context to 2025-03-17 00:00:00+00:00, run_after=2025-03-18 00:00:00+00:00
[2025-03-18T10:51:50.360+0000] {logging_mixin.py:190} INFO - [2025-03-18T10:51:50.360+0000] {dag.py:4180} INFO - Setting next_dagrun for dataset_with_extra_by_yield to 2025-03-17 00:00:00+00:00, run_after=2025-03-18 00:00:00+00:00
[2025-03-18T10:51:50.361+0000] {logging_mixin.py:190} INFO - [2025-03-18T10:51:50.361+0000] {dag.py:4180} INFO - Setting next_dagrun for dataset_with_extra_from_classic_operator to 2025-03-17 00:00:00+00:00, run_after=2025-03-18 00:00:00+00:00
[2025-03-18T10:51:50.378+0000] {processor.py:208} INFO - Processing /usr/local/python/3.12.1/lib/python3.12/site-packages/airflow/example_dags/example_outlet_event_extra.py took 0.289 seconds
[2025-03-18T10:52:50.635+0000] {processor.py:186} INFO - Started process (PID=50138) to work on /usr/local/python/3.12.1/lib/python3.12/site-packages/airflow/example_dags/example_outlet_event_extra.py
[2025-03-18T10:52:50.636+0000] {processor.py:914} INFO - Processing file /usr/local/python/3.12.1/lib/python3.12/site-packages/airflow/example_dags/example_outlet_event_extra.py for tasks to queue
[2025-03-18T10:52:50.637+0000] {logging_mixin.py:190} INFO - [2025-03-18T10:52:50.637+0000] {dagbag.py:588} INFO - Filling up the DagBag from /usr/local/python/3.12.1/lib/python3.12/site-packages/airflow/example_dags/example_outlet_event_extra.py
[2025-03-18T10:52:50.648+0000] {processor.py:925} INFO - DAG(s) 'dataset_with_extra_by_context', 'dataset_with_extra_by_yield', 'dataset_with_extra_from_classic_operator' retrieved from /usr/local/python/3.12.1/lib/python3.12/site-packages/airflow/example_dags/example_outlet_event_extra.py
[2025-03-18T10:52:50.662+0000] {logging_mixin.py:190} INFO - [2025-03-18T10:52:50.662+0000] {dag.py:3239} INFO - Sync 3 DAGs
[2025-03-18T10:52:50.678+0000] {logging_mixin.py:190} INFO - [2025-03-18T10:52:50.678+0000] {dag.py:4180} INFO - Setting next_dagrun for dataset_with_extra_by_context to 2025-03-17 00:00:00+00:00, run_after=2025-03-18 00:00:00+00:00
[2025-03-18T10:52:50.681+0000] {logging_mixin.py:190} INFO - [2025-03-18T10:52:50.681+0000] {dag.py:4180} INFO - Setting next_dagrun for dataset_with_extra_by_yield to 2025-03-17 00:00:00+00:00, run_after=2025-03-18 00:00:00+00:00
[2025-03-18T10:52:50.683+0000] {logging_mixin.py:190} INFO - [2025-03-18T10:52:50.683+0000] {dag.py:4180} INFO - Setting next_dagrun for dataset_with_extra_from_classic_operator to 2025-03-17 00:00:00+00:00, run_after=2025-03-18 00:00:00+00:00
[2025-03-18T10:52:50.698+0000] {processor.py:208} INFO - Processing /usr/local/python/3.12.1/lib/python3.12/site-packages/airflow/example_dags/example_outlet_event_extra.py took 0.066 seconds
[2025-03-18T10:53:30.278+0000] {processor.py:186} INFO - Started process (PID=50637) to work on /usr/local/python/3.12.1/lib/python3.12/site-packages/airflow/example_dags/example_outlet_event_extra.py
[2025-03-18T10:53:30.278+0000] {processor.py:914} INFO - Processing file /usr/local/python/3.12.1/lib/python3.12/site-packages/airflow/example_dags/example_outlet_event_extra.py for tasks to queue
[2025-03-18T10:53:30.280+0000] {logging_mixin.py:190} INFO - [2025-03-18T10:53:30.279+0000] {dagbag.py:588} INFO - Filling up the DagBag from /usr/local/python/3.12.1/lib/python3.12/site-packages/airflow/example_dags/example_outlet_event_extra.py
[2025-03-18T10:53:30.290+0000] {processor.py:925} INFO - DAG(s) 'dataset_with_extra_by_yield', 'dataset_with_extra_by_context', 'dataset_with_extra_from_classic_operator' retrieved from /usr/local/python/3.12.1/lib/python3.12/site-packages/airflow/example_dags/example_outlet_event_extra.py
[2025-03-18T10:53:30.305+0000] {logging_mixin.py:190} INFO - [2025-03-18T10:53:30.305+0000] {dag.py:3239} INFO - Sync 3 DAGs
[2025-03-18T10:53:30.322+0000] {logging_mixin.py:190} INFO - [2025-03-18T10:53:30.322+0000] {dag.py:4180} INFO - Setting next_dagrun for dataset_with_extra_by_context to 2025-03-17 00:00:00+00:00, run_after=2025-03-18 00:00:00+00:00
[2025-03-18T10:53:30.326+0000] {logging_mixin.py:190} INFO - [2025-03-18T10:53:30.326+0000] {dag.py:4180} INFO - Setting next_dagrun for dataset_with_extra_by_yield to 2025-03-17 00:00:00+00:00, run_after=2025-03-18 00:00:00+00:00
[2025-03-18T10:53:30.328+0000] {logging_mixin.py:190} INFO - [2025-03-18T10:53:30.328+0000] {dag.py:4180} INFO - Setting next_dagrun for dataset_with_extra_from_classic_operator to 2025-03-17 00:00:00+00:00, run_after=2025-03-18 00:00:00+00:00
[2025-03-18T10:53:30.343+0000] {processor.py:208} INFO - Processing /usr/local/python/3.12.1/lib/python3.12/site-packages/airflow/example_dags/example_outlet_event_extra.py took 0.070 seconds
[2025-03-18T10:54:27.076+0000] {processor.py:186} INFO - Started process (PID=51226) to work on /usr/local/python/3.12.1/lib/python3.12/site-packages/airflow/example_dags/example_outlet_event_extra.py
[2025-03-18T10:54:27.077+0000] {processor.py:914} INFO - Processing file /usr/local/python/3.12.1/lib/python3.12/site-packages/airflow/example_dags/example_outlet_event_extra.py for tasks to queue
[2025-03-18T10:54:27.078+0000] {logging_mixin.py:190} INFO - [2025-03-18T10:54:27.078+0000] {dagbag.py:588} INFO - Filling up the DagBag from /usr/local/python/3.12.1/lib/python3.12/site-packages/airflow/example_dags/example_outlet_event_extra.py
[2025-03-18T10:54:27.089+0000] {processor.py:925} INFO - DAG(s) 'dataset_with_extra_from_classic_operator', 'dataset_with_extra_by_context', 'dataset_with_extra_by_yield' retrieved from /usr/local/python/3.12.1/lib/python3.12/site-packages/airflow/example_dags/example_outlet_event_extra.py
[2025-03-18T10:54:27.102+0000] {logging_mixin.py:190} INFO - [2025-03-18T10:54:27.102+0000] {dag.py:3239} INFO - Sync 3 DAGs
[2025-03-18T10:54:27.119+0000] {logging_mixin.py:190} INFO - [2025-03-18T10:54:27.119+0000] {dag.py:4180} INFO - Setting next_dagrun for dataset_with_extra_by_context to 2025-03-17 00:00:00+00:00, run_after=2025-03-18 00:00:00+00:00
[2025-03-18T10:54:27.123+0000] {logging_mixin.py:190} INFO - [2025-03-18T10:54:27.122+0000] {dag.py:4180} INFO - Setting next_dagrun for dataset_with_extra_by_yield to 2025-03-17 00:00:00+00:00, run_after=2025-03-18 00:00:00+00:00
[2025-03-18T10:54:27.124+0000] {logging_mixin.py:190} INFO - [2025-03-18T10:54:27.124+0000] {dag.py:4180} INFO - Setting next_dagrun for dataset_with_extra_from_classic_operator to 2025-03-17 00:00:00+00:00, run_after=2025-03-18 00:00:00+00:00
[2025-03-18T10:54:27.139+0000] {processor.py:208} INFO - Processing /usr/local/python/3.12.1/lib/python3.12/site-packages/airflow/example_dags/example_outlet_event_extra.py took 0.067 seconds
[2025-03-18T10:55:21.292+0000] {processor.py:186} INFO - Started process (PID=51686) to work on /usr/local/python/3.12.1/lib/python3.12/site-packages/airflow/example_dags/example_outlet_event_extra.py
[2025-03-18T10:55:21.293+0000] {processor.py:914} INFO - Processing file /usr/local/python/3.12.1/lib/python3.12/site-packages/airflow/example_dags/example_outlet_event_extra.py for tasks to queue
[2025-03-18T10:55:21.294+0000] {logging_mixin.py:190} INFO - [2025-03-18T10:55:21.294+0000] {dagbag.py:588} INFO - Filling up the DagBag from /usr/local/python/3.12.1/lib/python3.12/site-packages/airflow/example_dags/example_outlet_event_extra.py
[2025-03-18T10:55:21.305+0000] {processor.py:925} INFO - DAG(s) 'dataset_with_extra_by_yield', 'dataset_with_extra_from_classic_operator', 'dataset_with_extra_by_context' retrieved from /usr/local/python/3.12.1/lib/python3.12/site-packages/airflow/example_dags/example_outlet_event_extra.py
[2025-03-18T10:55:21.319+0000] {logging_mixin.py:190} INFO - [2025-03-18T10:55:21.318+0000] {dag.py:3239} INFO - Sync 3 DAGs
[2025-03-18T10:55:21.335+0000] {logging_mixin.py:190} INFO - [2025-03-18T10:55:21.335+0000] {dag.py:4180} INFO - Setting next_dagrun for dataset_with_extra_by_context to 2025-03-17 00:00:00+00:00, run_after=2025-03-18 00:00:00+00:00
[2025-03-18T10:55:21.339+0000] {logging_mixin.py:190} INFO - [2025-03-18T10:55:21.339+0000] {dag.py:4180} INFO - Setting next_dagrun for dataset_with_extra_by_yield to 2025-03-17 00:00:00+00:00, run_after=2025-03-18 00:00:00+00:00
[2025-03-18T10:55:21.340+0000] {logging_mixin.py:190} INFO - [2025-03-18T10:55:21.340+0000] {dag.py:4180} INFO - Setting next_dagrun for dataset_with_extra_from_classic_operator to 2025-03-17 00:00:00+00:00, run_after=2025-03-18 00:00:00+00:00
[2025-03-18T10:55:21.356+0000] {processor.py:208} INFO - Processing /usr/local/python/3.12.1/lib/python3.12/site-packages/airflow/example_dags/example_outlet_event_extra.py took 0.068 seconds
[2025-03-18T10:56:13.391+0000] {processor.py:186} INFO - Started process (PID=52458) to work on /usr/local/python/3.12.1/lib/python3.12/site-packages/airflow/example_dags/example_outlet_event_extra.py
[2025-03-18T10:56:13.392+0000] {processor.py:914} INFO - Processing file /usr/local/python/3.12.1/lib/python3.12/site-packages/airflow/example_dags/example_outlet_event_extra.py for tasks to queue
[2025-03-18T10:56:13.393+0000] {logging_mixin.py:190} INFO - [2025-03-18T10:56:13.393+0000] {dagbag.py:588} INFO - Filling up the DagBag from /usr/local/python/3.12.1/lib/python3.12/site-packages/airflow/example_dags/example_outlet_event_extra.py
[2025-03-18T10:56:13.404+0000] {processor.py:925} INFO - DAG(s) 'dataset_with_extra_by_yield', 'dataset_with_extra_by_context', 'dataset_with_extra_from_classic_operator' retrieved from /usr/local/python/3.12.1/lib/python3.12/site-packages/airflow/example_dags/example_outlet_event_extra.py
[2025-03-18T10:56:13.418+0000] {logging_mixin.py:190} INFO - [2025-03-18T10:56:13.418+0000] {dag.py:3239} INFO - Sync 3 DAGs
[2025-03-18T10:56:13.434+0000] {logging_mixin.py:190} INFO - [2025-03-18T10:56:13.433+0000] {dag.py:4180} INFO - Setting next_dagrun for dataset_with_extra_by_context to 2025-03-17 00:00:00+00:00, run_after=2025-03-18 00:00:00+00:00
[2025-03-18T10:56:13.437+0000] {logging_mixin.py:190} INFO - [2025-03-18T10:56:13.437+0000] {dag.py:4180} INFO - Setting next_dagrun for dataset_with_extra_by_yield to 2025-03-17 00:00:00+00:00, run_after=2025-03-18 00:00:00+00:00
[2025-03-18T10:56:13.440+0000] {logging_mixin.py:190} INFO - [2025-03-18T10:56:13.439+0000] {dag.py:4180} INFO - Setting next_dagrun for dataset_with_extra_from_classic_operator to 2025-03-17 00:00:00+00:00, run_after=2025-03-18 00:00:00+00:00
[2025-03-18T10:56:13.455+0000] {processor.py:208} INFO - Processing /usr/local/python/3.12.1/lib/python3.12/site-packages/airflow/example_dags/example_outlet_event_extra.py took 0.068 seconds
[2025-03-18T10:57:01.689+0000] {processor.py:186} INFO - Started process (PID=52880) to work on /usr/local/python/3.12.1/lib/python3.12/site-packages/airflow/example_dags/example_outlet_event_extra.py
[2025-03-18T10:57:01.690+0000] {processor.py:914} INFO - Processing file /usr/local/python/3.12.1/lib/python3.12/site-packages/airflow/example_dags/example_outlet_event_extra.py for tasks to queue
[2025-03-18T10:57:01.691+0000] {logging_mixin.py:190} INFO - [2025-03-18T10:57:01.691+0000] {dagbag.py:588} INFO - Filling up the DagBag from /usr/local/python/3.12.1/lib/python3.12/site-packages/airflow/example_dags/example_outlet_event_extra.py
[2025-03-18T10:57:01.702+0000] {processor.py:925} INFO - DAG(s) 'dataset_with_extra_by_yield', 'dataset_with_extra_from_classic_operator', 'dataset_with_extra_by_context' retrieved from /usr/local/python/3.12.1/lib/python3.12/site-packages/airflow/example_dags/example_outlet_event_extra.py
[2025-03-18T10:57:01.716+0000] {logging_mixin.py:190} INFO - [2025-03-18T10:57:01.716+0000] {dag.py:3239} INFO - Sync 3 DAGs
[2025-03-18T10:57:01.732+0000] {logging_mixin.py:190} INFO - [2025-03-18T10:57:01.732+0000] {dag.py:4180} INFO - Setting next_dagrun for dataset_with_extra_by_context to 2025-03-17 00:00:00+00:00, run_after=2025-03-18 00:00:00+00:00
[2025-03-18T10:57:01.736+0000] {logging_mixin.py:190} INFO - [2025-03-18T10:57:01.736+0000] {dag.py:4180} INFO - Setting next_dagrun for dataset_with_extra_by_yield to 2025-03-17 00:00:00+00:00, run_after=2025-03-18 00:00:00+00:00
[2025-03-18T10:57:01.738+0000] {logging_mixin.py:190} INFO - [2025-03-18T10:57:01.738+0000] {dag.py:4180} INFO - Setting next_dagrun for dataset_with_extra_from_classic_operator to 2025-03-17 00:00:00+00:00, run_after=2025-03-18 00:00:00+00:00
[2025-03-18T10:57:01.753+0000] {processor.py:208} INFO - Processing /usr/local/python/3.12.1/lib/python3.12/site-packages/airflow/example_dags/example_outlet_event_extra.py took 0.068 seconds
[2025-03-18T10:57:52.629+0000] {processor.py:186} INFO - Started process (PID=53540) to work on /usr/local/python/3.12.1/lib/python3.12/site-packages/airflow/example_dags/example_outlet_event_extra.py
[2025-03-18T10:57:52.630+0000] {processor.py:914} INFO - Processing file /usr/local/python/3.12.1/lib/python3.12/site-packages/airflow/example_dags/example_outlet_event_extra.py for tasks to queue
[2025-03-18T10:57:52.631+0000] {logging_mixin.py:190} INFO - [2025-03-18T10:57:52.631+0000] {dagbag.py:588} INFO - Filling up the DagBag from /usr/local/python/3.12.1/lib/python3.12/site-packages/airflow/example_dags/example_outlet_event_extra.py
[2025-03-18T10:57:52.642+0000] {processor.py:925} INFO - DAG(s) 'dataset_with_extra_from_classic_operator', 'dataset_with_extra_by_context', 'dataset_with_extra_by_yield' retrieved from /usr/local/python/3.12.1/lib/python3.12/site-packages/airflow/example_dags/example_outlet_event_extra.py
[2025-03-18T10:57:52.656+0000] {logging_mixin.py:190} INFO - [2025-03-18T10:57:52.656+0000] {dag.py:3239} INFO - Sync 3 DAGs
[2025-03-18T10:57:52.672+0000] {logging_mixin.py:190} INFO - [2025-03-18T10:57:52.672+0000] {dag.py:4180} INFO - Setting next_dagrun for dataset_with_extra_by_context to 2025-03-17 00:00:00+00:00, run_after=2025-03-18 00:00:00+00:00
[2025-03-18T10:57:52.676+0000] {logging_mixin.py:190} INFO - [2025-03-18T10:57:52.676+0000] {dag.py:4180} INFO - Setting next_dagrun for dataset_with_extra_by_yield to 2025-03-17 00:00:00+00:00, run_after=2025-03-18 00:00:00+00:00
[2025-03-18T10:57:52.678+0000] {logging_mixin.py:190} INFO - [2025-03-18T10:57:52.677+0000] {dag.py:4180} INFO - Setting next_dagrun for dataset_with_extra_from_classic_operator to 2025-03-17 00:00:00+00:00, run_after=2025-03-18 00:00:00+00:00
[2025-03-18T10:57:52.693+0000] {processor.py:208} INFO - Processing /usr/local/python/3.12.1/lib/python3.12/site-packages/airflow/example_dags/example_outlet_event_extra.py took 0.067 seconds
[2025-03-18T10:58:41.622+0000] {processor.py:186} INFO - Started process (PID=53987) to work on /usr/local/python/3.12.1/lib/python3.12/site-packages/airflow/example_dags/example_outlet_event_extra.py
[2025-03-18T10:58:41.622+0000] {processor.py:914} INFO - Processing file /usr/local/python/3.12.1/lib/python3.12/site-packages/airflow/example_dags/example_outlet_event_extra.py for tasks to queue
[2025-03-18T10:58:41.624+0000] {logging_mixin.py:190} INFO - [2025-03-18T10:58:41.624+0000] {dagbag.py:588} INFO - Filling up the DagBag from /usr/local/python/3.12.1/lib/python3.12/site-packages/airflow/example_dags/example_outlet_event_extra.py
[2025-03-18T10:58:41.635+0000] {processor.py:925} INFO - DAG(s) 'dataset_with_extra_by_context', 'dataset_with_extra_from_classic_operator', 'dataset_with_extra_by_yield' retrieved from /usr/local/python/3.12.1/lib/python3.12/site-packages/airflow/example_dags/example_outlet_event_extra.py
[2025-03-18T10:58:41.648+0000] {logging_mixin.py:190} INFO - [2025-03-18T10:58:41.648+0000] {dag.py:3239} INFO - Sync 3 DAGs
[2025-03-18T10:58:41.665+0000] {logging_mixin.py:190} INFO - [2025-03-18T10:58:41.665+0000] {dag.py:4180} INFO - Setting next_dagrun for dataset_with_extra_by_context to 2025-03-17 00:00:00+00:00, run_after=2025-03-18 00:00:00+00:00
[2025-03-18T10:58:41.668+0000] {logging_mixin.py:190} INFO - [2025-03-18T10:58:41.668+0000] {dag.py:4180} INFO - Setting next_dagrun for dataset_with_extra_by_yield to 2025-03-17 00:00:00+00:00, run_after=2025-03-18 00:00:00+00:00
[2025-03-18T10:58:41.670+0000] {logging_mixin.py:190} INFO - [2025-03-18T10:58:41.670+0000] {dag.py:4180} INFO - Setting next_dagrun for dataset_with_extra_from_classic_operator to 2025-03-17 00:00:00+00:00, run_after=2025-03-18 00:00:00+00:00
[2025-03-18T10:58:41.685+0000] {processor.py:208} INFO - Processing /usr/local/python/3.12.1/lib/python3.12/site-packages/airflow/example_dags/example_outlet_event_extra.py took 0.068 seconds
[2025-03-18T10:59:30.145+0000] {processor.py:186} INFO - Started process (PID=54697) to work on /usr/local/python/3.12.1/lib/python3.12/site-packages/airflow/example_dags/example_outlet_event_extra.py
[2025-03-18T10:59:30.146+0000] {processor.py:914} INFO - Processing file /usr/local/python/3.12.1/lib/python3.12/site-packages/airflow/example_dags/example_outlet_event_extra.py for tasks to queue
[2025-03-18T10:59:30.147+0000] {logging_mixin.py:190} INFO - [2025-03-18T10:59:30.147+0000] {dagbag.py:588} INFO - Filling up the DagBag from /usr/local/python/3.12.1/lib/python3.12/site-packages/airflow/example_dags/example_outlet_event_extra.py
[2025-03-18T10:59:30.158+0000] {processor.py:925} INFO - DAG(s) 'dataset_with_extra_from_classic_operator', 'dataset_with_extra_by_yield', 'dataset_with_extra_by_context' retrieved from /usr/local/python/3.12.1/lib/python3.12/site-packages/airflow/example_dags/example_outlet_event_extra.py
[2025-03-18T10:59:30.172+0000] {logging_mixin.py:190} INFO - [2025-03-18T10:59:30.172+0000] {dag.py:3239} INFO - Sync 3 DAGs
[2025-03-18T10:59:30.195+0000] {logging_mixin.py:190} INFO - [2025-03-18T10:59:30.194+0000] {dag.py:4180} INFO - Setting next_dagrun for dataset_with_extra_by_context to 2025-03-17 00:00:00+00:00, run_after=2025-03-18 00:00:00+00:00
[2025-03-18T10:59:30.200+0000] {logging_mixin.py:190} INFO - [2025-03-18T10:59:30.199+0000] {dag.py:4180} INFO - Setting next_dagrun for dataset_with_extra_by_yield to 2025-03-17 00:00:00+00:00, run_after=2025-03-18 00:00:00+00:00
[2025-03-18T10:59:30.201+0000] {logging_mixin.py:190} INFO - [2025-03-18T10:59:30.201+0000] {dag.py:4180} INFO - Setting next_dagrun for dataset_with_extra_from_classic_operator to 2025-03-17 00:00:00+00:00, run_after=2025-03-18 00:00:00+00:00
[2025-03-18T10:59:30.218+0000] {processor.py:208} INFO - Processing /usr/local/python/3.12.1/lib/python3.12/site-packages/airflow/example_dags/example_outlet_event_extra.py took 0.076 seconds
[2025-03-18T11:00:17.001+0000] {processor.py:186} INFO - Started process (PID=55183) to work on /usr/local/python/3.12.1/lib/python3.12/site-packages/airflow/example_dags/example_outlet_event_extra.py
[2025-03-18T11:00:17.001+0000] {processor.py:914} INFO - Processing file /usr/local/python/3.12.1/lib/python3.12/site-packages/airflow/example_dags/example_outlet_event_extra.py for tasks to queue
[2025-03-18T11:00:17.003+0000] {logging_mixin.py:190} INFO - [2025-03-18T11:00:17.003+0000] {dagbag.py:588} INFO - Filling up the DagBag from /usr/local/python/3.12.1/lib/python3.12/site-packages/airflow/example_dags/example_outlet_event_extra.py
[2025-03-18T11:00:17.014+0000] {processor.py:925} INFO - DAG(s) 'dataset_with_extra_from_classic_operator', 'dataset_with_extra_by_context', 'dataset_with_extra_by_yield' retrieved from /usr/local/python/3.12.1/lib/python3.12/site-packages/airflow/example_dags/example_outlet_event_extra.py
[2025-03-18T11:00:17.028+0000] {logging_mixin.py:190} INFO - [2025-03-18T11:00:17.028+0000] {dag.py:3239} INFO - Sync 3 DAGs
[2025-03-18T11:00:17.044+0000] {logging_mixin.py:190} INFO - [2025-03-18T11:00:17.044+0000] {dag.py:4180} INFO - Setting next_dagrun for dataset_with_extra_by_context to 2025-03-17 00:00:00+00:00, run_after=2025-03-18 00:00:00+00:00
[2025-03-18T11:00:17.048+0000] {logging_mixin.py:190} INFO - [2025-03-18T11:00:17.047+0000] {dag.py:4180} INFO - Setting next_dagrun for dataset_with_extra_by_yield to 2025-03-17 00:00:00+00:00, run_after=2025-03-18 00:00:00+00:00
[2025-03-18T11:00:17.049+0000] {logging_mixin.py:190} INFO - [2025-03-18T11:00:17.049+0000] {dag.py:4180} INFO - Setting next_dagrun for dataset_with_extra_from_classic_operator to 2025-03-17 00:00:00+00:00, run_after=2025-03-18 00:00:00+00:00
[2025-03-18T11:00:17.065+0000] {processor.py:208} INFO - Processing /usr/local/python/3.12.1/lib/python3.12/site-packages/airflow/example_dags/example_outlet_event_extra.py took 0.068 seconds
[2025-03-18T11:01:08.462+0000] {processor.py:186} INFO - Started process (PID=57550) to work on /usr/local/python/3.12.1/lib/python3.12/site-packages/airflow/example_dags/example_outlet_event_extra.py
[2025-03-18T11:01:08.463+0000] {processor.py:914} INFO - Processing file /usr/local/python/3.12.1/lib/python3.12/site-packages/airflow/example_dags/example_outlet_event_extra.py for tasks to queue
[2025-03-18T11:01:08.464+0000] {logging_mixin.py:190} INFO - [2025-03-18T11:01:08.464+0000] {dagbag.py:588} INFO - Filling up the DagBag from /usr/local/python/3.12.1/lib/python3.12/site-packages/airflow/example_dags/example_outlet_event_extra.py
[2025-03-18T11:01:08.475+0000] {processor.py:925} INFO - DAG(s) 'dataset_with_extra_by_yield', 'dataset_with_extra_from_classic_operator', 'dataset_with_extra_by_context' retrieved from /usr/local/python/3.12.1/lib/python3.12/site-packages/airflow/example_dags/example_outlet_event_extra.py
[2025-03-18T11:01:08.488+0000] {logging_mixin.py:190} INFO - [2025-03-18T11:01:08.488+0000] {dag.py:3239} INFO - Sync 3 DAGs
[2025-03-18T11:01:08.504+0000] {logging_mixin.py:190} INFO - [2025-03-18T11:01:08.504+0000] {dag.py:4180} INFO - Setting next_dagrun for dataset_with_extra_by_context to 2025-03-17 00:00:00+00:00, run_after=2025-03-18 00:00:00+00:00
[2025-03-18T11:01:08.508+0000] {logging_mixin.py:190} INFO - [2025-03-18T11:01:08.508+0000] {dag.py:4180} INFO - Setting next_dagrun for dataset_with_extra_by_yield to 2025-03-17 00:00:00+00:00, run_after=2025-03-18 00:00:00+00:00
[2025-03-18T11:01:08.509+0000] {logging_mixin.py:190} INFO - [2025-03-18T11:01:08.509+0000] {dag.py:4180} INFO - Setting next_dagrun for dataset_with_extra_from_classic_operator to 2025-03-17 00:00:00+00:00, run_after=2025-03-18 00:00:00+00:00
[2025-03-18T11:01:08.527+0000] {processor.py:208} INFO - Processing /usr/local/python/3.12.1/lib/python3.12/site-packages/airflow/example_dags/example_outlet_event_extra.py took 0.069 seconds
[2025-03-18T11:01:59.981+0000] {processor.py:186} INFO - Started process (PID=57986) to work on /usr/local/python/3.12.1/lib/python3.12/site-packages/airflow/example_dags/example_outlet_event_extra.py
[2025-03-18T11:01:59.982+0000] {processor.py:914} INFO - Processing file /usr/local/python/3.12.1/lib/python3.12/site-packages/airflow/example_dags/example_outlet_event_extra.py for tasks to queue
[2025-03-18T11:01:59.984+0000] {logging_mixin.py:190} INFO - [2025-03-18T11:01:59.983+0000] {dagbag.py:588} INFO - Filling up the DagBag from /usr/local/python/3.12.1/lib/python3.12/site-packages/airflow/example_dags/example_outlet_event_extra.py
[2025-03-18T11:01:59.995+0000] {processor.py:925} INFO - DAG(s) 'dataset_with_extra_from_classic_operator', 'dataset_with_extra_by_context', 'dataset_with_extra_by_yield' retrieved from /usr/local/python/3.12.1/lib/python3.12/site-packages/airflow/example_dags/example_outlet_event_extra.py
[2025-03-18T11:02:00.009+0000] {logging_mixin.py:190} INFO - [2025-03-18T11:02:00.009+0000] {dag.py:3239} INFO - Sync 3 DAGs
[2025-03-18T11:02:00.026+0000] {logging_mixin.py:190} INFO - [2025-03-18T11:02:00.026+0000] {dag.py:4180} INFO - Setting next_dagrun for dataset_with_extra_by_context to 2025-03-17 00:00:00+00:00, run_after=2025-03-18 00:00:00+00:00
[2025-03-18T11:02:00.030+0000] {logging_mixin.py:190} INFO - [2025-03-18T11:02:00.029+0000] {dag.py:4180} INFO - Setting next_dagrun for dataset_with_extra_by_yield to 2025-03-17 00:00:00+00:00, run_after=2025-03-18 00:00:00+00:00
[2025-03-18T11:02:00.031+0000] {logging_mixin.py:190} INFO - [2025-03-18T11:02:00.031+0000] {dag.py:4180} INFO - Setting next_dagrun for dataset_with_extra_from_classic_operator to 2025-03-17 00:00:00+00:00, run_after=2025-03-18 00:00:00+00:00
[2025-03-18T11:02:00.047+0000] {processor.py:208} INFO - Processing /usr/local/python/3.12.1/lib/python3.12/site-packages/airflow/example_dags/example_outlet_event_extra.py took 0.070 seconds
[2025-03-18T11:02:49.798+0000] {processor.py:186} INFO - Started process (PID=58379) to work on /usr/local/python/3.12.1/lib/python3.12/site-packages/airflow/example_dags/example_outlet_event_extra.py
[2025-03-18T11:02:49.798+0000] {processor.py:914} INFO - Processing file /usr/local/python/3.12.1/lib/python3.12/site-packages/airflow/example_dags/example_outlet_event_extra.py for tasks to queue
[2025-03-18T11:02:49.800+0000] {logging_mixin.py:190} INFO - [2025-03-18T11:02:49.800+0000] {dagbag.py:588} INFO - Filling up the DagBag from /usr/local/python/3.12.1/lib/python3.12/site-packages/airflow/example_dags/example_outlet_event_extra.py
[2025-03-18T11:02:49.811+0000] {processor.py:925} INFO - DAG(s) 'dataset_with_extra_by_context', 'dataset_with_extra_by_yield', 'dataset_with_extra_from_classic_operator' retrieved from /usr/local/python/3.12.1/lib/python3.12/site-packages/airflow/example_dags/example_outlet_event_extra.py
[2025-03-18T11:02:49.824+0000] {logging_mixin.py:190} INFO - [2025-03-18T11:02:49.824+0000] {dag.py:3239} INFO - Sync 3 DAGs
[2025-03-18T11:02:49.841+0000] {logging_mixin.py:190} INFO - [2025-03-18T11:02:49.841+0000] {dag.py:4180} INFO - Setting next_dagrun for dataset_with_extra_by_context to 2025-03-17 00:00:00+00:00, run_after=2025-03-18 00:00:00+00:00
[2025-03-18T11:02:49.844+0000] {logging_mixin.py:190} INFO - [2025-03-18T11:02:49.844+0000] {dag.py:4180} INFO - Setting next_dagrun for dataset_with_extra_by_yield to 2025-03-17 00:00:00+00:00, run_after=2025-03-18 00:00:00+00:00
[2025-03-18T11:02:49.846+0000] {logging_mixin.py:190} INFO - [2025-03-18T11:02:49.846+0000] {dag.py:4180} INFO - Setting next_dagrun for dataset_with_extra_from_classic_operator to 2025-03-17 00:00:00+00:00, run_after=2025-03-18 00:00:00+00:00
[2025-03-18T11:02:49.861+0000] {processor.py:208} INFO - Processing /usr/local/python/3.12.1/lib/python3.12/site-packages/airflow/example_dags/example_outlet_event_extra.py took 0.068 seconds
[2025-03-18T11:03:36.910+0000] {processor.py:186} INFO - Started process (PID=58787) to work on /usr/local/python/3.12.1/lib/python3.12/site-packages/airflow/example_dags/example_outlet_event_extra.py
[2025-03-18T11:03:36.911+0000] {processor.py:914} INFO - Processing file /usr/local/python/3.12.1/lib/python3.12/site-packages/airflow/example_dags/example_outlet_event_extra.py for tasks to queue
[2025-03-18T11:03:36.912+0000] {logging_mixin.py:190} INFO - [2025-03-18T11:03:36.912+0000] {dagbag.py:588} INFO - Filling up the DagBag from /usr/local/python/3.12.1/lib/python3.12/site-packages/airflow/example_dags/example_outlet_event_extra.py
[2025-03-18T11:03:36.923+0000] {processor.py:925} INFO - DAG(s) 'dataset_with_extra_from_classic_operator', 'dataset_with_extra_by_yield', 'dataset_with_extra_by_context' retrieved from /usr/local/python/3.12.1/lib/python3.12/site-packages/airflow/example_dags/example_outlet_event_extra.py
[2025-03-18T11:03:36.937+0000] {logging_mixin.py:190} INFO - [2025-03-18T11:03:36.937+0000] {dag.py:3239} INFO - Sync 3 DAGs
[2025-03-18T11:03:36.953+0000] {logging_mixin.py:190} INFO - [2025-03-18T11:03:36.953+0000] {dag.py:4180} INFO - Setting next_dagrun for dataset_with_extra_by_context to 2025-03-17 00:00:00+00:00, run_after=2025-03-18 00:00:00+00:00
[2025-03-18T11:03:36.957+0000] {logging_mixin.py:190} INFO - [2025-03-18T11:03:36.956+0000] {dag.py:4180} INFO - Setting next_dagrun for dataset_with_extra_by_yield to 2025-03-17 00:00:00+00:00, run_after=2025-03-18 00:00:00+00:00
[2025-03-18T11:03:36.959+0000] {logging_mixin.py:190} INFO - [2025-03-18T11:03:36.959+0000] {dag.py:4180} INFO - Setting next_dagrun for dataset_with_extra_from_classic_operator to 2025-03-17 00:00:00+00:00, run_after=2025-03-18 00:00:00+00:00
[2025-03-18T11:03:36.974+0000] {processor.py:208} INFO - Processing /usr/local/python/3.12.1/lib/python3.12/site-packages/airflow/example_dags/example_outlet_event_extra.py took 0.068 seconds
[2025-03-18T11:04:26.010+0000] {processor.py:186} INFO - Started process (PID=59179) to work on /usr/local/python/3.12.1/lib/python3.12/site-packages/airflow/example_dags/example_outlet_event_extra.py
[2025-03-18T11:04:26.010+0000] {processor.py:914} INFO - Processing file /usr/local/python/3.12.1/lib/python3.12/site-packages/airflow/example_dags/example_outlet_event_extra.py for tasks to queue
[2025-03-18T11:04:26.012+0000] {logging_mixin.py:190} INFO - [2025-03-18T11:04:26.012+0000] {dagbag.py:588} INFO - Filling up the DagBag from /usr/local/python/3.12.1/lib/python3.12/site-packages/airflow/example_dags/example_outlet_event_extra.py
[2025-03-18T11:04:26.023+0000] {processor.py:925} INFO - DAG(s) 'dataset_with_extra_by_context', 'dataset_with_extra_from_classic_operator', 'dataset_with_extra_by_yield' retrieved from /usr/local/python/3.12.1/lib/python3.12/site-packages/airflow/example_dags/example_outlet_event_extra.py
[2025-03-18T11:04:26.037+0000] {logging_mixin.py:190} INFO - [2025-03-18T11:04:26.036+0000] {dag.py:3239} INFO - Sync 3 DAGs
[2025-03-18T11:04:26.053+0000] {logging_mixin.py:190} INFO - [2025-03-18T11:04:26.053+0000] {dag.py:4180} INFO - Setting next_dagrun for dataset_with_extra_by_context to 2025-03-17 00:00:00+00:00, run_after=2025-03-18 00:00:00+00:00
[2025-03-18T11:04:26.056+0000] {logging_mixin.py:190} INFO - [2025-03-18T11:04:26.056+0000] {dag.py:4180} INFO - Setting next_dagrun for dataset_with_extra_by_yield to 2025-03-17 00:00:00+00:00, run_after=2025-03-18 00:00:00+00:00
[2025-03-18T11:04:26.058+0000] {logging_mixin.py:190} INFO - [2025-03-18T11:04:26.058+0000] {dag.py:4180} INFO - Setting next_dagrun for dataset_with_extra_from_classic_operator to 2025-03-17 00:00:00+00:00, run_after=2025-03-18 00:00:00+00:00
[2025-03-18T11:04:26.074+0000] {processor.py:208} INFO - Processing /usr/local/python/3.12.1/lib/python3.12/site-packages/airflow/example_dags/example_outlet_event_extra.py took 0.068 seconds
[2025-03-18T11:05:14.536+0000] {processor.py:186} INFO - Started process (PID=59550) to work on /usr/local/python/3.12.1/lib/python3.12/site-packages/airflow/example_dags/example_outlet_event_extra.py
[2025-03-18T11:05:14.536+0000] {processor.py:914} INFO - Processing file /usr/local/python/3.12.1/lib/python3.12/site-packages/airflow/example_dags/example_outlet_event_extra.py for tasks to queue
[2025-03-18T11:05:14.538+0000] {logging_mixin.py:190} INFO - [2025-03-18T11:05:14.537+0000] {dagbag.py:588} INFO - Filling up the DagBag from /usr/local/python/3.12.1/lib/python3.12/site-packages/airflow/example_dags/example_outlet_event_extra.py
[2025-03-18T11:05:14.549+0000] {processor.py:925} INFO - DAG(s) 'dataset_with_extra_by_context', 'dataset_with_extra_from_classic_operator', 'dataset_with_extra_by_yield' retrieved from /usr/local/python/3.12.1/lib/python3.12/site-packages/airflow/example_dags/example_outlet_event_extra.py
[2025-03-18T11:05:14.563+0000] {logging_mixin.py:190} INFO - [2025-03-18T11:05:14.563+0000] {dag.py:3239} INFO - Sync 3 DAGs
[2025-03-18T11:05:14.579+0000] {logging_mixin.py:190} INFO - [2025-03-18T11:05:14.579+0000] {dag.py:4180} INFO - Setting next_dagrun for dataset_with_extra_by_context to 2025-03-17 00:00:00+00:00, run_after=2025-03-18 00:00:00+00:00
[2025-03-18T11:05:14.582+0000] {logging_mixin.py:190} INFO - [2025-03-18T11:05:14.582+0000] {dag.py:4180} INFO - Setting next_dagrun for dataset_with_extra_by_yield to 2025-03-17 00:00:00+00:00, run_after=2025-03-18 00:00:00+00:00
[2025-03-18T11:05:14.584+0000] {logging_mixin.py:190} INFO - [2025-03-18T11:05:14.584+0000] {dag.py:4180} INFO - Setting next_dagrun for dataset_with_extra_from_classic_operator to 2025-03-17 00:00:00+00:00, run_after=2025-03-18 00:00:00+00:00
[2025-03-18T11:05:14.599+0000] {processor.py:208} INFO - Processing /usr/local/python/3.12.1/lib/python3.12/site-packages/airflow/example_dags/example_outlet_event_extra.py took 0.068 seconds
[2025-03-18T11:06:03.928+0000] {processor.py:186} INFO - Started process (PID=59941) to work on /usr/local/python/3.12.1/lib/python3.12/site-packages/airflow/example_dags/example_outlet_event_extra.py
[2025-03-18T11:06:03.929+0000] {processor.py:914} INFO - Processing file /usr/local/python/3.12.1/lib/python3.12/site-packages/airflow/example_dags/example_outlet_event_extra.py for tasks to queue
[2025-03-18T11:06:03.930+0000] {logging_mixin.py:190} INFO - [2025-03-18T11:06:03.930+0000] {dagbag.py:588} INFO - Filling up the DagBag from /usr/local/python/3.12.1/lib/python3.12/site-packages/airflow/example_dags/example_outlet_event_extra.py
[2025-03-18T11:06:03.942+0000] {processor.py:925} INFO - DAG(s) 'dataset_with_extra_by_context', 'dataset_with_extra_from_classic_operator', 'dataset_with_extra_by_yield' retrieved from /usr/local/python/3.12.1/lib/python3.12/site-packages/airflow/example_dags/example_outlet_event_extra.py
[2025-03-18T11:06:03.955+0000] {logging_mixin.py:190} INFO - [2025-03-18T11:06:03.955+0000] {dag.py:3239} INFO - Sync 3 DAGs
[2025-03-18T11:06:03.972+0000] {logging_mixin.py:190} INFO - [2025-03-18T11:06:03.972+0000] {dag.py:4180} INFO - Setting next_dagrun for dataset_with_extra_by_context to 2025-03-17 00:00:00+00:00, run_after=2025-03-18 00:00:00+00:00
[2025-03-18T11:06:03.976+0000] {logging_mixin.py:190} INFO - [2025-03-18T11:06:03.975+0000] {dag.py:4180} INFO - Setting next_dagrun for dataset_with_extra_by_yield to 2025-03-17 00:00:00+00:00, run_after=2025-03-18 00:00:00+00:00
[2025-03-18T11:06:03.977+0000] {logging_mixin.py:190} INFO - [2025-03-18T11:06:03.977+0000] {dag.py:4180} INFO - Setting next_dagrun for dataset_with_extra_from_classic_operator to 2025-03-17 00:00:00+00:00, run_after=2025-03-18 00:00:00+00:00
[2025-03-18T11:06:03.993+0000] {processor.py:208} INFO - Processing /usr/local/python/3.12.1/lib/python3.12/site-packages/airflow/example_dags/example_outlet_event_extra.py took 0.069 seconds
[2025-03-18T11:06:53.916+0000] {processor.py:186} INFO - Started process (PID=60333) to work on /usr/local/python/3.12.1/lib/python3.12/site-packages/airflow/example_dags/example_outlet_event_extra.py
[2025-03-18T11:06:53.916+0000] {processor.py:914} INFO - Processing file /usr/local/python/3.12.1/lib/python3.12/site-packages/airflow/example_dags/example_outlet_event_extra.py for tasks to queue
[2025-03-18T11:06:53.918+0000] {logging_mixin.py:190} INFO - [2025-03-18T11:06:53.918+0000] {dagbag.py:588} INFO - Filling up the DagBag from /usr/local/python/3.12.1/lib/python3.12/site-packages/airflow/example_dags/example_outlet_event_extra.py
[2025-03-18T11:06:53.932+0000] {processor.py:925} INFO - DAG(s) 'dataset_with_extra_by_yield', 'dataset_with_extra_from_classic_operator', 'dataset_with_extra_by_context' retrieved from /usr/local/python/3.12.1/lib/python3.12/site-packages/airflow/example_dags/example_outlet_event_extra.py
[2025-03-18T11:06:53.946+0000] {logging_mixin.py:190} INFO - [2025-03-18T11:06:53.946+0000] {dag.py:3239} INFO - Sync 3 DAGs
[2025-03-18T11:06:53.963+0000] {logging_mixin.py:190} INFO - [2025-03-18T11:06:53.963+0000] {dag.py:4180} INFO - Setting next_dagrun for dataset_with_extra_by_context to 2025-03-17 00:00:00+00:00, run_after=2025-03-18 00:00:00+00:00
[2025-03-18T11:06:53.967+0000] {logging_mixin.py:190} INFO - [2025-03-18T11:06:53.967+0000] {dag.py:4180} INFO - Setting next_dagrun for dataset_with_extra_by_yield to 2025-03-17 00:00:00+00:00, run_after=2025-03-18 00:00:00+00:00
[2025-03-18T11:06:53.968+0000] {logging_mixin.py:190} INFO - [2025-03-18T11:06:53.968+0000] {dag.py:4180} INFO - Setting next_dagrun for dataset_with_extra_from_classic_operator to 2025-03-17 00:00:00+00:00, run_after=2025-03-18 00:00:00+00:00
[2025-03-18T11:06:53.984+0000] {processor.py:208} INFO - Processing /usr/local/python/3.12.1/lib/python3.12/site-packages/airflow/example_dags/example_outlet_event_extra.py took 0.073 seconds
[2025-03-18T11:07:45.253+0000] {processor.py:186} INFO - Started process (PID=60746) to work on /usr/local/python/3.12.1/lib/python3.12/site-packages/airflow/example_dags/example_outlet_event_extra.py
[2025-03-18T11:07:45.254+0000] {processor.py:914} INFO - Processing file /usr/local/python/3.12.1/lib/python3.12/site-packages/airflow/example_dags/example_outlet_event_extra.py for tasks to queue
[2025-03-18T11:07:45.256+0000] {logging_mixin.py:190} INFO - [2025-03-18T11:07:45.255+0000] {dagbag.py:588} INFO - Filling up the DagBag from /usr/local/python/3.12.1/lib/python3.12/site-packages/airflow/example_dags/example_outlet_event_extra.py
[2025-03-18T11:07:45.266+0000] {processor.py:925} INFO - DAG(s) 'dataset_with_extra_from_classic_operator', 'dataset_with_extra_by_yield', 'dataset_with_extra_by_context' retrieved from /usr/local/python/3.12.1/lib/python3.12/site-packages/airflow/example_dags/example_outlet_event_extra.py
[2025-03-18T11:07:45.280+0000] {logging_mixin.py:190} INFO - [2025-03-18T11:07:45.280+0000] {dag.py:3239} INFO - Sync 3 DAGs
[2025-03-18T11:07:45.296+0000] {logging_mixin.py:190} INFO - [2025-03-18T11:07:45.296+0000] {dag.py:4180} INFO - Setting next_dagrun for dataset_with_extra_by_context to 2025-03-17 00:00:00+00:00, run_after=2025-03-18 00:00:00+00:00
[2025-03-18T11:07:45.300+0000] {logging_mixin.py:190} INFO - [2025-03-18T11:07:45.300+0000] {dag.py:4180} INFO - Setting next_dagrun for dataset_with_extra_by_yield to 2025-03-17 00:00:00+00:00, run_after=2025-03-18 00:00:00+00:00
[2025-03-18T11:07:45.302+0000] {logging_mixin.py:190} INFO - [2025-03-18T11:07:45.301+0000] {dag.py:4180} INFO - Setting next_dagrun for dataset_with_extra_from_classic_operator to 2025-03-17 00:00:00+00:00, run_after=2025-03-18 00:00:00+00:00
[2025-03-18T11:07:45.317+0000] {processor.py:208} INFO - Processing /usr/local/python/3.12.1/lib/python3.12/site-packages/airflow/example_dags/example_outlet_event_extra.py took 0.067 seconds
[2025-03-18T11:08:35.376+0000] {processor.py:186} INFO - Started process (PID=61164) to work on /usr/local/python/3.12.1/lib/python3.12/site-packages/airflow/example_dags/example_outlet_event_extra.py
[2025-03-18T11:08:35.376+0000] {processor.py:914} INFO - Processing file /usr/local/python/3.12.1/lib/python3.12/site-packages/airflow/example_dags/example_outlet_event_extra.py for tasks to queue
[2025-03-18T11:08:35.378+0000] {logging_mixin.py:190} INFO - [2025-03-18T11:08:35.378+0000] {dagbag.py:588} INFO - Filling up the DagBag from /usr/local/python/3.12.1/lib/python3.12/site-packages/airflow/example_dags/example_outlet_event_extra.py
[2025-03-18T11:08:35.389+0000] {processor.py:925} INFO - DAG(s) 'dataset_with_extra_from_classic_operator', 'dataset_with_extra_by_yield', 'dataset_with_extra_by_context' retrieved from /usr/local/python/3.12.1/lib/python3.12/site-packages/airflow/example_dags/example_outlet_event_extra.py
[2025-03-18T11:08:35.402+0000] {logging_mixin.py:190} INFO - [2025-03-18T11:08:35.402+0000] {dag.py:3239} INFO - Sync 3 DAGs
[2025-03-18T11:08:35.419+0000] {logging_mixin.py:190} INFO - [2025-03-18T11:08:35.419+0000] {dag.py:4180} INFO - Setting next_dagrun for dataset_with_extra_by_context to 2025-03-17 00:00:00+00:00, run_after=2025-03-18 00:00:00+00:00
[2025-03-18T11:08:35.422+0000] {logging_mixin.py:190} INFO - [2025-03-18T11:08:35.422+0000] {dag.py:4180} INFO - Setting next_dagrun for dataset_with_extra_by_yield to 2025-03-17 00:00:00+00:00, run_after=2025-03-18 00:00:00+00:00
[2025-03-18T11:08:35.424+0000] {logging_mixin.py:190} INFO - [2025-03-18T11:08:35.424+0000] {dag.py:4180} INFO - Setting next_dagrun for dataset_with_extra_from_classic_operator to 2025-03-17 00:00:00+00:00, run_after=2025-03-18 00:00:00+00:00
[2025-03-18T11:08:35.440+0000] {processor.py:208} INFO - Processing /usr/local/python/3.12.1/lib/python3.12/site-packages/airflow/example_dags/example_outlet_event_extra.py took 0.069 seconds
[2025-03-18T11:09:27.849+0000] {processor.py:186} INFO - Started process (PID=61617) to work on /usr/local/python/3.12.1/lib/python3.12/site-packages/airflow/example_dags/example_outlet_event_extra.py
[2025-03-18T11:09:27.849+0000] {processor.py:914} INFO - Processing file /usr/local/python/3.12.1/lib/python3.12/site-packages/airflow/example_dags/example_outlet_event_extra.py for tasks to queue
[2025-03-18T11:09:27.851+0000] {logging_mixin.py:190} INFO - [2025-03-18T11:09:27.850+0000] {dagbag.py:588} INFO - Filling up the DagBag from /usr/local/python/3.12.1/lib/python3.12/site-packages/airflow/example_dags/example_outlet_event_extra.py
[2025-03-18T11:09:27.862+0000] {processor.py:925} INFO - DAG(s) 'dataset_with_extra_by_yield', 'dataset_with_extra_by_context', 'dataset_with_extra_from_classic_operator' retrieved from /usr/local/python/3.12.1/lib/python3.12/site-packages/airflow/example_dags/example_outlet_event_extra.py
[2025-03-18T11:09:27.876+0000] {logging_mixin.py:190} INFO - [2025-03-18T11:09:27.875+0000] {dag.py:3239} INFO - Sync 3 DAGs
[2025-03-18T11:09:27.893+0000] {logging_mixin.py:190} INFO - [2025-03-18T11:09:27.893+0000] {dag.py:4180} INFO - Setting next_dagrun for dataset_with_extra_by_context to 2025-03-17 00:00:00+00:00, run_after=2025-03-18 00:00:00+00:00
[2025-03-18T11:09:27.896+0000] {logging_mixin.py:190} INFO - [2025-03-18T11:09:27.896+0000] {dag.py:4180} INFO - Setting next_dagrun for dataset_with_extra_by_yield to 2025-03-17 00:00:00+00:00, run_after=2025-03-18 00:00:00+00:00
[2025-03-18T11:09:27.898+0000] {logging_mixin.py:190} INFO - [2025-03-18T11:09:27.898+0000] {dag.py:4180} INFO - Setting next_dagrun for dataset_with_extra_from_classic_operator to 2025-03-17 00:00:00+00:00, run_after=2025-03-18 00:00:00+00:00
[2025-03-18T11:09:27.914+0000] {processor.py:208} INFO - Processing /usr/local/python/3.12.1/lib/python3.12/site-packages/airflow/example_dags/example_outlet_event_extra.py took 0.070 seconds
[2025-03-18T11:10:21.466+0000] {processor.py:186} INFO - Started process (PID=62092) to work on /usr/local/python/3.12.1/lib/python3.12/site-packages/airflow/example_dags/example_outlet_event_extra.py
[2025-03-18T11:10:21.467+0000] {processor.py:914} INFO - Processing file /usr/local/python/3.12.1/lib/python3.12/site-packages/airflow/example_dags/example_outlet_event_extra.py for tasks to queue
[2025-03-18T11:10:21.468+0000] {logging_mixin.py:190} INFO - [2025-03-18T11:10:21.468+0000] {dagbag.py:588} INFO - Filling up the DagBag from /usr/local/python/3.12.1/lib/python3.12/site-packages/airflow/example_dags/example_outlet_event_extra.py
[2025-03-18T11:10:21.480+0000] {processor.py:925} INFO - DAG(s) 'dataset_with_extra_from_classic_operator', 'dataset_with_extra_by_yield', 'dataset_with_extra_by_context' retrieved from /usr/local/python/3.12.1/lib/python3.12/site-packages/airflow/example_dags/example_outlet_event_extra.py
[2025-03-18T11:10:21.493+0000] {logging_mixin.py:190} INFO - [2025-03-18T11:10:21.493+0000] {dag.py:3239} INFO - Sync 3 DAGs
[2025-03-18T11:10:21.509+0000] {logging_mixin.py:190} INFO - [2025-03-18T11:10:21.509+0000] {dag.py:4180} INFO - Setting next_dagrun for dataset_with_extra_by_context to 2025-03-17 00:00:00+00:00, run_after=2025-03-18 00:00:00+00:00
[2025-03-18T11:10:21.513+0000] {logging_mixin.py:190} INFO - [2025-03-18T11:10:21.513+0000] {dag.py:4180} INFO - Setting next_dagrun for dataset_with_extra_by_yield to 2025-03-17 00:00:00+00:00, run_after=2025-03-18 00:00:00+00:00
[2025-03-18T11:10:21.515+0000] {logging_mixin.py:190} INFO - [2025-03-18T11:10:21.515+0000] {dag.py:4180} INFO - Setting next_dagrun for dataset_with_extra_from_classic_operator to 2025-03-17 00:00:00+00:00, run_after=2025-03-18 00:00:00+00:00
[2025-03-18T11:10:21.530+0000] {processor.py:208} INFO - Processing /usr/local/python/3.12.1/lib/python3.12/site-packages/airflow/example_dags/example_outlet_event_extra.py took 0.068 seconds
[2025-03-18T11:11:09.488+0000] {processor.py:186} INFO - Started process (PID=62499) to work on /usr/local/python/3.12.1/lib/python3.12/site-packages/airflow/example_dags/example_outlet_event_extra.py
[2025-03-18T11:11:09.489+0000] {processor.py:914} INFO - Processing file /usr/local/python/3.12.1/lib/python3.12/site-packages/airflow/example_dags/example_outlet_event_extra.py for tasks to queue
[2025-03-18T11:11:09.490+0000] {logging_mixin.py:190} INFO - [2025-03-18T11:11:09.490+0000] {dagbag.py:588} INFO - Filling up the DagBag from /usr/local/python/3.12.1/lib/python3.12/site-packages/airflow/example_dags/example_outlet_event_extra.py
[2025-03-18T11:11:09.501+0000] {processor.py:925} INFO - DAG(s) 'dataset_with_extra_from_classic_operator', 'dataset_with_extra_by_yield', 'dataset_with_extra_by_context' retrieved from /usr/local/python/3.12.1/lib/python3.12/site-packages/airflow/example_dags/example_outlet_event_extra.py
[2025-03-18T11:11:09.515+0000] {logging_mixin.py:190} INFO - [2025-03-18T11:11:09.515+0000] {dag.py:3239} INFO - Sync 3 DAGs
[2025-03-18T11:11:09.531+0000] {logging_mixin.py:190} INFO - [2025-03-18T11:11:09.531+0000] {dag.py:4180} INFO - Setting next_dagrun for dataset_with_extra_by_context to 2025-03-17 00:00:00+00:00, run_after=2025-03-18 00:00:00+00:00
[2025-03-18T11:11:09.534+0000] {logging_mixin.py:190} INFO - [2025-03-18T11:11:09.534+0000] {dag.py:4180} INFO - Setting next_dagrun for dataset_with_extra_by_yield to 2025-03-17 00:00:00+00:00, run_after=2025-03-18 00:00:00+00:00
[2025-03-18T11:11:09.536+0000] {logging_mixin.py:190} INFO - [2025-03-18T11:11:09.536+0000] {dag.py:4180} INFO - Setting next_dagrun for dataset_with_extra_from_classic_operator to 2025-03-17 00:00:00+00:00, run_after=2025-03-18 00:00:00+00:00
[2025-03-18T11:11:09.551+0000] {processor.py:208} INFO - Processing /usr/local/python/3.12.1/lib/python3.12/site-packages/airflow/example_dags/example_outlet_event_extra.py took 0.067 seconds
[2025-03-18T11:11:56.606+0000] {processor.py:186} INFO - Started process (PID=63056) to work on /usr/local/python/3.12.1/lib/python3.12/site-packages/airflow/example_dags/example_outlet_event_extra.py
[2025-03-18T11:11:56.606+0000] {processor.py:914} INFO - Processing file /usr/local/python/3.12.1/lib/python3.12/site-packages/airflow/example_dags/example_outlet_event_extra.py for tasks to queue
[2025-03-18T11:11:56.608+0000] {logging_mixin.py:190} INFO - [2025-03-18T11:11:56.607+0000] {dagbag.py:588} INFO - Filling up the DagBag from /usr/local/python/3.12.1/lib/python3.12/site-packages/airflow/example_dags/example_outlet_event_extra.py
[2025-03-18T11:11:56.619+0000] {processor.py:925} INFO - DAG(s) 'dataset_with_extra_from_classic_operator', 'dataset_with_extra_by_yield', 'dataset_with_extra_by_context' retrieved from /usr/local/python/3.12.1/lib/python3.12/site-packages/airflow/example_dags/example_outlet_event_extra.py
[2025-03-18T11:11:56.632+0000] {logging_mixin.py:190} INFO - [2025-03-18T11:11:56.632+0000] {dag.py:3239} INFO - Sync 3 DAGs
[2025-03-18T11:11:56.650+0000] {logging_mixin.py:190} INFO - [2025-03-18T11:11:56.650+0000] {dag.py:4180} INFO - Setting next_dagrun for dataset_with_extra_by_context to 2025-03-17 00:00:00+00:00, run_after=2025-03-18 00:00:00+00:00
[2025-03-18T11:11:56.653+0000] {logging_mixin.py:190} INFO - [2025-03-18T11:11:56.653+0000] {dag.py:4180} INFO - Setting next_dagrun for dataset_with_extra_by_yield to 2025-03-17 00:00:00+00:00, run_after=2025-03-18 00:00:00+00:00
[2025-03-18T11:11:56.655+0000] {logging_mixin.py:190} INFO - [2025-03-18T11:11:56.655+0000] {dag.py:4180} INFO - Setting next_dagrun for dataset_with_extra_from_classic_operator to 2025-03-17 00:00:00+00:00, run_after=2025-03-18 00:00:00+00:00
[2025-03-18T11:11:56.670+0000] {processor.py:208} INFO - Processing /usr/local/python/3.12.1/lib/python3.12/site-packages/airflow/example_dags/example_outlet_event_extra.py took 0.069 seconds
[2025-03-18T11:50:44.345+0000] {processor.py:186} INFO - Started process (PID=83062) to work on /usr/local/python/3.12.1/lib/python3.12/site-packages/airflow/example_dags/example_outlet_event_extra.py
[2025-03-18T11:50:44.346+0000] {processor.py:914} INFO - Processing file /usr/local/python/3.12.1/lib/python3.12/site-packages/airflow/example_dags/example_outlet_event_extra.py for tasks to queue
[2025-03-18T11:50:44.347+0000] {logging_mixin.py:190} INFO - [2025-03-18T11:50:44.347+0000] {dagbag.py:588} INFO - Filling up the DagBag from /usr/local/python/3.12.1/lib/python3.12/site-packages/airflow/example_dags/example_outlet_event_extra.py
[2025-03-18T11:50:44.358+0000] {processor.py:925} INFO - DAG(s) 'dataset_with_extra_by_yield', 'dataset_with_extra_from_classic_operator', 'dataset_with_extra_by_context' retrieved from /usr/local/python/3.12.1/lib/python3.12/site-packages/airflow/example_dags/example_outlet_event_extra.py
[2025-03-18T11:50:44.374+0000] {logging_mixin.py:190} INFO - [2025-03-18T11:50:44.373+0000] {dag.py:3239} INFO - Sync 3 DAGs
[2025-03-18T11:50:44.391+0000] {logging_mixin.py:190} INFO - [2025-03-18T11:50:44.391+0000] {dag.py:4180} INFO - Setting next_dagrun for dataset_with_extra_by_context to 2025-03-17 00:00:00+00:00, run_after=2025-03-18 00:00:00+00:00
[2025-03-18T11:50:44.394+0000] {logging_mixin.py:190} INFO - [2025-03-18T11:50:44.394+0000] {dag.py:4180} INFO - Setting next_dagrun for dataset_with_extra_by_yield to 2025-03-17 00:00:00+00:00, run_after=2025-03-18 00:00:00+00:00
[2025-03-18T11:50:44.396+0000] {logging_mixin.py:190} INFO - [2025-03-18T11:50:44.396+0000] {dag.py:4180} INFO - Setting next_dagrun for dataset_with_extra_from_classic_operator to 2025-03-17 00:00:00+00:00, run_after=2025-03-18 00:00:00+00:00
[2025-03-18T11:50:44.411+0000] {processor.py:208} INFO - Processing /usr/local/python/3.12.1/lib/python3.12/site-packages/airflow/example_dags/example_outlet_event_extra.py took 0.070 seconds
