[2025-03-18T10:51:39.618+0000] {processor.py:186} INFO - Started process (PID=49336) to work on /usr/local/python/3.12.1/lib/python3.12/site-packages/airflow/example_dags/example_subdag_operator.py
[2025-03-18T10:51:39.618+0000] {processor.py:914} INFO - Processing file /usr/local/python/3.12.1/lib/python3.12/site-packages/airflow/example_dags/example_subdag_operator.py for tasks to queue
[2025-03-18T10:51:39.620+0000] {logging_mixin.py:190} INFO - [2025-03-18T10:51:39.619+0000] {dagbag.py:588} INFO - Filling up the DagBag from /usr/local/python/3.12.1/lib/python3.12/site-packages/airflow/example_dags/example_subdag_operator.py
[2025-03-18T10:51:39.635+0000] {processor.py:925} INFO - DAG(s) 'example_subdag_operator.section-1', 'example_subdag_operator.section-2', 'example_subdag_operator' retrieved from /usr/local/python/3.12.1/lib/python3.12/site-packages/airflow/example_dags/example_subdag_operator.py
[2025-03-18T10:51:39.717+0000] {logging_mixin.py:190} INFO - [2025-03-18T10:51:39.717+0000] {override.py:1930} INFO - Created Permission View: can read on DAG:example_subdag_operator
[2025-03-18T10:51:39.725+0000] {logging_mixin.py:190} INFO - [2025-03-18T10:51:39.725+0000] {override.py:1930} INFO - Created Permission View: can edit on DAG:example_subdag_operator
[2025-03-18T10:51:39.731+0000] {logging_mixin.py:190} INFO - [2025-03-18T10:51:39.731+0000] {override.py:1930} INFO - Created Permission View: can delete on DAG:example_subdag_operator
[2025-03-18T10:51:39.740+0000] {logging_mixin.py:190} INFO - [2025-03-18T10:51:39.740+0000] {override.py:1930} INFO - Created Permission View: can read on DAG Run:example_subdag_operator
[2025-03-18T10:51:39.745+0000] {logging_mixin.py:190} INFO - [2025-03-18T10:51:39.745+0000] {override.py:1930} INFO - Created Permission View: can create on DAG Run:example_subdag_operator
[2025-03-18T10:51:39.750+0000] {logging_mixin.py:190} INFO - [2025-03-18T10:51:39.750+0000] {override.py:1930} INFO - Created Permission View: menu access on DAG Run:example_subdag_operator
[2025-03-18T10:51:39.756+0000] {logging_mixin.py:190} INFO - [2025-03-18T10:51:39.756+0000] {override.py:1930} INFO - Created Permission View: can delete on DAG Run:example_subdag_operator
[2025-03-18T10:51:39.756+0000] {logging_mixin.py:190} INFO - [2025-03-18T10:51:39.756+0000] {dag.py:3239} INFO - Sync 3 DAGs
[2025-03-18T10:51:39.765+0000] {logging_mixin.py:190} INFO - [2025-03-18T10:51:39.765+0000] {dag.py:3262} INFO - Creating ORM DAG for example_subdag_operator
[2025-03-18T10:51:39.766+0000] {logging_mixin.py:190} INFO - [2025-03-18T10:51:39.766+0000] {dag.py:3262} INFO - Creating ORM DAG for example_subdag_operator.section-2
[2025-03-18T10:51:39.766+0000] {logging_mixin.py:190} INFO - [2025-03-18T10:51:39.766+0000] {dag.py:3262} INFO - Creating ORM DAG for example_subdag_operator.section-1
[2025-03-18T10:51:39.772+0000] {logging_mixin.py:190} INFO - [2025-03-18T10:51:39.772+0000] {dag.py:4180} INFO - Setting next_dagrun for example_subdag_operator to 2022-01-01 00:00:00+00:00, run_after=2022-01-01 00:00:00+00:00
[2025-03-18T10:51:39.772+0000] {logging_mixin.py:190} INFO - [2025-03-18T10:51:39.772+0000] {dag.py:4180} INFO - Setting next_dagrun for example_subdag_operator.section-1 to None, run_after=None
[2025-03-18T10:51:39.773+0000] {logging_mixin.py:190} INFO - [2025-03-18T10:51:39.773+0000] {dag.py:4180} INFO - Setting next_dagrun for example_subdag_operator.section-2 to None, run_after=None
[2025-03-18T10:51:39.777+0000] {logging_mixin.py:190} INFO - [2025-03-18T10:51:39.777+0000] {dag.py:3239} INFO - Sync 2 DAGs
[2025-03-18T10:51:39.780+0000] {logging_mixin.py:190} INFO - [2025-03-18T10:51:39.780+0000] {dag.py:4180} INFO - Setting next_dagrun for example_subdag_operator.section-1 to None, run_after=None
[2025-03-18T10:51:39.782+0000] {logging_mixin.py:190} INFO - [2025-03-18T10:51:39.781+0000] {dag.py:4180} INFO - Setting next_dagrun for example_subdag_operator.section-2 to None, run_after=None
[2025-03-18T10:51:39.793+0000] {processor.py:208} INFO - Processing /usr/local/python/3.12.1/lib/python3.12/site-packages/airflow/example_dags/example_subdag_operator.py took 0.179 seconds
[2025-03-18T10:52:40.366+0000] {processor.py:186} INFO - Started process (PID=50042) to work on /usr/local/python/3.12.1/lib/python3.12/site-packages/airflow/example_dags/example_subdag_operator.py
[2025-03-18T10:52:40.366+0000] {processor.py:914} INFO - Processing file /usr/local/python/3.12.1/lib/python3.12/site-packages/airflow/example_dags/example_subdag_operator.py for tasks to queue
[2025-03-18T10:52:40.368+0000] {logging_mixin.py:190} INFO - [2025-03-18T10:52:40.368+0000] {dagbag.py:588} INFO - Filling up the DagBag from /usr/local/python/3.12.1/lib/python3.12/site-packages/airflow/example_dags/example_subdag_operator.py
[2025-03-18T10:52:40.388+0000] {processor.py:925} INFO - DAG(s) 'example_subdag_operator.section-1', 'example_subdag_operator.section-2', 'example_subdag_operator' retrieved from /usr/local/python/3.12.1/lib/python3.12/site-packages/airflow/example_dags/example_subdag_operator.py
[2025-03-18T10:52:40.400+0000] {logging_mixin.py:190} INFO - [2025-03-18T10:52:40.400+0000] {dag.py:3239} INFO - Sync 3 DAGs
[2025-03-18T10:52:40.419+0000] {logging_mixin.py:190} INFO - [2025-03-18T10:52:40.418+0000] {dag.py:4180} INFO - Setting next_dagrun for example_subdag_operator to 2022-01-01 00:00:00+00:00, run_after=2022-01-01 00:00:00+00:00
[2025-03-18T10:52:40.421+0000] {logging_mixin.py:190} INFO - [2025-03-18T10:52:40.421+0000] {dag.py:4180} INFO - Setting next_dagrun for example_subdag_operator.section-1 to None, run_after=None
[2025-03-18T10:52:40.422+0000] {logging_mixin.py:190} INFO - [2025-03-18T10:52:40.422+0000] {dag.py:4180} INFO - Setting next_dagrun for example_subdag_operator.section-2 to None, run_after=None
[2025-03-18T10:52:40.427+0000] {logging_mixin.py:190} INFO - [2025-03-18T10:52:40.427+0000] {dag.py:3239} INFO - Sync 2 DAGs
[2025-03-18T10:52:40.431+0000] {logging_mixin.py:190} INFO - [2025-03-18T10:52:40.431+0000] {dag.py:4180} INFO - Setting next_dagrun for example_subdag_operator.section-1 to None, run_after=None
[2025-03-18T10:52:40.431+0000] {logging_mixin.py:190} INFO - [2025-03-18T10:52:40.431+0000] {dag.py:4180} INFO - Setting next_dagrun for example_subdag_operator.section-2 to None, run_after=None
[2025-03-18T10:52:40.443+0000] {processor.py:208} INFO - Processing /usr/local/python/3.12.1/lib/python3.12/site-packages/airflow/example_dags/example_subdag_operator.py took 0.082 seconds
[2025-03-18T10:53:20.276+0000] {processor.py:186} INFO - Started process (PID=50501) to work on /usr/local/python/3.12.1/lib/python3.12/site-packages/airflow/example_dags/example_subdag_operator.py
[2025-03-18T10:53:20.277+0000] {processor.py:914} INFO - Processing file /usr/local/python/3.12.1/lib/python3.12/site-packages/airflow/example_dags/example_subdag_operator.py for tasks to queue
[2025-03-18T10:53:20.278+0000] {logging_mixin.py:190} INFO - [2025-03-18T10:53:20.278+0000] {dagbag.py:588} INFO - Filling up the DagBag from /usr/local/python/3.12.1/lib/python3.12/site-packages/airflow/example_dags/example_subdag_operator.py
[2025-03-18T10:53:20.294+0000] {processor.py:925} INFO - DAG(s) 'example_subdag_operator.section-1', 'example_subdag_operator.section-2', 'example_subdag_operator' retrieved from /usr/local/python/3.12.1/lib/python3.12/site-packages/airflow/example_dags/example_subdag_operator.py
[2025-03-18T10:53:20.306+0000] {logging_mixin.py:190} INFO - [2025-03-18T10:53:20.306+0000] {dag.py:3239} INFO - Sync 3 DAGs
[2025-03-18T10:53:20.322+0000] {logging_mixin.py:190} INFO - [2025-03-18T10:53:20.322+0000] {dag.py:4180} INFO - Setting next_dagrun for example_subdag_operator to 2022-01-01 00:00:00+00:00, run_after=2022-01-01 00:00:00+00:00
[2025-03-18T10:53:20.325+0000] {logging_mixin.py:190} INFO - [2025-03-18T10:53:20.325+0000] {dag.py:4180} INFO - Setting next_dagrun for example_subdag_operator.section-1 to None, run_after=None
[2025-03-18T10:53:20.325+0000] {logging_mixin.py:190} INFO - [2025-03-18T10:53:20.325+0000] {dag.py:4180} INFO - Setting next_dagrun for example_subdag_operator.section-2 to None, run_after=None
[2025-03-18T10:53:20.330+0000] {logging_mixin.py:190} INFO - [2025-03-18T10:53:20.329+0000] {dag.py:3239} INFO - Sync 2 DAGs
[2025-03-18T10:53:20.332+0000] {logging_mixin.py:190} INFO - [2025-03-18T10:53:20.332+0000] {dag.py:4180} INFO - Setting next_dagrun for example_subdag_operator.section-1 to None, run_after=None
[2025-03-18T10:53:20.332+0000] {logging_mixin.py:190} INFO - [2025-03-18T10:53:20.332+0000] {dag.py:4180} INFO - Setting next_dagrun for example_subdag_operator.section-2 to None, run_after=None
[2025-03-18T10:53:20.342+0000] {processor.py:208} INFO - Processing /usr/local/python/3.12.1/lib/python3.12/site-packages/airflow/example_dags/example_subdag_operator.py took 0.070 seconds
[2025-03-18T10:54:16.793+0000] {processor.py:186} INFO - Started process (PID=51146) to work on /usr/local/python/3.12.1/lib/python3.12/site-packages/airflow/example_dags/example_subdag_operator.py
[2025-03-18T10:54:16.794+0000] {processor.py:914} INFO - Processing file /usr/local/python/3.12.1/lib/python3.12/site-packages/airflow/example_dags/example_subdag_operator.py for tasks to queue
[2025-03-18T10:54:16.795+0000] {logging_mixin.py:190} INFO - [2025-03-18T10:54:16.795+0000] {dagbag.py:588} INFO - Filling up the DagBag from /usr/local/python/3.12.1/lib/python3.12/site-packages/airflow/example_dags/example_subdag_operator.py
[2025-03-18T10:54:16.810+0000] {processor.py:925} INFO - DAG(s) 'example_subdag_operator.section-1', 'example_subdag_operator.section-2', 'example_subdag_operator' retrieved from /usr/local/python/3.12.1/lib/python3.12/site-packages/airflow/example_dags/example_subdag_operator.py
[2025-03-18T10:54:16.821+0000] {logging_mixin.py:190} INFO - [2025-03-18T10:54:16.821+0000] {dag.py:3239} INFO - Sync 3 DAGs
[2025-03-18T10:54:16.836+0000] {logging_mixin.py:190} INFO - [2025-03-18T10:54:16.836+0000] {dag.py:4180} INFO - Setting next_dagrun for example_subdag_operator to 2022-01-01 00:00:00+00:00, run_after=2022-01-01 00:00:00+00:00
[2025-03-18T10:54:16.839+0000] {logging_mixin.py:190} INFO - [2025-03-18T10:54:16.839+0000] {dag.py:4180} INFO - Setting next_dagrun for example_subdag_operator.section-1 to None, run_after=None
[2025-03-18T10:54:16.839+0000] {logging_mixin.py:190} INFO - [2025-03-18T10:54:16.839+0000] {dag.py:4180} INFO - Setting next_dagrun for example_subdag_operator.section-2 to None, run_after=None
[2025-03-18T10:54:16.844+0000] {logging_mixin.py:190} INFO - [2025-03-18T10:54:16.843+0000] {dag.py:3239} INFO - Sync 2 DAGs
[2025-03-18T10:54:16.846+0000] {logging_mixin.py:190} INFO - [2025-03-18T10:54:16.846+0000] {dag.py:4180} INFO - Setting next_dagrun for example_subdag_operator.section-1 to None, run_after=None
[2025-03-18T10:54:16.847+0000] {logging_mixin.py:190} INFO - [2025-03-18T10:54:16.846+0000] {dag.py:4180} INFO - Setting next_dagrun for example_subdag_operator.section-2 to None, run_after=None
[2025-03-18T10:54:16.856+0000] {processor.py:208} INFO - Processing /usr/local/python/3.12.1/lib/python3.12/site-packages/airflow/example_dags/example_subdag_operator.py took 0.067 seconds
[2025-03-18T10:55:09.882+0000] {processor.py:186} INFO - Started process (PID=51603) to work on /usr/local/python/3.12.1/lib/python3.12/site-packages/airflow/example_dags/example_subdag_operator.py
[2025-03-18T10:55:09.883+0000] {processor.py:914} INFO - Processing file /usr/local/python/3.12.1/lib/python3.12/site-packages/airflow/example_dags/example_subdag_operator.py for tasks to queue
[2025-03-18T10:55:09.884+0000] {logging_mixin.py:190} INFO - [2025-03-18T10:55:09.884+0000] {dagbag.py:588} INFO - Filling up the DagBag from /usr/local/python/3.12.1/lib/python3.12/site-packages/airflow/example_dags/example_subdag_operator.py
[2025-03-18T10:55:09.899+0000] {processor.py:925} INFO - DAG(s) 'example_subdag_operator.section-1', 'example_subdag_operator.section-2', 'example_subdag_operator' retrieved from /usr/local/python/3.12.1/lib/python3.12/site-packages/airflow/example_dags/example_subdag_operator.py
[2025-03-18T10:55:09.910+0000] {logging_mixin.py:190} INFO - [2025-03-18T10:55:09.910+0000] {dag.py:3239} INFO - Sync 3 DAGs
[2025-03-18T10:55:09.924+0000] {logging_mixin.py:190} INFO - [2025-03-18T10:55:09.924+0000] {dag.py:4180} INFO - Setting next_dagrun for example_subdag_operator to 2022-01-01 00:00:00+00:00, run_after=2022-01-01 00:00:00+00:00
[2025-03-18T10:55:09.927+0000] {logging_mixin.py:190} INFO - [2025-03-18T10:55:09.927+0000] {dag.py:4180} INFO - Setting next_dagrun for example_subdag_operator.section-1 to None, run_after=None
[2025-03-18T10:55:09.928+0000] {logging_mixin.py:190} INFO - [2025-03-18T10:55:09.927+0000] {dag.py:4180} INFO - Setting next_dagrun for example_subdag_operator.section-2 to None, run_after=None
[2025-03-18T10:55:09.932+0000] {logging_mixin.py:190} INFO - [2025-03-18T10:55:09.932+0000] {dag.py:3239} INFO - Sync 2 DAGs
[2025-03-18T10:55:09.935+0000] {logging_mixin.py:190} INFO - [2025-03-18T10:55:09.935+0000] {dag.py:4180} INFO - Setting next_dagrun for example_subdag_operator.section-1 to None, run_after=None
[2025-03-18T10:55:09.935+0000] {logging_mixin.py:190} INFO - [2025-03-18T10:55:09.935+0000] {dag.py:4180} INFO - Setting next_dagrun for example_subdag_operator.section-2 to None, run_after=None
[2025-03-18T10:55:09.945+0000] {processor.py:208} INFO - Processing /usr/local/python/3.12.1/lib/python3.12/site-packages/airflow/example_dags/example_subdag_operator.py took 0.067 seconds
[2025-03-18T10:56:03.257+0000] {processor.py:186} INFO - Started process (PID=52311) to work on /usr/local/python/3.12.1/lib/python3.12/site-packages/airflow/example_dags/example_subdag_operator.py
[2025-03-18T10:56:03.258+0000] {processor.py:914} INFO - Processing file /usr/local/python/3.12.1/lib/python3.12/site-packages/airflow/example_dags/example_subdag_operator.py for tasks to queue
[2025-03-18T10:56:03.259+0000] {logging_mixin.py:190} INFO - [2025-03-18T10:56:03.259+0000] {dagbag.py:588} INFO - Filling up the DagBag from /usr/local/python/3.12.1/lib/python3.12/site-packages/airflow/example_dags/example_subdag_operator.py
[2025-03-18T10:56:03.275+0000] {processor.py:925} INFO - DAG(s) 'example_subdag_operator.section-1', 'example_subdag_operator.section-2', 'example_subdag_operator' retrieved from /usr/local/python/3.12.1/lib/python3.12/site-packages/airflow/example_dags/example_subdag_operator.py
[2025-03-18T10:56:03.285+0000] {logging_mixin.py:190} INFO - [2025-03-18T10:56:03.285+0000] {dag.py:3239} INFO - Sync 3 DAGs
[2025-03-18T10:56:03.300+0000] {logging_mixin.py:190} INFO - [2025-03-18T10:56:03.300+0000] {dag.py:4180} INFO - Setting next_dagrun for example_subdag_operator to 2022-01-01 00:00:00+00:00, run_after=2022-01-01 00:00:00+00:00
[2025-03-18T10:56:03.303+0000] {logging_mixin.py:190} INFO - [2025-03-18T10:56:03.303+0000] {dag.py:4180} INFO - Setting next_dagrun for example_subdag_operator.section-1 to None, run_after=None
[2025-03-18T10:56:03.304+0000] {logging_mixin.py:190} INFO - [2025-03-18T10:56:03.304+0000] {dag.py:4180} INFO - Setting next_dagrun for example_subdag_operator.section-2 to None, run_after=None
[2025-03-18T10:56:03.308+0000] {logging_mixin.py:190} INFO - [2025-03-18T10:56:03.308+0000] {dag.py:3239} INFO - Sync 2 DAGs
[2025-03-18T10:56:03.311+0000] {logging_mixin.py:190} INFO - [2025-03-18T10:56:03.310+0000] {dag.py:4180} INFO - Setting next_dagrun for example_subdag_operator.section-1 to None, run_after=None
[2025-03-18T10:56:03.311+0000] {logging_mixin.py:190} INFO - [2025-03-18T10:56:03.311+0000] {dag.py:4180} INFO - Setting next_dagrun for example_subdag_operator.section-2 to None, run_after=None
[2025-03-18T10:56:03.320+0000] {processor.py:208} INFO - Processing /usr/local/python/3.12.1/lib/python3.12/site-packages/airflow/example_dags/example_subdag_operator.py took 0.067 seconds
[2025-03-18T10:56:53.929+0000] {processor.py:186} INFO - Started process (PID=52804) to work on /usr/local/python/3.12.1/lib/python3.12/site-packages/airflow/example_dags/example_subdag_operator.py
[2025-03-18T10:56:53.929+0000] {processor.py:914} INFO - Processing file /usr/local/python/3.12.1/lib/python3.12/site-packages/airflow/example_dags/example_subdag_operator.py for tasks to queue
[2025-03-18T10:56:53.931+0000] {logging_mixin.py:190} INFO - [2025-03-18T10:56:53.930+0000] {dagbag.py:588} INFO - Filling up the DagBag from /usr/local/python/3.12.1/lib/python3.12/site-packages/airflow/example_dags/example_subdag_operator.py
[2025-03-18T10:56:53.947+0000] {processor.py:925} INFO - DAG(s) 'example_subdag_operator.section-1', 'example_subdag_operator.section-2', 'example_subdag_operator' retrieved from /usr/local/python/3.12.1/lib/python3.12/site-packages/airflow/example_dags/example_subdag_operator.py
[2025-03-18T10:56:53.957+0000] {logging_mixin.py:190} INFO - [2025-03-18T10:56:53.957+0000] {dag.py:3239} INFO - Sync 3 DAGs
[2025-03-18T10:56:53.972+0000] {logging_mixin.py:190} INFO - [2025-03-18T10:56:53.972+0000] {dag.py:4180} INFO - Setting next_dagrun for example_subdag_operator to 2022-01-01 00:00:00+00:00, run_after=2022-01-01 00:00:00+00:00
[2025-03-18T10:56:53.975+0000] {logging_mixin.py:190} INFO - [2025-03-18T10:56:53.975+0000] {dag.py:4180} INFO - Setting next_dagrun for example_subdag_operator.section-1 to None, run_after=None
[2025-03-18T10:56:53.976+0000] {logging_mixin.py:190} INFO - [2025-03-18T10:56:53.975+0000] {dag.py:4180} INFO - Setting next_dagrun for example_subdag_operator.section-2 to None, run_after=None
[2025-03-18T10:56:53.980+0000] {logging_mixin.py:190} INFO - [2025-03-18T10:56:53.980+0000] {dag.py:3239} INFO - Sync 2 DAGs
[2025-03-18T10:56:53.983+0000] {logging_mixin.py:190} INFO - [2025-03-18T10:56:53.982+0000] {dag.py:4180} INFO - Setting next_dagrun for example_subdag_operator.section-1 to None, run_after=None
[2025-03-18T10:56:53.983+0000] {logging_mixin.py:190} INFO - [2025-03-18T10:56:53.983+0000] {dag.py:4180} INFO - Setting next_dagrun for example_subdag_operator.section-2 to None, run_after=None
[2025-03-18T10:56:53.995+0000] {processor.py:208} INFO - Processing /usr/local/python/3.12.1/lib/python3.12/site-packages/airflow/example_dags/example_subdag_operator.py took 0.070 seconds
[2025-03-18T10:57:42.948+0000] {processor.py:186} INFO - Started process (PID=53426) to work on /usr/local/python/3.12.1/lib/python3.12/site-packages/airflow/example_dags/example_subdag_operator.py
[2025-03-18T10:57:42.949+0000] {processor.py:914} INFO - Processing file /usr/local/python/3.12.1/lib/python3.12/site-packages/airflow/example_dags/example_subdag_operator.py for tasks to queue
[2025-03-18T10:57:42.950+0000] {logging_mixin.py:190} INFO - [2025-03-18T10:57:42.950+0000] {dagbag.py:588} INFO - Filling up the DagBag from /usr/local/python/3.12.1/lib/python3.12/site-packages/airflow/example_dags/example_subdag_operator.py
[2025-03-18T10:57:42.966+0000] {processor.py:925} INFO - DAG(s) 'example_subdag_operator.section-1', 'example_subdag_operator.section-2', 'example_subdag_operator' retrieved from /usr/local/python/3.12.1/lib/python3.12/site-packages/airflow/example_dags/example_subdag_operator.py
[2025-03-18T10:57:42.976+0000] {logging_mixin.py:190} INFO - [2025-03-18T10:57:42.976+0000] {dag.py:3239} INFO - Sync 3 DAGs
[2025-03-18T10:57:42.991+0000] {logging_mixin.py:190} INFO - [2025-03-18T10:57:42.991+0000] {dag.py:4180} INFO - Setting next_dagrun for example_subdag_operator to 2022-01-01 00:00:00+00:00, run_after=2022-01-01 00:00:00+00:00
[2025-03-18T10:57:42.993+0000] {logging_mixin.py:190} INFO - [2025-03-18T10:57:42.993+0000] {dag.py:4180} INFO - Setting next_dagrun for example_subdag_operator.section-1 to None, run_after=None
[2025-03-18T10:57:42.994+0000] {logging_mixin.py:190} INFO - [2025-03-18T10:57:42.994+0000] {dag.py:4180} INFO - Setting next_dagrun for example_subdag_operator.section-2 to None, run_after=None
[2025-03-18T10:57:42.998+0000] {logging_mixin.py:190} INFO - [2025-03-18T10:57:42.998+0000] {dag.py:3239} INFO - Sync 2 DAGs
[2025-03-18T10:57:43.002+0000] {logging_mixin.py:190} INFO - [2025-03-18T10:57:43.001+0000] {dag.py:4180} INFO - Setting next_dagrun for example_subdag_operator.section-1 to None, run_after=None
[2025-03-18T10:57:43.002+0000] {logging_mixin.py:190} INFO - [2025-03-18T10:57:43.002+0000] {dag.py:4180} INFO - Setting next_dagrun for example_subdag_operator.section-2 to None, run_after=None
[2025-03-18T10:57:43.013+0000] {processor.py:208} INFO - Processing /usr/local/python/3.12.1/lib/python3.12/site-packages/airflow/example_dags/example_subdag_operator.py took 0.069 seconds
[2025-03-18T10:58:32.477+0000] {processor.py:186} INFO - Started process (PID=53915) to work on /usr/local/python/3.12.1/lib/python3.12/site-packages/airflow/example_dags/example_subdag_operator.py
[2025-03-18T10:58:32.478+0000] {processor.py:914} INFO - Processing file /usr/local/python/3.12.1/lib/python3.12/site-packages/airflow/example_dags/example_subdag_operator.py for tasks to queue
[2025-03-18T10:58:32.479+0000] {logging_mixin.py:190} INFO - [2025-03-18T10:58:32.479+0000] {dagbag.py:588} INFO - Filling up the DagBag from /usr/local/python/3.12.1/lib/python3.12/site-packages/airflow/example_dags/example_subdag_operator.py
[2025-03-18T10:58:32.495+0000] {processor.py:925} INFO - DAG(s) 'example_subdag_operator.section-1', 'example_subdag_operator.section-2', 'example_subdag_operator' retrieved from /usr/local/python/3.12.1/lib/python3.12/site-packages/airflow/example_dags/example_subdag_operator.py
[2025-03-18T10:58:32.506+0000] {logging_mixin.py:190} INFO - [2025-03-18T10:58:32.506+0000] {dag.py:3239} INFO - Sync 3 DAGs
[2025-03-18T10:58:32.521+0000] {logging_mixin.py:190} INFO - [2025-03-18T10:58:32.521+0000] {dag.py:4180} INFO - Setting next_dagrun for example_subdag_operator to 2022-01-01 00:00:00+00:00, run_after=2022-01-01 00:00:00+00:00
[2025-03-18T10:58:32.523+0000] {logging_mixin.py:190} INFO - [2025-03-18T10:58:32.523+0000] {dag.py:4180} INFO - Setting next_dagrun for example_subdag_operator.section-1 to None, run_after=None
[2025-03-18T10:58:32.524+0000] {logging_mixin.py:190} INFO - [2025-03-18T10:58:32.524+0000] {dag.py:4180} INFO - Setting next_dagrun for example_subdag_operator.section-2 to None, run_after=None
[2025-03-18T10:58:32.528+0000] {logging_mixin.py:190} INFO - [2025-03-18T10:58:32.528+0000] {dag.py:3239} INFO - Sync 2 DAGs
[2025-03-18T10:58:32.531+0000] {logging_mixin.py:190} INFO - [2025-03-18T10:58:32.531+0000] {dag.py:4180} INFO - Setting next_dagrun for example_subdag_operator.section-1 to None, run_after=None
[2025-03-18T10:58:32.531+0000] {logging_mixin.py:190} INFO - [2025-03-18T10:58:32.531+0000] {dag.py:4180} INFO - Setting next_dagrun for example_subdag_operator.section-2 to None, run_after=None
[2025-03-18T10:58:32.541+0000] {processor.py:208} INFO - Processing /usr/local/python/3.12.1/lib/python3.12/site-packages/airflow/example_dags/example_subdag_operator.py took 0.067 seconds
[2025-03-18T10:59:19.486+0000] {processor.py:186} INFO - Started process (PID=54578) to work on /usr/local/python/3.12.1/lib/python3.12/site-packages/airflow/example_dags/example_subdag_operator.py
[2025-03-18T10:59:19.486+0000] {processor.py:914} INFO - Processing file /usr/local/python/3.12.1/lib/python3.12/site-packages/airflow/example_dags/example_subdag_operator.py for tasks to queue
[2025-03-18T10:59:19.488+0000] {logging_mixin.py:190} INFO - [2025-03-18T10:59:19.488+0000] {dagbag.py:588} INFO - Filling up the DagBag from /usr/local/python/3.12.1/lib/python3.12/site-packages/airflow/example_dags/example_subdag_operator.py
[2025-03-18T10:59:19.505+0000] {processor.py:925} INFO - DAG(s) 'example_subdag_operator.section-1', 'example_subdag_operator.section-2', 'example_subdag_operator' retrieved from /usr/local/python/3.12.1/lib/python3.12/site-packages/airflow/example_dags/example_subdag_operator.py
[2025-03-18T10:59:19.517+0000] {logging_mixin.py:190} INFO - [2025-03-18T10:59:19.516+0000] {dag.py:3239} INFO - Sync 3 DAGs
[2025-03-18T10:59:19.531+0000] {logging_mixin.py:190} INFO - [2025-03-18T10:59:19.531+0000] {dag.py:4180} INFO - Setting next_dagrun for example_subdag_operator to 2022-01-01 00:00:00+00:00, run_after=2022-01-01 00:00:00+00:00
[2025-03-18T10:59:19.534+0000] {logging_mixin.py:190} INFO - [2025-03-18T10:59:19.534+0000] {dag.py:4180} INFO - Setting next_dagrun for example_subdag_operator.section-1 to None, run_after=None
[2025-03-18T10:59:19.535+0000] {logging_mixin.py:190} INFO - [2025-03-18T10:59:19.535+0000] {dag.py:4180} INFO - Setting next_dagrun for example_subdag_operator.section-2 to None, run_after=None
[2025-03-18T10:59:19.539+0000] {logging_mixin.py:190} INFO - [2025-03-18T10:59:19.539+0000] {dag.py:3239} INFO - Sync 2 DAGs
[2025-03-18T10:59:19.542+0000] {logging_mixin.py:190} INFO - [2025-03-18T10:59:19.542+0000] {dag.py:4180} INFO - Setting next_dagrun for example_subdag_operator.section-1 to None, run_after=None
[2025-03-18T10:59:19.542+0000] {logging_mixin.py:190} INFO - [2025-03-18T10:59:19.542+0000] {dag.py:4180} INFO - Setting next_dagrun for example_subdag_operator.section-2 to None, run_after=None
[2025-03-18T10:59:19.552+0000] {processor.py:208} INFO - Processing /usr/local/python/3.12.1/lib/python3.12/site-packages/airflow/example_dags/example_subdag_operator.py took 0.071 seconds
[2025-03-18T11:00:06.719+0000] {processor.py:186} INFO - Started process (PID=54986) to work on /usr/local/python/3.12.1/lib/python3.12/site-packages/airflow/example_dags/example_subdag_operator.py
[2025-03-18T11:00:06.720+0000] {processor.py:914} INFO - Processing file /usr/local/python/3.12.1/lib/python3.12/site-packages/airflow/example_dags/example_subdag_operator.py for tasks to queue
[2025-03-18T11:00:06.721+0000] {logging_mixin.py:190} INFO - [2025-03-18T11:00:06.721+0000] {dagbag.py:588} INFO - Filling up the DagBag from /usr/local/python/3.12.1/lib/python3.12/site-packages/airflow/example_dags/example_subdag_operator.py
[2025-03-18T11:00:06.736+0000] {processor.py:925} INFO - DAG(s) 'example_subdag_operator.section-1', 'example_subdag_operator.section-2', 'example_subdag_operator' retrieved from /usr/local/python/3.12.1/lib/python3.12/site-packages/airflow/example_dags/example_subdag_operator.py
[2025-03-18T11:00:06.747+0000] {logging_mixin.py:190} INFO - [2025-03-18T11:00:06.747+0000] {dag.py:3239} INFO - Sync 3 DAGs
[2025-03-18T11:00:06.762+0000] {logging_mixin.py:190} INFO - [2025-03-18T11:00:06.762+0000] {dag.py:4180} INFO - Setting next_dagrun for example_subdag_operator to 2022-01-01 00:00:00+00:00, run_after=2022-01-01 00:00:00+00:00
[2025-03-18T11:00:06.765+0000] {logging_mixin.py:190} INFO - [2025-03-18T11:00:06.764+0000] {dag.py:4180} INFO - Setting next_dagrun for example_subdag_operator.section-1 to None, run_after=None
[2025-03-18T11:00:06.765+0000] {logging_mixin.py:190} INFO - [2025-03-18T11:00:06.765+0000] {dag.py:4180} INFO - Setting next_dagrun for example_subdag_operator.section-2 to None, run_after=None
[2025-03-18T11:00:06.769+0000] {logging_mixin.py:190} INFO - [2025-03-18T11:00:06.769+0000] {dag.py:3239} INFO - Sync 2 DAGs
[2025-03-18T11:00:06.772+0000] {logging_mixin.py:190} INFO - [2025-03-18T11:00:06.772+0000] {dag.py:4180} INFO - Setting next_dagrun for example_subdag_operator.section-1 to None, run_after=None
[2025-03-18T11:00:06.772+0000] {logging_mixin.py:190} INFO - [2025-03-18T11:00:06.772+0000] {dag.py:4180} INFO - Setting next_dagrun for example_subdag_operator.section-2 to None, run_after=None
[2025-03-18T11:00:06.781+0000] {processor.py:208} INFO - Processing /usr/local/python/3.12.1/lib/python3.12/site-packages/airflow/example_dags/example_subdag_operator.py took 0.066 seconds
[2025-03-18T11:00:58.168+0000] {processor.py:186} INFO - Started process (PID=57462) to work on /usr/local/python/3.12.1/lib/python3.12/site-packages/airflow/example_dags/example_subdag_operator.py
[2025-03-18T11:00:58.169+0000] {processor.py:914} INFO - Processing file /usr/local/python/3.12.1/lib/python3.12/site-packages/airflow/example_dags/example_subdag_operator.py for tasks to queue
[2025-03-18T11:00:58.171+0000] {logging_mixin.py:190} INFO - [2025-03-18T11:00:58.171+0000] {dagbag.py:588} INFO - Filling up the DagBag from /usr/local/python/3.12.1/lib/python3.12/site-packages/airflow/example_dags/example_subdag_operator.py
[2025-03-18T11:00:58.198+0000] {processor.py:925} INFO - DAG(s) 'example_subdag_operator.section-1', 'example_subdag_operator.section-2', 'example_subdag_operator' retrieved from /usr/local/python/3.12.1/lib/python3.12/site-packages/airflow/example_dags/example_subdag_operator.py
[2025-03-18T11:00:58.223+0000] {logging_mixin.py:190} INFO - [2025-03-18T11:00:58.222+0000] {dag.py:3239} INFO - Sync 3 DAGs
[2025-03-18T11:00:58.271+0000] {logging_mixin.py:190} INFO - [2025-03-18T11:00:58.270+0000] {dag.py:4180} INFO - Setting next_dagrun for example_subdag_operator to 2022-01-01 00:00:00+00:00, run_after=2022-01-01 00:00:00+00:00
[2025-03-18T11:00:58.277+0000] {logging_mixin.py:190} INFO - [2025-03-18T11:00:58.277+0000] {dag.py:4180} INFO - Setting next_dagrun for example_subdag_operator.section-1 to None, run_after=None
[2025-03-18T11:00:58.281+0000] {logging_mixin.py:190} INFO - [2025-03-18T11:00:58.280+0000] {dag.py:4180} INFO - Setting next_dagrun for example_subdag_operator.section-2 to None, run_after=None
[2025-03-18T11:00:58.287+0000] {logging_mixin.py:190} INFO - [2025-03-18T11:00:58.287+0000] {dag.py:3239} INFO - Sync 2 DAGs
[2025-03-18T11:00:58.292+0000] {logging_mixin.py:190} INFO - [2025-03-18T11:00:58.292+0000] {dag.py:4180} INFO - Setting next_dagrun for example_subdag_operator.section-1 to None, run_after=None
[2025-03-18T11:00:58.292+0000] {logging_mixin.py:190} INFO - [2025-03-18T11:00:58.292+0000] {dag.py:4180} INFO - Setting next_dagrun for example_subdag_operator.section-2 to None, run_after=None
[2025-03-18T11:00:58.307+0000] {processor.py:208} INFO - Processing /usr/local/python/3.12.1/lib/python3.12/site-packages/airflow/example_dags/example_subdag_operator.py took 0.149 seconds
[2025-03-18T11:01:49.697+0000] {processor.py:186} INFO - Started process (PID=57906) to work on /usr/local/python/3.12.1/lib/python3.12/site-packages/airflow/example_dags/example_subdag_operator.py
[2025-03-18T11:01:49.698+0000] {processor.py:914} INFO - Processing file /usr/local/python/3.12.1/lib/python3.12/site-packages/airflow/example_dags/example_subdag_operator.py for tasks to queue
[2025-03-18T11:01:49.699+0000] {logging_mixin.py:190} INFO - [2025-03-18T11:01:49.699+0000] {dagbag.py:588} INFO - Filling up the DagBag from /usr/local/python/3.12.1/lib/python3.12/site-packages/airflow/example_dags/example_subdag_operator.py
[2025-03-18T11:01:49.715+0000] {processor.py:925} INFO - DAG(s) 'example_subdag_operator.section-1', 'example_subdag_operator.section-2', 'example_subdag_operator' retrieved from /usr/local/python/3.12.1/lib/python3.12/site-packages/airflow/example_dags/example_subdag_operator.py
[2025-03-18T11:01:49.726+0000] {logging_mixin.py:190} INFO - [2025-03-18T11:01:49.725+0000] {dag.py:3239} INFO - Sync 3 DAGs
[2025-03-18T11:01:49.740+0000] {logging_mixin.py:190} INFO - [2025-03-18T11:01:49.740+0000] {dag.py:4180} INFO - Setting next_dagrun for example_subdag_operator to 2022-01-01 00:00:00+00:00, run_after=2022-01-01 00:00:00+00:00
[2025-03-18T11:01:49.743+0000] {logging_mixin.py:190} INFO - [2025-03-18T11:01:49.743+0000] {dag.py:4180} INFO - Setting next_dagrun for example_subdag_operator.section-1 to None, run_after=None
[2025-03-18T11:01:49.744+0000] {logging_mixin.py:190} INFO - [2025-03-18T11:01:49.743+0000] {dag.py:4180} INFO - Setting next_dagrun for example_subdag_operator.section-2 to None, run_after=None
[2025-03-18T11:01:49.748+0000] {logging_mixin.py:190} INFO - [2025-03-18T11:01:49.748+0000] {dag.py:3239} INFO - Sync 2 DAGs
[2025-03-18T11:01:49.750+0000] {logging_mixin.py:190} INFO - [2025-03-18T11:01:49.750+0000] {dag.py:4180} INFO - Setting next_dagrun for example_subdag_operator.section-1 to None, run_after=None
[2025-03-18T11:01:49.751+0000] {logging_mixin.py:190} INFO - [2025-03-18T11:01:49.751+0000] {dag.py:4180} INFO - Setting next_dagrun for example_subdag_operator.section-2 to None, run_after=None
[2025-03-18T11:01:49.760+0000] {processor.py:208} INFO - Processing /usr/local/python/3.12.1/lib/python3.12/site-packages/airflow/example_dags/example_subdag_operator.py took 0.067 seconds
[2025-03-18T11:02:40.796+0000] {processor.py:186} INFO - Started process (PID=58312) to work on /usr/local/python/3.12.1/lib/python3.12/site-packages/airflow/example_dags/example_subdag_operator.py
[2025-03-18T11:02:40.797+0000] {processor.py:914} INFO - Processing file /usr/local/python/3.12.1/lib/python3.12/site-packages/airflow/example_dags/example_subdag_operator.py for tasks to queue
[2025-03-18T11:02:40.799+0000] {logging_mixin.py:190} INFO - [2025-03-18T11:02:40.798+0000] {dagbag.py:588} INFO - Filling up the DagBag from /usr/local/python/3.12.1/lib/python3.12/site-packages/airflow/example_dags/example_subdag_operator.py
[2025-03-18T11:02:40.816+0000] {processor.py:925} INFO - DAG(s) 'example_subdag_operator.section-1', 'example_subdag_operator.section-2', 'example_subdag_operator' retrieved from /usr/local/python/3.12.1/lib/python3.12/site-packages/airflow/example_dags/example_subdag_operator.py
[2025-03-18T11:02:40.828+0000] {logging_mixin.py:190} INFO - [2025-03-18T11:02:40.828+0000] {dag.py:3239} INFO - Sync 3 DAGs
[2025-03-18T11:02:40.843+0000] {logging_mixin.py:190} INFO - [2025-03-18T11:02:40.843+0000] {dag.py:4180} INFO - Setting next_dagrun for example_subdag_operator to 2022-01-01 00:00:00+00:00, run_after=2022-01-01 00:00:00+00:00
[2025-03-18T11:02:40.846+0000] {logging_mixin.py:190} INFO - [2025-03-18T11:02:40.845+0000] {dag.py:4180} INFO - Setting next_dagrun for example_subdag_operator.section-1 to None, run_after=None
[2025-03-18T11:02:40.846+0000] {logging_mixin.py:190} INFO - [2025-03-18T11:02:40.846+0000] {dag.py:4180} INFO - Setting next_dagrun for example_subdag_operator.section-2 to None, run_after=None
[2025-03-18T11:02:40.850+0000] {logging_mixin.py:190} INFO - [2025-03-18T11:02:40.850+0000] {dag.py:3239} INFO - Sync 2 DAGs
[2025-03-18T11:02:40.853+0000] {logging_mixin.py:190} INFO - [2025-03-18T11:02:40.853+0000] {dag.py:4180} INFO - Setting next_dagrun for example_subdag_operator.section-1 to None, run_after=None
[2025-03-18T11:02:40.853+0000] {logging_mixin.py:190} INFO - [2025-03-18T11:02:40.853+0000] {dag.py:4180} INFO - Setting next_dagrun for example_subdag_operator.section-2 to None, run_after=None
[2025-03-18T11:02:40.864+0000] {processor.py:208} INFO - Processing /usr/local/python/3.12.1/lib/python3.12/site-packages/airflow/example_dags/example_subdag_operator.py took 0.072 seconds
[2025-03-18T11:03:26.759+0000] {processor.py:186} INFO - Started process (PID=58707) to work on /usr/local/python/3.12.1/lib/python3.12/site-packages/airflow/example_dags/example_subdag_operator.py
[2025-03-18T11:03:26.760+0000] {processor.py:914} INFO - Processing file /usr/local/python/3.12.1/lib/python3.12/site-packages/airflow/example_dags/example_subdag_operator.py for tasks to queue
[2025-03-18T11:03:26.762+0000] {logging_mixin.py:190} INFO - [2025-03-18T11:03:26.761+0000] {dagbag.py:588} INFO - Filling up the DagBag from /usr/local/python/3.12.1/lib/python3.12/site-packages/airflow/example_dags/example_subdag_operator.py
[2025-03-18T11:03:26.777+0000] {processor.py:925} INFO - DAG(s) 'example_subdag_operator.section-1', 'example_subdag_operator.section-2', 'example_subdag_operator' retrieved from /usr/local/python/3.12.1/lib/python3.12/site-packages/airflow/example_dags/example_subdag_operator.py
[2025-03-18T11:03:26.788+0000] {logging_mixin.py:190} INFO - [2025-03-18T11:03:26.788+0000] {dag.py:3239} INFO - Sync 3 DAGs
[2025-03-18T11:03:26.803+0000] {logging_mixin.py:190} INFO - [2025-03-18T11:03:26.802+0000] {dag.py:4180} INFO - Setting next_dagrun for example_subdag_operator to 2022-01-01 00:00:00+00:00, run_after=2022-01-01 00:00:00+00:00
[2025-03-18T11:03:26.805+0000] {logging_mixin.py:190} INFO - [2025-03-18T11:03:26.805+0000] {dag.py:4180} INFO - Setting next_dagrun for example_subdag_operator.section-1 to None, run_after=None
[2025-03-18T11:03:26.806+0000] {logging_mixin.py:190} INFO - [2025-03-18T11:03:26.806+0000] {dag.py:4180} INFO - Setting next_dagrun for example_subdag_operator.section-2 to None, run_after=None
[2025-03-18T11:03:26.810+0000] {logging_mixin.py:190} INFO - [2025-03-18T11:03:26.810+0000] {dag.py:3239} INFO - Sync 2 DAGs
[2025-03-18T11:03:26.813+0000] {logging_mixin.py:190} INFO - [2025-03-18T11:03:26.813+0000] {dag.py:4180} INFO - Setting next_dagrun for example_subdag_operator.section-1 to None, run_after=None
[2025-03-18T11:03:26.813+0000] {logging_mixin.py:190} INFO - [2025-03-18T11:03:26.813+0000] {dag.py:4180} INFO - Setting next_dagrun for example_subdag_operator.section-2 to None, run_after=None
[2025-03-18T11:03:26.822+0000] {processor.py:208} INFO - Processing /usr/local/python/3.12.1/lib/python3.12/site-packages/airflow/example_dags/example_subdag_operator.py took 0.066 seconds
[2025-03-18T11:04:17.995+0000] {processor.py:186} INFO - Started process (PID=59113) to work on /usr/local/python/3.12.1/lib/python3.12/site-packages/airflow/example_dags/example_subdag_operator.py
[2025-03-18T11:04:17.995+0000] {processor.py:914} INFO - Processing file /usr/local/python/3.12.1/lib/python3.12/site-packages/airflow/example_dags/example_subdag_operator.py for tasks to queue
[2025-03-18T11:04:17.997+0000] {logging_mixin.py:190} INFO - [2025-03-18T11:04:17.997+0000] {dagbag.py:588} INFO - Filling up the DagBag from /usr/local/python/3.12.1/lib/python3.12/site-packages/airflow/example_dags/example_subdag_operator.py
[2025-03-18T11:04:18.013+0000] {processor.py:925} INFO - DAG(s) 'example_subdag_operator.section-1', 'example_subdag_operator.section-2', 'example_subdag_operator' retrieved from /usr/local/python/3.12.1/lib/python3.12/site-packages/airflow/example_dags/example_subdag_operator.py
[2025-03-18T11:04:18.024+0000] {logging_mixin.py:190} INFO - [2025-03-18T11:04:18.024+0000] {dag.py:3239} INFO - Sync 3 DAGs
[2025-03-18T11:04:18.039+0000] {logging_mixin.py:190} INFO - [2025-03-18T11:04:18.038+0000] {dag.py:4180} INFO - Setting next_dagrun for example_subdag_operator to 2022-01-01 00:00:00+00:00, run_after=2022-01-01 00:00:00+00:00
[2025-03-18T11:04:18.041+0000] {logging_mixin.py:190} INFO - [2025-03-18T11:04:18.041+0000] {dag.py:4180} INFO - Setting next_dagrun for example_subdag_operator.section-1 to None, run_after=None
[2025-03-18T11:04:18.042+0000] {logging_mixin.py:190} INFO - [2025-03-18T11:04:18.042+0000] {dag.py:4180} INFO - Setting next_dagrun for example_subdag_operator.section-2 to None, run_after=None
[2025-03-18T11:04:18.046+0000] {logging_mixin.py:190} INFO - [2025-03-18T11:04:18.046+0000] {dag.py:3239} INFO - Sync 2 DAGs
[2025-03-18T11:04:18.049+0000] {logging_mixin.py:190} INFO - [2025-03-18T11:04:18.049+0000] {dag.py:4180} INFO - Setting next_dagrun for example_subdag_operator.section-1 to None, run_after=None
[2025-03-18T11:04:18.049+0000] {logging_mixin.py:190} INFO - [2025-03-18T11:04:18.049+0000] {dag.py:4180} INFO - Setting next_dagrun for example_subdag_operator.section-2 to None, run_after=None
[2025-03-18T11:04:18.059+0000] {processor.py:208} INFO - Processing /usr/local/python/3.12.1/lib/python3.12/site-packages/airflow/example_dags/example_subdag_operator.py took 0.068 seconds
[2025-03-18T11:05:04.858+0000] {processor.py:186} INFO - Started process (PID=59488) to work on /usr/local/python/3.12.1/lib/python3.12/site-packages/airflow/example_dags/example_subdag_operator.py
[2025-03-18T11:05:04.858+0000] {processor.py:914} INFO - Processing file /usr/local/python/3.12.1/lib/python3.12/site-packages/airflow/example_dags/example_subdag_operator.py for tasks to queue
[2025-03-18T11:05:04.860+0000] {logging_mixin.py:190} INFO - [2025-03-18T11:05:04.860+0000] {dagbag.py:588} INFO - Filling up the DagBag from /usr/local/python/3.12.1/lib/python3.12/site-packages/airflow/example_dags/example_subdag_operator.py
[2025-03-18T11:05:04.875+0000] {processor.py:925} INFO - DAG(s) 'example_subdag_operator.section-1', 'example_subdag_operator.section-2', 'example_subdag_operator' retrieved from /usr/local/python/3.12.1/lib/python3.12/site-packages/airflow/example_dags/example_subdag_operator.py
[2025-03-18T11:05:04.886+0000] {logging_mixin.py:190} INFO - [2025-03-18T11:05:04.886+0000] {dag.py:3239} INFO - Sync 3 DAGs
[2025-03-18T11:05:04.901+0000] {logging_mixin.py:190} INFO - [2025-03-18T11:05:04.901+0000] {dag.py:4180} INFO - Setting next_dagrun for example_subdag_operator to 2022-01-01 00:00:00+00:00, run_after=2022-01-01 00:00:00+00:00
[2025-03-18T11:05:04.903+0000] {logging_mixin.py:190} INFO - [2025-03-18T11:05:04.903+0000] {dag.py:4180} INFO - Setting next_dagrun for example_subdag_operator.section-1 to None, run_after=None
[2025-03-18T11:05:04.904+0000] {logging_mixin.py:190} INFO - [2025-03-18T11:05:04.904+0000] {dag.py:4180} INFO - Setting next_dagrun for example_subdag_operator.section-2 to None, run_after=None
[2025-03-18T11:05:04.908+0000] {logging_mixin.py:190} INFO - [2025-03-18T11:05:04.908+0000] {dag.py:3239} INFO - Sync 2 DAGs
[2025-03-18T11:05:04.911+0000] {logging_mixin.py:190} INFO - [2025-03-18T11:05:04.911+0000] {dag.py:4180} INFO - Setting next_dagrun for example_subdag_operator.section-1 to None, run_after=None
[2025-03-18T11:05:04.911+0000] {logging_mixin.py:190} INFO - [2025-03-18T11:05:04.911+0000] {dag.py:4180} INFO - Setting next_dagrun for example_subdag_operator.section-2 to None, run_after=None
[2025-03-18T11:05:04.921+0000] {processor.py:208} INFO - Processing /usr/local/python/3.12.1/lib/python3.12/site-packages/airflow/example_dags/example_subdag_operator.py took 0.067 seconds
[2025-03-18T11:05:55.378+0000] {processor.py:186} INFO - Started process (PID=59886) to work on /usr/local/python/3.12.1/lib/python3.12/site-packages/airflow/example_dags/example_subdag_operator.py
[2025-03-18T11:05:55.379+0000] {processor.py:914} INFO - Processing file /usr/local/python/3.12.1/lib/python3.12/site-packages/airflow/example_dags/example_subdag_operator.py for tasks to queue
[2025-03-18T11:05:55.380+0000] {logging_mixin.py:190} INFO - [2025-03-18T11:05:55.380+0000] {dagbag.py:588} INFO - Filling up the DagBag from /usr/local/python/3.12.1/lib/python3.12/site-packages/airflow/example_dags/example_subdag_operator.py
[2025-03-18T11:05:55.397+0000] {processor.py:925} INFO - DAG(s) 'example_subdag_operator.section-1', 'example_subdag_operator.section-2', 'example_subdag_operator' retrieved from /usr/local/python/3.12.1/lib/python3.12/site-packages/airflow/example_dags/example_subdag_operator.py
[2025-03-18T11:05:55.413+0000] {logging_mixin.py:190} INFO - [2025-03-18T11:05:55.412+0000] {dag.py:3239} INFO - Sync 3 DAGs
[2025-03-18T11:05:55.428+0000] {logging_mixin.py:190} INFO - [2025-03-18T11:05:55.428+0000] {dag.py:4180} INFO - Setting next_dagrun for example_subdag_operator to 2022-01-01 00:00:00+00:00, run_after=2022-01-01 00:00:00+00:00
[2025-03-18T11:05:55.430+0000] {logging_mixin.py:190} INFO - [2025-03-18T11:05:55.430+0000] {dag.py:4180} INFO - Setting next_dagrun for example_subdag_operator.section-1 to None, run_after=None
[2025-03-18T11:05:55.431+0000] {logging_mixin.py:190} INFO - [2025-03-18T11:05:55.431+0000] {dag.py:4180} INFO - Setting next_dagrun for example_subdag_operator.section-2 to None, run_after=None
[2025-03-18T11:05:55.435+0000] {logging_mixin.py:190} INFO - [2025-03-18T11:05:55.435+0000] {dag.py:3239} INFO - Sync 2 DAGs
[2025-03-18T11:05:55.439+0000] {logging_mixin.py:190} INFO - [2025-03-18T11:05:55.439+0000] {dag.py:4180} INFO - Setting next_dagrun for example_subdag_operator.section-1 to None, run_after=None
[2025-03-18T11:05:55.439+0000] {logging_mixin.py:190} INFO - [2025-03-18T11:05:55.439+0000] {dag.py:4180} INFO - Setting next_dagrun for example_subdag_operator.section-2 to None, run_after=None
[2025-03-18T11:05:55.448+0000] {processor.py:208} INFO - Processing /usr/local/python/3.12.1/lib/python3.12/site-packages/airflow/example_dags/example_subdag_operator.py took 0.076 seconds
[2025-03-18T11:06:44.769+0000] {processor.py:186} INFO - Started process (PID=60266) to work on /usr/local/python/3.12.1/lib/python3.12/site-packages/airflow/example_dags/example_subdag_operator.py
[2025-03-18T11:06:44.769+0000] {processor.py:914} INFO - Processing file /usr/local/python/3.12.1/lib/python3.12/site-packages/airflow/example_dags/example_subdag_operator.py for tasks to queue
[2025-03-18T11:06:44.771+0000] {logging_mixin.py:190} INFO - [2025-03-18T11:06:44.771+0000] {dagbag.py:588} INFO - Filling up the DagBag from /usr/local/python/3.12.1/lib/python3.12/site-packages/airflow/example_dags/example_subdag_operator.py
[2025-03-18T11:06:44.786+0000] {processor.py:925} INFO - DAG(s) 'example_subdag_operator.section-1', 'example_subdag_operator.section-2', 'example_subdag_operator' retrieved from /usr/local/python/3.12.1/lib/python3.12/site-packages/airflow/example_dags/example_subdag_operator.py
[2025-03-18T11:06:44.797+0000] {logging_mixin.py:190} INFO - [2025-03-18T11:06:44.797+0000] {dag.py:3239} INFO - Sync 3 DAGs
[2025-03-18T11:06:44.812+0000] {logging_mixin.py:190} INFO - [2025-03-18T11:06:44.811+0000] {dag.py:4180} INFO - Setting next_dagrun for example_subdag_operator to 2022-01-01 00:00:00+00:00, run_after=2022-01-01 00:00:00+00:00
[2025-03-18T11:06:44.814+0000] {logging_mixin.py:190} INFO - [2025-03-18T11:06:44.814+0000] {dag.py:4180} INFO - Setting next_dagrun for example_subdag_operator.section-1 to None, run_after=None
[2025-03-18T11:06:44.815+0000] {logging_mixin.py:190} INFO - [2025-03-18T11:06:44.815+0000] {dag.py:4180} INFO - Setting next_dagrun for example_subdag_operator.section-2 to None, run_after=None
[2025-03-18T11:06:44.819+0000] {logging_mixin.py:190} INFO - [2025-03-18T11:06:44.819+0000] {dag.py:3239} INFO - Sync 2 DAGs
[2025-03-18T11:06:44.822+0000] {logging_mixin.py:190} INFO - [2025-03-18T11:06:44.822+0000] {dag.py:4180} INFO - Setting next_dagrun for example_subdag_operator.section-1 to None, run_after=None
[2025-03-18T11:06:44.822+0000] {logging_mixin.py:190} INFO - [2025-03-18T11:06:44.822+0000] {dag.py:4180} INFO - Setting next_dagrun for example_subdag_operator.section-2 to None, run_after=None
[2025-03-18T11:06:44.832+0000] {processor.py:208} INFO - Processing /usr/local/python/3.12.1/lib/python3.12/site-packages/airflow/example_dags/example_subdag_operator.py took 0.067 seconds
[2025-03-18T11:07:36.102+0000] {processor.py:186} INFO - Started process (PID=60666) to work on /usr/local/python/3.12.1/lib/python3.12/site-packages/airflow/example_dags/example_subdag_operator.py
[2025-03-18T11:07:36.103+0000] {processor.py:914} INFO - Processing file /usr/local/python/3.12.1/lib/python3.12/site-packages/airflow/example_dags/example_subdag_operator.py for tasks to queue
[2025-03-18T11:07:36.104+0000] {logging_mixin.py:190} INFO - [2025-03-18T11:07:36.104+0000] {dagbag.py:588} INFO - Filling up the DagBag from /usr/local/python/3.12.1/lib/python3.12/site-packages/airflow/example_dags/example_subdag_operator.py
[2025-03-18T11:07:36.120+0000] {processor.py:925} INFO - DAG(s) 'example_subdag_operator.section-1', 'example_subdag_operator.section-2', 'example_subdag_operator' retrieved from /usr/local/python/3.12.1/lib/python3.12/site-packages/airflow/example_dags/example_subdag_operator.py
[2025-03-18T11:07:36.131+0000] {logging_mixin.py:190} INFO - [2025-03-18T11:07:36.130+0000] {dag.py:3239} INFO - Sync 3 DAGs
[2025-03-18T11:07:36.146+0000] {logging_mixin.py:190} INFO - [2025-03-18T11:07:36.145+0000] {dag.py:4180} INFO - Setting next_dagrun for example_subdag_operator to 2022-01-01 00:00:00+00:00, run_after=2022-01-01 00:00:00+00:00
[2025-03-18T11:07:36.148+0000] {logging_mixin.py:190} INFO - [2025-03-18T11:07:36.148+0000] {dag.py:4180} INFO - Setting next_dagrun for example_subdag_operator.section-1 to None, run_after=None
[2025-03-18T11:07:36.149+0000] {logging_mixin.py:190} INFO - [2025-03-18T11:07:36.149+0000] {dag.py:4180} INFO - Setting next_dagrun for example_subdag_operator.section-2 to None, run_after=None
[2025-03-18T11:07:36.153+0000] {logging_mixin.py:190} INFO - [2025-03-18T11:07:36.153+0000] {dag.py:3239} INFO - Sync 2 DAGs
[2025-03-18T11:07:36.156+0000] {logging_mixin.py:190} INFO - [2025-03-18T11:07:36.156+0000] {dag.py:4180} INFO - Setting next_dagrun for example_subdag_operator.section-1 to None, run_after=None
[2025-03-18T11:07:36.156+0000] {logging_mixin.py:190} INFO - [2025-03-18T11:07:36.156+0000] {dag.py:4180} INFO - Setting next_dagrun for example_subdag_operator.section-2 to None, run_after=None
[2025-03-18T11:07:36.166+0000] {processor.py:208} INFO - Processing /usr/local/python/3.12.1/lib/python3.12/site-packages/airflow/example_dags/example_subdag_operator.py took 0.068 seconds
[2025-03-18T11:08:25.232+0000] {processor.py:186} INFO - Started process (PID=61084) to work on /usr/local/python/3.12.1/lib/python3.12/site-packages/airflow/example_dags/example_subdag_operator.py
[2025-03-18T11:08:25.233+0000] {processor.py:914} INFO - Processing file /usr/local/python/3.12.1/lib/python3.12/site-packages/airflow/example_dags/example_subdag_operator.py for tasks to queue
[2025-03-18T11:08:25.234+0000] {logging_mixin.py:190} INFO - [2025-03-18T11:08:25.234+0000] {dagbag.py:588} INFO - Filling up the DagBag from /usr/local/python/3.12.1/lib/python3.12/site-packages/airflow/example_dags/example_subdag_operator.py
[2025-03-18T11:08:25.250+0000] {processor.py:925} INFO - DAG(s) 'example_subdag_operator.section-1', 'example_subdag_operator.section-2', 'example_subdag_operator' retrieved from /usr/local/python/3.12.1/lib/python3.12/site-packages/airflow/example_dags/example_subdag_operator.py
[2025-03-18T11:08:25.260+0000] {logging_mixin.py:190} INFO - [2025-03-18T11:08:25.260+0000] {dag.py:3239} INFO - Sync 3 DAGs
[2025-03-18T11:08:25.275+0000] {logging_mixin.py:190} INFO - [2025-03-18T11:08:25.275+0000] {dag.py:4180} INFO - Setting next_dagrun for example_subdag_operator to 2022-01-01 00:00:00+00:00, run_after=2022-01-01 00:00:00+00:00
[2025-03-18T11:08:25.277+0000] {logging_mixin.py:190} INFO - [2025-03-18T11:08:25.277+0000] {dag.py:4180} INFO - Setting next_dagrun for example_subdag_operator.section-1 to None, run_after=None
[2025-03-18T11:08:25.279+0000] {logging_mixin.py:190} INFO - [2025-03-18T11:08:25.278+0000] {dag.py:4180} INFO - Setting next_dagrun for example_subdag_operator.section-2 to None, run_after=None
[2025-03-18T11:08:25.283+0000] {logging_mixin.py:190} INFO - [2025-03-18T11:08:25.283+0000] {dag.py:3239} INFO - Sync 2 DAGs
[2025-03-18T11:08:25.286+0000] {logging_mixin.py:190} INFO - [2025-03-18T11:08:25.285+0000] {dag.py:4180} INFO - Setting next_dagrun for example_subdag_operator.section-1 to None, run_after=None
[2025-03-18T11:08:25.286+0000] {logging_mixin.py:190} INFO - [2025-03-18T11:08:25.286+0000] {dag.py:4180} INFO - Setting next_dagrun for example_subdag_operator.section-2 to None, run_after=None
[2025-03-18T11:08:25.296+0000] {processor.py:208} INFO - Processing /usr/local/python/3.12.1/lib/python3.12/site-packages/airflow/example_dags/example_subdag_operator.py took 0.067 seconds
[2025-03-18T11:09:17.566+0000] {processor.py:186} INFO - Started process (PID=61532) to work on /usr/local/python/3.12.1/lib/python3.12/site-packages/airflow/example_dags/example_subdag_operator.py
[2025-03-18T11:09:17.567+0000] {processor.py:914} INFO - Processing file /usr/local/python/3.12.1/lib/python3.12/site-packages/airflow/example_dags/example_subdag_operator.py for tasks to queue
[2025-03-18T11:09:17.568+0000] {logging_mixin.py:190} INFO - [2025-03-18T11:09:17.568+0000] {dagbag.py:588} INFO - Filling up the DagBag from /usr/local/python/3.12.1/lib/python3.12/site-packages/airflow/example_dags/example_subdag_operator.py
[2025-03-18T11:09:17.583+0000] {processor.py:925} INFO - DAG(s) 'example_subdag_operator.section-1', 'example_subdag_operator.section-2', 'example_subdag_operator' retrieved from /usr/local/python/3.12.1/lib/python3.12/site-packages/airflow/example_dags/example_subdag_operator.py
[2025-03-18T11:09:17.594+0000] {logging_mixin.py:190} INFO - [2025-03-18T11:09:17.594+0000] {dag.py:3239} INFO - Sync 3 DAGs
[2025-03-18T11:09:17.609+0000] {logging_mixin.py:190} INFO - [2025-03-18T11:09:17.609+0000] {dag.py:4180} INFO - Setting next_dagrun for example_subdag_operator to 2022-01-01 00:00:00+00:00, run_after=2022-01-01 00:00:00+00:00
[2025-03-18T11:09:17.611+0000] {logging_mixin.py:190} INFO - [2025-03-18T11:09:17.611+0000] {dag.py:4180} INFO - Setting next_dagrun for example_subdag_operator.section-1 to None, run_after=None
[2025-03-18T11:09:17.612+0000] {logging_mixin.py:190} INFO - [2025-03-18T11:09:17.612+0000] {dag.py:4180} INFO - Setting next_dagrun for example_subdag_operator.section-2 to None, run_after=None
[2025-03-18T11:09:17.616+0000] {logging_mixin.py:190} INFO - [2025-03-18T11:09:17.616+0000] {dag.py:3239} INFO - Sync 2 DAGs
[2025-03-18T11:09:17.619+0000] {logging_mixin.py:190} INFO - [2025-03-18T11:09:17.619+0000] {dag.py:4180} INFO - Setting next_dagrun for example_subdag_operator.section-1 to None, run_after=None
[2025-03-18T11:09:17.619+0000] {logging_mixin.py:190} INFO - [2025-03-18T11:09:17.619+0000] {dag.py:4180} INFO - Setting next_dagrun for example_subdag_operator.section-2 to None, run_after=None
[2025-03-18T11:09:17.628+0000] {processor.py:208} INFO - Processing /usr/local/python/3.12.1/lib/python3.12/site-packages/airflow/example_dags/example_subdag_operator.py took 0.066 seconds
[2025-03-18T11:10:12.340+0000] {processor.py:186} INFO - Started process (PID=62009) to work on /usr/local/python/3.12.1/lib/python3.12/site-packages/airflow/example_dags/example_subdag_operator.py
[2025-03-18T11:10:12.341+0000] {processor.py:914} INFO - Processing file /usr/local/python/3.12.1/lib/python3.12/site-packages/airflow/example_dags/example_subdag_operator.py for tasks to queue
[2025-03-18T11:10:12.342+0000] {logging_mixin.py:190} INFO - [2025-03-18T11:10:12.342+0000] {dagbag.py:588} INFO - Filling up the DagBag from /usr/local/python/3.12.1/lib/python3.12/site-packages/airflow/example_dags/example_subdag_operator.py
[2025-03-18T11:10:12.357+0000] {processor.py:925} INFO - DAG(s) 'example_subdag_operator.section-1', 'example_subdag_operator.section-2', 'example_subdag_operator' retrieved from /usr/local/python/3.12.1/lib/python3.12/site-packages/airflow/example_dags/example_subdag_operator.py
[2025-03-18T11:10:12.369+0000] {logging_mixin.py:190} INFO - [2025-03-18T11:10:12.368+0000] {dag.py:3239} INFO - Sync 3 DAGs
[2025-03-18T11:10:12.383+0000] {logging_mixin.py:190} INFO - [2025-03-18T11:10:12.383+0000] {dag.py:4180} INFO - Setting next_dagrun for example_subdag_operator to 2022-01-01 00:00:00+00:00, run_after=2022-01-01 00:00:00+00:00
[2025-03-18T11:10:12.386+0000] {logging_mixin.py:190} INFO - [2025-03-18T11:10:12.385+0000] {dag.py:4180} INFO - Setting next_dagrun for example_subdag_operator.section-1 to None, run_after=None
[2025-03-18T11:10:12.386+0000] {logging_mixin.py:190} INFO - [2025-03-18T11:10:12.386+0000] {dag.py:4180} INFO - Setting next_dagrun for example_subdag_operator.section-2 to None, run_after=None
[2025-03-18T11:10:12.390+0000] {logging_mixin.py:190} INFO - [2025-03-18T11:10:12.390+0000] {dag.py:3239} INFO - Sync 2 DAGs
[2025-03-18T11:10:12.393+0000] {logging_mixin.py:190} INFO - [2025-03-18T11:10:12.393+0000] {dag.py:4180} INFO - Setting next_dagrun for example_subdag_operator.section-1 to None, run_after=None
[2025-03-18T11:10:12.394+0000] {logging_mixin.py:190} INFO - [2025-03-18T11:10:12.393+0000] {dag.py:4180} INFO - Setting next_dagrun for example_subdag_operator.section-2 to None, run_after=None
[2025-03-18T11:10:12.403+0000] {processor.py:208} INFO - Processing /usr/local/python/3.12.1/lib/python3.12/site-packages/airflow/example_dags/example_subdag_operator.py took 0.067 seconds
[2025-03-18T11:11:02.281+0000] {processor.py:186} INFO - Started process (PID=62443) to work on /usr/local/python/3.12.1/lib/python3.12/site-packages/airflow/example_dags/example_subdag_operator.py
[2025-03-18T11:11:02.281+0000] {processor.py:914} INFO - Processing file /usr/local/python/3.12.1/lib/python3.12/site-packages/airflow/example_dags/example_subdag_operator.py for tasks to queue
[2025-03-18T11:11:02.283+0000] {logging_mixin.py:190} INFO - [2025-03-18T11:11:02.283+0000] {dagbag.py:588} INFO - Filling up the DagBag from /usr/local/python/3.12.1/lib/python3.12/site-packages/airflow/example_dags/example_subdag_operator.py
[2025-03-18T11:11:02.302+0000] {processor.py:925} INFO - DAG(s) 'example_subdag_operator.section-1', 'example_subdag_operator.section-2', 'example_subdag_operator' retrieved from /usr/local/python/3.12.1/lib/python3.12/site-packages/airflow/example_dags/example_subdag_operator.py
[2025-03-18T11:11:02.316+0000] {logging_mixin.py:190} INFO - [2025-03-18T11:11:02.315+0000] {dag.py:3239} INFO - Sync 3 DAGs
[2025-03-18T11:11:02.331+0000] {logging_mixin.py:190} INFO - [2025-03-18T11:11:02.331+0000] {dag.py:4180} INFO - Setting next_dagrun for example_subdag_operator to 2022-01-01 00:00:00+00:00, run_after=2022-01-01 00:00:00+00:00
[2025-03-18T11:11:02.334+0000] {logging_mixin.py:190} INFO - [2025-03-18T11:11:02.334+0000] {dag.py:4180} INFO - Setting next_dagrun for example_subdag_operator.section-1 to None, run_after=None
[2025-03-18T11:11:02.335+0000] {logging_mixin.py:190} INFO - [2025-03-18T11:11:02.334+0000] {dag.py:4180} INFO - Setting next_dagrun for example_subdag_operator.section-2 to None, run_after=None
[2025-03-18T11:11:02.339+0000] {logging_mixin.py:190} INFO - [2025-03-18T11:11:02.339+0000] {dag.py:3239} INFO - Sync 2 DAGs
[2025-03-18T11:11:02.342+0000] {logging_mixin.py:190} INFO - [2025-03-18T11:11:02.342+0000] {dag.py:4180} INFO - Setting next_dagrun for example_subdag_operator.section-1 to None, run_after=None
[2025-03-18T11:11:02.342+0000] {logging_mixin.py:190} INFO - [2025-03-18T11:11:02.342+0000] {dag.py:4180} INFO - Setting next_dagrun for example_subdag_operator.section-2 to None, run_after=None
[2025-03-18T11:11:02.351+0000] {processor.py:208} INFO - Processing /usr/local/python/3.12.1/lib/python3.12/site-packages/airflow/example_dags/example_subdag_operator.py took 0.074 seconds
[2025-03-18T11:11:47.464+0000] {processor.py:186} INFO - Started process (PID=62889) to work on /usr/local/python/3.12.1/lib/python3.12/site-packages/airflow/example_dags/example_subdag_operator.py
[2025-03-18T11:11:47.465+0000] {processor.py:914} INFO - Processing file /usr/local/python/3.12.1/lib/python3.12/site-packages/airflow/example_dags/example_subdag_operator.py for tasks to queue
[2025-03-18T11:11:47.466+0000] {logging_mixin.py:190} INFO - [2025-03-18T11:11:47.466+0000] {dagbag.py:588} INFO - Filling up the DagBag from /usr/local/python/3.12.1/lib/python3.12/site-packages/airflow/example_dags/example_subdag_operator.py
[2025-03-18T11:11:47.481+0000] {processor.py:925} INFO - DAG(s) 'example_subdag_operator.section-1', 'example_subdag_operator.section-2', 'example_subdag_operator' retrieved from /usr/local/python/3.12.1/lib/python3.12/site-packages/airflow/example_dags/example_subdag_operator.py
[2025-03-18T11:11:47.492+0000] {logging_mixin.py:190} INFO - [2025-03-18T11:11:47.492+0000] {dag.py:3239} INFO - Sync 3 DAGs
[2025-03-18T11:11:47.507+0000] {logging_mixin.py:190} INFO - [2025-03-18T11:11:47.507+0000] {dag.py:4180} INFO - Setting next_dagrun for example_subdag_operator to 2022-01-01 00:00:00+00:00, run_after=2022-01-01 00:00:00+00:00
[2025-03-18T11:11:47.509+0000] {logging_mixin.py:190} INFO - [2025-03-18T11:11:47.509+0000] {dag.py:4180} INFO - Setting next_dagrun for example_subdag_operator.section-1 to None, run_after=None
[2025-03-18T11:11:47.510+0000] {logging_mixin.py:190} INFO - [2025-03-18T11:11:47.510+0000] {dag.py:4180} INFO - Setting next_dagrun for example_subdag_operator.section-2 to None, run_after=None
[2025-03-18T11:11:47.514+0000] {logging_mixin.py:190} INFO - [2025-03-18T11:11:47.514+0000] {dag.py:3239} INFO - Sync 2 DAGs
[2025-03-18T11:11:47.518+0000] {logging_mixin.py:190} INFO - [2025-03-18T11:11:47.518+0000] {dag.py:4180} INFO - Setting next_dagrun for example_subdag_operator.section-1 to None, run_after=None
[2025-03-18T11:11:47.519+0000] {logging_mixin.py:190} INFO - [2025-03-18T11:11:47.518+0000] {dag.py:4180} INFO - Setting next_dagrun for example_subdag_operator.section-2 to None, run_after=None
[2025-03-18T11:11:47.529+0000] {processor.py:208} INFO - Processing /usr/local/python/3.12.1/lib/python3.12/site-packages/airflow/example_dags/example_subdag_operator.py took 0.069 seconds
[2025-03-18T11:50:34.349+0000] {processor.py:186} INFO - Started process (PID=82981) to work on /usr/local/python/3.12.1/lib/python3.12/site-packages/airflow/example_dags/example_subdag_operator.py
[2025-03-18T11:50:34.350+0000] {processor.py:914} INFO - Processing file /usr/local/python/3.12.1/lib/python3.12/site-packages/airflow/example_dags/example_subdag_operator.py for tasks to queue
[2025-03-18T11:50:34.351+0000] {logging_mixin.py:190} INFO - [2025-03-18T11:50:34.351+0000] {dagbag.py:588} INFO - Filling up the DagBag from /usr/local/python/3.12.1/lib/python3.12/site-packages/airflow/example_dags/example_subdag_operator.py
[2025-03-18T11:50:34.367+0000] {processor.py:925} INFO - DAG(s) 'example_subdag_operator.section-1', 'example_subdag_operator.section-2', 'example_subdag_operator' retrieved from /usr/local/python/3.12.1/lib/python3.12/site-packages/airflow/example_dags/example_subdag_operator.py
[2025-03-18T11:50:34.379+0000] {logging_mixin.py:190} INFO - [2025-03-18T11:50:34.378+0000] {dag.py:3239} INFO - Sync 3 DAGs
[2025-03-18T11:50:34.395+0000] {logging_mixin.py:190} INFO - [2025-03-18T11:50:34.394+0000] {dag.py:4180} INFO - Setting next_dagrun for example_subdag_operator to 2022-01-01 00:00:00+00:00, run_after=2022-01-01 00:00:00+00:00
[2025-03-18T11:50:34.397+0000] {logging_mixin.py:190} INFO - [2025-03-18T11:50:34.397+0000] {dag.py:4180} INFO - Setting next_dagrun for example_subdag_operator.section-1 to None, run_after=None
[2025-03-18T11:50:34.398+0000] {logging_mixin.py:190} INFO - [2025-03-18T11:50:34.398+0000] {dag.py:4180} INFO - Setting next_dagrun for example_subdag_operator.section-2 to None, run_after=None
[2025-03-18T11:50:34.402+0000] {logging_mixin.py:190} INFO - [2025-03-18T11:50:34.402+0000] {dag.py:3239} INFO - Sync 2 DAGs
[2025-03-18T11:50:34.404+0000] {logging_mixin.py:190} INFO - [2025-03-18T11:50:34.404+0000] {dag.py:4180} INFO - Setting next_dagrun for example_subdag_operator.section-1 to None, run_after=None
[2025-03-18T11:50:34.405+0000] {logging_mixin.py:190} INFO - [2025-03-18T11:50:34.405+0000] {dag.py:4180} INFO - Setting next_dagrun for example_subdag_operator.section-2 to None, run_after=None
[2025-03-18T11:50:34.414+0000] {processor.py:208} INFO - Processing /usr/local/python/3.12.1/lib/python3.12/site-packages/airflow/example_dags/example_subdag_operator.py took 0.069 seconds
