[2025-03-18T10:51:36.518+0000] {processor.py:186} INFO - Started process (PID=49317) to work on /usr/local/python/3.12.1/lib/python3.12/site-packages/airflow/example_dags/example_skip_dag.py
[2025-03-18T10:51:36.520+0000] {processor.py:914} INFO - Processing file /usr/local/python/3.12.1/lib/python3.12/site-packages/airflow/example_dags/example_skip_dag.py for tasks to queue
[2025-03-18T10:51:36.521+0000] {logging_mixin.py:190} INFO - [2025-03-18T10:51:36.521+0000] {dagbag.py:588} INFO - Filling up the DagBag from /usr/local/python/3.12.1/lib/python3.12/site-packages/airflow/example_dags/example_skip_dag.py
[2025-03-18T10:51:36.527+0000] {processor.py:925} INFO - DAG(s) 'example_skip_dag' retrieved from /usr/local/python/3.12.1/lib/python3.12/site-packages/airflow/example_dags/example_skip_dag.py
[2025-03-18T10:51:36.612+0000] {logging_mixin.py:190} INFO - [2025-03-18T10:51:36.612+0000] {override.py:1930} INFO - Created Permission View: can read on DAG:example_skip_dag
[2025-03-18T10:51:36.620+0000] {logging_mixin.py:190} INFO - [2025-03-18T10:51:36.620+0000] {override.py:1930} INFO - Created Permission View: can edit on DAG:example_skip_dag
[2025-03-18T10:51:36.626+0000] {logging_mixin.py:190} INFO - [2025-03-18T10:51:36.626+0000] {override.py:1930} INFO - Created Permission View: can delete on DAG:example_skip_dag
[2025-03-18T10:51:36.634+0000] {logging_mixin.py:190} INFO - [2025-03-18T10:51:36.634+0000] {override.py:1930} INFO - Created Permission View: can read on DAG Run:example_skip_dag
[2025-03-18T10:51:36.639+0000] {logging_mixin.py:190} INFO - [2025-03-18T10:51:36.639+0000] {override.py:1930} INFO - Created Permission View: can create on DAG Run:example_skip_dag
[2025-03-18T10:51:36.645+0000] {logging_mixin.py:190} INFO - [2025-03-18T10:51:36.645+0000] {override.py:1930} INFO - Created Permission View: menu access on DAG Run:example_skip_dag
[2025-03-18T10:51:36.650+0000] {logging_mixin.py:190} INFO - [2025-03-18T10:51:36.650+0000] {override.py:1930} INFO - Created Permission View: can delete on DAG Run:example_skip_dag
[2025-03-18T10:51:36.650+0000] {logging_mixin.py:190} INFO - [2025-03-18T10:51:36.650+0000] {dag.py:3239} INFO - Sync 1 DAGs
[2025-03-18T10:51:36.659+0000] {logging_mixin.py:190} INFO - [2025-03-18T10:51:36.659+0000] {dag.py:3262} INFO - Creating ORM DAG for example_skip_dag
[2025-03-18T10:51:36.666+0000] {logging_mixin.py:190} INFO - [2025-03-18T10:51:36.666+0000] {dag.py:4180} INFO - Setting next_dagrun for example_skip_dag to 2025-03-17 00:00:00+00:00, run_after=2025-03-18 00:00:00+00:00
[2025-03-18T10:51:36.680+0000] {processor.py:208} INFO - Processing /usr/local/python/3.12.1/lib/python3.12/site-packages/airflow/example_dags/example_skip_dag.py took 0.165 seconds
[2025-03-18T10:52:37.498+0000] {processor.py:186} INFO - Started process (PID=49998) to work on /usr/local/python/3.12.1/lib/python3.12/site-packages/airflow/example_dags/example_skip_dag.py
[2025-03-18T10:52:37.498+0000] {processor.py:914} INFO - Processing file /usr/local/python/3.12.1/lib/python3.12/site-packages/airflow/example_dags/example_skip_dag.py for tasks to queue
[2025-03-18T10:52:37.500+0000] {logging_mixin.py:190} INFO - [2025-03-18T10:52:37.500+0000] {dagbag.py:588} INFO - Filling up the DagBag from /usr/local/python/3.12.1/lib/python3.12/site-packages/airflow/example_dags/example_skip_dag.py
[2025-03-18T10:52:37.506+0000] {processor.py:925} INFO - DAG(s) 'example_skip_dag' retrieved from /usr/local/python/3.12.1/lib/python3.12/site-packages/airflow/example_dags/example_skip_dag.py
[2025-03-18T10:52:37.518+0000] {logging_mixin.py:190} INFO - [2025-03-18T10:52:37.518+0000] {dag.py:3239} INFO - Sync 1 DAGs
[2025-03-18T10:52:37.534+0000] {logging_mixin.py:190} INFO - [2025-03-18T10:52:37.534+0000] {dag.py:4180} INFO - Setting next_dagrun for example_skip_dag to 2025-03-17 00:00:00+00:00, run_after=2025-03-18 00:00:00+00:00
[2025-03-18T10:52:37.548+0000] {processor.py:208} INFO - Processing /usr/local/python/3.12.1/lib/python3.12/site-packages/airflow/example_dags/example_skip_dag.py took 0.054 seconds
[2025-03-18T10:53:17.687+0000] {processor.py:186} INFO - Started process (PID=50480) to work on /usr/local/python/3.12.1/lib/python3.12/site-packages/airflow/example_dags/example_skip_dag.py
[2025-03-18T10:53:17.688+0000] {processor.py:914} INFO - Processing file /usr/local/python/3.12.1/lib/python3.12/site-packages/airflow/example_dags/example_skip_dag.py for tasks to queue
[2025-03-18T10:53:17.690+0000] {logging_mixin.py:190} INFO - [2025-03-18T10:53:17.689+0000] {dagbag.py:588} INFO - Filling up the DagBag from /usr/local/python/3.12.1/lib/python3.12/site-packages/airflow/example_dags/example_skip_dag.py
[2025-03-18T10:53:17.695+0000] {processor.py:925} INFO - DAG(s) 'example_skip_dag' retrieved from /usr/local/python/3.12.1/lib/python3.12/site-packages/airflow/example_dags/example_skip_dag.py
[2025-03-18T10:53:17.708+0000] {logging_mixin.py:190} INFO - [2025-03-18T10:53:17.708+0000] {dag.py:3239} INFO - Sync 1 DAGs
[2025-03-18T10:53:17.724+0000] {logging_mixin.py:190} INFO - [2025-03-18T10:53:17.724+0000] {dag.py:4180} INFO - Setting next_dagrun for example_skip_dag to 2025-03-17 00:00:00+00:00, run_after=2025-03-18 00:00:00+00:00
[2025-03-18T10:53:17.739+0000] {processor.py:208} INFO - Processing /usr/local/python/3.12.1/lib/python3.12/site-packages/airflow/example_dags/example_skip_dag.py took 0.055 seconds
[2025-03-18T10:54:13.395+0000] {processor.py:186} INFO - Started process (PID=51109) to work on /usr/local/python/3.12.1/lib/python3.12/site-packages/airflow/example_dags/example_skip_dag.py
[2025-03-18T10:54:13.395+0000] {processor.py:914} INFO - Processing file /usr/local/python/3.12.1/lib/python3.12/site-packages/airflow/example_dags/example_skip_dag.py for tasks to queue
[2025-03-18T10:54:13.397+0000] {logging_mixin.py:190} INFO - [2025-03-18T10:54:13.396+0000] {dagbag.py:588} INFO - Filling up the DagBag from /usr/local/python/3.12.1/lib/python3.12/site-packages/airflow/example_dags/example_skip_dag.py
[2025-03-18T10:54:13.403+0000] {processor.py:925} INFO - DAG(s) 'example_skip_dag' retrieved from /usr/local/python/3.12.1/lib/python3.12/site-packages/airflow/example_dags/example_skip_dag.py
[2025-03-18T10:54:13.414+0000] {logging_mixin.py:190} INFO - [2025-03-18T10:54:13.414+0000] {dag.py:3239} INFO - Sync 1 DAGs
[2025-03-18T10:54:13.430+0000] {logging_mixin.py:190} INFO - [2025-03-18T10:54:13.430+0000] {dag.py:4180} INFO - Setting next_dagrun for example_skip_dag to 2025-03-17 00:00:00+00:00, run_after=2025-03-18 00:00:00+00:00
[2025-03-18T10:54:13.444+0000] {processor.py:208} INFO - Processing /usr/local/python/3.12.1/lib/python3.12/site-packages/airflow/example_dags/example_skip_dag.py took 0.054 seconds
[2025-03-18T10:55:07.007+0000] {processor.py:186} INFO - Started process (PID=51584) to work on /usr/local/python/3.12.1/lib/python3.12/site-packages/airflow/example_dags/example_skip_dag.py
[2025-03-18T10:55:07.008+0000] {processor.py:914} INFO - Processing file /usr/local/python/3.12.1/lib/python3.12/site-packages/airflow/example_dags/example_skip_dag.py for tasks to queue
[2025-03-18T10:55:07.009+0000] {logging_mixin.py:190} INFO - [2025-03-18T10:55:07.009+0000] {dagbag.py:588} INFO - Filling up the DagBag from /usr/local/python/3.12.1/lib/python3.12/site-packages/airflow/example_dags/example_skip_dag.py
[2025-03-18T10:55:07.015+0000] {processor.py:925} INFO - DAG(s) 'example_skip_dag' retrieved from /usr/local/python/3.12.1/lib/python3.12/site-packages/airflow/example_dags/example_skip_dag.py
[2025-03-18T10:55:07.027+0000] {logging_mixin.py:190} INFO - [2025-03-18T10:55:07.027+0000] {dag.py:3239} INFO - Sync 1 DAGs
[2025-03-18T10:55:07.042+0000] {logging_mixin.py:190} INFO - [2025-03-18T10:55:07.041+0000] {dag.py:4180} INFO - Setting next_dagrun for example_skip_dag to 2025-03-17 00:00:00+00:00, run_after=2025-03-18 00:00:00+00:00
[2025-03-18T10:55:07.057+0000] {processor.py:208} INFO - Processing /usr/local/python/3.12.1/lib/python3.12/site-packages/airflow/example_dags/example_skip_dag.py took 0.054 seconds
[2025-03-18T10:55:57.240+0000] {processor.py:186} INFO - Started process (PID=52217) to work on /usr/local/python/3.12.1/lib/python3.12/site-packages/airflow/example_dags/example_skip_dag.py
[2025-03-18T10:55:57.241+0000] {processor.py:914} INFO - Processing file /usr/local/python/3.12.1/lib/python3.12/site-packages/airflow/example_dags/example_skip_dag.py for tasks to queue
[2025-03-18T10:55:57.242+0000] {logging_mixin.py:190} INFO - [2025-03-18T10:55:57.242+0000] {dagbag.py:588} INFO - Filling up the DagBag from /usr/local/python/3.12.1/lib/python3.12/site-packages/airflow/example_dags/example_skip_dag.py
[2025-03-18T10:55:57.248+0000] {processor.py:925} INFO - DAG(s) 'example_skip_dag' retrieved from /usr/local/python/3.12.1/lib/python3.12/site-packages/airflow/example_dags/example_skip_dag.py
[2025-03-18T10:55:57.260+0000] {logging_mixin.py:190} INFO - [2025-03-18T10:55:57.260+0000] {dag.py:3239} INFO - Sync 1 DAGs
[2025-03-18T10:55:57.275+0000] {logging_mixin.py:190} INFO - [2025-03-18T10:55:57.274+0000] {dag.py:4180} INFO - Setting next_dagrun for example_skip_dag to 2025-03-17 00:00:00+00:00, run_after=2025-03-18 00:00:00+00:00
[2025-03-18T10:55:57.289+0000] {processor.py:208} INFO - Processing /usr/local/python/3.12.1/lib/python3.12/site-packages/airflow/example_dags/example_skip_dag.py took 0.053 seconds
[2025-03-18T10:56:46.061+0000] {processor.py:186} INFO - Started process (PID=52746) to work on /usr/local/python/3.12.1/lib/python3.12/site-packages/airflow/example_dags/example_skip_dag.py
[2025-03-18T10:56:46.062+0000] {processor.py:914} INFO - Processing file /usr/local/python/3.12.1/lib/python3.12/site-packages/airflow/example_dags/example_skip_dag.py for tasks to queue
[2025-03-18T10:56:46.063+0000] {logging_mixin.py:190} INFO - [2025-03-18T10:56:46.063+0000] {dagbag.py:588} INFO - Filling up the DagBag from /usr/local/python/3.12.1/lib/python3.12/site-packages/airflow/example_dags/example_skip_dag.py
[2025-03-18T10:56:46.069+0000] {processor.py:925} INFO - DAG(s) 'example_skip_dag' retrieved from /usr/local/python/3.12.1/lib/python3.12/site-packages/airflow/example_dags/example_skip_dag.py
[2025-03-18T10:56:46.080+0000] {logging_mixin.py:190} INFO - [2025-03-18T10:56:46.080+0000] {dag.py:3239} INFO - Sync 1 DAGs
[2025-03-18T10:56:46.095+0000] {logging_mixin.py:190} INFO - [2025-03-18T10:56:46.094+0000] {dag.py:4180} INFO - Setting next_dagrun for example_skip_dag to 2025-03-17 00:00:00+00:00, run_after=2025-03-18 00:00:00+00:00
[2025-03-18T10:56:46.109+0000] {processor.py:208} INFO - Processing /usr/local/python/3.12.1/lib/python3.12/site-packages/airflow/example_dags/example_skip_dag.py took 0.052 seconds
[2025-03-18T10:57:34.469+0000] {processor.py:186} INFO - Started process (PID=53347) to work on /usr/local/python/3.12.1/lib/python3.12/site-packages/airflow/example_dags/example_skip_dag.py
[2025-03-18T10:57:34.469+0000] {processor.py:914} INFO - Processing file /usr/local/python/3.12.1/lib/python3.12/site-packages/airflow/example_dags/example_skip_dag.py for tasks to queue
[2025-03-18T10:57:34.471+0000] {logging_mixin.py:190} INFO - [2025-03-18T10:57:34.470+0000] {dagbag.py:588} INFO - Filling up the DagBag from /usr/local/python/3.12.1/lib/python3.12/site-packages/airflow/example_dags/example_skip_dag.py
[2025-03-18T10:57:34.477+0000] {processor.py:925} INFO - DAG(s) 'example_skip_dag' retrieved from /usr/local/python/3.12.1/lib/python3.12/site-packages/airflow/example_dags/example_skip_dag.py
[2025-03-18T10:57:34.488+0000] {logging_mixin.py:190} INFO - [2025-03-18T10:57:34.488+0000] {dag.py:3239} INFO - Sync 1 DAGs
[2025-03-18T10:57:34.505+0000] {logging_mixin.py:190} INFO - [2025-03-18T10:57:34.505+0000] {dag.py:4180} INFO - Setting next_dagrun for example_skip_dag to 2025-03-17 00:00:00+00:00, run_after=2025-03-18 00:00:00+00:00
[2025-03-18T10:57:34.519+0000] {processor.py:208} INFO - Processing /usr/local/python/3.12.1/lib/python3.12/site-packages/airflow/example_dags/example_skip_dag.py took 0.054 seconds
[2025-03-18T10:58:23.928+0000] {processor.py:186} INFO - Started process (PID=53838) to work on /usr/local/python/3.12.1/lib/python3.12/site-packages/airflow/example_dags/example_skip_dag.py
[2025-03-18T10:58:23.928+0000] {processor.py:914} INFO - Processing file /usr/local/python/3.12.1/lib/python3.12/site-packages/airflow/example_dags/example_skip_dag.py for tasks to queue
[2025-03-18T10:58:23.930+0000] {logging_mixin.py:190} INFO - [2025-03-18T10:58:23.930+0000] {dagbag.py:588} INFO - Filling up the DagBag from /usr/local/python/3.12.1/lib/python3.12/site-packages/airflow/example_dags/example_skip_dag.py
[2025-03-18T10:58:23.936+0000] {processor.py:925} INFO - DAG(s) 'example_skip_dag' retrieved from /usr/local/python/3.12.1/lib/python3.12/site-packages/airflow/example_dags/example_skip_dag.py
[2025-03-18T10:58:23.947+0000] {logging_mixin.py:190} INFO - [2025-03-18T10:58:23.947+0000] {dag.py:3239} INFO - Sync 1 DAGs
[2025-03-18T10:58:23.962+0000] {logging_mixin.py:190} INFO - [2025-03-18T10:58:23.962+0000] {dag.py:4180} INFO - Setting next_dagrun for example_skip_dag to 2025-03-17 00:00:00+00:00, run_after=2025-03-18 00:00:00+00:00
[2025-03-18T10:58:23.977+0000] {processor.py:208} INFO - Processing /usr/local/python/3.12.1/lib/python3.12/site-packages/airflow/example_dags/example_skip_dag.py took 0.053 seconds
[2025-03-18T10:59:10.188+0000] {processor.py:186} INFO - Started process (PID=54464) to work on /usr/local/python/3.12.1/lib/python3.12/site-packages/airflow/example_dags/example_skip_dag.py
[2025-03-18T10:59:10.188+0000] {processor.py:914} INFO - Processing file /usr/local/python/3.12.1/lib/python3.12/site-packages/airflow/example_dags/example_skip_dag.py for tasks to queue
[2025-03-18T10:59:10.190+0000] {logging_mixin.py:190} INFO - [2025-03-18T10:59:10.190+0000] {dagbag.py:588} INFO - Filling up the DagBag from /usr/local/python/3.12.1/lib/python3.12/site-packages/airflow/example_dags/example_skip_dag.py
[2025-03-18T10:59:10.196+0000] {processor.py:925} INFO - DAG(s) 'example_skip_dag' retrieved from /usr/local/python/3.12.1/lib/python3.12/site-packages/airflow/example_dags/example_skip_dag.py
[2025-03-18T10:59:10.207+0000] {logging_mixin.py:190} INFO - [2025-03-18T10:59:10.207+0000] {dag.py:3239} INFO - Sync 1 DAGs
[2025-03-18T10:59:10.222+0000] {logging_mixin.py:190} INFO - [2025-03-18T10:59:10.222+0000] {dag.py:4180} INFO - Setting next_dagrun for example_skip_dag to 2025-03-17 00:00:00+00:00, run_after=2025-03-18 00:00:00+00:00
[2025-03-18T10:59:10.237+0000] {processor.py:208} INFO - Processing /usr/local/python/3.12.1/lib/python3.12/site-packages/airflow/example_dags/example_skip_dag.py took 0.053 seconds
[2025-03-18T10:59:57.580+0000] {processor.py:186} INFO - Started process (PID=54909) to work on /usr/local/python/3.12.1/lib/python3.12/site-packages/airflow/example_dags/example_skip_dag.py
[2025-03-18T10:59:57.580+0000] {processor.py:914} INFO - Processing file /usr/local/python/3.12.1/lib/python3.12/site-packages/airflow/example_dags/example_skip_dag.py for tasks to queue
[2025-03-18T10:59:57.582+0000] {logging_mixin.py:190} INFO - [2025-03-18T10:59:57.582+0000] {dagbag.py:588} INFO - Filling up the DagBag from /usr/local/python/3.12.1/lib/python3.12/site-packages/airflow/example_dags/example_skip_dag.py
[2025-03-18T10:59:57.588+0000] {processor.py:925} INFO - DAG(s) 'example_skip_dag' retrieved from /usr/local/python/3.12.1/lib/python3.12/site-packages/airflow/example_dags/example_skip_dag.py
[2025-03-18T10:59:57.599+0000] {logging_mixin.py:190} INFO - [2025-03-18T10:59:57.599+0000] {dag.py:3239} INFO - Sync 1 DAGs
[2025-03-18T10:59:57.614+0000] {logging_mixin.py:190} INFO - [2025-03-18T10:59:57.614+0000] {dag.py:4180} INFO - Setting next_dagrun for example_skip_dag to 2025-03-17 00:00:00+00:00, run_after=2025-03-18 00:00:00+00:00
[2025-03-18T10:59:57.628+0000] {processor.py:208} INFO - Processing /usr/local/python/3.12.1/lib/python3.12/site-packages/airflow/example_dags/example_skip_dag.py took 0.052 seconds
[2025-03-18T11:00:48.998+0000] {processor.py:186} INFO - Started process (PID=56036) to work on /usr/local/python/3.12.1/lib/python3.12/site-packages/airflow/example_dags/example_skip_dag.py
[2025-03-18T11:00:48.998+0000] {processor.py:914} INFO - Processing file /usr/local/python/3.12.1/lib/python3.12/site-packages/airflow/example_dags/example_skip_dag.py for tasks to queue
[2025-03-18T11:00:49.000+0000] {logging_mixin.py:190} INFO - [2025-03-18T11:00:49.000+0000] {dagbag.py:588} INFO - Filling up the DagBag from /usr/local/python/3.12.1/lib/python3.12/site-packages/airflow/example_dags/example_skip_dag.py
[2025-03-18T11:00:49.006+0000] {processor.py:925} INFO - DAG(s) 'example_skip_dag' retrieved from /usr/local/python/3.12.1/lib/python3.12/site-packages/airflow/example_dags/example_skip_dag.py
[2025-03-18T11:00:49.021+0000] {logging_mixin.py:190} INFO - [2025-03-18T11:00:49.021+0000] {dag.py:3239} INFO - Sync 1 DAGs
[2025-03-18T11:00:49.042+0000] {logging_mixin.py:190} INFO - [2025-03-18T11:00:49.042+0000] {dag.py:4180} INFO - Setting next_dagrun for example_skip_dag to 2025-03-17 00:00:00+00:00, run_after=2025-03-18 00:00:00+00:00
[2025-03-18T11:00:49.082+0000] {processor.py:208} INFO - Processing /usr/local/python/3.12.1/lib/python3.12/site-packages/airflow/example_dags/example_skip_dag.py took 0.088 seconds
[2025-03-18T11:01:39.418+0000] {processor.py:186} INFO - Started process (PID=57824) to work on /usr/local/python/3.12.1/lib/python3.12/site-packages/airflow/example_dags/example_skip_dag.py
[2025-03-18T11:01:39.418+0000] {processor.py:914} INFO - Processing file /usr/local/python/3.12.1/lib/python3.12/site-packages/airflow/example_dags/example_skip_dag.py for tasks to queue
[2025-03-18T11:01:39.420+0000] {logging_mixin.py:190} INFO - [2025-03-18T11:01:39.420+0000] {dagbag.py:588} INFO - Filling up the DagBag from /usr/local/python/3.12.1/lib/python3.12/site-packages/airflow/example_dags/example_skip_dag.py
[2025-03-18T11:01:39.426+0000] {processor.py:925} INFO - DAG(s) 'example_skip_dag' retrieved from /usr/local/python/3.12.1/lib/python3.12/site-packages/airflow/example_dags/example_skip_dag.py
[2025-03-18T11:01:39.438+0000] {logging_mixin.py:190} INFO - [2025-03-18T11:01:39.438+0000] {dag.py:3239} INFO - Sync 1 DAGs
[2025-03-18T11:01:39.454+0000] {logging_mixin.py:190} INFO - [2025-03-18T11:01:39.454+0000] {dag.py:4180} INFO - Setting next_dagrun for example_skip_dag to 2025-03-17 00:00:00+00:00, run_after=2025-03-18 00:00:00+00:00
[2025-03-18T11:01:39.469+0000] {processor.py:208} INFO - Processing /usr/local/python/3.12.1/lib/python3.12/site-packages/airflow/example_dags/example_skip_dag.py took 0.056 seconds
[2025-03-18T11:02:30.819+0000] {processor.py:186} INFO - Started process (PID=58231) to work on /usr/local/python/3.12.1/lib/python3.12/site-packages/airflow/example_dags/example_skip_dag.py
[2025-03-18T11:02:30.820+0000] {processor.py:914} INFO - Processing file /usr/local/python/3.12.1/lib/python3.12/site-packages/airflow/example_dags/example_skip_dag.py for tasks to queue
[2025-03-18T11:02:30.822+0000] {logging_mixin.py:190} INFO - [2025-03-18T11:02:30.822+0000] {dagbag.py:588} INFO - Filling up the DagBag from /usr/local/python/3.12.1/lib/python3.12/site-packages/airflow/example_dags/example_skip_dag.py
[2025-03-18T11:02:30.828+0000] {processor.py:925} INFO - DAG(s) 'example_skip_dag' retrieved from /usr/local/python/3.12.1/lib/python3.12/site-packages/airflow/example_dags/example_skip_dag.py
[2025-03-18T11:02:30.839+0000] {logging_mixin.py:190} INFO - [2025-03-18T11:02:30.839+0000] {dag.py:3239} INFO - Sync 1 DAGs
[2025-03-18T11:02:30.854+0000] {logging_mixin.py:190} INFO - [2025-03-18T11:02:30.854+0000] {dag.py:4180} INFO - Setting next_dagrun for example_skip_dag to 2025-03-17 00:00:00+00:00, run_after=2025-03-18 00:00:00+00:00
[2025-03-18T11:02:30.869+0000] {processor.py:208} INFO - Processing /usr/local/python/3.12.1/lib/python3.12/site-packages/airflow/example_dags/example_skip_dag.py took 0.054 seconds
[2025-03-18T11:03:20.197+0000] {processor.py:186} INFO - Started process (PID=58651) to work on /usr/local/python/3.12.1/lib/python3.12/site-packages/airflow/example_dags/example_skip_dag.py
[2025-03-18T11:03:20.198+0000] {processor.py:914} INFO - Processing file /usr/local/python/3.12.1/lib/python3.12/site-packages/airflow/example_dags/example_skip_dag.py for tasks to queue
[2025-03-18T11:03:20.199+0000] {logging_mixin.py:190} INFO - [2025-03-18T11:03:20.199+0000] {dagbag.py:588} INFO - Filling up the DagBag from /usr/local/python/3.12.1/lib/python3.12/site-packages/airflow/example_dags/example_skip_dag.py
[2025-03-18T11:03:20.206+0000] {processor.py:925} INFO - DAG(s) 'example_skip_dag' retrieved from /usr/local/python/3.12.1/lib/python3.12/site-packages/airflow/example_dags/example_skip_dag.py
[2025-03-18T11:03:20.217+0000] {logging_mixin.py:190} INFO - [2025-03-18T11:03:20.217+0000] {dag.py:3239} INFO - Sync 1 DAGs
[2025-03-18T11:03:20.233+0000] {logging_mixin.py:190} INFO - [2025-03-18T11:03:20.232+0000] {dag.py:4180} INFO - Setting next_dagrun for example_skip_dag to 2025-03-17 00:00:00+00:00, run_after=2025-03-18 00:00:00+00:00
[2025-03-18T11:03:20.247+0000] {processor.py:208} INFO - Processing /usr/local/python/3.12.1/lib/python3.12/site-packages/airflow/example_dags/example_skip_dag.py took 0.054 seconds
[2025-03-18T11:04:14.597+0000] {processor.py:186} INFO - Started process (PID=59094) to work on /usr/local/python/3.12.1/lib/python3.12/site-packages/airflow/example_dags/example_skip_dag.py
[2025-03-18T11:04:14.598+0000] {processor.py:914} INFO - Processing file /usr/local/python/3.12.1/lib/python3.12/site-packages/airflow/example_dags/example_skip_dag.py for tasks to queue
[2025-03-18T11:04:14.600+0000] {logging_mixin.py:190} INFO - [2025-03-18T11:04:14.599+0000] {dagbag.py:588} INFO - Filling up the DagBag from /usr/local/python/3.12.1/lib/python3.12/site-packages/airflow/example_dags/example_skip_dag.py
[2025-03-18T11:04:14.606+0000] {processor.py:925} INFO - DAG(s) 'example_skip_dag' retrieved from /usr/local/python/3.12.1/lib/python3.12/site-packages/airflow/example_dags/example_skip_dag.py
[2025-03-18T11:04:14.617+0000] {logging_mixin.py:190} INFO - [2025-03-18T11:04:14.617+0000] {dag.py:3239} INFO - Sync 1 DAGs
[2025-03-18T11:04:14.631+0000] {logging_mixin.py:190} INFO - [2025-03-18T11:04:14.631+0000] {dag.py:4180} INFO - Setting next_dagrun for example_skip_dag to 2025-03-17 00:00:00+00:00, run_after=2025-03-18 00:00:00+00:00
[2025-03-18T11:04:14.646+0000] {processor.py:208} INFO - Processing /usr/local/python/3.12.1/lib/python3.12/site-packages/airflow/example_dags/example_skip_dag.py took 0.052 seconds
[2025-03-18T11:05:01.526+0000] {processor.py:186} INFO - Started process (PID=59457) to work on /usr/local/python/3.12.1/lib/python3.12/site-packages/airflow/example_dags/example_skip_dag.py
[2025-03-18T11:05:01.527+0000] {processor.py:914} INFO - Processing file /usr/local/python/3.12.1/lib/python3.12/site-packages/airflow/example_dags/example_skip_dag.py for tasks to queue
[2025-03-18T11:05:01.528+0000] {logging_mixin.py:190} INFO - [2025-03-18T11:05:01.528+0000] {dagbag.py:588} INFO - Filling up the DagBag from /usr/local/python/3.12.1/lib/python3.12/site-packages/airflow/example_dags/example_skip_dag.py
[2025-03-18T11:05:01.534+0000] {processor.py:925} INFO - DAG(s) 'example_skip_dag' retrieved from /usr/local/python/3.12.1/lib/python3.12/site-packages/airflow/example_dags/example_skip_dag.py
[2025-03-18T11:05:01.546+0000] {logging_mixin.py:190} INFO - [2025-03-18T11:05:01.546+0000] {dag.py:3239} INFO - Sync 1 DAGs
[2025-03-18T11:05:01.561+0000] {logging_mixin.py:190} INFO - [2025-03-18T11:05:01.561+0000] {dag.py:4180} INFO - Setting next_dagrun for example_skip_dag to 2025-03-17 00:00:00+00:00, run_after=2025-03-18 00:00:00+00:00
[2025-03-18T11:05:01.575+0000] {processor.py:208} INFO - Processing /usr/local/python/3.12.1/lib/python3.12/site-packages/airflow/example_dags/example_skip_dag.py took 0.053 seconds
[2025-03-18T11:05:51.975+0000] {processor.py:186} INFO - Started process (PID=59850) to work on /usr/local/python/3.12.1/lib/python3.12/site-packages/airflow/example_dags/example_skip_dag.py
[2025-03-18T11:05:51.976+0000] {processor.py:914} INFO - Processing file /usr/local/python/3.12.1/lib/python3.12/site-packages/airflow/example_dags/example_skip_dag.py for tasks to queue
[2025-03-18T11:05:51.977+0000] {logging_mixin.py:190} INFO - [2025-03-18T11:05:51.977+0000] {dagbag.py:588} INFO - Filling up the DagBag from /usr/local/python/3.12.1/lib/python3.12/site-packages/airflow/example_dags/example_skip_dag.py
[2025-03-18T11:05:51.984+0000] {processor.py:925} INFO - DAG(s) 'example_skip_dag' retrieved from /usr/local/python/3.12.1/lib/python3.12/site-packages/airflow/example_dags/example_skip_dag.py
[2025-03-18T11:05:51.996+0000] {logging_mixin.py:190} INFO - [2025-03-18T11:05:51.996+0000] {dag.py:3239} INFO - Sync 1 DAGs
[2025-03-18T11:05:52.011+0000] {logging_mixin.py:190} INFO - [2025-03-18T11:05:52.011+0000] {dag.py:4180} INFO - Setting next_dagrun for example_skip_dag to 2025-03-17 00:00:00+00:00, run_after=2025-03-18 00:00:00+00:00
[2025-03-18T11:05:52.025+0000] {processor.py:208} INFO - Processing /usr/local/python/3.12.1/lib/python3.12/site-packages/airflow/example_dags/example_skip_dag.py took 0.054 seconds
[2025-03-18T11:06:41.739+0000] {processor.py:186} INFO - Started process (PID=60242) to work on /usr/local/python/3.12.1/lib/python3.12/site-packages/airflow/example_dags/example_skip_dag.py
[2025-03-18T11:06:41.739+0000] {processor.py:914} INFO - Processing file /usr/local/python/3.12.1/lib/python3.12/site-packages/airflow/example_dags/example_skip_dag.py for tasks to queue
[2025-03-18T11:06:41.741+0000] {logging_mixin.py:190} INFO - [2025-03-18T11:06:41.740+0000] {dagbag.py:588} INFO - Filling up the DagBag from /usr/local/python/3.12.1/lib/python3.12/site-packages/airflow/example_dags/example_skip_dag.py
[2025-03-18T11:06:41.747+0000] {processor.py:925} INFO - DAG(s) 'example_skip_dag' retrieved from /usr/local/python/3.12.1/lib/python3.12/site-packages/airflow/example_dags/example_skip_dag.py
[2025-03-18T11:06:41.758+0000] {logging_mixin.py:190} INFO - [2025-03-18T11:06:41.758+0000] {dag.py:3239} INFO - Sync 1 DAGs
[2025-03-18T11:06:41.774+0000] {logging_mixin.py:190} INFO - [2025-03-18T11:06:41.773+0000] {dag.py:4180} INFO - Setting next_dagrun for example_skip_dag to 2025-03-17 00:00:00+00:00, run_after=2025-03-18 00:00:00+00:00
[2025-03-18T11:06:41.789+0000] {processor.py:208} INFO - Processing /usr/local/python/3.12.1/lib/python3.12/site-packages/airflow/example_dags/example_skip_dag.py took 0.055 seconds
[2025-03-18T11:07:33.542+0000] {processor.py:186} INFO - Started process (PID=60654) to work on /usr/local/python/3.12.1/lib/python3.12/site-packages/airflow/example_dags/example_skip_dag.py
[2025-03-18T11:07:33.542+0000] {processor.py:914} INFO - Processing file /usr/local/python/3.12.1/lib/python3.12/site-packages/airflow/example_dags/example_skip_dag.py for tasks to queue
[2025-03-18T11:07:33.544+0000] {logging_mixin.py:190} INFO - [2025-03-18T11:07:33.543+0000] {dagbag.py:588} INFO - Filling up the DagBag from /usr/local/python/3.12.1/lib/python3.12/site-packages/airflow/example_dags/example_skip_dag.py
[2025-03-18T11:07:33.550+0000] {processor.py:925} INFO - DAG(s) 'example_skip_dag' retrieved from /usr/local/python/3.12.1/lib/python3.12/site-packages/airflow/example_dags/example_skip_dag.py
[2025-03-18T11:07:33.561+0000] {logging_mixin.py:190} INFO - [2025-03-18T11:07:33.561+0000] {dag.py:3239} INFO - Sync 1 DAGs
[2025-03-18T11:07:33.576+0000] {logging_mixin.py:190} INFO - [2025-03-18T11:07:33.576+0000] {dag.py:4180} INFO - Setting next_dagrun for example_skip_dag to 2025-03-17 00:00:00+00:00, run_after=2025-03-18 00:00:00+00:00
[2025-03-18T11:07:33.592+0000] {processor.py:208} INFO - Processing /usr/local/python/3.12.1/lib/python3.12/site-packages/airflow/example_dags/example_skip_dag.py took 0.054 seconds
[2025-03-18T11:08:22.976+0000] {processor.py:186} INFO - Started process (PID=61072) to work on /usr/local/python/3.12.1/lib/python3.12/site-packages/airflow/example_dags/example_skip_dag.py
[2025-03-18T11:08:22.977+0000] {processor.py:914} INFO - Processing file /usr/local/python/3.12.1/lib/python3.12/site-packages/airflow/example_dags/example_skip_dag.py for tasks to queue
[2025-03-18T11:08:22.978+0000] {logging_mixin.py:190} INFO - [2025-03-18T11:08:22.978+0000] {dagbag.py:588} INFO - Filling up the DagBag from /usr/local/python/3.12.1/lib/python3.12/site-packages/airflow/example_dags/example_skip_dag.py
[2025-03-18T11:08:22.984+0000] {processor.py:925} INFO - DAG(s) 'example_skip_dag' retrieved from /usr/local/python/3.12.1/lib/python3.12/site-packages/airflow/example_dags/example_skip_dag.py
[2025-03-18T11:08:22.996+0000] {logging_mixin.py:190} INFO - [2025-03-18T11:08:22.996+0000] {dag.py:3239} INFO - Sync 1 DAGs
[2025-03-18T11:08:23.011+0000] {logging_mixin.py:190} INFO - [2025-03-18T11:08:23.011+0000] {dag.py:4180} INFO - Setting next_dagrun for example_skip_dag to 2025-03-17 00:00:00+00:00, run_after=2025-03-18 00:00:00+00:00
[2025-03-18T11:08:23.025+0000] {processor.py:208} INFO - Processing /usr/local/python/3.12.1/lib/python3.12/site-packages/airflow/example_dags/example_skip_dag.py took 0.053 seconds
[2025-03-18T11:09:14.900+0000] {processor.py:186} INFO - Started process (PID=61514) to work on /usr/local/python/3.12.1/lib/python3.12/site-packages/airflow/example_dags/example_skip_dag.py
[2025-03-18T11:09:14.901+0000] {processor.py:914} INFO - Processing file /usr/local/python/3.12.1/lib/python3.12/site-packages/airflow/example_dags/example_skip_dag.py for tasks to queue
[2025-03-18T11:09:14.902+0000] {logging_mixin.py:190} INFO - [2025-03-18T11:09:14.902+0000] {dagbag.py:588} INFO - Filling up the DagBag from /usr/local/python/3.12.1/lib/python3.12/site-packages/airflow/example_dags/example_skip_dag.py
[2025-03-18T11:09:14.909+0000] {processor.py:925} INFO - DAG(s) 'example_skip_dag' retrieved from /usr/local/python/3.12.1/lib/python3.12/site-packages/airflow/example_dags/example_skip_dag.py
[2025-03-18T11:09:14.921+0000] {logging_mixin.py:190} INFO - [2025-03-18T11:09:14.921+0000] {dag.py:3239} INFO - Sync 1 DAGs
[2025-03-18T11:09:14.936+0000] {logging_mixin.py:190} INFO - [2025-03-18T11:09:14.936+0000] {dag.py:4180} INFO - Setting next_dagrun for example_skip_dag to 2025-03-17 00:00:00+00:00, run_after=2025-03-18 00:00:00+00:00
[2025-03-18T11:09:14.950+0000] {processor.py:208} INFO - Processing /usr/local/python/3.12.1/lib/python3.12/site-packages/airflow/example_dags/example_skip_dag.py took 0.056 seconds
[2025-03-18T11:10:08.919+0000] {processor.py:186} INFO - Started process (PID=61973) to work on /usr/local/python/3.12.1/lib/python3.12/site-packages/airflow/example_dags/example_skip_dag.py
[2025-03-18T11:10:08.919+0000] {processor.py:914} INFO - Processing file /usr/local/python/3.12.1/lib/python3.12/site-packages/airflow/example_dags/example_skip_dag.py for tasks to queue
[2025-03-18T11:10:08.921+0000] {logging_mixin.py:190} INFO - [2025-03-18T11:10:08.920+0000] {dagbag.py:588} INFO - Filling up the DagBag from /usr/local/python/3.12.1/lib/python3.12/site-packages/airflow/example_dags/example_skip_dag.py
[2025-03-18T11:10:08.927+0000] {processor.py:925} INFO - DAG(s) 'example_skip_dag' retrieved from /usr/local/python/3.12.1/lib/python3.12/site-packages/airflow/example_dags/example_skip_dag.py
[2025-03-18T11:10:08.938+0000] {logging_mixin.py:190} INFO - [2025-03-18T11:10:08.938+0000] {dag.py:3239} INFO - Sync 1 DAGs
[2025-03-18T11:10:08.958+0000] {logging_mixin.py:190} INFO - [2025-03-18T11:10:08.958+0000] {dag.py:4180} INFO - Setting next_dagrun for example_skip_dag to 2025-03-17 00:00:00+00:00, run_after=2025-03-18 00:00:00+00:00
[2025-03-18T11:10:08.976+0000] {processor.py:208} INFO - Processing /usr/local/python/3.12.1/lib/python3.12/site-packages/airflow/example_dags/example_skip_dag.py took 0.062 seconds
[2025-03-18T11:10:59.030+0000] {processor.py:186} INFO - Started process (PID=62407) to work on /usr/local/python/3.12.1/lib/python3.12/site-packages/airflow/example_dags/example_skip_dag.py
[2025-03-18T11:10:59.030+0000] {processor.py:914} INFO - Processing file /usr/local/python/3.12.1/lib/python3.12/site-packages/airflow/example_dags/example_skip_dag.py for tasks to queue
[2025-03-18T11:10:59.032+0000] {logging_mixin.py:190} INFO - [2025-03-18T11:10:59.032+0000] {dagbag.py:588} INFO - Filling up the DagBag from /usr/local/python/3.12.1/lib/python3.12/site-packages/airflow/example_dags/example_skip_dag.py
[2025-03-18T11:10:59.038+0000] {processor.py:925} INFO - DAG(s) 'example_skip_dag' retrieved from /usr/local/python/3.12.1/lib/python3.12/site-packages/airflow/example_dags/example_skip_dag.py
[2025-03-18T11:10:59.049+0000] {logging_mixin.py:190} INFO - [2025-03-18T11:10:59.049+0000] {dag.py:3239} INFO - Sync 1 DAGs
[2025-03-18T11:10:59.064+0000] {logging_mixin.py:190} INFO - [2025-03-18T11:10:59.064+0000] {dag.py:4180} INFO - Setting next_dagrun for example_skip_dag to 2025-03-17 00:00:00+00:00, run_after=2025-03-18 00:00:00+00:00
[2025-03-18T11:10:59.079+0000] {processor.py:208} INFO - Processing /usr/local/python/3.12.1/lib/python3.12/site-packages/airflow/example_dags/example_skip_dag.py took 0.053 seconds
[2025-03-18T11:11:44.440+0000] {processor.py:186} INFO - Started process (PID=62865) to work on /usr/local/python/3.12.1/lib/python3.12/site-packages/airflow/example_dags/example_skip_dag.py
[2025-03-18T11:11:44.440+0000] {processor.py:914} INFO - Processing file /usr/local/python/3.12.1/lib/python3.12/site-packages/airflow/example_dags/example_skip_dag.py for tasks to queue
[2025-03-18T11:11:44.442+0000] {logging_mixin.py:190} INFO - [2025-03-18T11:11:44.441+0000] {dagbag.py:588} INFO - Filling up the DagBag from /usr/local/python/3.12.1/lib/python3.12/site-packages/airflow/example_dags/example_skip_dag.py
[2025-03-18T11:11:44.448+0000] {processor.py:925} INFO - DAG(s) 'example_skip_dag' retrieved from /usr/local/python/3.12.1/lib/python3.12/site-packages/airflow/example_dags/example_skip_dag.py
[2025-03-18T11:11:44.460+0000] {logging_mixin.py:190} INFO - [2025-03-18T11:11:44.459+0000] {dag.py:3239} INFO - Sync 1 DAGs
[2025-03-18T11:11:44.474+0000] {logging_mixin.py:190} INFO - [2025-03-18T11:11:44.474+0000] {dag.py:4180} INFO - Setting next_dagrun for example_skip_dag to 2025-03-17 00:00:00+00:00, run_after=2025-03-18 00:00:00+00:00
[2025-03-18T11:11:44.490+0000] {processor.py:208} INFO - Processing /usr/local/python/3.12.1/lib/python3.12/site-packages/airflow/example_dags/example_skip_dag.py took 0.054 seconds
[2025-03-18T11:49:57.070+0000] {processor.py:186} INFO - Started process (PID=82535) to work on /usr/local/python/3.12.1/lib/python3.12/site-packages/airflow/example_dags/example_skip_dag.py
[2025-03-18T11:49:57.071+0000] {processor.py:914} INFO - Processing file /usr/local/python/3.12.1/lib/python3.12/site-packages/airflow/example_dags/example_skip_dag.py for tasks to queue
[2025-03-18T11:49:57.072+0000] {logging_mixin.py:190} INFO - [2025-03-18T11:49:57.072+0000] {dagbag.py:588} INFO - Filling up the DagBag from /usr/local/python/3.12.1/lib/python3.12/site-packages/airflow/example_dags/example_skip_dag.py
[2025-03-18T11:49:57.078+0000] {processor.py:925} INFO - DAG(s) 'example_skip_dag' retrieved from /usr/local/python/3.12.1/lib/python3.12/site-packages/airflow/example_dags/example_skip_dag.py
[2025-03-18T11:49:57.091+0000] {logging_mixin.py:190} INFO - [2025-03-18T11:49:57.091+0000] {dag.py:3239} INFO - Sync 1 DAGs
[2025-03-18T11:49:57.107+0000] {logging_mixin.py:190} INFO - [2025-03-18T11:49:57.107+0000] {dag.py:4180} INFO - Setting next_dagrun for example_skip_dag to 2025-03-17 00:00:00+00:00, run_after=2025-03-18 00:00:00+00:00
[2025-03-18T11:49:57.121+0000] {processor.py:208} INFO - Processing /usr/local/python/3.12.1/lib/python3.12/site-packages/airflow/example_dags/example_skip_dag.py took 0.055 seconds
[2025-03-18T11:50:31.761+0000] {processor.py:186} INFO - Started process (PID=82951) to work on /usr/local/python/3.12.1/lib/python3.12/site-packages/airflow/example_dags/example_skip_dag.py
[2025-03-18T11:50:31.762+0000] {processor.py:914} INFO - Processing file /usr/local/python/3.12.1/lib/python3.12/site-packages/airflow/example_dags/example_skip_dag.py for tasks to queue
[2025-03-18T11:50:31.764+0000] {logging_mixin.py:190} INFO - [2025-03-18T11:50:31.764+0000] {dagbag.py:588} INFO - Filling up the DagBag from /usr/local/python/3.12.1/lib/python3.12/site-packages/airflow/example_dags/example_skip_dag.py
[2025-03-18T11:50:31.770+0000] {processor.py:925} INFO - DAG(s) 'example_skip_dag' retrieved from /usr/local/python/3.12.1/lib/python3.12/site-packages/airflow/example_dags/example_skip_dag.py
[2025-03-18T11:50:31.783+0000] {logging_mixin.py:190} INFO - [2025-03-18T11:50:31.782+0000] {dag.py:3239} INFO - Sync 1 DAGs
[2025-03-18T11:50:31.798+0000] {logging_mixin.py:190} INFO - [2025-03-18T11:50:31.798+0000] {dag.py:4180} INFO - Setting next_dagrun for example_skip_dag to 2025-03-17 00:00:00+00:00, run_after=2025-03-18 00:00:00+00:00
[2025-03-18T11:50:31.812+0000] {processor.py:208} INFO - Processing /usr/local/python/3.12.1/lib/python3.12/site-packages/airflow/example_dags/example_skip_dag.py took 0.055 seconds
[2025-03-18T11:57:49.519+0000] {processor.py:186} INFO - Started process (PID=86853) to work on /usr/local/python/3.12.1/lib/python3.12/site-packages/airflow/example_dags/example_skip_dag.py
[2025-03-18T11:57:49.520+0000] {processor.py:914} INFO - Processing file /usr/local/python/3.12.1/lib/python3.12/site-packages/airflow/example_dags/example_skip_dag.py for tasks to queue
[2025-03-18T11:57:49.522+0000] {logging_mixin.py:190} INFO - [2025-03-18T11:57:49.521+0000] {dagbag.py:588} INFO - Filling up the DagBag from /usr/local/python/3.12.1/lib/python3.12/site-packages/airflow/example_dags/example_skip_dag.py
[2025-03-18T11:57:49.527+0000] {processor.py:925} INFO - DAG(s) 'example_skip_dag' retrieved from /usr/local/python/3.12.1/lib/python3.12/site-packages/airflow/example_dags/example_skip_dag.py
[2025-03-18T11:57:49.543+0000] {logging_mixin.py:190} INFO - [2025-03-18T11:57:49.543+0000] {dag.py:3239} INFO - Sync 1 DAGs
[2025-03-18T11:57:49.558+0000] {logging_mixin.py:190} INFO - [2025-03-18T11:57:49.558+0000] {dag.py:4180} INFO - Setting next_dagrun for example_skip_dag to 2025-03-17 00:00:00+00:00, run_after=2025-03-18 00:00:00+00:00
[2025-03-18T11:57:49.571+0000] {processor.py:208} INFO - Processing /usr/local/python/3.12.1/lib/python3.12/site-packages/airflow/example_dags/example_skip_dag.py took 0.056 seconds
