[2025-03-18T10:52:09.523+0000] {processor.py:186} INFO - Started process (PID=49584) to work on /usr/local/python/3.12.1/lib/python3.12/site-packages/airflow/example_dags/example_branch_operator.py
[2025-03-18T10:52:09.523+0000] {processor.py:914} INFO - Processing file /usr/local/python/3.12.1/lib/python3.12/site-packages/airflow/example_dags/example_branch_operator.py for tasks to queue
[2025-03-18T10:52:09.525+0000] {logging_mixin.py:190} INFO - [2025-03-18T10:52:09.524+0000] {dagbag.py:588} INFO - Filling up the DagBag from /usr/local/python/3.12.1/lib/python3.12/site-packages/airflow/example_dags/example_branch_operator.py
[2025-03-18T10:52:09.539+0000] {processor.py:925} INFO - DAG(s) 'example_branch_operator' retrieved from /usr/local/python/3.12.1/lib/python3.12/site-packages/airflow/example_dags/example_branch_operator.py
[2025-03-18T10:52:09.629+0000] {logging_mixin.py:190} INFO - [2025-03-18T10:52:09.629+0000] {override.py:1930} INFO - Created Permission View: can read on DAG:example_branch_operator
[2025-03-18T10:52:09.637+0000] {logging_mixin.py:190} INFO - [2025-03-18T10:52:09.637+0000] {override.py:1930} INFO - Created Permission View: can edit on DAG:example_branch_operator
[2025-03-18T10:52:09.643+0000] {logging_mixin.py:190} INFO - [2025-03-18T10:52:09.643+0000] {override.py:1930} INFO - Created Permission View: can delete on DAG:example_branch_operator
[2025-03-18T10:52:09.653+0000] {logging_mixin.py:190} INFO - [2025-03-18T10:52:09.652+0000] {override.py:1930} INFO - Created Permission View: can read on DAG Run:example_branch_operator
[2025-03-18T10:52:09.658+0000] {logging_mixin.py:190} INFO - [2025-03-18T10:52:09.658+0000] {override.py:1930} INFO - Created Permission View: can create on DAG Run:example_branch_operator
[2025-03-18T10:52:09.664+0000] {logging_mixin.py:190} INFO - [2025-03-18T10:52:09.664+0000] {override.py:1930} INFO - Created Permission View: menu access on DAG Run:example_branch_operator
[2025-03-18T10:52:09.670+0000] {logging_mixin.py:190} INFO - [2025-03-18T10:52:09.669+0000] {override.py:1930} INFO - Created Permission View: can delete on DAG Run:example_branch_operator
[2025-03-18T10:52:09.670+0000] {logging_mixin.py:190} INFO - [2025-03-18T10:52:09.670+0000] {dag.py:3239} INFO - Sync 1 DAGs
[2025-03-18T10:52:09.679+0000] {logging_mixin.py:190} INFO - [2025-03-18T10:52:09.679+0000] {dag.py:3262} INFO - Creating ORM DAG for example_branch_operator
[2025-03-18T10:52:09.686+0000] {logging_mixin.py:190} INFO - [2025-03-18T10:52:09.686+0000] {dag.py:4180} INFO - Setting next_dagrun for example_branch_operator to 2025-03-17 00:00:00+00:00, run_after=2025-03-18 00:00:00+00:00
[2025-03-18T10:52:09.702+0000] {processor.py:208} INFO - Processing /usr/local/python/3.12.1/lib/python3.12/site-packages/airflow/example_dags/example_branch_operator.py took 0.183 seconds
[2025-03-18T10:53:46.354+0000] {processor.py:186} INFO - Started process (PID=50871) to work on /usr/local/python/3.12.1/lib/python3.12/site-packages/airflow/example_dags/example_branch_operator.py
[2025-03-18T10:53:46.355+0000] {processor.py:914} INFO - Processing file /usr/local/python/3.12.1/lib/python3.12/site-packages/airflow/example_dags/example_branch_operator.py for tasks to queue
[2025-03-18T10:53:46.356+0000] {logging_mixin.py:190} INFO - [2025-03-18T10:53:46.356+0000] {dagbag.py:588} INFO - Filling up the DagBag from /usr/local/python/3.12.1/lib/python3.12/site-packages/airflow/example_dags/example_branch_operator.py
[2025-03-18T10:53:46.370+0000] {processor.py:925} INFO - DAG(s) 'example_branch_operator' retrieved from /usr/local/python/3.12.1/lib/python3.12/site-packages/airflow/example_dags/example_branch_operator.py
[2025-03-18T10:53:46.456+0000] {logging_mixin.py:190} INFO - [2025-03-18T10:53:46.456+0000] {dag.py:3239} INFO - Sync 1 DAGs
[2025-03-18T10:53:46.470+0000] {logging_mixin.py:190} INFO - [2025-03-18T10:53:46.470+0000] {dag.py:4180} INFO - Setting next_dagrun for example_branch_operator to 2025-03-17 00:00:00+00:00, run_after=2025-03-18 00:00:00+00:00
[2025-03-18T10:53:46.487+0000] {processor.py:208} INFO - Processing /usr/local/python/3.12.1/lib/python3.12/site-packages/airflow/example_dags/example_branch_operator.py took 0.137 seconds
[2025-03-18T10:54:42.204+0000] {processor.py:186} INFO - Started process (PID=51335) to work on /usr/local/python/3.12.1/lib/python3.12/site-packages/airflow/example_dags/example_branch_operator.py
[2025-03-18T10:54:42.204+0000] {processor.py:914} INFO - Processing file /usr/local/python/3.12.1/lib/python3.12/site-packages/airflow/example_dags/example_branch_operator.py for tasks to queue
[2025-03-18T10:54:42.206+0000] {logging_mixin.py:190} INFO - [2025-03-18T10:54:42.205+0000] {dagbag.py:588} INFO - Filling up the DagBag from /usr/local/python/3.12.1/lib/python3.12/site-packages/airflow/example_dags/example_branch_operator.py
[2025-03-18T10:54:42.220+0000] {processor.py:925} INFO - DAG(s) 'example_branch_operator' retrieved from /usr/local/python/3.12.1/lib/python3.12/site-packages/airflow/example_dags/example_branch_operator.py
[2025-03-18T10:54:42.238+0000] {logging_mixin.py:190} INFO - [2025-03-18T10:54:42.237+0000] {dag.py:3239} INFO - Sync 1 DAGs
[2025-03-18T10:54:42.253+0000] {logging_mixin.py:190} INFO - [2025-03-18T10:54:42.253+0000] {dag.py:4180} INFO - Setting next_dagrun for example_branch_operator to 2025-03-17 00:00:00+00:00, run_after=2025-03-18 00:00:00+00:00
[2025-03-18T10:54:42.267+0000] {processor.py:208} INFO - Processing /usr/local/python/3.12.1/lib/python3.12/site-packages/airflow/example_dags/example_branch_operator.py took 0.068 seconds
[2025-03-18T10:55:35.579+0000] {processor.py:186} INFO - Started process (PID=51848) to work on /usr/local/python/3.12.1/lib/python3.12/site-packages/airflow/example_dags/example_branch_operator.py
[2025-03-18T10:55:35.579+0000] {processor.py:914} INFO - Processing file /usr/local/python/3.12.1/lib/python3.12/site-packages/airflow/example_dags/example_branch_operator.py for tasks to queue
[2025-03-18T10:55:35.581+0000] {logging_mixin.py:190} INFO - [2025-03-18T10:55:35.580+0000] {dagbag.py:588} INFO - Filling up the DagBag from /usr/local/python/3.12.1/lib/python3.12/site-packages/airflow/example_dags/example_branch_operator.py
[2025-03-18T10:55:35.595+0000] {processor.py:925} INFO - DAG(s) 'example_branch_operator' retrieved from /usr/local/python/3.12.1/lib/python3.12/site-packages/airflow/example_dags/example_branch_operator.py
[2025-03-18T10:55:35.612+0000] {logging_mixin.py:190} INFO - [2025-03-18T10:55:35.612+0000] {dag.py:3239} INFO - Sync 1 DAGs
[2025-03-18T10:55:35.628+0000] {logging_mixin.py:190} INFO - [2025-03-18T10:55:35.628+0000] {dag.py:4180} INFO - Setting next_dagrun for example_branch_operator to 2025-03-17 00:00:00+00:00, run_after=2025-03-18 00:00:00+00:00
[2025-03-18T10:55:35.642+0000] {processor.py:208} INFO - Processing /usr/local/python/3.12.1/lib/python3.12/site-packages/airflow/example_dags/example_branch_operator.py took 0.067 seconds
[2025-03-18T10:56:50.365+0000] {processor.py:186} INFO - Started process (PID=52791) to work on /usr/local/python/3.12.1/lib/python3.12/site-packages/airflow/example_dags/example_branch_operator.py
[2025-03-18T10:56:50.366+0000] {processor.py:914} INFO - Processing file /usr/local/python/3.12.1/lib/python3.12/site-packages/airflow/example_dags/example_branch_operator.py for tasks to queue
[2025-03-18T10:56:50.367+0000] {logging_mixin.py:190} INFO - [2025-03-18T10:56:50.367+0000] {dagbag.py:588} INFO - Filling up the DagBag from /usr/local/python/3.12.1/lib/python3.12/site-packages/airflow/example_dags/example_branch_operator.py
[2025-03-18T10:56:50.382+0000] {processor.py:925} INFO - DAG(s) 'example_branch_operator' retrieved from /usr/local/python/3.12.1/lib/python3.12/site-packages/airflow/example_dags/example_branch_operator.py
[2025-03-18T10:56:50.399+0000] {logging_mixin.py:190} INFO - [2025-03-18T10:56:50.399+0000] {dag.py:3239} INFO - Sync 1 DAGs
[2025-03-18T10:56:50.415+0000] {logging_mixin.py:190} INFO - [2025-03-18T10:56:50.415+0000] {dag.py:4180} INFO - Setting next_dagrun for example_branch_operator to 2025-03-17 00:00:00+00:00, run_after=2025-03-18 00:00:00+00:00
[2025-03-18T10:56:50.429+0000] {processor.py:208} INFO - Processing /usr/local/python/3.12.1/lib/python3.12/site-packages/airflow/example_dags/example_branch_operator.py took 0.068 seconds
[2025-03-18T10:58:03.508+0000] {processor.py:186} INFO - Started process (PID=53676) to work on /usr/local/python/3.12.1/lib/python3.12/site-packages/airflow/example_dags/example_branch_operator.py
[2025-03-18T10:58:03.509+0000] {processor.py:914} INFO - Processing file /usr/local/python/3.12.1/lib/python3.12/site-packages/airflow/example_dags/example_branch_operator.py for tasks to queue
[2025-03-18T10:58:03.510+0000] {logging_mixin.py:190} INFO - [2025-03-18T10:58:03.510+0000] {dagbag.py:588} INFO - Filling up the DagBag from /usr/local/python/3.12.1/lib/python3.12/site-packages/airflow/example_dags/example_branch_operator.py
[2025-03-18T10:58:03.525+0000] {processor.py:925} INFO - DAG(s) 'example_branch_operator' retrieved from /usr/local/python/3.12.1/lib/python3.12/site-packages/airflow/example_dags/example_branch_operator.py
[2025-03-18T10:58:03.542+0000] {logging_mixin.py:190} INFO - [2025-03-18T10:58:03.542+0000] {dag.py:3239} INFO - Sync 1 DAGs
[2025-03-18T10:58:03.557+0000] {logging_mixin.py:190} INFO - [2025-03-18T10:58:03.557+0000] {dag.py:4180} INFO - Setting next_dagrun for example_branch_operator to 2025-03-17 00:00:00+00:00, run_after=2025-03-18 00:00:00+00:00
[2025-03-18T10:58:03.572+0000] {processor.py:208} INFO - Processing /usr/local/python/3.12.1/lib/python3.12/site-packages/airflow/example_dags/example_branch_operator.py took 0.068 seconds
[2025-03-18T10:59:15.328+0000] {processor.py:186} INFO - Started process (PID=54529) to work on /usr/local/python/3.12.1/lib/python3.12/site-packages/airflow/example_dags/example_branch_operator.py
[2025-03-18T10:59:15.328+0000] {processor.py:914} INFO - Processing file /usr/local/python/3.12.1/lib/python3.12/site-packages/airflow/example_dags/example_branch_operator.py for tasks to queue
[2025-03-18T10:59:15.330+0000] {logging_mixin.py:190} INFO - [2025-03-18T10:59:15.329+0000] {dagbag.py:588} INFO - Filling up the DagBag from /usr/local/python/3.12.1/lib/python3.12/site-packages/airflow/example_dags/example_branch_operator.py
[2025-03-18T10:59:15.344+0000] {processor.py:925} INFO - DAG(s) 'example_branch_operator' retrieved from /usr/local/python/3.12.1/lib/python3.12/site-packages/airflow/example_dags/example_branch_operator.py
[2025-03-18T10:59:15.361+0000] {logging_mixin.py:190} INFO - [2025-03-18T10:59:15.361+0000] {dag.py:3239} INFO - Sync 1 DAGs
[2025-03-18T10:59:15.378+0000] {logging_mixin.py:190} INFO - [2025-03-18T10:59:15.377+0000] {dag.py:4180} INFO - Setting next_dagrun for example_branch_operator to 2025-03-17 00:00:00+00:00, run_after=2025-03-18 00:00:00+00:00
[2025-03-18T10:59:15.391+0000] {processor.py:208} INFO - Processing /usr/local/python/3.12.1/lib/python3.12/site-packages/airflow/example_dags/example_branch_operator.py took 0.068 seconds
[2025-03-18T11:00:28.423+0000] {processor.py:186} INFO - Started process (PID=55342) to work on /usr/local/python/3.12.1/lib/python3.12/site-packages/airflow/example_dags/example_branch_operator.py
[2025-03-18T11:00:28.424+0000] {processor.py:914} INFO - Processing file /usr/local/python/3.12.1/lib/python3.12/site-packages/airflow/example_dags/example_branch_operator.py for tasks to queue
[2025-03-18T11:00:28.425+0000] {logging_mixin.py:190} INFO - [2025-03-18T11:00:28.425+0000] {dagbag.py:588} INFO - Filling up the DagBag from /usr/local/python/3.12.1/lib/python3.12/site-packages/airflow/example_dags/example_branch_operator.py
[2025-03-18T11:00:28.440+0000] {processor.py:925} INFO - DAG(s) 'example_branch_operator' retrieved from /usr/local/python/3.12.1/lib/python3.12/site-packages/airflow/example_dags/example_branch_operator.py
[2025-03-18T11:00:28.457+0000] {logging_mixin.py:190} INFO - [2025-03-18T11:00:28.457+0000] {dag.py:3239} INFO - Sync 1 DAGs
[2025-03-18T11:00:28.473+0000] {logging_mixin.py:190} INFO - [2025-03-18T11:00:28.473+0000] {dag.py:4180} INFO - Setting next_dagrun for example_branch_operator to 2025-03-17 00:00:00+00:00, run_after=2025-03-18 00:00:00+00:00
[2025-03-18T11:00:28.488+0000] {processor.py:208} INFO - Processing /usr/local/python/3.12.1/lib/python3.12/site-packages/airflow/example_dags/example_branch_operator.py took 0.068 seconds
[2025-03-18T11:01:44.558+0000] {processor.py:186} INFO - Started process (PID=57878) to work on /usr/local/python/3.12.1/lib/python3.12/site-packages/airflow/example_dags/example_branch_operator.py
[2025-03-18T11:01:44.559+0000] {processor.py:914} INFO - Processing file /usr/local/python/3.12.1/lib/python3.12/site-packages/airflow/example_dags/example_branch_operator.py for tasks to queue
[2025-03-18T11:01:44.560+0000] {logging_mixin.py:190} INFO - [2025-03-18T11:01:44.560+0000] {dagbag.py:588} INFO - Filling up the DagBag from /usr/local/python/3.12.1/lib/python3.12/site-packages/airflow/example_dags/example_branch_operator.py
[2025-03-18T11:01:44.575+0000] {processor.py:925} INFO - DAG(s) 'example_branch_operator' retrieved from /usr/local/python/3.12.1/lib/python3.12/site-packages/airflow/example_dags/example_branch_operator.py
[2025-03-18T11:01:44.592+0000] {logging_mixin.py:190} INFO - [2025-03-18T11:01:44.592+0000] {dag.py:3239} INFO - Sync 1 DAGs
[2025-03-18T11:01:44.608+0000] {logging_mixin.py:190} INFO - [2025-03-18T11:01:44.608+0000] {dag.py:4180} INFO - Setting next_dagrun for example_branch_operator to 2025-03-17 00:00:00+00:00, run_after=2025-03-18 00:00:00+00:00
[2025-03-18T11:01:44.622+0000] {processor.py:208} INFO - Processing /usr/local/python/3.12.1/lib/python3.12/site-packages/airflow/example_dags/example_branch_operator.py took 0.068 seconds
[2025-03-18T11:03:00.273+0000] {processor.py:186} INFO - Started process (PID=58461) to work on /usr/local/python/3.12.1/lib/python3.12/site-packages/airflow/example_dags/example_branch_operator.py
[2025-03-18T11:03:00.273+0000] {processor.py:914} INFO - Processing file /usr/local/python/3.12.1/lib/python3.12/site-packages/airflow/example_dags/example_branch_operator.py for tasks to queue
[2025-03-18T11:03:00.275+0000] {logging_mixin.py:190} INFO - [2025-03-18T11:03:00.275+0000] {dagbag.py:588} INFO - Filling up the DagBag from /usr/local/python/3.12.1/lib/python3.12/site-packages/airflow/example_dags/example_branch_operator.py
[2025-03-18T11:03:00.290+0000] {processor.py:925} INFO - DAG(s) 'example_branch_operator' retrieved from /usr/local/python/3.12.1/lib/python3.12/site-packages/airflow/example_dags/example_branch_operator.py
[2025-03-18T11:03:00.307+0000] {logging_mixin.py:190} INFO - [2025-03-18T11:03:00.306+0000] {dag.py:3239} INFO - Sync 1 DAGs
[2025-03-18T11:03:00.323+0000] {logging_mixin.py:190} INFO - [2025-03-18T11:03:00.322+0000] {dag.py:4180} INFO - Setting next_dagrun for example_branch_operator to 2025-03-17 00:00:00+00:00, run_after=2025-03-18 00:00:00+00:00
[2025-03-18T11:03:00.338+0000] {processor.py:208} INFO - Processing /usr/local/python/3.12.1/lib/python3.12/site-packages/airflow/example_dags/example_branch_operator.py took 0.069 seconds
[2025-03-18T11:04:10.871+0000] {processor.py:186} INFO - Started process (PID=59051) to work on /usr/local/python/3.12.1/lib/python3.12/site-packages/airflow/example_dags/example_branch_operator.py
[2025-03-18T11:04:10.872+0000] {processor.py:914} INFO - Processing file /usr/local/python/3.12.1/lib/python3.12/site-packages/airflow/example_dags/example_branch_operator.py for tasks to queue
[2025-03-18T11:04:10.873+0000] {logging_mixin.py:190} INFO - [2025-03-18T11:04:10.873+0000] {dagbag.py:588} INFO - Filling up the DagBag from /usr/local/python/3.12.1/lib/python3.12/site-packages/airflow/example_dags/example_branch_operator.py
[2025-03-18T11:04:10.888+0000] {processor.py:925} INFO - DAG(s) 'example_branch_operator' retrieved from /usr/local/python/3.12.1/lib/python3.12/site-packages/airflow/example_dags/example_branch_operator.py
[2025-03-18T11:04:10.905+0000] {logging_mixin.py:190} INFO - [2025-03-18T11:04:10.905+0000] {dag.py:3239} INFO - Sync 1 DAGs
[2025-03-18T11:04:10.921+0000] {logging_mixin.py:190} INFO - [2025-03-18T11:04:10.921+0000] {dag.py:4180} INFO - Setting next_dagrun for example_branch_operator to 2025-03-17 00:00:00+00:00, run_after=2025-03-18 00:00:00+00:00
[2025-03-18T11:04:10.936+0000] {processor.py:208} INFO - Processing /usr/local/python/3.12.1/lib/python3.12/site-packages/airflow/example_dags/example_branch_operator.py took 0.068 seconds
[2025-03-18T11:05:21.705+0000] {processor.py:186} INFO - Started process (PID=59607) to work on /usr/local/python/3.12.1/lib/python3.12/site-packages/airflow/example_dags/example_branch_operator.py
[2025-03-18T11:05:21.706+0000] {processor.py:914} INFO - Processing file /usr/local/python/3.12.1/lib/python3.12/site-packages/airflow/example_dags/example_branch_operator.py for tasks to queue
[2025-03-18T11:05:21.707+0000] {logging_mixin.py:190} INFO - [2025-03-18T11:05:21.707+0000] {dagbag.py:588} INFO - Filling up the DagBag from /usr/local/python/3.12.1/lib/python3.12/site-packages/airflow/example_dags/example_branch_operator.py
[2025-03-18T11:05:21.722+0000] {processor.py:925} INFO - DAG(s) 'example_branch_operator' retrieved from /usr/local/python/3.12.1/lib/python3.12/site-packages/airflow/example_dags/example_branch_operator.py
[2025-03-18T11:05:21.738+0000] {logging_mixin.py:190} INFO - [2025-03-18T11:05:21.738+0000] {dag.py:3239} INFO - Sync 1 DAGs
[2025-03-18T11:05:21.754+0000] {logging_mixin.py:190} INFO - [2025-03-18T11:05:21.754+0000] {dag.py:4180} INFO - Setting next_dagrun for example_branch_operator to 2025-03-17 00:00:00+00:00, run_after=2025-03-18 00:00:00+00:00
[2025-03-18T11:05:21.769+0000] {processor.py:208} INFO - Processing /usr/local/python/3.12.1/lib/python3.12/site-packages/airflow/example_dags/example_branch_operator.py took 0.068 seconds
[2025-03-18T11:06:37.350+0000] {processor.py:186} INFO - Started process (PID=60215) to work on /usr/local/python/3.12.1/lib/python3.12/site-packages/airflow/example_dags/example_branch_operator.py
[2025-03-18T11:06:37.351+0000] {processor.py:914} INFO - Processing file /usr/local/python/3.12.1/lib/python3.12/site-packages/airflow/example_dags/example_branch_operator.py for tasks to queue
[2025-03-18T11:06:37.352+0000] {logging_mixin.py:190} INFO - [2025-03-18T11:06:37.352+0000] {dagbag.py:588} INFO - Filling up the DagBag from /usr/local/python/3.12.1/lib/python3.12/site-packages/airflow/example_dags/example_branch_operator.py
[2025-03-18T11:06:37.367+0000] {processor.py:925} INFO - DAG(s) 'example_branch_operator' retrieved from /usr/local/python/3.12.1/lib/python3.12/site-packages/airflow/example_dags/example_branch_operator.py
[2025-03-18T11:06:37.384+0000] {logging_mixin.py:190} INFO - [2025-03-18T11:06:37.384+0000] {dag.py:3239} INFO - Sync 1 DAGs
[2025-03-18T11:06:37.400+0000] {logging_mixin.py:190} INFO - [2025-03-18T11:06:37.400+0000] {dag.py:4180} INFO - Setting next_dagrun for example_branch_operator to 2025-03-17 00:00:00+00:00, run_after=2025-03-18 00:00:00+00:00
[2025-03-18T11:06:37.415+0000] {processor.py:208} INFO - Processing /usr/local/python/3.12.1/lib/python3.12/site-packages/airflow/example_dags/example_branch_operator.py took 0.069 seconds
[2025-03-18T11:07:54.128+0000] {processor.py:186} INFO - Started process (PID=60818) to work on /usr/local/python/3.12.1/lib/python3.12/site-packages/airflow/example_dags/example_branch_operator.py
[2025-03-18T11:07:54.128+0000] {processor.py:914} INFO - Processing file /usr/local/python/3.12.1/lib/python3.12/site-packages/airflow/example_dags/example_branch_operator.py for tasks to queue
[2025-03-18T11:07:54.130+0000] {logging_mixin.py:190} INFO - [2025-03-18T11:07:54.130+0000] {dagbag.py:588} INFO - Filling up the DagBag from /usr/local/python/3.12.1/lib/python3.12/site-packages/airflow/example_dags/example_branch_operator.py
[2025-03-18T11:07:54.144+0000] {processor.py:925} INFO - DAG(s) 'example_branch_operator' retrieved from /usr/local/python/3.12.1/lib/python3.12/site-packages/airflow/example_dags/example_branch_operator.py
[2025-03-18T11:07:54.162+0000] {logging_mixin.py:190} INFO - [2025-03-18T11:07:54.161+0000] {dag.py:3239} INFO - Sync 1 DAGs
[2025-03-18T11:07:54.177+0000] {logging_mixin.py:190} INFO - [2025-03-18T11:07:54.177+0000] {dag.py:4180} INFO - Setting next_dagrun for example_branch_operator to 2025-03-17 00:00:00+00:00, run_after=2025-03-18 00:00:00+00:00
[2025-03-18T11:07:54.191+0000] {processor.py:208} INFO - Processing /usr/local/python/3.12.1/lib/python3.12/site-packages/airflow/example_dags/example_branch_operator.py took 0.067 seconds
[2025-03-18T11:09:09.565+0000] {processor.py:186} INFO - Started process (PID=61485) to work on /usr/local/python/3.12.1/lib/python3.12/site-packages/airflow/example_dags/example_branch_operator.py
[2025-03-18T11:09:09.565+0000] {processor.py:914} INFO - Processing file /usr/local/python/3.12.1/lib/python3.12/site-packages/airflow/example_dags/example_branch_operator.py for tasks to queue
[2025-03-18T11:09:09.567+0000] {logging_mixin.py:190} INFO - [2025-03-18T11:09:09.567+0000] {dagbag.py:588} INFO - Filling up the DagBag from /usr/local/python/3.12.1/lib/python3.12/site-packages/airflow/example_dags/example_branch_operator.py
[2025-03-18T11:09:09.581+0000] {processor.py:925} INFO - DAG(s) 'example_branch_operator' retrieved from /usr/local/python/3.12.1/lib/python3.12/site-packages/airflow/example_dags/example_branch_operator.py
[2025-03-18T11:09:09.599+0000] {logging_mixin.py:190} INFO - [2025-03-18T11:09:09.598+0000] {dag.py:3239} INFO - Sync 1 DAGs
[2025-03-18T11:09:09.615+0000] {logging_mixin.py:190} INFO - [2025-03-18T11:09:09.614+0000] {dag.py:4180} INFO - Setting next_dagrun for example_branch_operator to 2025-03-17 00:00:00+00:00, run_after=2025-03-18 00:00:00+00:00
[2025-03-18T11:09:09.628+0000] {processor.py:208} INFO - Processing /usr/local/python/3.12.1/lib/python3.12/site-packages/airflow/example_dags/example_branch_operator.py took 0.068 seconds
[2025-03-18T11:10:03.243+0000] {processor.py:186} INFO - Started process (PID=61928) to work on /usr/local/python/3.12.1/lib/python3.12/site-packages/airflow/example_dags/example_branch_operator.py
[2025-03-18T11:10:03.244+0000] {processor.py:914} INFO - Processing file /usr/local/python/3.12.1/lib/python3.12/site-packages/airflow/example_dags/example_branch_operator.py for tasks to queue
[2025-03-18T11:10:03.245+0000] {logging_mixin.py:190} INFO - [2025-03-18T11:10:03.245+0000] {dagbag.py:588} INFO - Filling up the DagBag from /usr/local/python/3.12.1/lib/python3.12/site-packages/airflow/example_dags/example_branch_operator.py
[2025-03-18T11:10:03.260+0000] {processor.py:925} INFO - DAG(s) 'example_branch_operator' retrieved from /usr/local/python/3.12.1/lib/python3.12/site-packages/airflow/example_dags/example_branch_operator.py
[2025-03-18T11:10:03.277+0000] {logging_mixin.py:190} INFO - [2025-03-18T11:10:03.277+0000] {dag.py:3239} INFO - Sync 1 DAGs
[2025-03-18T11:10:03.293+0000] {logging_mixin.py:190} INFO - [2025-03-18T11:10:03.292+0000] {dag.py:4180} INFO - Setting next_dagrun for example_branch_operator to 2025-03-17 00:00:00+00:00, run_after=2025-03-18 00:00:00+00:00
[2025-03-18T11:10:03.307+0000] {processor.py:208} INFO - Processing /usr/local/python/3.12.1/lib/python3.12/site-packages/airflow/example_dags/example_branch_operator.py took 0.068 seconds
[2025-03-18T11:11:17.859+0000] {processor.py:186} INFO - Started process (PID=62573) to work on /usr/local/python/3.12.1/lib/python3.12/site-packages/airflow/example_dags/example_branch_operator.py
[2025-03-18T11:11:17.859+0000] {processor.py:914} INFO - Processing file /usr/local/python/3.12.1/lib/python3.12/site-packages/airflow/example_dags/example_branch_operator.py for tasks to queue
[2025-03-18T11:11:17.861+0000] {logging_mixin.py:190} INFO - [2025-03-18T11:11:17.860+0000] {dagbag.py:588} INFO - Filling up the DagBag from /usr/local/python/3.12.1/lib/python3.12/site-packages/airflow/example_dags/example_branch_operator.py
[2025-03-18T11:11:17.875+0000] {processor.py:925} INFO - DAG(s) 'example_branch_operator' retrieved from /usr/local/python/3.12.1/lib/python3.12/site-packages/airflow/example_dags/example_branch_operator.py
[2025-03-18T11:11:17.892+0000] {logging_mixin.py:190} INFO - [2025-03-18T11:11:17.892+0000] {dag.py:3239} INFO - Sync 1 DAGs
[2025-03-18T11:11:17.908+0000] {logging_mixin.py:190} INFO - [2025-03-18T11:11:17.908+0000] {dag.py:4180} INFO - Setting next_dagrun for example_branch_operator to 2025-03-17 00:00:00+00:00, run_after=2025-03-18 00:00:00+00:00
[2025-03-18T11:11:17.922+0000] {processor.py:208} INFO - Processing /usr/local/python/3.12.1/lib/python3.12/site-packages/airflow/example_dags/example_branch_operator.py took 0.068 seconds
