[2025-03-18T10:51:43.623+0000] {processor.py:186} INFO - Started process (PID=49377) to work on /usr/local/python/3.12.1/lib/python3.12/site-packages/airflow/example_dags/example_setup_teardown.py
[2025-03-18T10:51:43.623+0000] {processor.py:914} INFO - Processing file /usr/local/python/3.12.1/lib/python3.12/site-packages/airflow/example_dags/example_setup_teardown.py for tasks to queue
[2025-03-18T10:51:43.625+0000] {logging_mixin.py:190} INFO - [2025-03-18T10:51:43.625+0000] {dagbag.py:588} INFO - Filling up the DagBag from /usr/local/python/3.12.1/lib/python3.12/site-packages/airflow/example_dags/example_setup_teardown.py
[2025-03-18T10:51:43.632+0000] {processor.py:925} INFO - DAG(s) 'example_setup_teardown' retrieved from /usr/local/python/3.12.1/lib/python3.12/site-packages/airflow/example_dags/example_setup_teardown.py
[2025-03-18T10:51:43.715+0000] {logging_mixin.py:190} INFO - [2025-03-18T10:51:43.715+0000] {override.py:1930} INFO - Created Permission View: can read on DAG:example_setup_teardown
[2025-03-18T10:51:43.723+0000] {logging_mixin.py:190} INFO - [2025-03-18T10:51:43.723+0000] {override.py:1930} INFO - Created Permission View: can edit on DAG:example_setup_teardown
[2025-03-18T10:51:43.729+0000] {logging_mixin.py:190} INFO - [2025-03-18T10:51:43.729+0000] {override.py:1930} INFO - Created Permission View: can delete on DAG:example_setup_teardown
[2025-03-18T10:51:43.738+0000] {logging_mixin.py:190} INFO - [2025-03-18T10:51:43.738+0000] {override.py:1930} INFO - Created Permission View: can read on DAG Run:example_setup_teardown
[2025-03-18T10:51:43.744+0000] {logging_mixin.py:190} INFO - [2025-03-18T10:51:43.744+0000] {override.py:1930} INFO - Created Permission View: can create on DAG Run:example_setup_teardown
[2025-03-18T10:51:43.750+0000] {logging_mixin.py:190} INFO - [2025-03-18T10:51:43.750+0000] {override.py:1930} INFO - Created Permission View: menu access on DAG Run:example_setup_teardown
[2025-03-18T10:51:43.755+0000] {logging_mixin.py:190} INFO - [2025-03-18T10:51:43.755+0000] {override.py:1930} INFO - Created Permission View: can delete on DAG Run:example_setup_teardown
[2025-03-18T10:51:43.756+0000] {logging_mixin.py:190} INFO - [2025-03-18T10:51:43.756+0000] {dag.py:3239} INFO - Sync 1 DAGs
[2025-03-18T10:51:43.766+0000] {logging_mixin.py:190} INFO - [2025-03-18T10:51:43.766+0000] {dag.py:3262} INFO - Creating ORM DAG for example_setup_teardown
[2025-03-18T10:51:43.766+0000] {logging_mixin.py:190} INFO - [2025-03-18T10:51:43.766+0000] {dag.py:4180} INFO - Setting next_dagrun for example_setup_teardown to None, run_after=None
[2025-03-18T10:51:43.780+0000] {processor.py:208} INFO - Processing /usr/local/python/3.12.1/lib/python3.12/site-packages/airflow/example_dags/example_setup_teardown.py took 0.164 seconds
[2025-03-18T10:52:44.358+0000] {processor.py:186} INFO - Started process (PID=50093) to work on /usr/local/python/3.12.1/lib/python3.12/site-packages/airflow/example_dags/example_setup_teardown.py
[2025-03-18T10:52:44.359+0000] {processor.py:914} INFO - Processing file /usr/local/python/3.12.1/lib/python3.12/site-packages/airflow/example_dags/example_setup_teardown.py for tasks to queue
[2025-03-18T10:52:44.360+0000] {logging_mixin.py:190} INFO - [2025-03-18T10:52:44.360+0000] {dagbag.py:588} INFO - Filling up the DagBag from /usr/local/python/3.12.1/lib/python3.12/site-packages/airflow/example_dags/example_setup_teardown.py
[2025-03-18T10:52:44.367+0000] {processor.py:925} INFO - DAG(s) 'example_setup_teardown' retrieved from /usr/local/python/3.12.1/lib/python3.12/site-packages/airflow/example_dags/example_setup_teardown.py
[2025-03-18T10:52:44.377+0000] {logging_mixin.py:190} INFO - [2025-03-18T10:52:44.377+0000] {dag.py:3239} INFO - Sync 1 DAGs
[2025-03-18T10:52:44.386+0000] {logging_mixin.py:190} INFO - [2025-03-18T10:52:44.386+0000] {dag.py:4180} INFO - Setting next_dagrun for example_setup_teardown to None, run_after=None
[2025-03-18T10:52:44.400+0000] {processor.py:208} INFO - Processing /usr/local/python/3.12.1/lib/python3.12/site-packages/airflow/example_dags/example_setup_teardown.py took 0.046 seconds
[2025-03-18T10:53:23.957+0000] {processor.py:186} INFO - Started process (PID=50564) to work on /usr/local/python/3.12.1/lib/python3.12/site-packages/airflow/example_dags/example_setup_teardown.py
[2025-03-18T10:53:23.958+0000] {processor.py:914} INFO - Processing file /usr/local/python/3.12.1/lib/python3.12/site-packages/airflow/example_dags/example_setup_teardown.py for tasks to queue
[2025-03-18T10:53:23.959+0000] {logging_mixin.py:190} INFO - [2025-03-18T10:53:23.959+0000] {dagbag.py:588} INFO - Filling up the DagBag from /usr/local/python/3.12.1/lib/python3.12/site-packages/airflow/example_dags/example_setup_teardown.py
[2025-03-18T10:53:23.965+0000] {processor.py:925} INFO - DAG(s) 'example_setup_teardown' retrieved from /usr/local/python/3.12.1/lib/python3.12/site-packages/airflow/example_dags/example_setup_teardown.py
[2025-03-18T10:53:23.977+0000] {logging_mixin.py:190} INFO - [2025-03-18T10:53:23.977+0000] {dag.py:3239} INFO - Sync 1 DAGs
[2025-03-18T10:53:23.988+0000] {logging_mixin.py:190} INFO - [2025-03-18T10:53:23.987+0000] {dag.py:4180} INFO - Setting next_dagrun for example_setup_teardown to None, run_after=None
[2025-03-18T10:53:24.002+0000] {processor.py:208} INFO - Processing /usr/local/python/3.12.1/lib/python3.12/site-packages/airflow/example_dags/example_setup_teardown.py took 0.048 seconds
[2025-03-18T10:54:20.802+0000] {processor.py:186} INFO - Started process (PID=51172) to work on /usr/local/python/3.12.1/lib/python3.12/site-packages/airflow/example_dags/example_setup_teardown.py
[2025-03-18T10:54:20.803+0000] {processor.py:914} INFO - Processing file /usr/local/python/3.12.1/lib/python3.12/site-packages/airflow/example_dags/example_setup_teardown.py for tasks to queue
[2025-03-18T10:54:20.804+0000] {logging_mixin.py:190} INFO - [2025-03-18T10:54:20.804+0000] {dagbag.py:588} INFO - Filling up the DagBag from /usr/local/python/3.12.1/lib/python3.12/site-packages/airflow/example_dags/example_setup_teardown.py
[2025-03-18T10:54:20.811+0000] {processor.py:925} INFO - DAG(s) 'example_setup_teardown' retrieved from /usr/local/python/3.12.1/lib/python3.12/site-packages/airflow/example_dags/example_setup_teardown.py
[2025-03-18T10:54:20.822+0000] {logging_mixin.py:190} INFO - [2025-03-18T10:54:20.821+0000] {dag.py:3239} INFO - Sync 1 DAGs
[2025-03-18T10:54:20.831+0000] {logging_mixin.py:190} INFO - [2025-03-18T10:54:20.831+0000] {dag.py:4180} INFO - Setting next_dagrun for example_setup_teardown to None, run_after=None
[2025-03-18T10:54:20.846+0000] {processor.py:208} INFO - Processing /usr/local/python/3.12.1/lib/python3.12/site-packages/airflow/example_dags/example_setup_teardown.py took 0.048 seconds
[2025-03-18T10:55:15.020+0000] {processor.py:186} INFO - Started process (PID=51632) to work on /usr/local/python/3.12.1/lib/python3.12/site-packages/airflow/example_dags/example_setup_teardown.py
[2025-03-18T10:55:15.021+0000] {processor.py:914} INFO - Processing file /usr/local/python/3.12.1/lib/python3.12/site-packages/airflow/example_dags/example_setup_teardown.py for tasks to queue
[2025-03-18T10:55:15.022+0000] {logging_mixin.py:190} INFO - [2025-03-18T10:55:15.022+0000] {dagbag.py:588} INFO - Filling up the DagBag from /usr/local/python/3.12.1/lib/python3.12/site-packages/airflow/example_dags/example_setup_teardown.py
[2025-03-18T10:55:15.029+0000] {processor.py:925} INFO - DAG(s) 'example_setup_teardown' retrieved from /usr/local/python/3.12.1/lib/python3.12/site-packages/airflow/example_dags/example_setup_teardown.py
[2025-03-18T10:55:15.039+0000] {logging_mixin.py:190} INFO - [2025-03-18T10:55:15.039+0000] {dag.py:3239} INFO - Sync 1 DAGs
[2025-03-18T10:55:15.048+0000] {logging_mixin.py:190} INFO - [2025-03-18T10:55:15.048+0000] {dag.py:4180} INFO - Setting next_dagrun for example_setup_teardown to None, run_after=None
[2025-03-18T10:55:15.063+0000] {processor.py:208} INFO - Processing /usr/local/python/3.12.1/lib/python3.12/site-packages/airflow/example_dags/example_setup_teardown.py took 0.046 seconds
[2025-03-18T10:56:07.518+0000] {processor.py:186} INFO - Started process (PID=52357) to work on /usr/local/python/3.12.1/lib/python3.12/site-packages/airflow/example_dags/example_setup_teardown.py
[2025-03-18T10:56:07.519+0000] {processor.py:914} INFO - Processing file /usr/local/python/3.12.1/lib/python3.12/site-packages/airflow/example_dags/example_setup_teardown.py for tasks to queue
[2025-03-18T10:56:07.520+0000] {logging_mixin.py:190} INFO - [2025-03-18T10:56:07.520+0000] {dagbag.py:588} INFO - Filling up the DagBag from /usr/local/python/3.12.1/lib/python3.12/site-packages/airflow/example_dags/example_setup_teardown.py
[2025-03-18T10:56:07.526+0000] {processor.py:925} INFO - DAG(s) 'example_setup_teardown' retrieved from /usr/local/python/3.12.1/lib/python3.12/site-packages/airflow/example_dags/example_setup_teardown.py
[2025-03-18T10:56:07.537+0000] {logging_mixin.py:190} INFO - [2025-03-18T10:56:07.537+0000] {dag.py:3239} INFO - Sync 1 DAGs
[2025-03-18T10:56:07.546+0000] {logging_mixin.py:190} INFO - [2025-03-18T10:56:07.546+0000] {dag.py:4180} INFO - Setting next_dagrun for example_setup_teardown to None, run_after=None
[2025-03-18T10:56:07.561+0000] {processor.py:208} INFO - Processing /usr/local/python/3.12.1/lib/python3.12/site-packages/airflow/example_dags/example_setup_teardown.py took 0.047 seconds
[2025-03-18T10:56:57.770+0000] {processor.py:186} INFO - Started process (PID=52848) to work on /usr/local/python/3.12.1/lib/python3.12/site-packages/airflow/example_dags/example_setup_teardown.py
[2025-03-18T10:56:57.770+0000] {processor.py:914} INFO - Processing file /usr/local/python/3.12.1/lib/python3.12/site-packages/airflow/example_dags/example_setup_teardown.py for tasks to queue
[2025-03-18T10:56:57.772+0000] {logging_mixin.py:190} INFO - [2025-03-18T10:56:57.771+0000] {dagbag.py:588} INFO - Filling up the DagBag from /usr/local/python/3.12.1/lib/python3.12/site-packages/airflow/example_dags/example_setup_teardown.py
[2025-03-18T10:56:57.778+0000] {processor.py:925} INFO - DAG(s) 'example_setup_teardown' retrieved from /usr/local/python/3.12.1/lib/python3.12/site-packages/airflow/example_dags/example_setup_teardown.py
[2025-03-18T10:56:57.789+0000] {logging_mixin.py:190} INFO - [2025-03-18T10:56:57.789+0000] {dag.py:3239} INFO - Sync 1 DAGs
[2025-03-18T10:56:57.799+0000] {logging_mixin.py:190} INFO - [2025-03-18T10:56:57.799+0000] {dag.py:4180} INFO - Setting next_dagrun for example_setup_teardown to None, run_after=None
[2025-03-18T10:56:57.813+0000] {processor.py:208} INFO - Processing /usr/local/python/3.12.1/lib/python3.12/site-packages/airflow/example_dags/example_setup_teardown.py took 0.047 seconds
[2025-03-18T10:57:46.867+0000] {processor.py:186} INFO - Started process (PID=53450) to work on /usr/local/python/3.12.1/lib/python3.12/site-packages/airflow/example_dags/example_setup_teardown.py
[2025-03-18T10:57:46.867+0000] {processor.py:914} INFO - Processing file /usr/local/python/3.12.1/lib/python3.12/site-packages/airflow/example_dags/example_setup_teardown.py for tasks to queue
[2025-03-18T10:57:46.869+0000] {logging_mixin.py:190} INFO - [2025-03-18T10:57:46.869+0000] {dagbag.py:588} INFO - Filling up the DagBag from /usr/local/python/3.12.1/lib/python3.12/site-packages/airflow/example_dags/example_setup_teardown.py
[2025-03-18T10:57:46.875+0000] {processor.py:925} INFO - DAG(s) 'example_setup_teardown' retrieved from /usr/local/python/3.12.1/lib/python3.12/site-packages/airflow/example_dags/example_setup_teardown.py
[2025-03-18T10:57:46.886+0000] {logging_mixin.py:190} INFO - [2025-03-18T10:57:46.886+0000] {dag.py:3239} INFO - Sync 1 DAGs
[2025-03-18T10:57:46.895+0000] {logging_mixin.py:190} INFO - [2025-03-18T10:57:46.895+0000] {dag.py:4180} INFO - Setting next_dagrun for example_setup_teardown to None, run_after=None
[2025-03-18T10:57:46.910+0000] {processor.py:208} INFO - Processing /usr/local/python/3.12.1/lib/python3.12/site-packages/airflow/example_dags/example_setup_teardown.py took 0.047 seconds
[2025-03-18T10:58:35.348+0000] {processor.py:186} INFO - Started process (PID=53928) to work on /usr/local/python/3.12.1/lib/python3.12/site-packages/airflow/example_dags/example_setup_teardown.py
[2025-03-18T10:58:35.349+0000] {processor.py:914} INFO - Processing file /usr/local/python/3.12.1/lib/python3.12/site-packages/airflow/example_dags/example_setup_teardown.py for tasks to queue
[2025-03-18T10:58:35.350+0000] {logging_mixin.py:190} INFO - [2025-03-18T10:58:35.350+0000] {dagbag.py:588} INFO - Filling up the DagBag from /usr/local/python/3.12.1/lib/python3.12/site-packages/airflow/example_dags/example_setup_teardown.py
[2025-03-18T10:58:35.357+0000] {processor.py:925} INFO - DAG(s) 'example_setup_teardown' retrieved from /usr/local/python/3.12.1/lib/python3.12/site-packages/airflow/example_dags/example_setup_teardown.py
[2025-03-18T10:58:35.368+0000] {logging_mixin.py:190} INFO - [2025-03-18T10:58:35.367+0000] {dag.py:3239} INFO - Sync 1 DAGs
[2025-03-18T10:58:35.377+0000] {logging_mixin.py:190} INFO - [2025-03-18T10:58:35.377+0000] {dag.py:4180} INFO - Setting next_dagrun for example_setup_teardown to None, run_after=None
[2025-03-18T10:58:35.391+0000] {processor.py:208} INFO - Processing /usr/local/python/3.12.1/lib/python3.12/site-packages/airflow/example_dags/example_setup_teardown.py took 0.047 seconds
[2025-03-18T10:59:23.873+0000] {processor.py:186} INFO - Started process (PID=54635) to work on /usr/local/python/3.12.1/lib/python3.12/site-packages/airflow/example_dags/example_setup_teardown.py
[2025-03-18T10:59:23.873+0000] {processor.py:914} INFO - Processing file /usr/local/python/3.12.1/lib/python3.12/site-packages/airflow/example_dags/example_setup_teardown.py for tasks to queue
[2025-03-18T10:59:23.875+0000] {logging_mixin.py:190} INFO - [2025-03-18T10:59:23.875+0000] {dagbag.py:588} INFO - Filling up the DagBag from /usr/local/python/3.12.1/lib/python3.12/site-packages/airflow/example_dags/example_setup_teardown.py
[2025-03-18T10:59:23.882+0000] {processor.py:925} INFO - DAG(s) 'example_setup_teardown' retrieved from /usr/local/python/3.12.1/lib/python3.12/site-packages/airflow/example_dags/example_setup_teardown.py
[2025-03-18T10:59:23.893+0000] {logging_mixin.py:190} INFO - [2025-03-18T10:59:23.892+0000] {dag.py:3239} INFO - Sync 1 DAGs
[2025-03-18T10:59:23.902+0000] {logging_mixin.py:190} INFO - [2025-03-18T10:59:23.902+0000] {dag.py:4180} INFO - Setting next_dagrun for example_setup_teardown to None, run_after=None
[2025-03-18T10:59:23.916+0000] {processor.py:208} INFO - Processing /usr/local/python/3.12.1/lib/python3.12/site-packages/airflow/example_dags/example_setup_teardown.py took 0.047 seconds
[2025-03-18T11:00:11.268+0000] {processor.py:186} INFO - Started process (PID=55077) to work on /usr/local/python/3.12.1/lib/python3.12/site-packages/airflow/example_dags/example_setup_teardown.py
[2025-03-18T11:00:11.268+0000] {processor.py:914} INFO - Processing file /usr/local/python/3.12.1/lib/python3.12/site-packages/airflow/example_dags/example_setup_teardown.py for tasks to queue
[2025-03-18T11:00:11.270+0000] {logging_mixin.py:190} INFO - [2025-03-18T11:00:11.270+0000] {dagbag.py:588} INFO - Filling up the DagBag from /usr/local/python/3.12.1/lib/python3.12/site-packages/airflow/example_dags/example_setup_teardown.py
[2025-03-18T11:00:11.276+0000] {processor.py:925} INFO - DAG(s) 'example_setup_teardown' retrieved from /usr/local/python/3.12.1/lib/python3.12/site-packages/airflow/example_dags/example_setup_teardown.py
[2025-03-18T11:00:11.287+0000] {logging_mixin.py:190} INFO - [2025-03-18T11:00:11.287+0000] {dag.py:3239} INFO - Sync 1 DAGs
[2025-03-18T11:00:11.296+0000] {logging_mixin.py:190} INFO - [2025-03-18T11:00:11.296+0000] {dag.py:4180} INFO - Setting next_dagrun for example_setup_teardown to None, run_after=None
[2025-03-18T11:00:11.311+0000] {processor.py:208} INFO - Processing /usr/local/python/3.12.1/lib/python3.12/site-packages/airflow/example_dags/example_setup_teardown.py took 0.047 seconds
[2025-03-18T11:01:02.258+0000] {processor.py:186} INFO - Started process (PID=57507) to work on /usr/local/python/3.12.1/lib/python3.12/site-packages/airflow/example_dags/example_setup_teardown.py
[2025-03-18T11:01:02.259+0000] {processor.py:914} INFO - Processing file /usr/local/python/3.12.1/lib/python3.12/site-packages/airflow/example_dags/example_setup_teardown.py for tasks to queue
[2025-03-18T11:01:02.262+0000] {logging_mixin.py:190} INFO - [2025-03-18T11:01:02.261+0000] {dagbag.py:588} INFO - Filling up the DagBag from /usr/local/python/3.12.1/lib/python3.12/site-packages/airflow/example_dags/example_setup_teardown.py
[2025-03-18T11:01:02.272+0000] {processor.py:925} INFO - DAG(s) 'example_setup_teardown' retrieved from /usr/local/python/3.12.1/lib/python3.12/site-packages/airflow/example_dags/example_setup_teardown.py
[2025-03-18T11:01:02.295+0000] {logging_mixin.py:190} INFO - [2025-03-18T11:01:02.295+0000] {dag.py:3239} INFO - Sync 1 DAGs
[2025-03-18T11:01:02.318+0000] {logging_mixin.py:190} INFO - [2025-03-18T11:01:02.317+0000] {dag.py:4180} INFO - Setting next_dagrun for example_setup_teardown to None, run_after=None
[2025-03-18T11:01:02.339+0000] {processor.py:208} INFO - Processing /usr/local/python/3.12.1/lib/python3.12/site-packages/airflow/example_dags/example_setup_teardown.py took 0.087 seconds
[2025-03-18T11:01:54.243+0000] {processor.py:186} INFO - Started process (PID=57950) to work on /usr/local/python/3.12.1/lib/python3.12/site-packages/airflow/example_dags/example_setup_teardown.py
[2025-03-18T11:01:54.243+0000] {processor.py:914} INFO - Processing file /usr/local/python/3.12.1/lib/python3.12/site-packages/airflow/example_dags/example_setup_teardown.py for tasks to queue
[2025-03-18T11:01:54.245+0000] {logging_mixin.py:190} INFO - [2025-03-18T11:01:54.244+0000] {dagbag.py:588} INFO - Filling up the DagBag from /usr/local/python/3.12.1/lib/python3.12/site-packages/airflow/example_dags/example_setup_teardown.py
[2025-03-18T11:01:54.251+0000] {processor.py:925} INFO - DAG(s) 'example_setup_teardown' retrieved from /usr/local/python/3.12.1/lib/python3.12/site-packages/airflow/example_dags/example_setup_teardown.py
[2025-03-18T11:01:54.262+0000] {logging_mixin.py:190} INFO - [2025-03-18T11:01:54.262+0000] {dag.py:3239} INFO - Sync 1 DAGs
[2025-03-18T11:01:54.272+0000] {logging_mixin.py:190} INFO - [2025-03-18T11:01:54.272+0000] {dag.py:4180} INFO - Setting next_dagrun for example_setup_teardown to None, run_after=None
[2025-03-18T11:01:54.286+0000] {processor.py:208} INFO - Processing /usr/local/python/3.12.1/lib/python3.12/site-packages/airflow/example_dags/example_setup_teardown.py took 0.048 seconds
[2025-03-18T11:02:44.504+0000] {processor.py:186} INFO - Started process (PID=58349) to work on /usr/local/python/3.12.1/lib/python3.12/site-packages/airflow/example_dags/example_setup_teardown.py
[2025-03-18T11:02:44.505+0000] {processor.py:914} INFO - Processing file /usr/local/python/3.12.1/lib/python3.12/site-packages/airflow/example_dags/example_setup_teardown.py for tasks to queue
[2025-03-18T11:02:44.506+0000] {logging_mixin.py:190} INFO - [2025-03-18T11:02:44.506+0000] {dagbag.py:588} INFO - Filling up the DagBag from /usr/local/python/3.12.1/lib/python3.12/site-packages/airflow/example_dags/example_setup_teardown.py
[2025-03-18T11:02:44.513+0000] {processor.py:925} INFO - DAG(s) 'example_setup_teardown' retrieved from /usr/local/python/3.12.1/lib/python3.12/site-packages/airflow/example_dags/example_setup_teardown.py
[2025-03-18T11:02:44.524+0000] {logging_mixin.py:190} INFO - [2025-03-18T11:02:44.523+0000] {dag.py:3239} INFO - Sync 1 DAGs
[2025-03-18T11:02:44.533+0000] {logging_mixin.py:190} INFO - [2025-03-18T11:02:44.532+0000] {dag.py:4180} INFO - Setting next_dagrun for example_setup_teardown to None, run_after=None
[2025-03-18T11:02:44.547+0000] {processor.py:208} INFO - Processing /usr/local/python/3.12.1/lib/python3.12/site-packages/airflow/example_dags/example_setup_teardown.py took 0.047 seconds
[2025-03-18T11:03:30.333+0000] {processor.py:186} INFO - Started process (PID=58732) to work on /usr/local/python/3.12.1/lib/python3.12/site-packages/airflow/example_dags/example_setup_teardown.py
[2025-03-18T11:03:30.334+0000] {processor.py:914} INFO - Processing file /usr/local/python/3.12.1/lib/python3.12/site-packages/airflow/example_dags/example_setup_teardown.py for tasks to queue
[2025-03-18T11:03:30.335+0000] {logging_mixin.py:190} INFO - [2025-03-18T11:03:30.335+0000] {dagbag.py:588} INFO - Filling up the DagBag from /usr/local/python/3.12.1/lib/python3.12/site-packages/airflow/example_dags/example_setup_teardown.py
[2025-03-18T11:03:30.342+0000] {processor.py:925} INFO - DAG(s) 'example_setup_teardown' retrieved from /usr/local/python/3.12.1/lib/python3.12/site-packages/airflow/example_dags/example_setup_teardown.py
[2025-03-18T11:03:30.353+0000] {logging_mixin.py:190} INFO - [2025-03-18T11:03:30.353+0000] {dag.py:3239} INFO - Sync 1 DAGs
[2025-03-18T11:03:30.362+0000] {logging_mixin.py:190} INFO - [2025-03-18T11:03:30.362+0000] {dag.py:4180} INFO - Setting next_dagrun for example_setup_teardown to None, run_after=None
[2025-03-18T11:03:30.376+0000] {processor.py:208} INFO - Processing /usr/local/python/3.12.1/lib/python3.12/site-packages/airflow/example_dags/example_setup_teardown.py took 0.047 seconds
[2025-03-18T11:04:21.003+0000] {processor.py:186} INFO - Started process (PID=59132) to work on /usr/local/python/3.12.1/lib/python3.12/site-packages/airflow/example_dags/example_setup_teardown.py
[2025-03-18T11:04:21.004+0000] {processor.py:914} INFO - Processing file /usr/local/python/3.12.1/lib/python3.12/site-packages/airflow/example_dags/example_setup_teardown.py for tasks to queue
[2025-03-18T11:04:21.006+0000] {logging_mixin.py:190} INFO - [2025-03-18T11:04:21.005+0000] {dagbag.py:588} INFO - Filling up the DagBag from /usr/local/python/3.12.1/lib/python3.12/site-packages/airflow/example_dags/example_setup_teardown.py
[2025-03-18T11:04:21.012+0000] {processor.py:925} INFO - DAG(s) 'example_setup_teardown' retrieved from /usr/local/python/3.12.1/lib/python3.12/site-packages/airflow/example_dags/example_setup_teardown.py
[2025-03-18T11:04:21.023+0000] {logging_mixin.py:190} INFO - [2025-03-18T11:04:21.023+0000] {dag.py:3239} INFO - Sync 1 DAGs
[2025-03-18T11:04:21.032+0000] {logging_mixin.py:190} INFO - [2025-03-18T11:04:21.032+0000] {dag.py:4180} INFO - Setting next_dagrun for example_setup_teardown to None, run_after=None
[2025-03-18T11:04:21.047+0000] {processor.py:208} INFO - Processing /usr/local/python/3.12.1/lib/python3.12/site-packages/airflow/example_dags/example_setup_teardown.py took 0.048 seconds
[2025-03-18T11:05:08.838+0000] {processor.py:186} INFO - Started process (PID=59514) to work on /usr/local/python/3.12.1/lib/python3.12/site-packages/airflow/example_dags/example_setup_teardown.py
[2025-03-18T11:05:08.839+0000] {processor.py:914} INFO - Processing file /usr/local/python/3.12.1/lib/python3.12/site-packages/airflow/example_dags/example_setup_teardown.py for tasks to queue
[2025-03-18T11:05:08.840+0000] {logging_mixin.py:190} INFO - [2025-03-18T11:05:08.840+0000] {dagbag.py:588} INFO - Filling up the DagBag from /usr/local/python/3.12.1/lib/python3.12/site-packages/airflow/example_dags/example_setup_teardown.py
[2025-03-18T11:05:08.847+0000] {processor.py:925} INFO - DAG(s) 'example_setup_teardown' retrieved from /usr/local/python/3.12.1/lib/python3.12/site-packages/airflow/example_dags/example_setup_teardown.py
[2025-03-18T11:05:08.858+0000] {logging_mixin.py:190} INFO - [2025-03-18T11:05:08.858+0000] {dag.py:3239} INFO - Sync 1 DAGs
[2025-03-18T11:05:08.868+0000] {logging_mixin.py:190} INFO - [2025-03-18T11:05:08.868+0000] {dag.py:4180} INFO - Setting next_dagrun for example_setup_teardown to None, run_after=None
[2025-03-18T11:05:08.883+0000] {processor.py:208} INFO - Processing /usr/local/python/3.12.1/lib/python3.12/site-packages/airflow/example_dags/example_setup_teardown.py took 0.049 seconds
[2025-03-18T11:05:59.634+0000] {processor.py:186} INFO - Started process (PID=59912) to work on /usr/local/python/3.12.1/lib/python3.12/site-packages/airflow/example_dags/example_setup_teardown.py
[2025-03-18T11:05:59.635+0000] {processor.py:914} INFO - Processing file /usr/local/python/3.12.1/lib/python3.12/site-packages/airflow/example_dags/example_setup_teardown.py for tasks to queue
[2025-03-18T11:05:59.636+0000] {logging_mixin.py:190} INFO - [2025-03-18T11:05:59.636+0000] {dagbag.py:588} INFO - Filling up the DagBag from /usr/local/python/3.12.1/lib/python3.12/site-packages/airflow/example_dags/example_setup_teardown.py
[2025-03-18T11:05:59.643+0000] {processor.py:925} INFO - DAG(s) 'example_setup_teardown' retrieved from /usr/local/python/3.12.1/lib/python3.12/site-packages/airflow/example_dags/example_setup_teardown.py
[2025-03-18T11:05:59.653+0000] {logging_mixin.py:190} INFO - [2025-03-18T11:05:59.653+0000] {dag.py:3239} INFO - Sync 1 DAGs
[2025-03-18T11:05:59.663+0000] {logging_mixin.py:190} INFO - [2025-03-18T11:05:59.662+0000] {dag.py:4180} INFO - Setting next_dagrun for example_setup_teardown to None, run_after=None
[2025-03-18T11:05:59.676+0000] {processor.py:208} INFO - Processing /usr/local/python/3.12.1/lib/python3.12/site-packages/airflow/example_dags/example_setup_teardown.py took 0.046 seconds
[2025-03-18T11:06:48.775+0000] {processor.py:186} INFO - Started process (PID=60304) to work on /usr/local/python/3.12.1/lib/python3.12/site-packages/airflow/example_dags/example_setup_teardown.py
[2025-03-18T11:06:48.776+0000] {processor.py:914} INFO - Processing file /usr/local/python/3.12.1/lib/python3.12/site-packages/airflow/example_dags/example_setup_teardown.py for tasks to queue
[2025-03-18T11:06:48.778+0000] {logging_mixin.py:190} INFO - [2025-03-18T11:06:48.777+0000] {dagbag.py:588} INFO - Filling up the DagBag from /usr/local/python/3.12.1/lib/python3.12/site-packages/airflow/example_dags/example_setup_teardown.py
[2025-03-18T11:06:48.784+0000] {processor.py:925} INFO - DAG(s) 'example_setup_teardown' retrieved from /usr/local/python/3.12.1/lib/python3.12/site-packages/airflow/example_dags/example_setup_teardown.py
[2025-03-18T11:06:48.795+0000] {logging_mixin.py:190} INFO - [2025-03-18T11:06:48.794+0000] {dag.py:3239} INFO - Sync 1 DAGs
[2025-03-18T11:06:48.804+0000] {logging_mixin.py:190} INFO - [2025-03-18T11:06:48.804+0000] {dag.py:4180} INFO - Setting next_dagrun for example_setup_teardown to None, run_after=None
[2025-03-18T11:06:48.818+0000] {processor.py:208} INFO - Processing /usr/local/python/3.12.1/lib/python3.12/site-packages/airflow/example_dags/example_setup_teardown.py took 0.046 seconds
[2025-03-18T11:07:40.113+0000] {processor.py:186} INFO - Started process (PID=60711) to work on /usr/local/python/3.12.1/lib/python3.12/site-packages/airflow/example_dags/example_setup_teardown.py
[2025-03-18T11:07:40.114+0000] {processor.py:914} INFO - Processing file /usr/local/python/3.12.1/lib/python3.12/site-packages/airflow/example_dags/example_setup_teardown.py for tasks to queue
[2025-03-18T11:07:40.116+0000] {logging_mixin.py:190} INFO - [2025-03-18T11:07:40.115+0000] {dagbag.py:588} INFO - Filling up the DagBag from /usr/local/python/3.12.1/lib/python3.12/site-packages/airflow/example_dags/example_setup_teardown.py
[2025-03-18T11:07:40.122+0000] {processor.py:925} INFO - DAG(s) 'example_setup_teardown' retrieved from /usr/local/python/3.12.1/lib/python3.12/site-packages/airflow/example_dags/example_setup_teardown.py
[2025-03-18T11:07:40.133+0000] {logging_mixin.py:190} INFO - [2025-03-18T11:07:40.133+0000] {dag.py:3239} INFO - Sync 1 DAGs
[2025-03-18T11:07:40.142+0000] {logging_mixin.py:190} INFO - [2025-03-18T11:07:40.142+0000] {dag.py:4180} INFO - Setting next_dagrun for example_setup_teardown to None, run_after=None
[2025-03-18T11:07:40.156+0000] {processor.py:208} INFO - Processing /usr/local/python/3.12.1/lib/python3.12/site-packages/airflow/example_dags/example_setup_teardown.py took 0.047 seconds
[2025-03-18T11:08:29.771+0000] {processor.py:186} INFO - Started process (PID=61128) to work on /usr/local/python/3.12.1/lib/python3.12/site-packages/airflow/example_dags/example_setup_teardown.py
[2025-03-18T11:08:29.771+0000] {processor.py:914} INFO - Processing file /usr/local/python/3.12.1/lib/python3.12/site-packages/airflow/example_dags/example_setup_teardown.py for tasks to queue
[2025-03-18T11:08:29.773+0000] {logging_mixin.py:190} INFO - [2025-03-18T11:08:29.773+0000] {dagbag.py:588} INFO - Filling up the DagBag from /usr/local/python/3.12.1/lib/python3.12/site-packages/airflow/example_dags/example_setup_teardown.py
[2025-03-18T11:08:29.779+0000] {processor.py:925} INFO - DAG(s) 'example_setup_teardown' retrieved from /usr/local/python/3.12.1/lib/python3.12/site-packages/airflow/example_dags/example_setup_teardown.py
[2025-03-18T11:08:29.790+0000] {logging_mixin.py:190} INFO - [2025-03-18T11:08:29.790+0000] {dag.py:3239} INFO - Sync 1 DAGs
[2025-03-18T11:08:29.799+0000] {logging_mixin.py:190} INFO - [2025-03-18T11:08:29.799+0000] {dag.py:4180} INFO - Setting next_dagrun for example_setup_teardown to None, run_after=None
[2025-03-18T11:08:29.814+0000] {processor.py:208} INFO - Processing /usr/local/python/3.12.1/lib/python3.12/site-packages/airflow/example_dags/example_setup_teardown.py took 0.048 seconds
[2025-03-18T11:09:21.566+0000] {processor.py:186} INFO - Started process (PID=61576) to work on /usr/local/python/3.12.1/lib/python3.12/site-packages/airflow/example_dags/example_setup_teardown.py
[2025-03-18T11:09:21.567+0000] {processor.py:914} INFO - Processing file /usr/local/python/3.12.1/lib/python3.12/site-packages/airflow/example_dags/example_setup_teardown.py for tasks to queue
[2025-03-18T11:09:21.569+0000] {logging_mixin.py:190} INFO - [2025-03-18T11:09:21.568+0000] {dagbag.py:588} INFO - Filling up the DagBag from /usr/local/python/3.12.1/lib/python3.12/site-packages/airflow/example_dags/example_setup_teardown.py
[2025-03-18T11:09:21.575+0000] {processor.py:925} INFO - DAG(s) 'example_setup_teardown' retrieved from /usr/local/python/3.12.1/lib/python3.12/site-packages/airflow/example_dags/example_setup_teardown.py
[2025-03-18T11:09:21.586+0000] {logging_mixin.py:190} INFO - [2025-03-18T11:09:21.586+0000] {dag.py:3239} INFO - Sync 1 DAGs
[2025-03-18T11:09:21.595+0000] {logging_mixin.py:190} INFO - [2025-03-18T11:09:21.595+0000] {dag.py:4180} INFO - Setting next_dagrun for example_setup_teardown to None, run_after=None
[2025-03-18T11:09:21.609+0000] {processor.py:208} INFO - Processing /usr/local/python/3.12.1/lib/python3.12/site-packages/airflow/example_dags/example_setup_teardown.py took 0.047 seconds
[2025-03-18T11:10:15.648+0000] {processor.py:186} INFO - Started process (PID=62034) to work on /usr/local/python/3.12.1/lib/python3.12/site-packages/airflow/example_dags/example_setup_teardown.py
[2025-03-18T11:10:15.648+0000] {processor.py:914} INFO - Processing file /usr/local/python/3.12.1/lib/python3.12/site-packages/airflow/example_dags/example_setup_teardown.py for tasks to queue
[2025-03-18T11:10:15.650+0000] {logging_mixin.py:190} INFO - [2025-03-18T11:10:15.650+0000] {dagbag.py:588} INFO - Filling up the DagBag from /usr/local/python/3.12.1/lib/python3.12/site-packages/airflow/example_dags/example_setup_teardown.py
[2025-03-18T11:10:15.656+0000] {processor.py:925} INFO - DAG(s) 'example_setup_teardown' retrieved from /usr/local/python/3.12.1/lib/python3.12/site-packages/airflow/example_dags/example_setup_teardown.py
[2025-03-18T11:10:15.667+0000] {logging_mixin.py:190} INFO - [2025-03-18T11:10:15.667+0000] {dag.py:3239} INFO - Sync 1 DAGs
[2025-03-18T11:10:15.676+0000] {logging_mixin.py:190} INFO - [2025-03-18T11:10:15.676+0000] {dag.py:4180} INFO - Setting next_dagrun for example_setup_teardown to None, run_after=None
[2025-03-18T11:10:15.690+0000] {processor.py:208} INFO - Processing /usr/local/python/3.12.1/lib/python3.12/site-packages/airflow/example_dags/example_setup_teardown.py took 0.047 seconds
[2025-03-18T11:11:04.168+0000] {processor.py:186} INFO - Started process (PID=62465) to work on /usr/local/python/3.12.1/lib/python3.12/site-packages/airflow/example_dags/example_setup_teardown.py
[2025-03-18T11:11:04.169+0000] {processor.py:914} INFO - Processing file /usr/local/python/3.12.1/lib/python3.12/site-packages/airflow/example_dags/example_setup_teardown.py for tasks to queue
[2025-03-18T11:11:04.170+0000] {logging_mixin.py:190} INFO - [2025-03-18T11:11:04.170+0000] {dagbag.py:588} INFO - Filling up the DagBag from /usr/local/python/3.12.1/lib/python3.12/site-packages/airflow/example_dags/example_setup_teardown.py
[2025-03-18T11:11:04.177+0000] {processor.py:925} INFO - DAG(s) 'example_setup_teardown' retrieved from /usr/local/python/3.12.1/lib/python3.12/site-packages/airflow/example_dags/example_setup_teardown.py
[2025-03-18T11:11:04.188+0000] {logging_mixin.py:190} INFO - [2025-03-18T11:11:04.188+0000] {dag.py:3239} INFO - Sync 1 DAGs
[2025-03-18T11:11:04.197+0000] {logging_mixin.py:190} INFO - [2025-03-18T11:11:04.197+0000] {dag.py:4180} INFO - Setting next_dagrun for example_setup_teardown to None, run_after=None
[2025-03-18T11:11:04.212+0000] {processor.py:208} INFO - Processing /usr/local/python/3.12.1/lib/python3.12/site-packages/airflow/example_dags/example_setup_teardown.py took 0.047 seconds
[2025-03-18T11:11:51.474+0000] {processor.py:186} INFO - Started process (PID=62985) to work on /usr/local/python/3.12.1/lib/python3.12/site-packages/airflow/example_dags/example_setup_teardown.py
[2025-03-18T11:11:51.475+0000] {processor.py:914} INFO - Processing file /usr/local/python/3.12.1/lib/python3.12/site-packages/airflow/example_dags/example_setup_teardown.py for tasks to queue
[2025-03-18T11:11:51.477+0000] {logging_mixin.py:190} INFO - [2025-03-18T11:11:51.477+0000] {dagbag.py:588} INFO - Filling up the DagBag from /usr/local/python/3.12.1/lib/python3.12/site-packages/airflow/example_dags/example_setup_teardown.py
[2025-03-18T11:11:51.486+0000] {processor.py:925} INFO - DAG(s) 'example_setup_teardown' retrieved from /usr/local/python/3.12.1/lib/python3.12/site-packages/airflow/example_dags/example_setup_teardown.py
[2025-03-18T11:11:51.498+0000] {logging_mixin.py:190} INFO - [2025-03-18T11:11:51.498+0000] {dag.py:3239} INFO - Sync 1 DAGs
[2025-03-18T11:11:51.508+0000] {logging_mixin.py:190} INFO - [2025-03-18T11:11:51.508+0000] {dag.py:4180} INFO - Setting next_dagrun for example_setup_teardown to None, run_after=None
[2025-03-18T11:11:51.522+0000] {processor.py:208} INFO - Processing /usr/local/python/3.12.1/lib/python3.12/site-packages/airflow/example_dags/example_setup_teardown.py took 0.056 seconds
[2025-03-18T11:50:38.032+0000] {processor.py:186} INFO - Started process (PID=83006) to work on /usr/local/python/3.12.1/lib/python3.12/site-packages/airflow/example_dags/example_setup_teardown.py
[2025-03-18T11:50:38.033+0000] {processor.py:914} INFO - Processing file /usr/local/python/3.12.1/lib/python3.12/site-packages/airflow/example_dags/example_setup_teardown.py for tasks to queue
[2025-03-18T11:50:38.034+0000] {logging_mixin.py:190} INFO - [2025-03-18T11:50:38.034+0000] {dagbag.py:588} INFO - Filling up the DagBag from /usr/local/python/3.12.1/lib/python3.12/site-packages/airflow/example_dags/example_setup_teardown.py
[2025-03-18T11:50:38.041+0000] {processor.py:925} INFO - DAG(s) 'example_setup_teardown' retrieved from /usr/local/python/3.12.1/lib/python3.12/site-packages/airflow/example_dags/example_setup_teardown.py
[2025-03-18T11:50:38.053+0000] {logging_mixin.py:190} INFO - [2025-03-18T11:50:38.053+0000] {dag.py:3239} INFO - Sync 1 DAGs
[2025-03-18T11:50:38.064+0000] {logging_mixin.py:190} INFO - [2025-03-18T11:50:38.063+0000] {dag.py:4180} INFO - Setting next_dagrun for example_setup_teardown to None, run_after=None
[2025-03-18T11:50:38.077+0000] {processor.py:208} INFO - Processing /usr/local/python/3.12.1/lib/python3.12/site-packages/airflow/example_dags/example_setup_teardown.py took 0.049 seconds
