[2025-03-18T10:52:14.762+0000] {processor.py:186} INFO - Started process (PID=49676) to work on /usr/local/python/3.12.1/lib/python3.12/site-packages/airflow/example_dags/example_branch_datetime_operator.py
[2025-03-18T10:52:14.763+0000] {processor.py:914} INFO - Processing file /usr/local/python/3.12.1/lib/python3.12/site-packages/airflow/example_dags/example_branch_datetime_operator.py for tasks to queue
[2025-03-18T10:52:14.764+0000] {logging_mixin.py:190} INFO - [2025-03-18T10:52:14.764+0000] {dagbag.py:588} INFO - Filling up the DagBag from /usr/local/python/3.12.1/lib/python3.12/site-packages/airflow/example_dags/example_branch_datetime_operator.py
[2025-03-18T10:52:14.774+0000] {processor.py:925} INFO - DAG(s) 'example_branch_datetime_operator_2', 'example_branch_datetime_operator_3', 'example_branch_datetime_operator' retrieved from /usr/local/python/3.12.1/lib/python3.12/site-packages/airflow/example_dags/example_branch_datetime_operator.py
[2025-03-18T10:52:14.854+0000] {logging_mixin.py:190} INFO - [2025-03-18T10:52:14.853+0000] {override.py:1930} INFO - Created Permission View: can read on DAG:example_branch_datetime_operator_2
[2025-03-18T10:52:14.862+0000] {logging_mixin.py:190} INFO - [2025-03-18T10:52:14.862+0000] {override.py:1930} INFO - Created Permission View: can edit on DAG:example_branch_datetime_operator_2
[2025-03-18T10:52:14.868+0000] {logging_mixin.py:190} INFO - [2025-03-18T10:52:14.867+0000] {override.py:1930} INFO - Created Permission View: can delete on DAG:example_branch_datetime_operator_2
[2025-03-18T10:52:14.877+0000] {logging_mixin.py:190} INFO - [2025-03-18T10:52:14.877+0000] {override.py:1930} INFO - Created Permission View: can read on DAG Run:example_branch_datetime_operator_2
[2025-03-18T10:52:14.883+0000] {logging_mixin.py:190} INFO - [2025-03-18T10:52:14.883+0000] {override.py:1930} INFO - Created Permission View: can create on DAG Run:example_branch_datetime_operator_2
[2025-03-18T10:52:14.889+0000] {logging_mixin.py:190} INFO - [2025-03-18T10:52:14.889+0000] {override.py:1930} INFO - Created Permission View: menu access on DAG Run:example_branch_datetime_operator_2
[2025-03-18T10:52:14.895+0000] {logging_mixin.py:190} INFO - [2025-03-18T10:52:14.895+0000] {override.py:1930} INFO - Created Permission View: can delete on DAG Run:example_branch_datetime_operator_2
[2025-03-18T10:52:14.912+0000] {logging_mixin.py:190} INFO - [2025-03-18T10:52:14.912+0000] {override.py:1930} INFO - Created Permission View: can read on DAG:example_branch_datetime_operator_3
[2025-03-18T10:52:14.918+0000] {logging_mixin.py:190} INFO - [2025-03-18T10:52:14.918+0000] {override.py:1930} INFO - Created Permission View: can edit on DAG:example_branch_datetime_operator_3
[2025-03-18T10:52:14.924+0000] {logging_mixin.py:190} INFO - [2025-03-18T10:52:14.923+0000] {override.py:1930} INFO - Created Permission View: can delete on DAG:example_branch_datetime_operator_3
[2025-03-18T10:52:14.932+0000] {logging_mixin.py:190} INFO - [2025-03-18T10:52:14.932+0000] {override.py:1930} INFO - Created Permission View: can read on DAG Run:example_branch_datetime_operator_3
[2025-03-18T10:52:14.938+0000] {logging_mixin.py:190} INFO - [2025-03-18T10:52:14.937+0000] {override.py:1930} INFO - Created Permission View: can create on DAG Run:example_branch_datetime_operator_3
[2025-03-18T10:52:14.943+0000] {logging_mixin.py:190} INFO - [2025-03-18T10:52:14.943+0000] {override.py:1930} INFO - Created Permission View: menu access on DAG Run:example_branch_datetime_operator_3
[2025-03-18T10:52:14.949+0000] {logging_mixin.py:190} INFO - [2025-03-18T10:52:14.948+0000] {override.py:1930} INFO - Created Permission View: can delete on DAG Run:example_branch_datetime_operator_3
[2025-03-18T10:52:14.961+0000] {logging_mixin.py:190} INFO - [2025-03-18T10:52:14.961+0000] {override.py:1930} INFO - Created Permission View: can read on DAG:example_branch_datetime_operator
[2025-03-18T10:52:14.966+0000] {logging_mixin.py:190} INFO - [2025-03-18T10:52:14.966+0000] {override.py:1930} INFO - Created Permission View: can edit on DAG:example_branch_datetime_operator
[2025-03-18T10:52:14.972+0000] {logging_mixin.py:190} INFO - [2025-03-18T10:52:14.972+0000] {override.py:1930} INFO - Created Permission View: can delete on DAG:example_branch_datetime_operator
[2025-03-18T10:52:14.981+0000] {logging_mixin.py:190} INFO - [2025-03-18T10:52:14.981+0000] {override.py:1930} INFO - Created Permission View: can read on DAG Run:example_branch_datetime_operator
[2025-03-18T10:52:14.986+0000] {logging_mixin.py:190} INFO - [2025-03-18T10:52:14.986+0000] {override.py:1930} INFO - Created Permission View: can create on DAG Run:example_branch_datetime_operator
[2025-03-18T10:52:14.992+0000] {logging_mixin.py:190} INFO - [2025-03-18T10:52:14.992+0000] {override.py:1930} INFO - Created Permission View: menu access on DAG Run:example_branch_datetime_operator
[2025-03-18T10:52:14.997+0000] {logging_mixin.py:190} INFO - [2025-03-18T10:52:14.997+0000] {override.py:1930} INFO - Created Permission View: can delete on DAG Run:example_branch_datetime_operator
[2025-03-18T10:52:14.998+0000] {logging_mixin.py:190} INFO - [2025-03-18T10:52:14.998+0000] {dag.py:3239} INFO - Sync 3 DAGs
[2025-03-18T10:52:15.010+0000] {logging_mixin.py:190} INFO - [2025-03-18T10:52:15.010+0000] {dag.py:3262} INFO - Creating ORM DAG for example_branch_datetime_operator_2
[2025-03-18T10:52:15.011+0000] {logging_mixin.py:190} INFO - [2025-03-18T10:52:15.010+0000] {dag.py:3262} INFO - Creating ORM DAG for example_branch_datetime_operator
[2025-03-18T10:52:15.011+0000] {logging_mixin.py:190} INFO - [2025-03-18T10:52:15.011+0000] {dag.py:3262} INFO - Creating ORM DAG for example_branch_datetime_operator_3
[2025-03-18T10:52:15.019+0000] {logging_mixin.py:190} INFO - [2025-03-18T10:52:15.018+0000] {dag.py:4180} INFO - Setting next_dagrun for example_branch_datetime_operator to 2025-03-17 00:00:00+00:00, run_after=2025-03-18 00:00:00+00:00
[2025-03-18T10:52:15.020+0000] {logging_mixin.py:190} INFO - [2025-03-18T10:52:15.020+0000] {dag.py:4180} INFO - Setting next_dagrun for example_branch_datetime_operator_2 to 2025-03-17 00:00:00+00:00, run_after=2025-03-18 00:00:00+00:00
[2025-03-18T10:52:15.021+0000] {logging_mixin.py:190} INFO - [2025-03-18T10:52:15.021+0000] {dag.py:4180} INFO - Setting next_dagrun for example_branch_datetime_operator_3 to 2025-03-17 00:00:00+00:00, run_after=2025-03-18 00:00:00+00:00
[2025-03-18T10:52:15.036+0000] {processor.py:208} INFO - Processing /usr/local/python/3.12.1/lib/python3.12/site-packages/airflow/example_dags/example_branch_datetime_operator.py took 0.278 seconds
[2025-03-18T10:53:51.595+0000] {processor.py:186} INFO - Started process (PID=50939) to work on /usr/local/python/3.12.1/lib/python3.12/site-packages/airflow/example_dags/example_branch_datetime_operator.py
[2025-03-18T10:53:51.595+0000] {processor.py:914} INFO - Processing file /usr/local/python/3.12.1/lib/python3.12/site-packages/airflow/example_dags/example_branch_datetime_operator.py for tasks to queue
[2025-03-18T10:53:51.597+0000] {logging_mixin.py:190} INFO - [2025-03-18T10:53:51.596+0000] {dagbag.py:588} INFO - Filling up the DagBag from /usr/local/python/3.12.1/lib/python3.12/site-packages/airflow/example_dags/example_branch_datetime_operator.py
[2025-03-18T10:53:51.606+0000] {processor.py:925} INFO - DAG(s) 'example_branch_datetime_operator_2', 'example_branch_datetime_operator_3', 'example_branch_datetime_operator' retrieved from /usr/local/python/3.12.1/lib/python3.12/site-packages/airflow/example_dags/example_branch_datetime_operator.py
[2025-03-18T10:53:51.621+0000] {logging_mixin.py:190} INFO - [2025-03-18T10:53:51.620+0000] {dag.py:3239} INFO - Sync 3 DAGs
[2025-03-18T10:53:51.637+0000] {logging_mixin.py:190} INFO - [2025-03-18T10:53:51.636+0000] {dag.py:4180} INFO - Setting next_dagrun for example_branch_datetime_operator to 2025-03-17 00:00:00+00:00, run_after=2025-03-18 00:00:00+00:00
[2025-03-18T10:53:51.640+0000] {logging_mixin.py:190} INFO - [2025-03-18T10:53:51.640+0000] {dag.py:4180} INFO - Setting next_dagrun for example_branch_datetime_operator_2 to 2025-03-17 00:00:00+00:00, run_after=2025-03-18 00:00:00+00:00
[2025-03-18T10:53:51.642+0000] {logging_mixin.py:190} INFO - [2025-03-18T10:53:51.642+0000] {dag.py:4180} INFO - Setting next_dagrun for example_branch_datetime_operator_3 to 2025-03-17 00:00:00+00:00, run_after=2025-03-18 00:00:00+00:00
[2025-03-18T10:53:51.654+0000] {processor.py:208} INFO - Processing /usr/local/python/3.12.1/lib/python3.12/site-packages/airflow/example_dags/example_branch_datetime_operator.py took 0.064 seconds
[2025-03-18T10:54:47.069+0000] {processor.py:186} INFO - Started process (PID=51417) to work on /usr/local/python/3.12.1/lib/python3.12/site-packages/airflow/example_dags/example_branch_datetime_operator.py
[2025-03-18T10:54:47.070+0000] {processor.py:914} INFO - Processing file /usr/local/python/3.12.1/lib/python3.12/site-packages/airflow/example_dags/example_branch_datetime_operator.py for tasks to queue
[2025-03-18T10:54:47.071+0000] {logging_mixin.py:190} INFO - [2025-03-18T10:54:47.071+0000] {dagbag.py:588} INFO - Filling up the DagBag from /usr/local/python/3.12.1/lib/python3.12/site-packages/airflow/example_dags/example_branch_datetime_operator.py
[2025-03-18T10:54:47.080+0000] {processor.py:925} INFO - DAG(s) 'example_branch_datetime_operator_3', 'example_branch_datetime_operator_2', 'example_branch_datetime_operator' retrieved from /usr/local/python/3.12.1/lib/python3.12/site-packages/airflow/example_dags/example_branch_datetime_operator.py
[2025-03-18T10:54:47.095+0000] {logging_mixin.py:190} INFO - [2025-03-18T10:54:47.095+0000] {dag.py:3239} INFO - Sync 3 DAGs
[2025-03-18T10:54:47.111+0000] {logging_mixin.py:190} INFO - [2025-03-18T10:54:47.111+0000] {dag.py:4180} INFO - Setting next_dagrun for example_branch_datetime_operator to 2025-03-17 00:00:00+00:00, run_after=2025-03-18 00:00:00+00:00
[2025-03-18T10:54:47.115+0000] {logging_mixin.py:190} INFO - [2025-03-18T10:54:47.115+0000] {dag.py:4180} INFO - Setting next_dagrun for example_branch_datetime_operator_2 to 2025-03-17 00:00:00+00:00, run_after=2025-03-18 00:00:00+00:00
[2025-03-18T10:54:47.116+0000] {logging_mixin.py:190} INFO - [2025-03-18T10:54:47.116+0000] {dag.py:4180} INFO - Setting next_dagrun for example_branch_datetime_operator_3 to 2025-03-17 00:00:00+00:00, run_after=2025-03-18 00:00:00+00:00
[2025-03-18T10:54:47.129+0000] {processor.py:208} INFO - Processing /usr/local/python/3.12.1/lib/python3.12/site-packages/airflow/example_dags/example_branch_datetime_operator.py took 0.064 seconds
[2025-03-18T10:56:00.275+0000] {processor.py:186} INFO - Started process (PID=52267) to work on /usr/local/python/3.12.1/lib/python3.12/site-packages/airflow/example_dags/example_branch_datetime_operator.py
[2025-03-18T10:56:00.275+0000] {processor.py:914} INFO - Processing file /usr/local/python/3.12.1/lib/python3.12/site-packages/airflow/example_dags/example_branch_datetime_operator.py for tasks to queue
[2025-03-18T10:56:00.277+0000] {logging_mixin.py:190} INFO - [2025-03-18T10:56:00.277+0000] {dagbag.py:588} INFO - Filling up the DagBag from /usr/local/python/3.12.1/lib/python3.12/site-packages/airflow/example_dags/example_branch_datetime_operator.py
[2025-03-18T10:56:00.287+0000] {processor.py:925} INFO - DAG(s) 'example_branch_datetime_operator_2', 'example_branch_datetime_operator', 'example_branch_datetime_operator_3' retrieved from /usr/local/python/3.12.1/lib/python3.12/site-packages/airflow/example_dags/example_branch_datetime_operator.py
[2025-03-18T10:56:00.301+0000] {logging_mixin.py:190} INFO - [2025-03-18T10:56:00.301+0000] {dag.py:3239} INFO - Sync 3 DAGs
[2025-03-18T10:56:00.317+0000] {logging_mixin.py:190} INFO - [2025-03-18T10:56:00.317+0000] {dag.py:4180} INFO - Setting next_dagrun for example_branch_datetime_operator to 2025-03-17 00:00:00+00:00, run_after=2025-03-18 00:00:00+00:00
[2025-03-18T10:56:00.321+0000] {logging_mixin.py:190} INFO - [2025-03-18T10:56:00.320+0000] {dag.py:4180} INFO - Setting next_dagrun for example_branch_datetime_operator_2 to 2025-03-17 00:00:00+00:00, run_after=2025-03-18 00:00:00+00:00
[2025-03-18T10:56:00.322+0000] {logging_mixin.py:190} INFO - [2025-03-18T10:56:00.322+0000] {dag.py:4180} INFO - Setting next_dagrun for example_branch_datetime_operator_3 to 2025-03-17 00:00:00+00:00, run_after=2025-03-18 00:00:00+00:00
[2025-03-18T10:56:00.334+0000] {processor.py:208} INFO - Processing /usr/local/python/3.12.1/lib/python3.12/site-packages/airflow/example_dags/example_branch_datetime_operator.py took 0.063 seconds
[2025-03-18T10:57:14.205+0000] {processor.py:186} INFO - Started process (PID=53090) to work on /usr/local/python/3.12.1/lib/python3.12/site-packages/airflow/example_dags/example_branch_datetime_operator.py
[2025-03-18T10:57:14.206+0000] {processor.py:914} INFO - Processing file /usr/local/python/3.12.1/lib/python3.12/site-packages/airflow/example_dags/example_branch_datetime_operator.py for tasks to queue
[2025-03-18T10:57:14.207+0000] {logging_mixin.py:190} INFO - [2025-03-18T10:57:14.207+0000] {dagbag.py:588} INFO - Filling up the DagBag from /usr/local/python/3.12.1/lib/python3.12/site-packages/airflow/example_dags/example_branch_datetime_operator.py
[2025-03-18T10:57:14.217+0000] {processor.py:925} INFO - DAG(s) 'example_branch_datetime_operator_3', 'example_branch_datetime_operator_2', 'example_branch_datetime_operator' retrieved from /usr/local/python/3.12.1/lib/python3.12/site-packages/airflow/example_dags/example_branch_datetime_operator.py
[2025-03-18T10:57:14.232+0000] {logging_mixin.py:190} INFO - [2025-03-18T10:57:14.232+0000] {dag.py:3239} INFO - Sync 3 DAGs
[2025-03-18T10:57:14.249+0000] {logging_mixin.py:190} INFO - [2025-03-18T10:57:14.249+0000] {dag.py:4180} INFO - Setting next_dagrun for example_branch_datetime_operator to 2025-03-17 00:00:00+00:00, run_after=2025-03-18 00:00:00+00:00
[2025-03-18T10:57:14.252+0000] {logging_mixin.py:190} INFO - [2025-03-18T10:57:14.252+0000] {dag.py:4180} INFO - Setting next_dagrun for example_branch_datetime_operator_2 to 2025-03-17 00:00:00+00:00, run_after=2025-03-18 00:00:00+00:00
[2025-03-18T10:57:14.254+0000] {logging_mixin.py:190} INFO - [2025-03-18T10:57:14.254+0000] {dag.py:4180} INFO - Setting next_dagrun for example_branch_datetime_operator_3 to 2025-03-17 00:00:00+00:00, run_after=2025-03-18 00:00:00+00:00
[2025-03-18T10:57:14.267+0000] {processor.py:208} INFO - Processing /usr/local/python/3.12.1/lib/python3.12/site-packages/airflow/example_dags/example_branch_datetime_operator.py took 0.066 seconds
[2025-03-18T10:58:28.569+0000] {processor.py:186} INFO - Started process (PID=53871) to work on /usr/local/python/3.12.1/lib/python3.12/site-packages/airflow/example_dags/example_branch_datetime_operator.py
[2025-03-18T10:58:28.570+0000] {processor.py:914} INFO - Processing file /usr/local/python/3.12.1/lib/python3.12/site-packages/airflow/example_dags/example_branch_datetime_operator.py for tasks to queue
[2025-03-18T10:58:28.571+0000] {logging_mixin.py:190} INFO - [2025-03-18T10:58:28.571+0000] {dagbag.py:588} INFO - Filling up the DagBag from /usr/local/python/3.12.1/lib/python3.12/site-packages/airflow/example_dags/example_branch_datetime_operator.py
[2025-03-18T10:58:28.581+0000] {processor.py:925} INFO - DAG(s) 'example_branch_datetime_operator', 'example_branch_datetime_operator_3', 'example_branch_datetime_operator_2' retrieved from /usr/local/python/3.12.1/lib/python3.12/site-packages/airflow/example_dags/example_branch_datetime_operator.py
[2025-03-18T10:58:28.596+0000] {logging_mixin.py:190} INFO - [2025-03-18T10:58:28.595+0000] {dag.py:3239} INFO - Sync 3 DAGs
[2025-03-18T10:58:28.612+0000] {logging_mixin.py:190} INFO - [2025-03-18T10:58:28.611+0000] {dag.py:4180} INFO - Setting next_dagrun for example_branch_datetime_operator to 2025-03-17 00:00:00+00:00, run_after=2025-03-18 00:00:00+00:00
[2025-03-18T10:58:28.615+0000] {logging_mixin.py:190} INFO - [2025-03-18T10:58:28.615+0000] {dag.py:4180} INFO - Setting next_dagrun for example_branch_datetime_operator_2 to 2025-03-17 00:00:00+00:00, run_after=2025-03-18 00:00:00+00:00
[2025-03-18T10:58:28.618+0000] {logging_mixin.py:190} INFO - [2025-03-18T10:58:28.617+0000] {dag.py:4180} INFO - Setting next_dagrun for example_branch_datetime_operator_3 to 2025-03-17 00:00:00+00:00, run_after=2025-03-18 00:00:00+00:00
[2025-03-18T10:58:28.633+0000] {processor.py:208} INFO - Processing /usr/local/python/3.12.1/lib/python3.12/site-packages/airflow/example_dags/example_branch_datetime_operator.py took 0.067 seconds
[2025-03-18T10:59:39.393+0000] {processor.py:186} INFO - Started process (PID=54757) to work on /usr/local/python/3.12.1/lib/python3.12/site-packages/airflow/example_dags/example_branch_datetime_operator.py
[2025-03-18T10:59:39.393+0000] {processor.py:914} INFO - Processing file /usr/local/python/3.12.1/lib/python3.12/site-packages/airflow/example_dags/example_branch_datetime_operator.py for tasks to queue
[2025-03-18T10:59:39.395+0000] {logging_mixin.py:190} INFO - [2025-03-18T10:59:39.394+0000] {dagbag.py:588} INFO - Filling up the DagBag from /usr/local/python/3.12.1/lib/python3.12/site-packages/airflow/example_dags/example_branch_datetime_operator.py
[2025-03-18T10:59:39.404+0000] {processor.py:925} INFO - DAG(s) 'example_branch_datetime_operator', 'example_branch_datetime_operator_3', 'example_branch_datetime_operator_2' retrieved from /usr/local/python/3.12.1/lib/python3.12/site-packages/airflow/example_dags/example_branch_datetime_operator.py
[2025-03-18T10:59:39.419+0000] {logging_mixin.py:190} INFO - [2025-03-18T10:59:39.419+0000] {dag.py:3239} INFO - Sync 3 DAGs
[2025-03-18T10:59:39.435+0000] {logging_mixin.py:190} INFO - [2025-03-18T10:59:39.435+0000] {dag.py:4180} INFO - Setting next_dagrun for example_branch_datetime_operator to 2025-03-17 00:00:00+00:00, run_after=2025-03-18 00:00:00+00:00
[2025-03-18T10:59:39.438+0000] {logging_mixin.py:190} INFO - [2025-03-18T10:59:39.438+0000] {dag.py:4180} INFO - Setting next_dagrun for example_branch_datetime_operator_2 to 2025-03-17 00:00:00+00:00, run_after=2025-03-18 00:00:00+00:00
[2025-03-18T10:59:39.440+0000] {logging_mixin.py:190} INFO - [2025-03-18T10:59:39.440+0000] {dag.py:4180} INFO - Setting next_dagrun for example_branch_datetime_operator_3 to 2025-03-17 00:00:00+00:00, run_after=2025-03-18 00:00:00+00:00
[2025-03-18T10:59:39.453+0000] {processor.py:208} INFO - Processing /usr/local/python/3.12.1/lib/python3.12/site-packages/airflow/example_dags/example_branch_datetime_operator.py took 0.065 seconds
[2025-03-18T11:00:54.184+0000] {processor.py:186} INFO - Started process (PID=56476) to work on /usr/local/python/3.12.1/lib/python3.12/site-packages/airflow/example_dags/example_branch_datetime_operator.py
[2025-03-18T11:00:54.185+0000] {processor.py:914} INFO - Processing file /usr/local/python/3.12.1/lib/python3.12/site-packages/airflow/example_dags/example_branch_datetime_operator.py for tasks to queue
[2025-03-18T11:00:54.188+0000] {logging_mixin.py:190} INFO - [2025-03-18T11:00:54.187+0000] {dagbag.py:588} INFO - Filling up the DagBag from /usr/local/python/3.12.1/lib/python3.12/site-packages/airflow/example_dags/example_branch_datetime_operator.py
[2025-03-18T11:00:54.206+0000] {processor.py:925} INFO - DAG(s) 'example_branch_datetime_operator', 'example_branch_datetime_operator_2', 'example_branch_datetime_operator_3' retrieved from /usr/local/python/3.12.1/lib/python3.12/site-packages/airflow/example_dags/example_branch_datetime_operator.py
[2025-03-18T11:00:54.247+0000] {logging_mixin.py:190} INFO - [2025-03-18T11:00:54.246+0000] {dag.py:3239} INFO - Sync 3 DAGs
[2025-03-18T11:00:54.291+0000] {logging_mixin.py:190} INFO - [2025-03-18T11:00:54.291+0000] {dag.py:4180} INFO - Setting next_dagrun for example_branch_datetime_operator to 2025-03-17 00:00:00+00:00, run_after=2025-03-18 00:00:00+00:00
[2025-03-18T11:00:54.297+0000] {logging_mixin.py:190} INFO - [2025-03-18T11:00:54.297+0000] {dag.py:4180} INFO - Setting next_dagrun for example_branch_datetime_operator_2 to 2025-03-17 00:00:00+00:00, run_after=2025-03-18 00:00:00+00:00
[2025-03-18T11:00:54.300+0000] {logging_mixin.py:190} INFO - [2025-03-18T11:00:54.300+0000] {dag.py:4180} INFO - Setting next_dagrun for example_branch_datetime_operator_3 to 2025-03-17 00:00:00+00:00, run_after=2025-03-18 00:00:00+00:00
[2025-03-18T11:00:54.324+0000] {processor.py:208} INFO - Processing /usr/local/python/3.12.1/lib/python3.12/site-packages/airflow/example_dags/example_branch_datetime_operator.py took 0.146 seconds
[2025-03-18T11:02:11.401+0000] {processor.py:186} INFO - Started process (PID=58076) to work on /usr/local/python/3.12.1/lib/python3.12/site-packages/airflow/example_dags/example_branch_datetime_operator.py
[2025-03-18T11:02:11.402+0000] {processor.py:914} INFO - Processing file /usr/local/python/3.12.1/lib/python3.12/site-packages/airflow/example_dags/example_branch_datetime_operator.py for tasks to queue
[2025-03-18T11:02:11.403+0000] {logging_mixin.py:190} INFO - [2025-03-18T11:02:11.403+0000] {dagbag.py:588} INFO - Filling up the DagBag from /usr/local/python/3.12.1/lib/python3.12/site-packages/airflow/example_dags/example_branch_datetime_operator.py
[2025-03-18T11:02:11.413+0000] {processor.py:925} INFO - DAG(s) 'example_branch_datetime_operator_2', 'example_branch_datetime_operator', 'example_branch_datetime_operator_3' retrieved from /usr/local/python/3.12.1/lib/python3.12/site-packages/airflow/example_dags/example_branch_datetime_operator.py
[2025-03-18T11:02:11.427+0000] {logging_mixin.py:190} INFO - [2025-03-18T11:02:11.427+0000] {dag.py:3239} INFO - Sync 3 DAGs
[2025-03-18T11:02:11.444+0000] {logging_mixin.py:190} INFO - [2025-03-18T11:02:11.443+0000] {dag.py:4180} INFO - Setting next_dagrun for example_branch_datetime_operator to 2025-03-17 00:00:00+00:00, run_after=2025-03-18 00:00:00+00:00
[2025-03-18T11:02:11.447+0000] {logging_mixin.py:190} INFO - [2025-03-18T11:02:11.447+0000] {dag.py:4180} INFO - Setting next_dagrun for example_branch_datetime_operator_2 to 2025-03-17 00:00:00+00:00, run_after=2025-03-18 00:00:00+00:00
[2025-03-18T11:02:11.449+0000] {logging_mixin.py:190} INFO - [2025-03-18T11:02:11.449+0000] {dag.py:4180} INFO - Setting next_dagrun for example_branch_datetime_operator_3 to 2025-03-17 00:00:00+00:00, run_after=2025-03-18 00:00:00+00:00
[2025-03-18T11:02:11.462+0000] {processor.py:208} INFO - Processing /usr/local/python/3.12.1/lib/python3.12/site-packages/airflow/example_dags/example_branch_datetime_operator.py took 0.064 seconds
[2025-03-18T11:03:22.222+0000] {processor.py:186} INFO - Started process (PID=58662) to work on /usr/local/python/3.12.1/lib/python3.12/site-packages/airflow/example_dags/example_branch_datetime_operator.py
[2025-03-18T11:03:22.222+0000] {processor.py:914} INFO - Processing file /usr/local/python/3.12.1/lib/python3.12/site-packages/airflow/example_dags/example_branch_datetime_operator.py for tasks to queue
[2025-03-18T11:03:22.224+0000] {logging_mixin.py:190} INFO - [2025-03-18T11:03:22.223+0000] {dagbag.py:588} INFO - Filling up the DagBag from /usr/local/python/3.12.1/lib/python3.12/site-packages/airflow/example_dags/example_branch_datetime_operator.py
[2025-03-18T11:03:22.233+0000] {processor.py:925} INFO - DAG(s) 'example_branch_datetime_operator', 'example_branch_datetime_operator_3', 'example_branch_datetime_operator_2' retrieved from /usr/local/python/3.12.1/lib/python3.12/site-packages/airflow/example_dags/example_branch_datetime_operator.py
[2025-03-18T11:03:22.248+0000] {logging_mixin.py:190} INFO - [2025-03-18T11:03:22.248+0000] {dag.py:3239} INFO - Sync 3 DAGs
[2025-03-18T11:03:22.264+0000] {logging_mixin.py:190} INFO - [2025-03-18T11:03:22.264+0000] {dag.py:4180} INFO - Setting next_dagrun for example_branch_datetime_operator to 2025-03-17 00:00:00+00:00, run_after=2025-03-18 00:00:00+00:00
[2025-03-18T11:03:22.268+0000] {logging_mixin.py:190} INFO - [2025-03-18T11:03:22.268+0000] {dag.py:4180} INFO - Setting next_dagrun for example_branch_datetime_operator_2 to 2025-03-17 00:00:00+00:00, run_after=2025-03-18 00:00:00+00:00
[2025-03-18T11:03:22.269+0000] {logging_mixin.py:190} INFO - [2025-03-18T11:03:22.269+0000] {dag.py:4180} INFO - Setting next_dagrun for example_branch_datetime_operator_3 to 2025-03-17 00:00:00+00:00, run_after=2025-03-18 00:00:00+00:00
[2025-03-18T11:03:22.282+0000] {processor.py:208} INFO - Processing /usr/local/python/3.12.1/lib/python3.12/site-packages/airflow/example_dags/example_branch_datetime_operator.py took 0.064 seconds
[2025-03-18T11:04:35.155+0000] {processor.py:186} INFO - Started process (PID=59257) to work on /usr/local/python/3.12.1/lib/python3.12/site-packages/airflow/example_dags/example_branch_datetime_operator.py
[2025-03-18T11:04:35.155+0000] {processor.py:914} INFO - Processing file /usr/local/python/3.12.1/lib/python3.12/site-packages/airflow/example_dags/example_branch_datetime_operator.py for tasks to queue
[2025-03-18T11:04:35.157+0000] {logging_mixin.py:190} INFO - [2025-03-18T11:04:35.156+0000] {dagbag.py:588} INFO - Filling up the DagBag from /usr/local/python/3.12.1/lib/python3.12/site-packages/airflow/example_dags/example_branch_datetime_operator.py
[2025-03-18T11:04:35.166+0000] {processor.py:925} INFO - DAG(s) 'example_branch_datetime_operator_2', 'example_branch_datetime_operator_3', 'example_branch_datetime_operator' retrieved from /usr/local/python/3.12.1/lib/python3.12/site-packages/airflow/example_dags/example_branch_datetime_operator.py
[2025-03-18T11:04:35.181+0000] {logging_mixin.py:190} INFO - [2025-03-18T11:04:35.181+0000] {dag.py:3239} INFO - Sync 3 DAGs
[2025-03-18T11:04:35.197+0000] {logging_mixin.py:190} INFO - [2025-03-18T11:04:35.197+0000] {dag.py:4180} INFO - Setting next_dagrun for example_branch_datetime_operator to 2025-03-17 00:00:00+00:00, run_after=2025-03-18 00:00:00+00:00
[2025-03-18T11:04:35.201+0000] {logging_mixin.py:190} INFO - [2025-03-18T11:04:35.201+0000] {dag.py:4180} INFO - Setting next_dagrun for example_branch_datetime_operator_2 to 2025-03-17 00:00:00+00:00, run_after=2025-03-18 00:00:00+00:00
[2025-03-18T11:04:35.203+0000] {logging_mixin.py:190} INFO - [2025-03-18T11:04:35.203+0000] {dag.py:4180} INFO - Setting next_dagrun for example_branch_datetime_operator_3 to 2025-03-17 00:00:00+00:00, run_after=2025-03-18 00:00:00+00:00
[2025-03-18T11:04:35.215+0000] {processor.py:208} INFO - Processing /usr/local/python/3.12.1/lib/python3.12/site-packages/airflow/example_dags/example_branch_datetime_operator.py took 0.065 seconds
[2025-03-18T11:05:49.479+0000] {processor.py:186} INFO - Started process (PID=59838) to work on /usr/local/python/3.12.1/lib/python3.12/site-packages/airflow/example_dags/example_branch_datetime_operator.py
[2025-03-18T11:05:49.479+0000] {processor.py:914} INFO - Processing file /usr/local/python/3.12.1/lib/python3.12/site-packages/airflow/example_dags/example_branch_datetime_operator.py for tasks to queue
[2025-03-18T11:05:49.481+0000] {logging_mixin.py:190} INFO - [2025-03-18T11:05:49.480+0000] {dagbag.py:588} INFO - Filling up the DagBag from /usr/local/python/3.12.1/lib/python3.12/site-packages/airflow/example_dags/example_branch_datetime_operator.py
[2025-03-18T11:05:49.490+0000] {processor.py:925} INFO - DAG(s) 'example_branch_datetime_operator_2', 'example_branch_datetime_operator', 'example_branch_datetime_operator_3' retrieved from /usr/local/python/3.12.1/lib/python3.12/site-packages/airflow/example_dags/example_branch_datetime_operator.py
[2025-03-18T11:05:49.505+0000] {logging_mixin.py:190} INFO - [2025-03-18T11:05:49.505+0000] {dag.py:3239} INFO - Sync 3 DAGs
[2025-03-18T11:05:49.521+0000] {logging_mixin.py:190} INFO - [2025-03-18T11:05:49.521+0000] {dag.py:4180} INFO - Setting next_dagrun for example_branch_datetime_operator to 2025-03-17 00:00:00+00:00, run_after=2025-03-18 00:00:00+00:00
[2025-03-18T11:05:49.525+0000] {logging_mixin.py:190} INFO - [2025-03-18T11:05:49.525+0000] {dag.py:4180} INFO - Setting next_dagrun for example_branch_datetime_operator_2 to 2025-03-17 00:00:00+00:00, run_after=2025-03-18 00:00:00+00:00
[2025-03-18T11:05:49.526+0000] {logging_mixin.py:190} INFO - [2025-03-18T11:05:49.526+0000] {dag.py:4180} INFO - Setting next_dagrun for example_branch_datetime_operator_3 to 2025-03-17 00:00:00+00:00, run_after=2025-03-18 00:00:00+00:00
[2025-03-18T11:05:49.540+0000] {processor.py:208} INFO - Processing /usr/local/python/3.12.1/lib/python3.12/site-packages/airflow/example_dags/example_branch_datetime_operator.py took 0.065 seconds
[2025-03-18T11:07:04.171+0000] {processor.py:186} INFO - Started process (PID=60414) to work on /usr/local/python/3.12.1/lib/python3.12/site-packages/airflow/example_dags/example_branch_datetime_operator.py
[2025-03-18T11:07:04.172+0000] {processor.py:914} INFO - Processing file /usr/local/python/3.12.1/lib/python3.12/site-packages/airflow/example_dags/example_branch_datetime_operator.py for tasks to queue
[2025-03-18T11:07:04.173+0000] {logging_mixin.py:190} INFO - [2025-03-18T11:07:04.173+0000] {dagbag.py:588} INFO - Filling up the DagBag from /usr/local/python/3.12.1/lib/python3.12/site-packages/airflow/example_dags/example_branch_datetime_operator.py
[2025-03-18T11:07:04.183+0000] {processor.py:925} INFO - DAG(s) 'example_branch_datetime_operator_2', 'example_branch_datetime_operator_3', 'example_branch_datetime_operator' retrieved from /usr/local/python/3.12.1/lib/python3.12/site-packages/airflow/example_dags/example_branch_datetime_operator.py
[2025-03-18T11:07:04.197+0000] {logging_mixin.py:190} INFO - [2025-03-18T11:07:04.197+0000] {dag.py:3239} INFO - Sync 3 DAGs
[2025-03-18T11:07:04.214+0000] {logging_mixin.py:190} INFO - [2025-03-18T11:07:04.213+0000] {dag.py:4180} INFO - Setting next_dagrun for example_branch_datetime_operator to 2025-03-17 00:00:00+00:00, run_after=2025-03-18 00:00:00+00:00
[2025-03-18T11:07:04.217+0000] {logging_mixin.py:190} INFO - [2025-03-18T11:07:04.217+0000] {dag.py:4180} INFO - Setting next_dagrun for example_branch_datetime_operator_2 to 2025-03-17 00:00:00+00:00, run_after=2025-03-18 00:00:00+00:00
[2025-03-18T11:07:04.219+0000] {logging_mixin.py:190} INFO - [2025-03-18T11:07:04.219+0000] {dag.py:4180} INFO - Setting next_dagrun for example_branch_datetime_operator_3 to 2025-03-17 00:00:00+00:00, run_after=2025-03-18 00:00:00+00:00
[2025-03-18T11:07:04.231+0000] {processor.py:208} INFO - Processing /usr/local/python/3.12.1/lib/python3.12/site-packages/airflow/example_dags/example_branch_datetime_operator.py took 0.064 seconds
[2025-03-18T11:08:20.094+0000] {processor.py:186} INFO - Started process (PID=61054) to work on /usr/local/python/3.12.1/lib/python3.12/site-packages/airflow/example_dags/example_branch_datetime_operator.py
[2025-03-18T11:08:20.094+0000] {processor.py:914} INFO - Processing file /usr/local/python/3.12.1/lib/python3.12/site-packages/airflow/example_dags/example_branch_datetime_operator.py for tasks to queue
[2025-03-18T11:08:20.096+0000] {logging_mixin.py:190} INFO - [2025-03-18T11:08:20.095+0000] {dagbag.py:588} INFO - Filling up the DagBag from /usr/local/python/3.12.1/lib/python3.12/site-packages/airflow/example_dags/example_branch_datetime_operator.py
[2025-03-18T11:08:20.105+0000] {processor.py:925} INFO - DAG(s) 'example_branch_datetime_operator_3', 'example_branch_datetime_operator_2', 'example_branch_datetime_operator' retrieved from /usr/local/python/3.12.1/lib/python3.12/site-packages/airflow/example_dags/example_branch_datetime_operator.py
[2025-03-18T11:08:20.121+0000] {logging_mixin.py:190} INFO - [2025-03-18T11:08:20.121+0000] {dag.py:3239} INFO - Sync 3 DAGs
[2025-03-18T11:08:20.138+0000] {logging_mixin.py:190} INFO - [2025-03-18T11:08:20.137+0000] {dag.py:4180} INFO - Setting next_dagrun for example_branch_datetime_operator to 2025-03-17 00:00:00+00:00, run_after=2025-03-18 00:00:00+00:00
[2025-03-18T11:08:20.141+0000] {logging_mixin.py:190} INFO - [2025-03-18T11:08:20.141+0000] {dag.py:4180} INFO - Setting next_dagrun for example_branch_datetime_operator_2 to 2025-03-17 00:00:00+00:00, run_after=2025-03-18 00:00:00+00:00
[2025-03-18T11:08:20.143+0000] {logging_mixin.py:190} INFO - [2025-03-18T11:08:20.143+0000] {dag.py:4180} INFO - Setting next_dagrun for example_branch_datetime_operator_3 to 2025-03-17 00:00:00+00:00, run_after=2025-03-18 00:00:00+00:00
[2025-03-18T11:08:20.156+0000] {processor.py:208} INFO - Processing /usr/local/python/3.12.1/lib/python3.12/site-packages/airflow/example_dags/example_branch_datetime_operator.py took 0.066 seconds
[2025-03-18T11:09:38.698+0000] {processor.py:186} INFO - Started process (PID=61725) to work on /usr/local/python/3.12.1/lib/python3.12/site-packages/airflow/example_dags/example_branch_datetime_operator.py
[2025-03-18T11:09:38.699+0000] {processor.py:914} INFO - Processing file /usr/local/python/3.12.1/lib/python3.12/site-packages/airflow/example_dags/example_branch_datetime_operator.py for tasks to queue
[2025-03-18T11:09:38.700+0000] {logging_mixin.py:190} INFO - [2025-03-18T11:09:38.700+0000] {dagbag.py:588} INFO - Filling up the DagBag from /usr/local/python/3.12.1/lib/python3.12/site-packages/airflow/example_dags/example_branch_datetime_operator.py
[2025-03-18T11:09:38.710+0000] {processor.py:925} INFO - DAG(s) 'example_branch_datetime_operator_3', 'example_branch_datetime_operator', 'example_branch_datetime_operator_2' retrieved from /usr/local/python/3.12.1/lib/python3.12/site-packages/airflow/example_dags/example_branch_datetime_operator.py
[2025-03-18T11:09:38.724+0000] {logging_mixin.py:190} INFO - [2025-03-18T11:09:38.724+0000] {dag.py:3239} INFO - Sync 3 DAGs
[2025-03-18T11:09:38.741+0000] {logging_mixin.py:190} INFO - [2025-03-18T11:09:38.741+0000] {dag.py:4180} INFO - Setting next_dagrun for example_branch_datetime_operator to 2025-03-17 00:00:00+00:00, run_after=2025-03-18 00:00:00+00:00
[2025-03-18T11:09:38.745+0000] {logging_mixin.py:190} INFO - [2025-03-18T11:09:38.745+0000] {dag.py:4180} INFO - Setting next_dagrun for example_branch_datetime_operator_2 to 2025-03-17 00:00:00+00:00, run_after=2025-03-18 00:00:00+00:00
[2025-03-18T11:09:38.746+0000] {logging_mixin.py:190} INFO - [2025-03-18T11:09:38.746+0000] {dag.py:4180} INFO - Setting next_dagrun for example_branch_datetime_operator_3 to 2025-03-17 00:00:00+00:00, run_after=2025-03-18 00:00:00+00:00
[2025-03-18T11:09:38.759+0000] {processor.py:208} INFO - Processing /usr/local/python/3.12.1/lib/python3.12/site-packages/airflow/example_dags/example_branch_datetime_operator.py took 0.065 seconds
[2025-03-18T11:10:56.624+0000] {processor.py:186} INFO - Started process (PID=62386) to work on /usr/local/python/3.12.1/lib/python3.12/site-packages/airflow/example_dags/example_branch_datetime_operator.py
[2025-03-18T11:10:56.625+0000] {processor.py:914} INFO - Processing file /usr/local/python/3.12.1/lib/python3.12/site-packages/airflow/example_dags/example_branch_datetime_operator.py for tasks to queue
[2025-03-18T11:10:56.627+0000] {logging_mixin.py:190} INFO - [2025-03-18T11:10:56.627+0000] {dagbag.py:588} INFO - Filling up the DagBag from /usr/local/python/3.12.1/lib/python3.12/site-packages/airflow/example_dags/example_branch_datetime_operator.py
[2025-03-18T11:10:56.636+0000] {processor.py:925} INFO - DAG(s) 'example_branch_datetime_operator', 'example_branch_datetime_operator_2', 'example_branch_datetime_operator_3' retrieved from /usr/local/python/3.12.1/lib/python3.12/site-packages/airflow/example_dags/example_branch_datetime_operator.py
[2025-03-18T11:10:56.651+0000] {logging_mixin.py:190} INFO - [2025-03-18T11:10:56.651+0000] {dag.py:3239} INFO - Sync 3 DAGs
[2025-03-18T11:10:56.667+0000] {logging_mixin.py:190} INFO - [2025-03-18T11:10:56.667+0000] {dag.py:4180} INFO - Setting next_dagrun for example_branch_datetime_operator to 2025-03-17 00:00:00+00:00, run_after=2025-03-18 00:00:00+00:00
[2025-03-18T11:10:56.671+0000] {logging_mixin.py:190} INFO - [2025-03-18T11:10:56.671+0000] {dag.py:4180} INFO - Setting next_dagrun for example_branch_datetime_operator_2 to 2025-03-17 00:00:00+00:00, run_after=2025-03-18 00:00:00+00:00
[2025-03-18T11:10:56.673+0000] {logging_mixin.py:190} INFO - [2025-03-18T11:10:56.673+0000] {dag.py:4180} INFO - Setting next_dagrun for example_branch_datetime_operator_3 to 2025-03-17 00:00:00+00:00, run_after=2025-03-18 00:00:00+00:00
[2025-03-18T11:10:56.686+0000] {processor.py:208} INFO - Processing /usr/local/python/3.12.1/lib/python3.12/site-packages/airflow/example_dags/example_branch_datetime_operator.py took 0.066 seconds
[2025-03-18T11:12:05.747+0000] {processor.py:186} INFO - Started process (PID=63160) to work on /usr/local/python/3.12.1/lib/python3.12/site-packages/airflow/example_dags/example_branch_datetime_operator.py
[2025-03-18T11:12:05.748+0000] {processor.py:914} INFO - Processing file /usr/local/python/3.12.1/lib/python3.12/site-packages/airflow/example_dags/example_branch_datetime_operator.py for tasks to queue
[2025-03-18T11:12:05.750+0000] {logging_mixin.py:190} INFO - [2025-03-18T11:12:05.749+0000] {dagbag.py:588} INFO - Filling up the DagBag from /usr/local/python/3.12.1/lib/python3.12/site-packages/airflow/example_dags/example_branch_datetime_operator.py
[2025-03-18T11:12:05.759+0000] {processor.py:925} INFO - DAG(s) 'example_branch_datetime_operator_3', 'example_branch_datetime_operator', 'example_branch_datetime_operator_2' retrieved from /usr/local/python/3.12.1/lib/python3.12/site-packages/airflow/example_dags/example_branch_datetime_operator.py
[2025-03-18T11:12:05.774+0000] {logging_mixin.py:190} INFO - [2025-03-18T11:12:05.774+0000] {dag.py:3239} INFO - Sync 3 DAGs
[2025-03-18T11:12:05.790+0000] {logging_mixin.py:190} INFO - [2025-03-18T11:12:05.790+0000] {dag.py:4180} INFO - Setting next_dagrun for example_branch_datetime_operator to 2025-03-17 00:00:00+00:00, run_after=2025-03-18 00:00:00+00:00
[2025-03-18T11:12:05.794+0000] {logging_mixin.py:190} INFO - [2025-03-18T11:12:05.794+0000] {dag.py:4180} INFO - Setting next_dagrun for example_branch_datetime_operator_2 to 2025-03-17 00:00:00+00:00, run_after=2025-03-18 00:00:00+00:00
[2025-03-18T11:12:05.795+0000] {logging_mixin.py:190} INFO - [2025-03-18T11:12:05.795+0000] {dag.py:4180} INFO - Setting next_dagrun for example_branch_datetime_operator_3 to 2025-03-17 00:00:00+00:00, run_after=2025-03-18 00:00:00+00:00
[2025-03-18T11:12:05.808+0000] {processor.py:208} INFO - Processing /usr/local/python/3.12.1/lib/python3.12/site-packages/airflow/example_dags/example_branch_datetime_operator.py took 0.065 seconds
