[2025-03-18T10:51:56.266+0000] {processor.py:186} INFO - Started process (PID=49469) to work on /usr/local/python/3.12.1/lib/python3.12/site-packages/airflow/example_dags/example_inlet_event_extra.py
[2025-03-18T10:51:56.267+0000] {processor.py:914} INFO - Processing file /usr/local/python/3.12.1/lib/python3.12/site-packages/airflow/example_dags/example_inlet_event_extra.py for tasks to queue
[2025-03-18T10:51:56.268+0000] {logging_mixin.py:190} INFO - [2025-03-18T10:51:56.268+0000] {dagbag.py:588} INFO - Filling up the DagBag from /usr/local/python/3.12.1/lib/python3.12/site-packages/airflow/example_dags/example_inlet_event_extra.py
[2025-03-18T10:51:56.278+0000] {processor.py:925} INFO - DAG(s) 'read_dataset_event_from_classic', 'read_dataset_event' retrieved from /usr/local/python/3.12.1/lib/python3.12/site-packages/airflow/example_dags/example_inlet_event_extra.py
[2025-03-18T10:51:56.359+0000] {logging_mixin.py:190} INFO - [2025-03-18T10:51:56.359+0000] {override.py:1930} INFO - Created Permission View: can read on DAG:read_dataset_event_from_classic
[2025-03-18T10:51:56.367+0000] {logging_mixin.py:190} INFO - [2025-03-18T10:51:56.367+0000] {override.py:1930} INFO - Created Permission View: can edit on DAG:read_dataset_event_from_classic
[2025-03-18T10:51:56.373+0000] {logging_mixin.py:190} INFO - [2025-03-18T10:51:56.373+0000] {override.py:1930} INFO - Created Permission View: can delete on DAG:read_dataset_event_from_classic
[2025-03-18T10:51:56.382+0000] {logging_mixin.py:190} INFO - [2025-03-18T10:51:56.382+0000] {override.py:1930} INFO - Created Permission View: can read on DAG Run:read_dataset_event_from_classic
[2025-03-18T10:51:56.388+0000] {logging_mixin.py:190} INFO - [2025-03-18T10:51:56.388+0000] {override.py:1930} INFO - Created Permission View: can create on DAG Run:read_dataset_event_from_classic
[2025-03-18T10:51:56.394+0000] {logging_mixin.py:190} INFO - [2025-03-18T10:51:56.393+0000] {override.py:1930} INFO - Created Permission View: menu access on DAG Run:read_dataset_event_from_classic
[2025-03-18T10:51:56.400+0000] {logging_mixin.py:190} INFO - [2025-03-18T10:51:56.399+0000] {override.py:1930} INFO - Created Permission View: can delete on DAG Run:read_dataset_event_from_classic
[2025-03-18T10:51:56.412+0000] {logging_mixin.py:190} INFO - [2025-03-18T10:51:56.411+0000] {override.py:1930} INFO - Created Permission View: can read on DAG:read_dataset_event
[2025-03-18T10:51:56.418+0000] {logging_mixin.py:190} INFO - [2025-03-18T10:51:56.417+0000] {override.py:1930} INFO - Created Permission View: can edit on DAG:read_dataset_event
[2025-03-18T10:51:56.423+0000] {logging_mixin.py:190} INFO - [2025-03-18T10:51:56.423+0000] {override.py:1930} INFO - Created Permission View: can delete on DAG:read_dataset_event
[2025-03-18T10:51:56.432+0000] {logging_mixin.py:190} INFO - [2025-03-18T10:51:56.432+0000] {override.py:1930} INFO - Created Permission View: can read on DAG Run:read_dataset_event
[2025-03-18T10:51:56.438+0000] {logging_mixin.py:190} INFO - [2025-03-18T10:51:56.437+0000] {override.py:1930} INFO - Created Permission View: can create on DAG Run:read_dataset_event
[2025-03-18T10:51:56.443+0000] {logging_mixin.py:190} INFO - [2025-03-18T10:51:56.443+0000] {override.py:1930} INFO - Created Permission View: menu access on DAG Run:read_dataset_event
[2025-03-18T10:51:56.449+0000] {logging_mixin.py:190} INFO - [2025-03-18T10:51:56.449+0000] {override.py:1930} INFO - Created Permission View: can delete on DAG Run:read_dataset_event
[2025-03-18T10:51:56.449+0000] {logging_mixin.py:190} INFO - [2025-03-18T10:51:56.449+0000] {dag.py:3239} INFO - Sync 2 DAGs
[2025-03-18T10:51:56.457+0000] {logging_mixin.py:190} INFO - [2025-03-18T10:51:56.457+0000] {dag.py:3262} INFO - Creating ORM DAG for read_dataset_event
[2025-03-18T10:51:56.458+0000] {logging_mixin.py:190} INFO - [2025-03-18T10:51:56.458+0000] {dag.py:3262} INFO - Creating ORM DAG for read_dataset_event_from_classic
[2025-03-18T10:51:56.465+0000] {logging_mixin.py:190} INFO - [2025-03-18T10:51:56.465+0000] {dag.py:4180} INFO - Setting next_dagrun for read_dataset_event to 2025-03-17 00:00:00+00:00, run_after=2025-03-18 00:00:00+00:00
[2025-03-18T10:51:56.466+0000] {logging_mixin.py:190} INFO - [2025-03-18T10:51:56.466+0000] {dag.py:4180} INFO - Setting next_dagrun for read_dataset_event_from_classic to 2025-03-17 00:00:00+00:00, run_after=2025-03-18 00:00:00+00:00
[2025-03-18T10:51:56.480+0000] {processor.py:208} INFO - Processing /usr/local/python/3.12.1/lib/python3.12/site-packages/airflow/example_dags/example_inlet_event_extra.py took 0.218 seconds
[2025-03-18T10:53:35.509+0000] {processor.py:186} INFO - Started process (PID=50718) to work on /usr/local/python/3.12.1/lib/python3.12/site-packages/airflow/example_dags/example_inlet_event_extra.py
[2025-03-18T10:53:35.509+0000] {processor.py:914} INFO - Processing file /usr/local/python/3.12.1/lib/python3.12/site-packages/airflow/example_dags/example_inlet_event_extra.py for tasks to queue
[2025-03-18T10:53:35.511+0000] {logging_mixin.py:190} INFO - [2025-03-18T10:53:35.511+0000] {dagbag.py:588} INFO - Filling up the DagBag from /usr/local/python/3.12.1/lib/python3.12/site-packages/airflow/example_dags/example_inlet_event_extra.py
[2025-03-18T10:53:35.521+0000] {processor.py:925} INFO - DAG(s) 'read_dataset_event_from_classic', 'read_dataset_event' retrieved from /usr/local/python/3.12.1/lib/python3.12/site-packages/airflow/example_dags/example_inlet_event_extra.py
[2025-03-18T10:53:35.535+0000] {logging_mixin.py:190} INFO - [2025-03-18T10:53:35.534+0000] {dag.py:3239} INFO - Sync 2 DAGs
[2025-03-18T10:53:35.550+0000] {logging_mixin.py:190} INFO - [2025-03-18T10:53:35.550+0000] {dag.py:4180} INFO - Setting next_dagrun for read_dataset_event to 2025-03-17 00:00:00+00:00, run_after=2025-03-18 00:00:00+00:00
[2025-03-18T10:53:35.554+0000] {logging_mixin.py:190} INFO - [2025-03-18T10:53:35.554+0000] {dag.py:4180} INFO - Setting next_dagrun for read_dataset_event_from_classic to 2025-03-17 00:00:00+00:00, run_after=2025-03-18 00:00:00+00:00
[2025-03-18T10:53:35.567+0000] {processor.py:208} INFO - Processing /usr/local/python/3.12.1/lib/python3.12/site-packages/airflow/example_dags/example_inlet_event_extra.py took 0.062 seconds
[2025-03-18T10:54:30.934+0000] {processor.py:186} INFO - Started process (PID=51253) to work on /usr/local/python/3.12.1/lib/python3.12/site-packages/airflow/example_dags/example_inlet_event_extra.py
[2025-03-18T10:54:30.935+0000] {processor.py:914} INFO - Processing file /usr/local/python/3.12.1/lib/python3.12/site-packages/airflow/example_dags/example_inlet_event_extra.py for tasks to queue
[2025-03-18T10:54:30.936+0000] {logging_mixin.py:190} INFO - [2025-03-18T10:54:30.936+0000] {dagbag.py:588} INFO - Filling up the DagBag from /usr/local/python/3.12.1/lib/python3.12/site-packages/airflow/example_dags/example_inlet_event_extra.py
[2025-03-18T10:54:30.946+0000] {processor.py:925} INFO - DAG(s) 'read_dataset_event_from_classic', 'read_dataset_event' retrieved from /usr/local/python/3.12.1/lib/python3.12/site-packages/airflow/example_dags/example_inlet_event_extra.py
[2025-03-18T10:54:30.958+0000] {logging_mixin.py:190} INFO - [2025-03-18T10:54:30.957+0000] {dag.py:3239} INFO - Sync 2 DAGs
[2025-03-18T10:54:30.974+0000] {logging_mixin.py:190} INFO - [2025-03-18T10:54:30.974+0000] {dag.py:4180} INFO - Setting next_dagrun for read_dataset_event to 2025-03-17 00:00:00+00:00, run_after=2025-03-18 00:00:00+00:00
[2025-03-18T10:54:30.978+0000] {logging_mixin.py:190} INFO - [2025-03-18T10:54:30.977+0000] {dag.py:4180} INFO - Setting next_dagrun for read_dataset_event_from_classic to 2025-03-17 00:00:00+00:00, run_after=2025-03-18 00:00:00+00:00
[2025-03-18T10:54:30.990+0000] {processor.py:208} INFO - Processing /usr/local/python/3.12.1/lib/python3.12/site-packages/airflow/example_dags/example_inlet_event_extra.py took 0.060 seconds
[2025-03-18T10:55:25.299+0000] {processor.py:186} INFO - Started process (PID=51729) to work on /usr/local/python/3.12.1/lib/python3.12/site-packages/airflow/example_dags/example_inlet_event_extra.py
[2025-03-18T10:55:25.300+0000] {processor.py:914} INFO - Processing file /usr/local/python/3.12.1/lib/python3.12/site-packages/airflow/example_dags/example_inlet_event_extra.py for tasks to queue
[2025-03-18T10:55:25.301+0000] {logging_mixin.py:190} INFO - [2025-03-18T10:55:25.301+0000] {dagbag.py:588} INFO - Filling up the DagBag from /usr/local/python/3.12.1/lib/python3.12/site-packages/airflow/example_dags/example_inlet_event_extra.py
[2025-03-18T10:55:25.311+0000] {processor.py:925} INFO - DAG(s) 'read_dataset_event_from_classic', 'read_dataset_event' retrieved from /usr/local/python/3.12.1/lib/python3.12/site-packages/airflow/example_dags/example_inlet_event_extra.py
[2025-03-18T10:55:25.323+0000] {logging_mixin.py:190} INFO - [2025-03-18T10:55:25.322+0000] {dag.py:3239} INFO - Sync 2 DAGs
[2025-03-18T10:55:25.340+0000] {logging_mixin.py:190} INFO - [2025-03-18T10:55:25.340+0000] {dag.py:4180} INFO - Setting next_dagrun for read_dataset_event to 2025-03-17 00:00:00+00:00, run_after=2025-03-18 00:00:00+00:00
[2025-03-18T10:55:25.343+0000] {logging_mixin.py:190} INFO - [2025-03-18T10:55:25.343+0000] {dag.py:4180} INFO - Setting next_dagrun for read_dataset_event_from_classic to 2025-03-17 00:00:00+00:00, run_after=2025-03-18 00:00:00+00:00
[2025-03-18T10:55:25.356+0000] {processor.py:208} INFO - Processing /usr/local/python/3.12.1/lib/python3.12/site-packages/airflow/example_dags/example_inlet_event_extra.py took 0.061 seconds
[2025-03-18T10:56:18.956+0000] {processor.py:186} INFO - Started process (PID=52536) to work on /usr/local/python/3.12.1/lib/python3.12/site-packages/airflow/example_dags/example_inlet_event_extra.py
[2025-03-18T10:56:18.957+0000] {processor.py:914} INFO - Processing file /usr/local/python/3.12.1/lib/python3.12/site-packages/airflow/example_dags/example_inlet_event_extra.py for tasks to queue
[2025-03-18T10:56:18.958+0000] {logging_mixin.py:190} INFO - [2025-03-18T10:56:18.958+0000] {dagbag.py:588} INFO - Filling up the DagBag from /usr/local/python/3.12.1/lib/python3.12/site-packages/airflow/example_dags/example_inlet_event_extra.py
[2025-03-18T10:56:18.968+0000] {processor.py:925} INFO - DAG(s) 'read_dataset_event_from_classic', 'read_dataset_event' retrieved from /usr/local/python/3.12.1/lib/python3.12/site-packages/airflow/example_dags/example_inlet_event_extra.py
[2025-03-18T10:56:18.979+0000] {logging_mixin.py:190} INFO - [2025-03-18T10:56:18.979+0000] {dag.py:3239} INFO - Sync 2 DAGs
[2025-03-18T10:56:18.995+0000] {logging_mixin.py:190} INFO - [2025-03-18T10:56:18.995+0000] {dag.py:4180} INFO - Setting next_dagrun for read_dataset_event to 2025-03-17 00:00:00+00:00, run_after=2025-03-18 00:00:00+00:00
[2025-03-18T10:56:18.998+0000] {logging_mixin.py:190} INFO - [2025-03-18T10:56:18.998+0000] {dag.py:4180} INFO - Setting next_dagrun for read_dataset_event_from_classic to 2025-03-17 00:00:00+00:00, run_after=2025-03-18 00:00:00+00:00
[2025-03-18T10:56:19.011+0000] {processor.py:208} INFO - Processing /usr/local/python/3.12.1/lib/python3.12/site-packages/airflow/example_dags/example_inlet_event_extra.py took 0.059 seconds
[2025-03-18T10:57:06.332+0000] {processor.py:186} INFO - Started process (PID=52946) to work on /usr/local/python/3.12.1/lib/python3.12/site-packages/airflow/example_dags/example_inlet_event_extra.py
[2025-03-18T10:57:06.332+0000] {processor.py:914} INFO - Processing file /usr/local/python/3.12.1/lib/python3.12/site-packages/airflow/example_dags/example_inlet_event_extra.py for tasks to queue
[2025-03-18T10:57:06.334+0000] {logging_mixin.py:190} INFO - [2025-03-18T10:57:06.333+0000] {dagbag.py:588} INFO - Filling up the DagBag from /usr/local/python/3.12.1/lib/python3.12/site-packages/airflow/example_dags/example_inlet_event_extra.py
[2025-03-18T10:57:06.344+0000] {processor.py:925} INFO - DAG(s) 'read_dataset_event_from_classic', 'read_dataset_event' retrieved from /usr/local/python/3.12.1/lib/python3.12/site-packages/airflow/example_dags/example_inlet_event_extra.py
[2025-03-18T10:57:06.355+0000] {logging_mixin.py:190} INFO - [2025-03-18T10:57:06.355+0000] {dag.py:3239} INFO - Sync 2 DAGs
[2025-03-18T10:57:06.371+0000] {logging_mixin.py:190} INFO - [2025-03-18T10:57:06.371+0000] {dag.py:4180} INFO - Setting next_dagrun for read_dataset_event to 2025-03-17 00:00:00+00:00, run_after=2025-03-18 00:00:00+00:00
[2025-03-18T10:57:06.375+0000] {logging_mixin.py:190} INFO - [2025-03-18T10:57:06.375+0000] {dag.py:4180} INFO - Setting next_dagrun for read_dataset_event_from_classic to 2025-03-17 00:00:00+00:00, run_after=2025-03-18 00:00:00+00:00
[2025-03-18T10:57:06.388+0000] {processor.py:208} INFO - Processing /usr/local/python/3.12.1/lib/python3.12/site-packages/airflow/example_dags/example_inlet_event_extra.py took 0.061 seconds
[2025-03-18T10:57:57.003+0000] {processor.py:186} INFO - Started process (PID=53592) to work on /usr/local/python/3.12.1/lib/python3.12/site-packages/airflow/example_dags/example_inlet_event_extra.py
[2025-03-18T10:57:57.004+0000] {processor.py:914} INFO - Processing file /usr/local/python/3.12.1/lib/python3.12/site-packages/airflow/example_dags/example_inlet_event_extra.py for tasks to queue
[2025-03-18T10:57:57.005+0000] {logging_mixin.py:190} INFO - [2025-03-18T10:57:57.005+0000] {dagbag.py:588} INFO - Filling up the DagBag from /usr/local/python/3.12.1/lib/python3.12/site-packages/airflow/example_dags/example_inlet_event_extra.py
[2025-03-18T10:57:57.018+0000] {processor.py:925} INFO - DAG(s) 'read_dataset_event_from_classic', 'read_dataset_event' retrieved from /usr/local/python/3.12.1/lib/python3.12/site-packages/airflow/example_dags/example_inlet_event_extra.py
[2025-03-18T10:57:57.030+0000] {logging_mixin.py:190} INFO - [2025-03-18T10:57:57.030+0000] {dag.py:3239} INFO - Sync 2 DAGs
[2025-03-18T10:57:57.047+0000] {logging_mixin.py:190} INFO - [2025-03-18T10:57:57.046+0000] {dag.py:4180} INFO - Setting next_dagrun for read_dataset_event to 2025-03-17 00:00:00+00:00, run_after=2025-03-18 00:00:00+00:00
[2025-03-18T10:57:57.050+0000] {logging_mixin.py:190} INFO - [2025-03-18T10:57:57.050+0000] {dag.py:4180} INFO - Setting next_dagrun for read_dataset_event_from_classic to 2025-03-17 00:00:00+00:00, run_after=2025-03-18 00:00:00+00:00
[2025-03-18T10:57:57.063+0000] {processor.py:208} INFO - Processing /usr/local/python/3.12.1/lib/python3.12/site-packages/airflow/example_dags/example_inlet_event_extra.py took 0.064 seconds
[2025-03-18T10:58:45.628+0000] {processor.py:186} INFO - Started process (PID=54048) to work on /usr/local/python/3.12.1/lib/python3.12/site-packages/airflow/example_dags/example_inlet_event_extra.py
[2025-03-18T10:58:45.628+0000] {processor.py:914} INFO - Processing file /usr/local/python/3.12.1/lib/python3.12/site-packages/airflow/example_dags/example_inlet_event_extra.py for tasks to queue
[2025-03-18T10:58:45.630+0000] {logging_mixin.py:190} INFO - [2025-03-18T10:58:45.630+0000] {dagbag.py:588} INFO - Filling up the DagBag from /usr/local/python/3.12.1/lib/python3.12/site-packages/airflow/example_dags/example_inlet_event_extra.py
[2025-03-18T10:58:45.639+0000] {processor.py:925} INFO - DAG(s) 'read_dataset_event_from_classic', 'read_dataset_event' retrieved from /usr/local/python/3.12.1/lib/python3.12/site-packages/airflow/example_dags/example_inlet_event_extra.py
[2025-03-18T10:58:45.651+0000] {logging_mixin.py:190} INFO - [2025-03-18T10:58:45.651+0000] {dag.py:3239} INFO - Sync 2 DAGs
[2025-03-18T10:58:45.667+0000] {logging_mixin.py:190} INFO - [2025-03-18T10:58:45.666+0000] {dag.py:4180} INFO - Setting next_dagrun for read_dataset_event to 2025-03-17 00:00:00+00:00, run_after=2025-03-18 00:00:00+00:00
[2025-03-18T10:58:45.670+0000] {logging_mixin.py:190} INFO - [2025-03-18T10:58:45.670+0000] {dag.py:4180} INFO - Setting next_dagrun for read_dataset_event_from_classic to 2025-03-17 00:00:00+00:00, run_after=2025-03-18 00:00:00+00:00
[2025-03-18T10:58:45.684+0000] {processor.py:208} INFO - Processing /usr/local/python/3.12.1/lib/python3.12/site-packages/airflow/example_dags/example_inlet_event_extra.py took 0.060 seconds
[2025-03-18T10:59:34.618+0000] {processor.py:186} INFO - Started process (PID=54729) to work on /usr/local/python/3.12.1/lib/python3.12/site-packages/airflow/example_dags/example_inlet_event_extra.py
[2025-03-18T10:59:34.619+0000] {processor.py:914} INFO - Processing file /usr/local/python/3.12.1/lib/python3.12/site-packages/airflow/example_dags/example_inlet_event_extra.py for tasks to queue
[2025-03-18T10:59:34.620+0000] {logging_mixin.py:190} INFO - [2025-03-18T10:59:34.620+0000] {dagbag.py:588} INFO - Filling up the DagBag from /usr/local/python/3.12.1/lib/python3.12/site-packages/airflow/example_dags/example_inlet_event_extra.py
[2025-03-18T10:59:34.630+0000] {processor.py:925} INFO - DAG(s) 'read_dataset_event_from_classic', 'read_dataset_event' retrieved from /usr/local/python/3.12.1/lib/python3.12/site-packages/airflow/example_dags/example_inlet_event_extra.py
[2025-03-18T10:59:34.642+0000] {logging_mixin.py:190} INFO - [2025-03-18T10:59:34.642+0000] {dag.py:3239} INFO - Sync 2 DAGs
[2025-03-18T10:59:34.658+0000] {logging_mixin.py:190} INFO - [2025-03-18T10:59:34.658+0000] {dag.py:4180} INFO - Setting next_dagrun for read_dataset_event to 2025-03-17 00:00:00+00:00, run_after=2025-03-18 00:00:00+00:00
[2025-03-18T10:59:34.662+0000] {logging_mixin.py:190} INFO - [2025-03-18T10:59:34.661+0000] {dag.py:4180} INFO - Setting next_dagrun for read_dataset_event_from_classic to 2025-03-17 00:00:00+00:00, run_after=2025-03-18 00:00:00+00:00
[2025-03-18T10:59:34.674+0000] {processor.py:208} INFO - Processing /usr/local/python/3.12.1/lib/python3.12/site-packages/airflow/example_dags/example_inlet_event_extra.py took 0.060 seconds
[2025-03-18T11:00:22.144+0000] {processor.py:186} INFO - Started process (PID=55264) to work on /usr/local/python/3.12.1/lib/python3.12/site-packages/airflow/example_dags/example_inlet_event_extra.py
[2025-03-18T11:00:22.144+0000] {processor.py:914} INFO - Processing file /usr/local/python/3.12.1/lib/python3.12/site-packages/airflow/example_dags/example_inlet_event_extra.py for tasks to queue
[2025-03-18T11:00:22.146+0000] {logging_mixin.py:190} INFO - [2025-03-18T11:00:22.145+0000] {dagbag.py:588} INFO - Filling up the DagBag from /usr/local/python/3.12.1/lib/python3.12/site-packages/airflow/example_dags/example_inlet_event_extra.py
[2025-03-18T11:00:22.155+0000] {processor.py:925} INFO - DAG(s) 'read_dataset_event_from_classic', 'read_dataset_event' retrieved from /usr/local/python/3.12.1/lib/python3.12/site-packages/airflow/example_dags/example_inlet_event_extra.py
[2025-03-18T11:00:22.167+0000] {logging_mixin.py:190} INFO - [2025-03-18T11:00:22.167+0000] {dag.py:3239} INFO - Sync 2 DAGs
[2025-03-18T11:00:22.183+0000] {logging_mixin.py:190} INFO - [2025-03-18T11:00:22.182+0000] {dag.py:4180} INFO - Setting next_dagrun for read_dataset_event to 2025-03-17 00:00:00+00:00, run_after=2025-03-18 00:00:00+00:00
[2025-03-18T11:00:22.186+0000] {logging_mixin.py:190} INFO - [2025-03-18T11:00:22.186+0000] {dag.py:4180} INFO - Setting next_dagrun for read_dataset_event_from_classic to 2025-03-17 00:00:00+00:00, run_after=2025-03-18 00:00:00+00:00
[2025-03-18T11:00:22.202+0000] {processor.py:208} INFO - Processing /usr/local/python/3.12.1/lib/python3.12/site-packages/airflow/example_dags/example_inlet_event_extra.py took 0.062 seconds
[2025-03-18T11:01:13.602+0000] {processor.py:186} INFO - Started process (PID=57597) to work on /usr/local/python/3.12.1/lib/python3.12/site-packages/airflow/example_dags/example_inlet_event_extra.py
[2025-03-18T11:01:13.603+0000] {processor.py:914} INFO - Processing file /usr/local/python/3.12.1/lib/python3.12/site-packages/airflow/example_dags/example_inlet_event_extra.py for tasks to queue
[2025-03-18T11:01:13.604+0000] {logging_mixin.py:190} INFO - [2025-03-18T11:01:13.604+0000] {dagbag.py:588} INFO - Filling up the DagBag from /usr/local/python/3.12.1/lib/python3.12/site-packages/airflow/example_dags/example_inlet_event_extra.py
[2025-03-18T11:01:13.614+0000] {processor.py:925} INFO - DAG(s) 'read_dataset_event_from_classic', 'read_dataset_event' retrieved from /usr/local/python/3.12.1/lib/python3.12/site-packages/airflow/example_dags/example_inlet_event_extra.py
[2025-03-18T11:01:13.626+0000] {logging_mixin.py:190} INFO - [2025-03-18T11:01:13.625+0000] {dag.py:3239} INFO - Sync 2 DAGs
[2025-03-18T11:01:13.642+0000] {logging_mixin.py:190} INFO - [2025-03-18T11:01:13.642+0000] {dag.py:4180} INFO - Setting next_dagrun for read_dataset_event to 2025-03-17 00:00:00+00:00, run_after=2025-03-18 00:00:00+00:00
[2025-03-18T11:01:13.646+0000] {logging_mixin.py:190} INFO - [2025-03-18T11:01:13.645+0000] {dag.py:4180} INFO - Setting next_dagrun for read_dataset_event_from_classic to 2025-03-17 00:00:00+00:00, run_after=2025-03-18 00:00:00+00:00
[2025-03-18T11:01:13.768+0000] {processor.py:208} INFO - Processing /usr/local/python/3.12.1/lib/python3.12/site-packages/airflow/example_dags/example_inlet_event_extra.py took 0.170 seconds
[2025-03-18T11:02:04.839+0000] {processor.py:186} INFO - Started process (PID=58032) to work on /usr/local/python/3.12.1/lib/python3.12/site-packages/airflow/example_dags/example_inlet_event_extra.py
[2025-03-18T11:02:04.840+0000] {processor.py:914} INFO - Processing file /usr/local/python/3.12.1/lib/python3.12/site-packages/airflow/example_dags/example_inlet_event_extra.py for tasks to queue
[2025-03-18T11:02:04.841+0000] {logging_mixin.py:190} INFO - [2025-03-18T11:02:04.841+0000] {dagbag.py:588} INFO - Filling up the DagBag from /usr/local/python/3.12.1/lib/python3.12/site-packages/airflow/example_dags/example_inlet_event_extra.py
[2025-03-18T11:02:04.851+0000] {processor.py:925} INFO - DAG(s) 'read_dataset_event_from_classic', 'read_dataset_event' retrieved from /usr/local/python/3.12.1/lib/python3.12/site-packages/airflow/example_dags/example_inlet_event_extra.py
[2025-03-18T11:02:04.862+0000] {logging_mixin.py:190} INFO - [2025-03-18T11:02:04.862+0000] {dag.py:3239} INFO - Sync 2 DAGs
[2025-03-18T11:02:04.878+0000] {logging_mixin.py:190} INFO - [2025-03-18T11:02:04.878+0000] {dag.py:4180} INFO - Setting next_dagrun for read_dataset_event to 2025-03-17 00:00:00+00:00, run_after=2025-03-18 00:00:00+00:00
[2025-03-18T11:02:04.881+0000] {logging_mixin.py:190} INFO - [2025-03-18T11:02:04.881+0000] {dag.py:4180} INFO - Setting next_dagrun for read_dataset_event_from_classic to 2025-03-17 00:00:00+00:00, run_after=2025-03-18 00:00:00+00:00
[2025-03-18T11:02:04.894+0000] {processor.py:208} INFO - Processing /usr/local/python/3.12.1/lib/python3.12/site-packages/airflow/example_dags/example_inlet_event_extra.py took 0.059 seconds
[2025-03-18T11:02:54.788+0000] {processor.py:186} INFO - Started process (PID=58431) to work on /usr/local/python/3.12.1/lib/python3.12/site-packages/airflow/example_dags/example_inlet_event_extra.py
[2025-03-18T11:02:54.788+0000] {processor.py:914} INFO - Processing file /usr/local/python/3.12.1/lib/python3.12/site-packages/airflow/example_dags/example_inlet_event_extra.py for tasks to queue
[2025-03-18T11:02:54.790+0000] {logging_mixin.py:190} INFO - [2025-03-18T11:02:54.789+0000] {dagbag.py:588} INFO - Filling up the DagBag from /usr/local/python/3.12.1/lib/python3.12/site-packages/airflow/example_dags/example_inlet_event_extra.py
[2025-03-18T11:02:54.799+0000] {processor.py:925} INFO - DAG(s) 'read_dataset_event', 'read_dataset_event_from_classic' retrieved from /usr/local/python/3.12.1/lib/python3.12/site-packages/airflow/example_dags/example_inlet_event_extra.py
[2025-03-18T11:02:54.811+0000] {logging_mixin.py:190} INFO - [2025-03-18T11:02:54.810+0000] {dag.py:3239} INFO - Sync 2 DAGs
[2025-03-18T11:02:54.826+0000] {logging_mixin.py:190} INFO - [2025-03-18T11:02:54.826+0000] {dag.py:4180} INFO - Setting next_dagrun for read_dataset_event to 2025-03-17 00:00:00+00:00, run_after=2025-03-18 00:00:00+00:00
[2025-03-18T11:02:54.830+0000] {logging_mixin.py:190} INFO - [2025-03-18T11:02:54.830+0000] {dag.py:4180} INFO - Setting next_dagrun for read_dataset_event_from_classic to 2025-03-17 00:00:00+00:00, run_after=2025-03-18 00:00:00+00:00
[2025-03-18T11:02:54.842+0000] {processor.py:208} INFO - Processing /usr/local/python/3.12.1/lib/python3.12/site-packages/airflow/example_dags/example_inlet_event_extra.py took 0.059 seconds
[2025-03-18T11:04:05.564+0000] {processor.py:186} INFO - Started process (PID=59014) to work on /usr/local/python/3.12.1/lib/python3.12/site-packages/airflow/example_dags/example_inlet_event_extra.py
[2025-03-18T11:04:05.565+0000] {processor.py:914} INFO - Processing file /usr/local/python/3.12.1/lib/python3.12/site-packages/airflow/example_dags/example_inlet_event_extra.py for tasks to queue
[2025-03-18T11:04:05.567+0000] {logging_mixin.py:190} INFO - [2025-03-18T11:04:05.567+0000] {dagbag.py:588} INFO - Filling up the DagBag from /usr/local/python/3.12.1/lib/python3.12/site-packages/airflow/example_dags/example_inlet_event_extra.py
[2025-03-18T11:04:05.577+0000] {processor.py:925} INFO - DAG(s) 'read_dataset_event', 'read_dataset_event_from_classic' retrieved from /usr/local/python/3.12.1/lib/python3.12/site-packages/airflow/example_dags/example_inlet_event_extra.py
[2025-03-18T11:04:05.590+0000] {logging_mixin.py:190} INFO - [2025-03-18T11:04:05.590+0000] {dag.py:3239} INFO - Sync 2 DAGs
[2025-03-18T11:04:05.606+0000] {logging_mixin.py:190} INFO - [2025-03-18T11:04:05.606+0000] {dag.py:4180} INFO - Setting next_dagrun for read_dataset_event to 2025-03-17 00:00:00+00:00, run_after=2025-03-18 00:00:00+00:00
[2025-03-18T11:04:05.610+0000] {logging_mixin.py:190} INFO - [2025-03-18T11:04:05.609+0000] {dag.py:4180} INFO - Setting next_dagrun for read_dataset_event_from_classic to 2025-03-17 00:00:00+00:00, run_after=2025-03-18 00:00:00+00:00
[2025-03-18T11:04:05.622+0000] {processor.py:208} INFO - Processing /usr/local/python/3.12.1/lib/python3.12/site-packages/airflow/example_dags/example_inlet_event_extra.py took 0.062 seconds
[2025-03-18T11:04:53.696+0000] {processor.py:186} INFO - Started process (PID=59386) to work on /usr/local/python/3.12.1/lib/python3.12/site-packages/airflow/example_dags/example_inlet_event_extra.py
[2025-03-18T11:04:53.697+0000] {processor.py:914} INFO - Processing file /usr/local/python/3.12.1/lib/python3.12/site-packages/airflow/example_dags/example_inlet_event_extra.py for tasks to queue
[2025-03-18T11:04:53.699+0000] {logging_mixin.py:190} INFO - [2025-03-18T11:04:53.699+0000] {dagbag.py:588} INFO - Filling up the DagBag from /usr/local/python/3.12.1/lib/python3.12/site-packages/airflow/example_dags/example_inlet_event_extra.py
[2025-03-18T11:04:53.711+0000] {processor.py:925} INFO - DAG(s) 'read_dataset_event_from_classic', 'read_dataset_event' retrieved from /usr/local/python/3.12.1/lib/python3.12/site-packages/airflow/example_dags/example_inlet_event_extra.py
[2025-03-18T11:04:53.725+0000] {logging_mixin.py:190} INFO - [2025-03-18T11:04:53.724+0000] {dag.py:3239} INFO - Sync 2 DAGs
[2025-03-18T11:04:53.742+0000] {logging_mixin.py:190} INFO - [2025-03-18T11:04:53.742+0000] {dag.py:4180} INFO - Setting next_dagrun for read_dataset_event to 2025-03-17 00:00:00+00:00, run_after=2025-03-18 00:00:00+00:00
[2025-03-18T11:04:53.746+0000] {logging_mixin.py:190} INFO - [2025-03-18T11:04:53.745+0000] {dag.py:4180} INFO - Setting next_dagrun for read_dataset_event_from_classic to 2025-03-17 00:00:00+00:00, run_after=2025-03-18 00:00:00+00:00
[2025-03-18T11:04:53.761+0000] {processor.py:208} INFO - Processing /usr/local/python/3.12.1/lib/python3.12/site-packages/airflow/example_dags/example_inlet_event_extra.py took 0.068 seconds
[2025-03-18T11:05:43.106+0000] {processor.py:186} INFO - Started process (PID=59778) to work on /usr/local/python/3.12.1/lib/python3.12/site-packages/airflow/example_dags/example_inlet_event_extra.py
[2025-03-18T11:05:43.107+0000] {processor.py:914} INFO - Processing file /usr/local/python/3.12.1/lib/python3.12/site-packages/airflow/example_dags/example_inlet_event_extra.py for tasks to queue
[2025-03-18T11:05:43.109+0000] {logging_mixin.py:190} INFO - [2025-03-18T11:05:43.108+0000] {dagbag.py:588} INFO - Filling up the DagBag from /usr/local/python/3.12.1/lib/python3.12/site-packages/airflow/example_dags/example_inlet_event_extra.py
[2025-03-18T11:05:43.118+0000] {processor.py:925} INFO - DAG(s) 'read_dataset_event', 'read_dataset_event_from_classic' retrieved from /usr/local/python/3.12.1/lib/python3.12/site-packages/airflow/example_dags/example_inlet_event_extra.py
[2025-03-18T11:05:43.129+0000] {logging_mixin.py:190} INFO - [2025-03-18T11:05:43.129+0000] {dag.py:3239} INFO - Sync 2 DAGs
[2025-03-18T11:05:43.145+0000] {logging_mixin.py:190} INFO - [2025-03-18T11:05:43.145+0000] {dag.py:4180} INFO - Setting next_dagrun for read_dataset_event to 2025-03-17 00:00:00+00:00, run_after=2025-03-18 00:00:00+00:00
[2025-03-18T11:05:43.149+0000] {logging_mixin.py:190} INFO - [2025-03-18T11:05:43.149+0000] {dag.py:4180} INFO - Setting next_dagrun for read_dataset_event_from_classic to 2025-03-17 00:00:00+00:00, run_after=2025-03-18 00:00:00+00:00
[2025-03-18T11:05:43.161+0000] {processor.py:208} INFO - Processing /usr/local/python/3.12.1/lib/python3.12/site-packages/airflow/example_dags/example_inlet_event_extra.py took 0.059 seconds
[2025-03-18T11:06:32.205+0000] {processor.py:186} INFO - Started process (PID=60169) to work on /usr/local/python/3.12.1/lib/python3.12/site-packages/airflow/example_dags/example_inlet_event_extra.py
[2025-03-18T11:06:32.205+0000] {processor.py:914} INFO - Processing file /usr/local/python/3.12.1/lib/python3.12/site-packages/airflow/example_dags/example_inlet_event_extra.py for tasks to queue
[2025-03-18T11:06:32.207+0000] {logging_mixin.py:190} INFO - [2025-03-18T11:06:32.207+0000] {dagbag.py:588} INFO - Filling up the DagBag from /usr/local/python/3.12.1/lib/python3.12/site-packages/airflow/example_dags/example_inlet_event_extra.py
[2025-03-18T11:06:32.217+0000] {processor.py:925} INFO - DAG(s) 'read_dataset_event', 'read_dataset_event_from_classic' retrieved from /usr/local/python/3.12.1/lib/python3.12/site-packages/airflow/example_dags/example_inlet_event_extra.py
[2025-03-18T11:06:32.228+0000] {logging_mixin.py:190} INFO - [2025-03-18T11:06:32.228+0000] {dag.py:3239} INFO - Sync 2 DAGs
[2025-03-18T11:06:32.244+0000] {logging_mixin.py:190} INFO - [2025-03-18T11:06:32.244+0000] {dag.py:4180} INFO - Setting next_dagrun for read_dataset_event to 2025-03-17 00:00:00+00:00, run_after=2025-03-18 00:00:00+00:00
[2025-03-18T11:06:32.248+0000] {logging_mixin.py:190} INFO - [2025-03-18T11:06:32.248+0000] {dag.py:4180} INFO - Setting next_dagrun for read_dataset_event_from_classic to 2025-03-17 00:00:00+00:00, run_after=2025-03-18 00:00:00+00:00
[2025-03-18T11:06:32.262+0000] {processor.py:208} INFO - Processing /usr/local/python/3.12.1/lib/python3.12/site-packages/airflow/example_dags/example_inlet_event_extra.py took 0.061 seconds
[2025-03-18T11:07:23.552+0000] {processor.py:186} INFO - Started process (PID=60574) to work on /usr/local/python/3.12.1/lib/python3.12/site-packages/airflow/example_dags/example_inlet_event_extra.py
[2025-03-18T11:07:23.553+0000] {processor.py:914} INFO - Processing file /usr/local/python/3.12.1/lib/python3.12/site-packages/airflow/example_dags/example_inlet_event_extra.py for tasks to queue
[2025-03-18T11:07:23.555+0000] {logging_mixin.py:190} INFO - [2025-03-18T11:07:23.554+0000] {dagbag.py:588} INFO - Filling up the DagBag from /usr/local/python/3.12.1/lib/python3.12/site-packages/airflow/example_dags/example_inlet_event_extra.py
[2025-03-18T11:07:23.564+0000] {processor.py:925} INFO - DAG(s) 'read_dataset_event', 'read_dataset_event_from_classic' retrieved from /usr/local/python/3.12.1/lib/python3.12/site-packages/airflow/example_dags/example_inlet_event_extra.py
[2025-03-18T11:07:23.575+0000] {logging_mixin.py:190} INFO - [2025-03-18T11:07:23.575+0000] {dag.py:3239} INFO - Sync 2 DAGs
[2025-03-18T11:07:23.592+0000] {logging_mixin.py:190} INFO - [2025-03-18T11:07:23.592+0000] {dag.py:4180} INFO - Setting next_dagrun for read_dataset_event to 2025-03-17 00:00:00+00:00, run_after=2025-03-18 00:00:00+00:00
[2025-03-18T11:07:23.595+0000] {logging_mixin.py:190} INFO - [2025-03-18T11:07:23.595+0000] {dag.py:4180} INFO - Setting next_dagrun for read_dataset_event_from_classic to 2025-03-17 00:00:00+00:00, run_after=2025-03-18 00:00:00+00:00
[2025-03-18T11:07:23.608+0000] {processor.py:208} INFO - Processing /usr/local/python/3.12.1/lib/python3.12/site-packages/airflow/example_dags/example_inlet_event_extra.py took 0.060 seconds
[2025-03-18T11:08:14.954+0000] {processor.py:186} INFO - Started process (PID=61002) to work on /usr/local/python/3.12.1/lib/python3.12/site-packages/airflow/example_dags/example_inlet_event_extra.py
[2025-03-18T11:08:14.955+0000] {processor.py:914} INFO - Processing file /usr/local/python/3.12.1/lib/python3.12/site-packages/airflow/example_dags/example_inlet_event_extra.py for tasks to queue
[2025-03-18T11:08:14.957+0000] {logging_mixin.py:190} INFO - [2025-03-18T11:08:14.957+0000] {dagbag.py:588} INFO - Filling up the DagBag from /usr/local/python/3.12.1/lib/python3.12/site-packages/airflow/example_dags/example_inlet_event_extra.py
[2025-03-18T11:08:14.967+0000] {processor.py:925} INFO - DAG(s) 'read_dataset_event', 'read_dataset_event_from_classic' retrieved from /usr/local/python/3.12.1/lib/python3.12/site-packages/airflow/example_dags/example_inlet_event_extra.py
[2025-03-18T11:08:14.978+0000] {logging_mixin.py:190} INFO - [2025-03-18T11:08:14.978+0000] {dag.py:3239} INFO - Sync 2 DAGs
[2025-03-18T11:08:14.994+0000] {logging_mixin.py:190} INFO - [2025-03-18T11:08:14.994+0000] {dag.py:4180} INFO - Setting next_dagrun for read_dataset_event to 2025-03-17 00:00:00+00:00, run_after=2025-03-18 00:00:00+00:00
[2025-03-18T11:08:14.998+0000] {logging_mixin.py:190} INFO - [2025-03-18T11:08:14.998+0000] {dag.py:4180} INFO - Setting next_dagrun for read_dataset_event_from_classic to 2025-03-17 00:00:00+00:00, run_after=2025-03-18 00:00:00+00:00
[2025-03-18T11:08:15.011+0000] {processor.py:208} INFO - Processing /usr/local/python/3.12.1/lib/python3.12/site-packages/airflow/example_dags/example_inlet_event_extra.py took 0.061 seconds
[2025-03-18T11:09:04.649+0000] {processor.py:186} INFO - Started process (PID=61434) to work on /usr/local/python/3.12.1/lib/python3.12/site-packages/airflow/example_dags/example_inlet_event_extra.py
[2025-03-18T11:09:04.650+0000] {processor.py:914} INFO - Processing file /usr/local/python/3.12.1/lib/python3.12/site-packages/airflow/example_dags/example_inlet_event_extra.py for tasks to queue
[2025-03-18T11:09:04.652+0000] {logging_mixin.py:190} INFO - [2025-03-18T11:09:04.651+0000] {dagbag.py:588} INFO - Filling up the DagBag from /usr/local/python/3.12.1/lib/python3.12/site-packages/airflow/example_dags/example_inlet_event_extra.py
[2025-03-18T11:09:04.661+0000] {processor.py:925} INFO - DAG(s) 'read_dataset_event', 'read_dataset_event_from_classic' retrieved from /usr/local/python/3.12.1/lib/python3.12/site-packages/airflow/example_dags/example_inlet_event_extra.py
[2025-03-18T11:09:04.673+0000] {logging_mixin.py:190} INFO - [2025-03-18T11:09:04.672+0000] {dag.py:3239} INFO - Sync 2 DAGs
[2025-03-18T11:09:04.688+0000] {logging_mixin.py:190} INFO - [2025-03-18T11:09:04.688+0000] {dag.py:4180} INFO - Setting next_dagrun for read_dataset_event to 2025-03-17 00:00:00+00:00, run_after=2025-03-18 00:00:00+00:00
[2025-03-18T11:09:04.692+0000] {logging_mixin.py:190} INFO - [2025-03-18T11:09:04.692+0000] {dag.py:4180} INFO - Setting next_dagrun for read_dataset_event_from_classic to 2025-03-17 00:00:00+00:00, run_after=2025-03-18 00:00:00+00:00
[2025-03-18T11:09:04.704+0000] {processor.py:208} INFO - Processing /usr/local/python/3.12.1/lib/python3.12/site-packages/airflow/example_dags/example_inlet_event_extra.py took 0.059 seconds
[2025-03-18T11:09:58.677+0000] {processor.py:186} INFO - Started process (PID=61884) to work on /usr/local/python/3.12.1/lib/python3.12/site-packages/airflow/example_dags/example_inlet_event_extra.py
[2025-03-18T11:09:58.677+0000] {processor.py:914} INFO - Processing file /usr/local/python/3.12.1/lib/python3.12/site-packages/airflow/example_dags/example_inlet_event_extra.py for tasks to queue
[2025-03-18T11:09:58.679+0000] {logging_mixin.py:190} INFO - [2025-03-18T11:09:58.679+0000] {dagbag.py:588} INFO - Filling up the DagBag from /usr/local/python/3.12.1/lib/python3.12/site-packages/airflow/example_dags/example_inlet_event_extra.py
[2025-03-18T11:09:58.688+0000] {processor.py:925} INFO - DAG(s) 'read_dataset_event_from_classic', 'read_dataset_event' retrieved from /usr/local/python/3.12.1/lib/python3.12/site-packages/airflow/example_dags/example_inlet_event_extra.py
[2025-03-18T11:09:58.699+0000] {logging_mixin.py:190} INFO - [2025-03-18T11:09:58.699+0000] {dag.py:3239} INFO - Sync 2 DAGs
[2025-03-18T11:09:58.716+0000] {logging_mixin.py:190} INFO - [2025-03-18T11:09:58.716+0000] {dag.py:4180} INFO - Setting next_dagrun for read_dataset_event to 2025-03-17 00:00:00+00:00, run_after=2025-03-18 00:00:00+00:00
[2025-03-18T11:09:58.720+0000] {logging_mixin.py:190} INFO - [2025-03-18T11:09:58.719+0000] {dag.py:4180} INFO - Setting next_dagrun for read_dataset_event_from_classic to 2025-03-17 00:00:00+00:00, run_after=2025-03-18 00:00:00+00:00
[2025-03-18T11:09:58.731+0000] {processor.py:208} INFO - Processing /usr/local/python/3.12.1/lib/python3.12/site-packages/airflow/example_dags/example_inlet_event_extra.py took 0.059 seconds
[2025-03-18T11:10:50.028+0000] {processor.py:186} INFO - Started process (PID=62344) to work on /usr/local/python/3.12.1/lib/python3.12/site-packages/airflow/example_dags/example_inlet_event_extra.py
[2025-03-18T11:10:50.028+0000] {processor.py:914} INFO - Processing file /usr/local/python/3.12.1/lib/python3.12/site-packages/airflow/example_dags/example_inlet_event_extra.py for tasks to queue
[2025-03-18T11:10:50.030+0000] {logging_mixin.py:190} INFO - [2025-03-18T11:10:50.030+0000] {dagbag.py:588} INFO - Filling up the DagBag from /usr/local/python/3.12.1/lib/python3.12/site-packages/airflow/example_dags/example_inlet_event_extra.py
[2025-03-18T11:10:50.041+0000] {processor.py:925} INFO - DAG(s) 'read_dataset_event_from_classic', 'read_dataset_event' retrieved from /usr/local/python/3.12.1/lib/python3.12/site-packages/airflow/example_dags/example_inlet_event_extra.py
[2025-03-18T11:10:50.054+0000] {logging_mixin.py:190} INFO - [2025-03-18T11:10:50.054+0000] {dag.py:3239} INFO - Sync 2 DAGs
[2025-03-18T11:10:50.072+0000] {logging_mixin.py:190} INFO - [2025-03-18T11:10:50.072+0000] {dag.py:4180} INFO - Setting next_dagrun for read_dataset_event to 2025-03-17 00:00:00+00:00, run_after=2025-03-18 00:00:00+00:00
[2025-03-18T11:10:50.076+0000] {logging_mixin.py:190} INFO - [2025-03-18T11:10:50.076+0000] {dag.py:4180} INFO - Setting next_dagrun for read_dataset_event_from_classic to 2025-03-17 00:00:00+00:00, run_after=2025-03-18 00:00:00+00:00
[2025-03-18T11:10:50.089+0000] {processor.py:208} INFO - Processing /usr/local/python/3.12.1/lib/python3.12/site-packages/airflow/example_dags/example_inlet_event_extra.py took 0.065 seconds
[2025-03-18T11:11:39.442+0000] {processor.py:186} INFO - Started process (PID=62788) to work on /usr/local/python/3.12.1/lib/python3.12/site-packages/airflow/example_dags/example_inlet_event_extra.py
[2025-03-18T11:11:39.443+0000] {processor.py:914} INFO - Processing file /usr/local/python/3.12.1/lib/python3.12/site-packages/airflow/example_dags/example_inlet_event_extra.py for tasks to queue
[2025-03-18T11:11:39.445+0000] {logging_mixin.py:190} INFO - [2025-03-18T11:11:39.444+0000] {dagbag.py:588} INFO - Filling up the DagBag from /usr/local/python/3.12.1/lib/python3.12/site-packages/airflow/example_dags/example_inlet_event_extra.py
[2025-03-18T11:11:39.454+0000] {processor.py:925} INFO - DAG(s) 'read_dataset_event', 'read_dataset_event_from_classic' retrieved from /usr/local/python/3.12.1/lib/python3.12/site-packages/airflow/example_dags/example_inlet_event_extra.py
[2025-03-18T11:11:39.465+0000] {logging_mixin.py:190} INFO - [2025-03-18T11:11:39.465+0000] {dag.py:3239} INFO - Sync 2 DAGs
[2025-03-18T11:11:39.481+0000] {logging_mixin.py:190} INFO - [2025-03-18T11:11:39.481+0000] {dag.py:4180} INFO - Setting next_dagrun for read_dataset_event to 2025-03-17 00:00:00+00:00, run_after=2025-03-18 00:00:00+00:00
[2025-03-18T11:11:39.485+0000] {logging_mixin.py:190} INFO - [2025-03-18T11:11:39.485+0000] {dag.py:4180} INFO - Setting next_dagrun for read_dataset_event_from_classic to 2025-03-17 00:00:00+00:00, run_after=2025-03-18 00:00:00+00:00
[2025-03-18T11:11:39.498+0000] {processor.py:208} INFO - Processing /usr/local/python/3.12.1/lib/python3.12/site-packages/airflow/example_dags/example_inlet_event_extra.py took 0.059 seconds
[2025-03-18T11:50:49.531+0000] {processor.py:186} INFO - Started process (PID=83096) to work on /usr/local/python/3.12.1/lib/python3.12/site-packages/airflow/example_dags/example_inlet_event_extra.py
[2025-03-18T11:50:49.532+0000] {processor.py:914} INFO - Processing file /usr/local/python/3.12.1/lib/python3.12/site-packages/airflow/example_dags/example_inlet_event_extra.py for tasks to queue
[2025-03-18T11:50:49.533+0000] {logging_mixin.py:190} INFO - [2025-03-18T11:50:49.533+0000] {dagbag.py:588} INFO - Filling up the DagBag from /usr/local/python/3.12.1/lib/python3.12/site-packages/airflow/example_dags/example_inlet_event_extra.py
[2025-03-18T11:50:49.544+0000] {processor.py:925} INFO - DAG(s) 'read_dataset_event_from_classic', 'read_dataset_event' retrieved from /usr/local/python/3.12.1/lib/python3.12/site-packages/airflow/example_dags/example_inlet_event_extra.py
[2025-03-18T11:50:49.559+0000] {logging_mixin.py:190} INFO - [2025-03-18T11:50:49.559+0000] {dag.py:3239} INFO - Sync 2 DAGs
[2025-03-18T11:50:49.578+0000] {logging_mixin.py:190} INFO - [2025-03-18T11:50:49.578+0000] {dag.py:4180} INFO - Setting next_dagrun for read_dataset_event to 2025-03-17 00:00:00+00:00, run_after=2025-03-18 00:00:00+00:00
[2025-03-18T11:50:49.582+0000] {logging_mixin.py:190} INFO - [2025-03-18T11:50:49.582+0000] {dag.py:4180} INFO - Setting next_dagrun for read_dataset_event_from_classic to 2025-03-17 00:00:00+00:00, run_after=2025-03-18 00:00:00+00:00
[2025-03-18T11:50:49.595+0000] {processor.py:208} INFO - Processing /usr/local/python/3.12.1/lib/python3.12/site-packages/airflow/example_dags/example_inlet_event_extra.py took 0.067 seconds
