[2025-03-18T10:51:51.426+0000] {processor.py:186} INFO - Started process (PID=49418) to work on /usr/local/python/3.12.1/lib/python3.12/site-packages/airflow/example_dags/example_params_ui_tutorial.py
[2025-03-18T10:51:51.426+0000] {processor.py:914} INFO - Processing file /usr/local/python/3.12.1/lib/python3.12/site-packages/airflow/example_dags/example_params_ui_tutorial.py for tasks to queue
[2025-03-18T10:51:51.428+0000] {logging_mixin.py:190} INFO - [2025-03-18T10:51:51.428+0000] {dagbag.py:588} INFO - Filling up the DagBag from /usr/local/python/3.12.1/lib/python3.12/site-packages/airflow/example_dags/example_params_ui_tutorial.py
[2025-03-18T10:51:51.434+0000] {processor.py:925} INFO - DAG(s) 'example_params_ui_tutorial' retrieved from /usr/local/python/3.12.1/lib/python3.12/site-packages/airflow/example_dags/example_params_ui_tutorial.py
[2025-03-18T10:51:51.539+0000] {logging_mixin.py:190} INFO - [2025-03-18T10:51:51.539+0000] {override.py:1930} INFO - Created Permission View: can read on DAG:example_params_ui_tutorial
[2025-03-18T10:51:51.547+0000] {logging_mixin.py:190} INFO - [2025-03-18T10:51:51.547+0000] {override.py:1930} INFO - Created Permission View: can edit on DAG:example_params_ui_tutorial
[2025-03-18T10:51:51.553+0000] {logging_mixin.py:190} INFO - [2025-03-18T10:51:51.553+0000] {override.py:1930} INFO - Created Permission View: can delete on DAG:example_params_ui_tutorial
[2025-03-18T10:51:51.561+0000] {logging_mixin.py:190} INFO - [2025-03-18T10:51:51.561+0000] {override.py:1930} INFO - Created Permission View: can read on DAG Run:example_params_ui_tutorial
[2025-03-18T10:51:51.567+0000] {logging_mixin.py:190} INFO - [2025-03-18T10:51:51.567+0000] {override.py:1930} INFO - Created Permission View: can create on DAG Run:example_params_ui_tutorial
[2025-03-18T10:51:51.573+0000] {logging_mixin.py:190} INFO - [2025-03-18T10:51:51.572+0000] {override.py:1930} INFO - Created Permission View: menu access on DAG Run:example_params_ui_tutorial
[2025-03-18T10:51:51.578+0000] {logging_mixin.py:190} INFO - [2025-03-18T10:51:51.578+0000] {override.py:1930} INFO - Created Permission View: can delete on DAG Run:example_params_ui_tutorial
[2025-03-18T10:51:51.578+0000] {logging_mixin.py:190} INFO - [2025-03-18T10:51:51.578+0000] {dag.py:3239} INFO - Sync 1 DAGs
[2025-03-18T10:51:51.587+0000] {logging_mixin.py:190} INFO - [2025-03-18T10:51:51.587+0000] {dag.py:3262} INFO - Creating ORM DAG for example_params_ui_tutorial
[2025-03-18T10:51:51.587+0000] {logging_mixin.py:190} INFO - [2025-03-18T10:51:51.587+0000] {dag.py:4180} INFO - Setting next_dagrun for example_params_ui_tutorial to None, run_after=None
[2025-03-18T10:51:51.601+0000] {processor.py:208} INFO - Processing /usr/local/python/3.12.1/lib/python3.12/site-packages/airflow/example_dags/example_params_ui_tutorial.py took 0.179 seconds
[2025-03-18T10:52:51.769+0000] {processor.py:186} INFO - Started process (PID=50156) to work on /usr/local/python/3.12.1/lib/python3.12/site-packages/airflow/example_dags/example_params_ui_tutorial.py
[2025-03-18T10:52:51.770+0000] {processor.py:914} INFO - Processing file /usr/local/python/3.12.1/lib/python3.12/site-packages/airflow/example_dags/example_params_ui_tutorial.py for tasks to queue
[2025-03-18T10:52:51.771+0000] {logging_mixin.py:190} INFO - [2025-03-18T10:52:51.771+0000] {dagbag.py:588} INFO - Filling up the DagBag from /usr/local/python/3.12.1/lib/python3.12/site-packages/airflow/example_dags/example_params_ui_tutorial.py
[2025-03-18T10:52:51.778+0000] {processor.py:925} INFO - DAG(s) 'example_params_ui_tutorial' retrieved from /usr/local/python/3.12.1/lib/python3.12/site-packages/airflow/example_dags/example_params_ui_tutorial.py
[2025-03-18T10:52:51.808+0000] {logging_mixin.py:190} INFO - [2025-03-18T10:52:51.808+0000] {dag.py:3239} INFO - Sync 1 DAGs
[2025-03-18T10:52:51.817+0000] {logging_mixin.py:190} INFO - [2025-03-18T10:52:51.817+0000] {dag.py:4180} INFO - Setting next_dagrun for example_params_ui_tutorial to None, run_after=None
[2025-03-18T10:52:51.831+0000] {processor.py:208} INFO - Processing /usr/local/python/3.12.1/lib/python3.12/site-packages/airflow/example_dags/example_params_ui_tutorial.py took 0.066 seconds
[2025-03-18T10:53:30.936+0000] {processor.py:186} INFO - Started process (PID=50647) to work on /usr/local/python/3.12.1/lib/python3.12/site-packages/airflow/example_dags/example_params_ui_tutorial.py
[2025-03-18T10:53:30.936+0000] {processor.py:914} INFO - Processing file /usr/local/python/3.12.1/lib/python3.12/site-packages/airflow/example_dags/example_params_ui_tutorial.py for tasks to queue
[2025-03-18T10:53:30.938+0000] {logging_mixin.py:190} INFO - [2025-03-18T10:53:30.937+0000] {dagbag.py:588} INFO - Filling up the DagBag from /usr/local/python/3.12.1/lib/python3.12/site-packages/airflow/example_dags/example_params_ui_tutorial.py
[2025-03-18T10:53:30.945+0000] {processor.py:925} INFO - DAG(s) 'example_params_ui_tutorial' retrieved from /usr/local/python/3.12.1/lib/python3.12/site-packages/airflow/example_dags/example_params_ui_tutorial.py
[2025-03-18T10:53:30.976+0000] {logging_mixin.py:190} INFO - [2025-03-18T10:53:30.976+0000] {dag.py:3239} INFO - Sync 1 DAGs
[2025-03-18T10:53:30.987+0000] {logging_mixin.py:190} INFO - [2025-03-18T10:53:30.986+0000] {dag.py:4180} INFO - Setting next_dagrun for example_params_ui_tutorial to None, run_after=None
[2025-03-18T10:53:31.004+0000] {processor.py:208} INFO - Processing /usr/local/python/3.12.1/lib/python3.12/site-packages/airflow/example_dags/example_params_ui_tutorial.py took 0.073 seconds
[2025-03-18T10:54:27.675+0000] {processor.py:186} INFO - Started process (PID=51227) to work on /usr/local/python/3.12.1/lib/python3.12/site-packages/airflow/example_dags/example_params_ui_tutorial.py
[2025-03-18T10:54:27.676+0000] {processor.py:914} INFO - Processing file /usr/local/python/3.12.1/lib/python3.12/site-packages/airflow/example_dags/example_params_ui_tutorial.py for tasks to queue
[2025-03-18T10:54:27.677+0000] {logging_mixin.py:190} INFO - [2025-03-18T10:54:27.677+0000] {dagbag.py:588} INFO - Filling up the DagBag from /usr/local/python/3.12.1/lib/python3.12/site-packages/airflow/example_dags/example_params_ui_tutorial.py
[2025-03-18T10:54:27.684+0000] {processor.py:925} INFO - DAG(s) 'example_params_ui_tutorial' retrieved from /usr/local/python/3.12.1/lib/python3.12/site-packages/airflow/example_dags/example_params_ui_tutorial.py
[2025-03-18T10:54:27.714+0000] {logging_mixin.py:190} INFO - [2025-03-18T10:54:27.714+0000] {dag.py:3239} INFO - Sync 1 DAGs
[2025-03-18T10:54:27.725+0000] {logging_mixin.py:190} INFO - [2025-03-18T10:54:27.725+0000] {dag.py:4180} INFO - Setting next_dagrun for example_params_ui_tutorial to None, run_after=None
[2025-03-18T10:54:27.740+0000] {processor.py:208} INFO - Processing /usr/local/python/3.12.1/lib/python3.12/site-packages/airflow/example_dags/example_params_ui_tutorial.py took 0.068 seconds
[2025-03-18T10:55:21.609+0000] {processor.py:186} INFO - Started process (PID=51687) to work on /usr/local/python/3.12.1/lib/python3.12/site-packages/airflow/example_dags/example_params_ui_tutorial.py
[2025-03-18T10:55:21.610+0000] {processor.py:914} INFO - Processing file /usr/local/python/3.12.1/lib/python3.12/site-packages/airflow/example_dags/example_params_ui_tutorial.py for tasks to queue
[2025-03-18T10:55:21.611+0000] {logging_mixin.py:190} INFO - [2025-03-18T10:55:21.611+0000] {dagbag.py:588} INFO - Filling up the DagBag from /usr/local/python/3.12.1/lib/python3.12/site-packages/airflow/example_dags/example_params_ui_tutorial.py
[2025-03-18T10:55:21.619+0000] {processor.py:925} INFO - DAG(s) 'example_params_ui_tutorial' retrieved from /usr/local/python/3.12.1/lib/python3.12/site-packages/airflow/example_dags/example_params_ui_tutorial.py
[2025-03-18T10:55:21.657+0000] {logging_mixin.py:190} INFO - [2025-03-18T10:55:21.656+0000] {dag.py:3239} INFO - Sync 1 DAGs
[2025-03-18T10:55:21.669+0000] {logging_mixin.py:190} INFO - [2025-03-18T10:55:21.669+0000] {dag.py:4180} INFO - Setting next_dagrun for example_params_ui_tutorial to None, run_after=None
[2025-03-18T10:55:21.684+0000] {processor.py:208} INFO - Processing /usr/local/python/3.12.1/lib/python3.12/site-packages/airflow/example_dags/example_params_ui_tutorial.py took 0.078 seconds
[2025-03-18T10:56:14.525+0000] {processor.py:186} INFO - Started process (PID=52460) to work on /usr/local/python/3.12.1/lib/python3.12/site-packages/airflow/example_dags/example_params_ui_tutorial.py
[2025-03-18T10:56:14.525+0000] {processor.py:914} INFO - Processing file /usr/local/python/3.12.1/lib/python3.12/site-packages/airflow/example_dags/example_params_ui_tutorial.py for tasks to queue
[2025-03-18T10:56:14.526+0000] {logging_mixin.py:190} INFO - [2025-03-18T10:56:14.526+0000] {dagbag.py:588} INFO - Filling up the DagBag from /usr/local/python/3.12.1/lib/python3.12/site-packages/airflow/example_dags/example_params_ui_tutorial.py
[2025-03-18T10:56:14.533+0000] {processor.py:925} INFO - DAG(s) 'example_params_ui_tutorial' retrieved from /usr/local/python/3.12.1/lib/python3.12/site-packages/airflow/example_dags/example_params_ui_tutorial.py
[2025-03-18T10:56:14.563+0000] {logging_mixin.py:190} INFO - [2025-03-18T10:56:14.563+0000] {dag.py:3239} INFO - Sync 1 DAGs
[2025-03-18T10:56:14.572+0000] {logging_mixin.py:190} INFO - [2025-03-18T10:56:14.572+0000] {dag.py:4180} INFO - Setting next_dagrun for example_params_ui_tutorial to None, run_after=None
[2025-03-18T10:56:14.586+0000] {processor.py:208} INFO - Processing /usr/local/python/3.12.1/lib/python3.12/site-packages/airflow/example_dags/example_params_ui_tutorial.py took 0.066 seconds
[2025-03-18T10:57:02.099+0000] {processor.py:186} INFO - Started process (PID=52882) to work on /usr/local/python/3.12.1/lib/python3.12/site-packages/airflow/example_dags/example_params_ui_tutorial.py
[2025-03-18T10:57:02.100+0000] {processor.py:914} INFO - Processing file /usr/local/python/3.12.1/lib/python3.12/site-packages/airflow/example_dags/example_params_ui_tutorial.py for tasks to queue
[2025-03-18T10:57:02.101+0000] {logging_mixin.py:190} INFO - [2025-03-18T10:57:02.101+0000] {dagbag.py:588} INFO - Filling up the DagBag from /usr/local/python/3.12.1/lib/python3.12/site-packages/airflow/example_dags/example_params_ui_tutorial.py
[2025-03-18T10:57:02.108+0000] {processor.py:925} INFO - DAG(s) 'example_params_ui_tutorial' retrieved from /usr/local/python/3.12.1/lib/python3.12/site-packages/airflow/example_dags/example_params_ui_tutorial.py
[2025-03-18T10:57:02.138+0000] {logging_mixin.py:190} INFO - [2025-03-18T10:57:02.138+0000] {dag.py:3239} INFO - Sync 1 DAGs
[2025-03-18T10:57:02.147+0000] {logging_mixin.py:190} INFO - [2025-03-18T10:57:02.147+0000] {dag.py:4180} INFO - Setting next_dagrun for example_params_ui_tutorial to None, run_after=None
[2025-03-18T10:57:02.161+0000] {processor.py:208} INFO - Processing /usr/local/python/3.12.1/lib/python3.12/site-packages/airflow/example_dags/example_params_ui_tutorial.py took 0.066 seconds
[2025-03-18T10:57:53.230+0000] {processor.py:186} INFO - Started process (PID=53542) to work on /usr/local/python/3.12.1/lib/python3.12/site-packages/airflow/example_dags/example_params_ui_tutorial.py
[2025-03-18T10:57:53.231+0000] {processor.py:914} INFO - Processing file /usr/local/python/3.12.1/lib/python3.12/site-packages/airflow/example_dags/example_params_ui_tutorial.py for tasks to queue
[2025-03-18T10:57:53.232+0000] {logging_mixin.py:190} INFO - [2025-03-18T10:57:53.232+0000] {dagbag.py:588} INFO - Filling up the DagBag from /usr/local/python/3.12.1/lib/python3.12/site-packages/airflow/example_dags/example_params_ui_tutorial.py
[2025-03-18T10:57:53.239+0000] {processor.py:925} INFO - DAG(s) 'example_params_ui_tutorial' retrieved from /usr/local/python/3.12.1/lib/python3.12/site-packages/airflow/example_dags/example_params_ui_tutorial.py
[2025-03-18T10:57:53.269+0000] {logging_mixin.py:190} INFO - [2025-03-18T10:57:53.269+0000] {dag.py:3239} INFO - Sync 1 DAGs
[2025-03-18T10:57:53.279+0000] {logging_mixin.py:190} INFO - [2025-03-18T10:57:53.279+0000] {dag.py:4180} INFO - Setting next_dagrun for example_params_ui_tutorial to None, run_after=None
[2025-03-18T10:57:53.294+0000] {processor.py:208} INFO - Processing /usr/local/python/3.12.1/lib/python3.12/site-packages/airflow/example_dags/example_params_ui_tutorial.py took 0.067 seconds
[2025-03-18T10:58:42.756+0000] {processor.py:186} INFO - Started process (PID=54001) to work on /usr/local/python/3.12.1/lib/python3.12/site-packages/airflow/example_dags/example_params_ui_tutorial.py
[2025-03-18T10:58:42.757+0000] {processor.py:914} INFO - Processing file /usr/local/python/3.12.1/lib/python3.12/site-packages/airflow/example_dags/example_params_ui_tutorial.py for tasks to queue
[2025-03-18T10:58:42.758+0000] {logging_mixin.py:190} INFO - [2025-03-18T10:58:42.758+0000] {dagbag.py:588} INFO - Filling up the DagBag from /usr/local/python/3.12.1/lib/python3.12/site-packages/airflow/example_dags/example_params_ui_tutorial.py
[2025-03-18T10:58:42.765+0000] {processor.py:925} INFO - DAG(s) 'example_params_ui_tutorial' retrieved from /usr/local/python/3.12.1/lib/python3.12/site-packages/airflow/example_dags/example_params_ui_tutorial.py
[2025-03-18T10:58:42.795+0000] {logging_mixin.py:190} INFO - [2025-03-18T10:58:42.795+0000] {dag.py:3239} INFO - Sync 1 DAGs
[2025-03-18T10:58:42.804+0000] {logging_mixin.py:190} INFO - [2025-03-18T10:58:42.804+0000] {dag.py:4180} INFO - Setting next_dagrun for example_params_ui_tutorial to None, run_after=None
[2025-03-18T10:58:42.819+0000] {processor.py:208} INFO - Processing /usr/local/python/3.12.1/lib/python3.12/site-packages/airflow/example_dags/example_params_ui_tutorial.py took 0.067 seconds
[2025-03-18T10:59:30.747+0000] {processor.py:186} INFO - Started process (PID=54699) to work on /usr/local/python/3.12.1/lib/python3.12/site-packages/airflow/example_dags/example_params_ui_tutorial.py
[2025-03-18T10:59:30.747+0000] {processor.py:914} INFO - Processing file /usr/local/python/3.12.1/lib/python3.12/site-packages/airflow/example_dags/example_params_ui_tutorial.py for tasks to queue
[2025-03-18T10:59:30.749+0000] {logging_mixin.py:190} INFO - [2025-03-18T10:59:30.748+0000] {dagbag.py:588} INFO - Filling up the DagBag from /usr/local/python/3.12.1/lib/python3.12/site-packages/airflow/example_dags/example_params_ui_tutorial.py
[2025-03-18T10:59:30.755+0000] {processor.py:925} INFO - DAG(s) 'example_params_ui_tutorial' retrieved from /usr/local/python/3.12.1/lib/python3.12/site-packages/airflow/example_dags/example_params_ui_tutorial.py
[2025-03-18T10:59:30.785+0000] {logging_mixin.py:190} INFO - [2025-03-18T10:59:30.785+0000] {dag.py:3239} INFO - Sync 1 DAGs
[2025-03-18T10:59:30.795+0000] {logging_mixin.py:190} INFO - [2025-03-18T10:59:30.795+0000] {dag.py:4180} INFO - Setting next_dagrun for example_params_ui_tutorial to None, run_after=None
[2025-03-18T10:59:30.808+0000] {processor.py:208} INFO - Processing /usr/local/python/3.12.1/lib/python3.12/site-packages/airflow/example_dags/example_params_ui_tutorial.py took 0.066 seconds
[2025-03-18T11:00:18.145+0000] {processor.py:186} INFO - Started process (PID=55191) to work on /usr/local/python/3.12.1/lib/python3.12/site-packages/airflow/example_dags/example_params_ui_tutorial.py
[2025-03-18T11:00:18.145+0000] {processor.py:914} INFO - Processing file /usr/local/python/3.12.1/lib/python3.12/site-packages/airflow/example_dags/example_params_ui_tutorial.py for tasks to queue
[2025-03-18T11:00:18.147+0000] {logging_mixin.py:190} INFO - [2025-03-18T11:00:18.146+0000] {dagbag.py:588} INFO - Filling up the DagBag from /usr/local/python/3.12.1/lib/python3.12/site-packages/airflow/example_dags/example_params_ui_tutorial.py
[2025-03-18T11:00:18.153+0000] {processor.py:925} INFO - DAG(s) 'example_params_ui_tutorial' retrieved from /usr/local/python/3.12.1/lib/python3.12/site-packages/airflow/example_dags/example_params_ui_tutorial.py
[2025-03-18T11:00:18.183+0000] {logging_mixin.py:190} INFO - [2025-03-18T11:00:18.183+0000] {dag.py:3239} INFO - Sync 1 DAGs
[2025-03-18T11:00:18.193+0000] {logging_mixin.py:190} INFO - [2025-03-18T11:00:18.193+0000] {dag.py:4180} INFO - Setting next_dagrun for example_params_ui_tutorial to None, run_after=None
[2025-03-18T11:00:18.207+0000] {processor.py:208} INFO - Processing /usr/local/python/3.12.1/lib/python3.12/site-packages/airflow/example_dags/example_params_ui_tutorial.py took 0.067 seconds
[2025-03-18T11:01:09.602+0000] {processor.py:186} INFO - Started process (PID=57558) to work on /usr/local/python/3.12.1/lib/python3.12/site-packages/airflow/example_dags/example_params_ui_tutorial.py
[2025-03-18T11:01:09.603+0000] {processor.py:914} INFO - Processing file /usr/local/python/3.12.1/lib/python3.12/site-packages/airflow/example_dags/example_params_ui_tutorial.py for tasks to queue
[2025-03-18T11:01:09.605+0000] {logging_mixin.py:190} INFO - [2025-03-18T11:01:09.604+0000] {dagbag.py:588} INFO - Filling up the DagBag from /usr/local/python/3.12.1/lib/python3.12/site-packages/airflow/example_dags/example_params_ui_tutorial.py
[2025-03-18T11:01:09.612+0000] {processor.py:925} INFO - DAG(s) 'example_params_ui_tutorial' retrieved from /usr/local/python/3.12.1/lib/python3.12/site-packages/airflow/example_dags/example_params_ui_tutorial.py
[2025-03-18T11:01:09.642+0000] {logging_mixin.py:190} INFO - [2025-03-18T11:01:09.642+0000] {dag.py:3239} INFO - Sync 1 DAGs
[2025-03-18T11:01:09.652+0000] {logging_mixin.py:190} INFO - [2025-03-18T11:01:09.652+0000] {dag.py:4180} INFO - Setting next_dagrun for example_params_ui_tutorial to None, run_after=None
[2025-03-18T11:01:09.666+0000] {processor.py:208} INFO - Processing /usr/local/python/3.12.1/lib/python3.12/site-packages/airflow/example_dags/example_params_ui_tutorial.py took 0.067 seconds
[2025-03-18T11:02:01.122+0000] {processor.py:186} INFO - Started process (PID=57994) to work on /usr/local/python/3.12.1/lib/python3.12/site-packages/airflow/example_dags/example_params_ui_tutorial.py
[2025-03-18T11:02:01.123+0000] {processor.py:914} INFO - Processing file /usr/local/python/3.12.1/lib/python3.12/site-packages/airflow/example_dags/example_params_ui_tutorial.py for tasks to queue
[2025-03-18T11:02:01.125+0000] {logging_mixin.py:190} INFO - [2025-03-18T11:02:01.124+0000] {dagbag.py:588} INFO - Filling up the DagBag from /usr/local/python/3.12.1/lib/python3.12/site-packages/airflow/example_dags/example_params_ui_tutorial.py
[2025-03-18T11:02:01.132+0000] {processor.py:925} INFO - DAG(s) 'example_params_ui_tutorial' retrieved from /usr/local/python/3.12.1/lib/python3.12/site-packages/airflow/example_dags/example_params_ui_tutorial.py
[2025-03-18T11:02:01.164+0000] {logging_mixin.py:190} INFO - [2025-03-18T11:02:01.164+0000] {dag.py:3239} INFO - Sync 1 DAGs
[2025-03-18T11:02:01.174+0000] {logging_mixin.py:190} INFO - [2025-03-18T11:02:01.174+0000] {dag.py:4180} INFO - Setting next_dagrun for example_params_ui_tutorial to None, run_after=None
[2025-03-18T11:02:01.189+0000] {processor.py:208} INFO - Processing /usr/local/python/3.12.1/lib/python3.12/site-packages/airflow/example_dags/example_params_ui_tutorial.py took 0.070 seconds
[2025-03-18T11:02:50.259+0000] {processor.py:186} INFO - Started process (PID=58386) to work on /usr/local/python/3.12.1/lib/python3.12/site-packages/airflow/example_dags/example_params_ui_tutorial.py
[2025-03-18T11:02:50.260+0000] {processor.py:914} INFO - Processing file /usr/local/python/3.12.1/lib/python3.12/site-packages/airflow/example_dags/example_params_ui_tutorial.py for tasks to queue
[2025-03-18T11:02:50.261+0000] {logging_mixin.py:190} INFO - [2025-03-18T11:02:50.261+0000] {dagbag.py:588} INFO - Filling up the DagBag from /usr/local/python/3.12.1/lib/python3.12/site-packages/airflow/example_dags/example_params_ui_tutorial.py
[2025-03-18T11:02:50.268+0000] {processor.py:925} INFO - DAG(s) 'example_params_ui_tutorial' retrieved from /usr/local/python/3.12.1/lib/python3.12/site-packages/airflow/example_dags/example_params_ui_tutorial.py
[2025-03-18T11:02:50.299+0000] {logging_mixin.py:190} INFO - [2025-03-18T11:02:50.299+0000] {dag.py:3239} INFO - Sync 1 DAGs
[2025-03-18T11:02:50.309+0000] {logging_mixin.py:190} INFO - [2025-03-18T11:02:50.309+0000] {dag.py:4180} INFO - Setting next_dagrun for example_params_ui_tutorial to None, run_after=None
[2025-03-18T11:02:50.324+0000] {processor.py:208} INFO - Processing /usr/local/python/3.12.1/lib/python3.12/site-packages/airflow/example_dags/example_params_ui_tutorial.py took 0.069 seconds
[2025-03-18T11:03:37.641+0000] {processor.py:186} INFO - Started process (PID=58794) to work on /usr/local/python/3.12.1/lib/python3.12/site-packages/airflow/example_dags/example_params_ui_tutorial.py
[2025-03-18T11:03:37.642+0000] {processor.py:914} INFO - Processing file /usr/local/python/3.12.1/lib/python3.12/site-packages/airflow/example_dags/example_params_ui_tutorial.py for tasks to queue
[2025-03-18T11:03:37.643+0000] {logging_mixin.py:190} INFO - [2025-03-18T11:03:37.643+0000] {dagbag.py:588} INFO - Filling up the DagBag from /usr/local/python/3.12.1/lib/python3.12/site-packages/airflow/example_dags/example_params_ui_tutorial.py
[2025-03-18T11:03:37.650+0000] {processor.py:925} INFO - DAG(s) 'example_params_ui_tutorial' retrieved from /usr/local/python/3.12.1/lib/python3.12/site-packages/airflow/example_dags/example_params_ui_tutorial.py
[2025-03-18T11:03:37.680+0000] {logging_mixin.py:190} INFO - [2025-03-18T11:03:37.680+0000] {dag.py:3239} INFO - Sync 1 DAGs
[2025-03-18T11:03:37.690+0000] {logging_mixin.py:190} INFO - [2025-03-18T11:03:37.690+0000] {dag.py:4180} INFO - Setting next_dagrun for example_params_ui_tutorial to None, run_after=None
[2025-03-18T11:03:37.705+0000] {processor.py:208} INFO - Processing /usr/local/python/3.12.1/lib/python3.12/site-packages/airflow/example_dags/example_params_ui_tutorial.py took 0.068 seconds
[2025-03-18T11:04:27.143+0000] {processor.py:186} INFO - Started process (PID=59187) to work on /usr/local/python/3.12.1/lib/python3.12/site-packages/airflow/example_dags/example_params_ui_tutorial.py
[2025-03-18T11:04:27.144+0000] {processor.py:914} INFO - Processing file /usr/local/python/3.12.1/lib/python3.12/site-packages/airflow/example_dags/example_params_ui_tutorial.py for tasks to queue
[2025-03-18T11:04:27.145+0000] {logging_mixin.py:190} INFO - [2025-03-18T11:04:27.145+0000] {dagbag.py:588} INFO - Filling up the DagBag from /usr/local/python/3.12.1/lib/python3.12/site-packages/airflow/example_dags/example_params_ui_tutorial.py
[2025-03-18T11:04:27.152+0000] {processor.py:925} INFO - DAG(s) 'example_params_ui_tutorial' retrieved from /usr/local/python/3.12.1/lib/python3.12/site-packages/airflow/example_dags/example_params_ui_tutorial.py
[2025-03-18T11:04:27.183+0000] {logging_mixin.py:190} INFO - [2025-03-18T11:04:27.183+0000] {dag.py:3239} INFO - Sync 1 DAGs
[2025-03-18T11:04:27.192+0000] {logging_mixin.py:190} INFO - [2025-03-18T11:04:27.192+0000] {dag.py:4180} INFO - Setting next_dagrun for example_params_ui_tutorial to None, run_after=None
[2025-03-18T11:04:27.207+0000] {processor.py:208} INFO - Processing /usr/local/python/3.12.1/lib/python3.12/site-packages/airflow/example_dags/example_params_ui_tutorial.py took 0.068 seconds
[2025-03-18T11:05:15.140+0000] {processor.py:186} INFO - Started process (PID=59570) to work on /usr/local/python/3.12.1/lib/python3.12/site-packages/airflow/example_dags/example_params_ui_tutorial.py
[2025-03-18T11:05:15.140+0000] {processor.py:914} INFO - Processing file /usr/local/python/3.12.1/lib/python3.12/site-packages/airflow/example_dags/example_params_ui_tutorial.py for tasks to queue
[2025-03-18T11:05:15.142+0000] {logging_mixin.py:190} INFO - [2025-03-18T11:05:15.142+0000] {dagbag.py:588} INFO - Filling up the DagBag from /usr/local/python/3.12.1/lib/python3.12/site-packages/airflow/example_dags/example_params_ui_tutorial.py
[2025-03-18T11:05:15.149+0000] {processor.py:925} INFO - DAG(s) 'example_params_ui_tutorial' retrieved from /usr/local/python/3.12.1/lib/python3.12/site-packages/airflow/example_dags/example_params_ui_tutorial.py
[2025-03-18T11:05:15.179+0000] {logging_mixin.py:190} INFO - [2025-03-18T11:05:15.178+0000] {dag.py:3239} INFO - Sync 1 DAGs
[2025-03-18T11:05:15.188+0000] {logging_mixin.py:190} INFO - [2025-03-18T11:05:15.188+0000] {dag.py:4180} INFO - Setting next_dagrun for example_params_ui_tutorial to None, run_after=None
[2025-03-18T11:05:15.203+0000] {processor.py:208} INFO - Processing /usr/local/python/3.12.1/lib/python3.12/site-packages/airflow/example_dags/example_params_ui_tutorial.py took 0.068 seconds
[2025-03-18T11:06:05.061+0000] {processor.py:186} INFO - Started process (PID=59949) to work on /usr/local/python/3.12.1/lib/python3.12/site-packages/airflow/example_dags/example_params_ui_tutorial.py
[2025-03-18T11:06:05.062+0000] {processor.py:914} INFO - Processing file /usr/local/python/3.12.1/lib/python3.12/site-packages/airflow/example_dags/example_params_ui_tutorial.py for tasks to queue
[2025-03-18T11:06:05.064+0000] {logging_mixin.py:190} INFO - [2025-03-18T11:06:05.063+0000] {dagbag.py:588} INFO - Filling up the DagBag from /usr/local/python/3.12.1/lib/python3.12/site-packages/airflow/example_dags/example_params_ui_tutorial.py
[2025-03-18T11:06:05.071+0000] {processor.py:925} INFO - DAG(s) 'example_params_ui_tutorial' retrieved from /usr/local/python/3.12.1/lib/python3.12/site-packages/airflow/example_dags/example_params_ui_tutorial.py
[2025-03-18T11:06:05.100+0000] {logging_mixin.py:190} INFO - [2025-03-18T11:06:05.100+0000] {dag.py:3239} INFO - Sync 1 DAGs
[2025-03-18T11:06:05.110+0000] {logging_mixin.py:190} INFO - [2025-03-18T11:06:05.110+0000] {dag.py:4180} INFO - Setting next_dagrun for example_params_ui_tutorial to None, run_after=None
[2025-03-18T11:06:05.124+0000] {processor.py:208} INFO - Processing /usr/local/python/3.12.1/lib/python3.12/site-packages/airflow/example_dags/example_params_ui_tutorial.py took 0.067 seconds
[2025-03-18T11:06:55.048+0000] {processor.py:186} INFO - Started process (PID=60348) to work on /usr/local/python/3.12.1/lib/python3.12/site-packages/airflow/example_dags/example_params_ui_tutorial.py
[2025-03-18T11:06:55.049+0000] {processor.py:914} INFO - Processing file /usr/local/python/3.12.1/lib/python3.12/site-packages/airflow/example_dags/example_params_ui_tutorial.py for tasks to queue
[2025-03-18T11:06:55.050+0000] {logging_mixin.py:190} INFO - [2025-03-18T11:06:55.050+0000] {dagbag.py:588} INFO - Filling up the DagBag from /usr/local/python/3.12.1/lib/python3.12/site-packages/airflow/example_dags/example_params_ui_tutorial.py
[2025-03-18T11:06:55.057+0000] {processor.py:925} INFO - DAG(s) 'example_params_ui_tutorial' retrieved from /usr/local/python/3.12.1/lib/python3.12/site-packages/airflow/example_dags/example_params_ui_tutorial.py
[2025-03-18T11:06:55.087+0000] {logging_mixin.py:190} INFO - [2025-03-18T11:06:55.087+0000] {dag.py:3239} INFO - Sync 1 DAGs
[2025-03-18T11:06:55.097+0000] {logging_mixin.py:190} INFO - [2025-03-18T11:06:55.096+0000] {dag.py:4180} INFO - Setting next_dagrun for example_params_ui_tutorial to None, run_after=None
[2025-03-18T11:06:55.111+0000] {processor.py:208} INFO - Processing /usr/local/python/3.12.1/lib/python3.12/site-packages/airflow/example_dags/example_params_ui_tutorial.py took 0.066 seconds
[2025-03-18T11:07:46.387+0000] {processor.py:186} INFO - Started process (PID=60748) to work on /usr/local/python/3.12.1/lib/python3.12/site-packages/airflow/example_dags/example_params_ui_tutorial.py
[2025-03-18T11:07:46.387+0000] {processor.py:914} INFO - Processing file /usr/local/python/3.12.1/lib/python3.12/site-packages/airflow/example_dags/example_params_ui_tutorial.py for tasks to queue
[2025-03-18T11:07:46.389+0000] {logging_mixin.py:190} INFO - [2025-03-18T11:07:46.389+0000] {dagbag.py:588} INFO - Filling up the DagBag from /usr/local/python/3.12.1/lib/python3.12/site-packages/airflow/example_dags/example_params_ui_tutorial.py
[2025-03-18T11:07:46.396+0000] {processor.py:925} INFO - DAG(s) 'example_params_ui_tutorial' retrieved from /usr/local/python/3.12.1/lib/python3.12/site-packages/airflow/example_dags/example_params_ui_tutorial.py
[2025-03-18T11:07:46.427+0000] {logging_mixin.py:190} INFO - [2025-03-18T11:07:46.426+0000] {dag.py:3239} INFO - Sync 1 DAGs
[2025-03-18T11:07:46.436+0000] {logging_mixin.py:190} INFO - [2025-03-18T11:07:46.436+0000] {dag.py:4180} INFO - Setting next_dagrun for example_params_ui_tutorial to None, run_after=None
[2025-03-18T11:07:46.450+0000] {processor.py:208} INFO - Processing /usr/local/python/3.12.1/lib/python3.12/site-packages/airflow/example_dags/example_params_ui_tutorial.py took 0.068 seconds
[2025-03-18T11:08:36.515+0000] {processor.py:186} INFO - Started process (PID=61172) to work on /usr/local/python/3.12.1/lib/python3.12/site-packages/airflow/example_dags/example_params_ui_tutorial.py
[2025-03-18T11:08:36.516+0000] {processor.py:914} INFO - Processing file /usr/local/python/3.12.1/lib/python3.12/site-packages/airflow/example_dags/example_params_ui_tutorial.py for tasks to queue
[2025-03-18T11:08:36.518+0000] {logging_mixin.py:190} INFO - [2025-03-18T11:08:36.517+0000] {dagbag.py:588} INFO - Filling up the DagBag from /usr/local/python/3.12.1/lib/python3.12/site-packages/airflow/example_dags/example_params_ui_tutorial.py
[2025-03-18T11:08:36.525+0000] {processor.py:925} INFO - DAG(s) 'example_params_ui_tutorial' retrieved from /usr/local/python/3.12.1/lib/python3.12/site-packages/airflow/example_dags/example_params_ui_tutorial.py
[2025-03-18T11:08:36.554+0000] {logging_mixin.py:190} INFO - [2025-03-18T11:08:36.554+0000] {dag.py:3239} INFO - Sync 1 DAGs
[2025-03-18T11:08:36.564+0000] {logging_mixin.py:190} INFO - [2025-03-18T11:08:36.564+0000] {dag.py:4180} INFO - Setting next_dagrun for example_params_ui_tutorial to None, run_after=None
[2025-03-18T11:08:36.577+0000] {processor.py:208} INFO - Processing /usr/local/python/3.12.1/lib/python3.12/site-packages/airflow/example_dags/example_params_ui_tutorial.py took 0.066 seconds
[2025-03-18T11:09:28.982+0000] {processor.py:186} INFO - Started process (PID=61637) to work on /usr/local/python/3.12.1/lib/python3.12/site-packages/airflow/example_dags/example_params_ui_tutorial.py
[2025-03-18T11:09:28.983+0000] {processor.py:914} INFO - Processing file /usr/local/python/3.12.1/lib/python3.12/site-packages/airflow/example_dags/example_params_ui_tutorial.py for tasks to queue
[2025-03-18T11:09:28.984+0000] {logging_mixin.py:190} INFO - [2025-03-18T11:09:28.984+0000] {dagbag.py:588} INFO - Filling up the DagBag from /usr/local/python/3.12.1/lib/python3.12/site-packages/airflow/example_dags/example_params_ui_tutorial.py
[2025-03-18T11:09:28.991+0000] {processor.py:925} INFO - DAG(s) 'example_params_ui_tutorial' retrieved from /usr/local/python/3.12.1/lib/python3.12/site-packages/airflow/example_dags/example_params_ui_tutorial.py
[2025-03-18T11:09:29.021+0000] {logging_mixin.py:190} INFO - [2025-03-18T11:09:29.021+0000] {dag.py:3239} INFO - Sync 1 DAGs
[2025-03-18T11:09:29.030+0000] {logging_mixin.py:190} INFO - [2025-03-18T11:09:29.030+0000] {dag.py:4180} INFO - Setting next_dagrun for example_params_ui_tutorial to None, run_after=None
[2025-03-18T11:09:29.044+0000] {processor.py:208} INFO - Processing /usr/local/python/3.12.1/lib/python3.12/site-packages/airflow/example_dags/example_params_ui_tutorial.py took 0.066 seconds
[2025-03-18T11:10:22.603+0000] {processor.py:186} INFO - Started process (PID=62098) to work on /usr/local/python/3.12.1/lib/python3.12/site-packages/airflow/example_dags/example_params_ui_tutorial.py
[2025-03-18T11:10:22.604+0000] {processor.py:914} INFO - Processing file /usr/local/python/3.12.1/lib/python3.12/site-packages/airflow/example_dags/example_params_ui_tutorial.py for tasks to queue
[2025-03-18T11:10:22.605+0000] {logging_mixin.py:190} INFO - [2025-03-18T11:10:22.605+0000] {dagbag.py:588} INFO - Filling up the DagBag from /usr/local/python/3.12.1/lib/python3.12/site-packages/airflow/example_dags/example_params_ui_tutorial.py
[2025-03-18T11:10:22.612+0000] {processor.py:925} INFO - DAG(s) 'example_params_ui_tutorial' retrieved from /usr/local/python/3.12.1/lib/python3.12/site-packages/airflow/example_dags/example_params_ui_tutorial.py
[2025-03-18T11:10:22.642+0000] {logging_mixin.py:190} INFO - [2025-03-18T11:10:22.642+0000] {dag.py:3239} INFO - Sync 1 DAGs
[2025-03-18T11:10:22.652+0000] {logging_mixin.py:190} INFO - [2025-03-18T11:10:22.651+0000] {dag.py:4180} INFO - Setting next_dagrun for example_params_ui_tutorial to None, run_after=None
[2025-03-18T11:10:22.666+0000] {processor.py:208} INFO - Processing /usr/local/python/3.12.1/lib/python3.12/site-packages/airflow/example_dags/example_params_ui_tutorial.py took 0.067 seconds
[2025-03-18T11:11:10.623+0000] {processor.py:186} INFO - Started process (PID=62526) to work on /usr/local/python/3.12.1/lib/python3.12/site-packages/airflow/example_dags/example_params_ui_tutorial.py
[2025-03-18T11:11:10.624+0000] {processor.py:914} INFO - Processing file /usr/local/python/3.12.1/lib/python3.12/site-packages/airflow/example_dags/example_params_ui_tutorial.py for tasks to queue
[2025-03-18T11:11:10.625+0000] {logging_mixin.py:190} INFO - [2025-03-18T11:11:10.625+0000] {dagbag.py:588} INFO - Filling up the DagBag from /usr/local/python/3.12.1/lib/python3.12/site-packages/airflow/example_dags/example_params_ui_tutorial.py
[2025-03-18T11:11:10.632+0000] {processor.py:925} INFO - DAG(s) 'example_params_ui_tutorial' retrieved from /usr/local/python/3.12.1/lib/python3.12/site-packages/airflow/example_dags/example_params_ui_tutorial.py
[2025-03-18T11:11:10.663+0000] {logging_mixin.py:190} INFO - [2025-03-18T11:11:10.663+0000] {dag.py:3239} INFO - Sync 1 DAGs
[2025-03-18T11:11:10.673+0000] {logging_mixin.py:190} INFO - [2025-03-18T11:11:10.672+0000] {dag.py:4180} INFO - Setting next_dagrun for example_params_ui_tutorial to None, run_after=None
[2025-03-18T11:11:10.687+0000] {processor.py:208} INFO - Processing /usr/local/python/3.12.1/lib/python3.12/site-packages/airflow/example_dags/example_params_ui_tutorial.py took 0.068 seconds
[2025-03-18T11:11:57.739+0000] {processor.py:186} INFO - Started process (PID=63070) to work on /usr/local/python/3.12.1/lib/python3.12/site-packages/airflow/example_dags/example_params_ui_tutorial.py
[2025-03-18T11:11:57.740+0000] {processor.py:914} INFO - Processing file /usr/local/python/3.12.1/lib/python3.12/site-packages/airflow/example_dags/example_params_ui_tutorial.py for tasks to queue
[2025-03-18T11:11:57.741+0000] {logging_mixin.py:190} INFO - [2025-03-18T11:11:57.741+0000] {dagbag.py:588} INFO - Filling up the DagBag from /usr/local/python/3.12.1/lib/python3.12/site-packages/airflow/example_dags/example_params_ui_tutorial.py
[2025-03-18T11:11:57.748+0000] {processor.py:925} INFO - DAG(s) 'example_params_ui_tutorial' retrieved from /usr/local/python/3.12.1/lib/python3.12/site-packages/airflow/example_dags/example_params_ui_tutorial.py
[2025-03-18T11:11:57.778+0000] {logging_mixin.py:190} INFO - [2025-03-18T11:11:57.778+0000] {dag.py:3239} INFO - Sync 1 DAGs
[2025-03-18T11:11:57.788+0000] {logging_mixin.py:190} INFO - [2025-03-18T11:11:57.788+0000] {dag.py:4180} INFO - Setting next_dagrun for example_params_ui_tutorial to None, run_after=None
[2025-03-18T11:11:57.802+0000] {processor.py:208} INFO - Processing /usr/local/python/3.12.1/lib/python3.12/site-packages/airflow/example_dags/example_params_ui_tutorial.py took 0.067 seconds
[2025-03-18T11:50:44.999+0000] {processor.py:186} INFO - Started process (PID=83069) to work on /usr/local/python/3.12.1/lib/python3.12/site-packages/airflow/example_dags/example_params_ui_tutorial.py
[2025-03-18T11:50:45.000+0000] {processor.py:914} INFO - Processing file /usr/local/python/3.12.1/lib/python3.12/site-packages/airflow/example_dags/example_params_ui_tutorial.py for tasks to queue
[2025-03-18T11:50:45.001+0000] {logging_mixin.py:190} INFO - [2025-03-18T11:50:45.001+0000] {dagbag.py:588} INFO - Filling up the DagBag from /usr/local/python/3.12.1/lib/python3.12/site-packages/airflow/example_dags/example_params_ui_tutorial.py
[2025-03-18T11:50:45.008+0000] {processor.py:925} INFO - DAG(s) 'example_params_ui_tutorial' retrieved from /usr/local/python/3.12.1/lib/python3.12/site-packages/airflow/example_dags/example_params_ui_tutorial.py
[2025-03-18T11:50:45.040+0000] {logging_mixin.py:190} INFO - [2025-03-18T11:50:45.040+0000] {dag.py:3239} INFO - Sync 1 DAGs
[2025-03-18T11:50:45.050+0000] {logging_mixin.py:190} INFO - [2025-03-18T11:50:45.050+0000] {dag.py:4180} INFO - Setting next_dagrun for example_params_ui_tutorial to None, run_after=None
[2025-03-18T11:50:45.065+0000] {processor.py:208} INFO - Processing /usr/local/python/3.12.1/lib/python3.12/site-packages/airflow/example_dags/example_params_ui_tutorial.py took 0.069 seconds
