[2025-03-18T10:51:22.581+0000] {processor.py:186} INFO - Started process (PID=49158) to work on /usr/local/python/3.12.1/lib/python3.12/site-packages/airflow/example_dags/tutorial_taskflow_api_virtualenv.py
[2025-03-18T10:51:22.581+0000] {processor.py:914} INFO - Processing file /usr/local/python/3.12.1/lib/python3.12/site-packages/airflow/example_dags/tutorial_taskflow_api_virtualenv.py for tasks to queue
[2025-03-18T10:51:22.583+0000] {logging_mixin.py:190} INFO - [2025-03-18T10:51:22.582+0000] {dagbag.py:588} INFO - Filling up the DagBag from /usr/local/python/3.12.1/lib/python3.12/site-packages/airflow/example_dags/tutorial_taskflow_api_virtualenv.py
[2025-03-18T10:51:22.595+0000] {processor.py:925} INFO - DAG(s) 'tutorial_taskflow_api_virtualenv' retrieved from /usr/local/python/3.12.1/lib/python3.12/site-packages/airflow/example_dags/tutorial_taskflow_api_virtualenv.py
[2025-03-18T10:51:22.679+0000] {logging_mixin.py:190} INFO - [2025-03-18T10:51:22.679+0000] {override.py:1930} INFO - Created Permission View: can read on DAG:tutorial_taskflow_api_virtualenv
[2025-03-18T10:51:22.687+0000] {logging_mixin.py:190} INFO - [2025-03-18T10:51:22.687+0000] {override.py:1930} INFO - Created Permission View: can edit on DAG:tutorial_taskflow_api_virtualenv
[2025-03-18T10:51:22.693+0000] {logging_mixin.py:190} INFO - [2025-03-18T10:51:22.693+0000] {override.py:1930} INFO - Created Permission View: can delete on DAG:tutorial_taskflow_api_virtualenv
[2025-03-18T10:51:22.702+0000] {logging_mixin.py:190} INFO - [2025-03-18T10:51:22.702+0000] {override.py:1930} INFO - Created Permission View: can read on DAG Run:tutorial_taskflow_api_virtualenv
[2025-03-18T10:51:22.708+0000] {logging_mixin.py:190} INFO - [2025-03-18T10:51:22.707+0000] {override.py:1930} INFO - Created Permission View: can create on DAG Run:tutorial_taskflow_api_virtualenv
[2025-03-18T10:51:22.713+0000] {logging_mixin.py:190} INFO - [2025-03-18T10:51:22.713+0000] {override.py:1930} INFO - Created Permission View: menu access on DAG Run:tutorial_taskflow_api_virtualenv
[2025-03-18T10:51:22.719+0000] {logging_mixin.py:190} INFO - [2025-03-18T10:51:22.718+0000] {override.py:1930} INFO - Created Permission View: can delete on DAG Run:tutorial_taskflow_api_virtualenv
[2025-03-18T10:51:22.719+0000] {logging_mixin.py:190} INFO - [2025-03-18T10:51:22.719+0000] {dag.py:3239} INFO - Sync 1 DAGs
[2025-03-18T10:51:22.731+0000] {logging_mixin.py:190} INFO - [2025-03-18T10:51:22.730+0000] {dag.py:3262} INFO - Creating ORM DAG for tutorial_taskflow_api_virtualenv
[2025-03-18T10:51:22.731+0000] {logging_mixin.py:190} INFO - [2025-03-18T10:51:22.731+0000] {dag.py:4180} INFO - Setting next_dagrun for tutorial_taskflow_api_virtualenv to None, run_after=None
[2025-03-18T10:51:22.750+0000] {processor.py:208} INFO - Processing /usr/local/python/3.12.1/lib/python3.12/site-packages/airflow/example_dags/tutorial_taskflow_api_virtualenv.py took 0.173 seconds
[2025-03-18T10:52:23.902+0000] {processor.py:186} INFO - Started process (PID=49768) to work on /usr/local/python/3.12.1/lib/python3.12/site-packages/airflow/example_dags/tutorial_taskflow_api_virtualenv.py
[2025-03-18T10:52:23.903+0000] {processor.py:914} INFO - Processing file /usr/local/python/3.12.1/lib/python3.12/site-packages/airflow/example_dags/tutorial_taskflow_api_virtualenv.py for tasks to queue
[2025-03-18T10:52:23.905+0000] {logging_mixin.py:190} INFO - [2025-03-18T10:52:23.904+0000] {dagbag.py:588} INFO - Filling up the DagBag from /usr/local/python/3.12.1/lib/python3.12/site-packages/airflow/example_dags/tutorial_taskflow_api_virtualenv.py
[2025-03-18T10:52:23.915+0000] {processor.py:925} INFO - DAG(s) 'tutorial_taskflow_api_virtualenv' retrieved from /usr/local/python/3.12.1/lib/python3.12/site-packages/airflow/example_dags/tutorial_taskflow_api_virtualenv.py
[2025-03-18T10:52:23.927+0000] {logging_mixin.py:190} INFO - [2025-03-18T10:52:23.927+0000] {dag.py:3239} INFO - Sync 1 DAGs
[2025-03-18T10:52:23.936+0000] {logging_mixin.py:190} INFO - [2025-03-18T10:52:23.936+0000] {dag.py:4180} INFO - Setting next_dagrun for tutorial_taskflow_api_virtualenv to None, run_after=None
[2025-03-18T10:52:23.951+0000] {processor.py:208} INFO - Processing /usr/local/python/3.12.1/lib/python3.12/site-packages/airflow/example_dags/tutorial_taskflow_api_virtualenv.py took 0.053 seconds
[2025-03-18T10:53:06.304+0000] {processor.py:186} INFO - Started process (PID=50359) to work on /usr/local/python/3.12.1/lib/python3.12/site-packages/airflow/example_dags/tutorial_taskflow_api_virtualenv.py
[2025-03-18T10:53:06.305+0000] {processor.py:914} INFO - Processing file /usr/local/python/3.12.1/lib/python3.12/site-packages/airflow/example_dags/tutorial_taskflow_api_virtualenv.py for tasks to queue
[2025-03-18T10:53:06.307+0000] {logging_mixin.py:190} INFO - [2025-03-18T10:53:06.306+0000] {dagbag.py:588} INFO - Filling up the DagBag from /usr/local/python/3.12.1/lib/python3.12/site-packages/airflow/example_dags/tutorial_taskflow_api_virtualenv.py
[2025-03-18T10:53:06.323+0000] {processor.py:925} INFO - DAG(s) 'tutorial_taskflow_api_virtualenv' retrieved from /usr/local/python/3.12.1/lib/python3.12/site-packages/airflow/example_dags/tutorial_taskflow_api_virtualenv.py
[2025-03-18T10:53:06.476+0000] {logging_mixin.py:190} INFO - [2025-03-18T10:53:06.475+0000] {dag.py:3239} INFO - Sync 1 DAGs
[2025-03-18T10:53:06.495+0000] {logging_mixin.py:190} INFO - [2025-03-18T10:53:06.495+0000] {dag.py:4180} INFO - Setting next_dagrun for tutorial_taskflow_api_virtualenv to None, run_after=None
[2025-03-18T10:53:06.526+0000] {processor.py:208} INFO - Processing /usr/local/python/3.12.1/lib/python3.12/site-packages/airflow/example_dags/tutorial_taskflow_api_virtualenv.py took 0.227 seconds
[2025-03-18T10:54:01.698+0000] {processor.py:186} INFO - Started process (PID=51017) to work on /usr/local/python/3.12.1/lib/python3.12/site-packages/airflow/example_dags/tutorial_taskflow_api_virtualenv.py
[2025-03-18T10:54:01.699+0000] {processor.py:914} INFO - Processing file /usr/local/python/3.12.1/lib/python3.12/site-packages/airflow/example_dags/tutorial_taskflow_api_virtualenv.py for tasks to queue
[2025-03-18T10:54:01.700+0000] {logging_mixin.py:190} INFO - [2025-03-18T10:54:01.700+0000] {dagbag.py:588} INFO - Filling up the DagBag from /usr/local/python/3.12.1/lib/python3.12/site-packages/airflow/example_dags/tutorial_taskflow_api_virtualenv.py
[2025-03-18T10:54:01.710+0000] {processor.py:925} INFO - DAG(s) 'tutorial_taskflow_api_virtualenv' retrieved from /usr/local/python/3.12.1/lib/python3.12/site-packages/airflow/example_dags/tutorial_taskflow_api_virtualenv.py
[2025-03-18T10:54:01.720+0000] {logging_mixin.py:190} INFO - [2025-03-18T10:54:01.720+0000] {dag.py:3239} INFO - Sync 1 DAGs
[2025-03-18T10:54:01.730+0000] {logging_mixin.py:190} INFO - [2025-03-18T10:54:01.729+0000] {dag.py:4180} INFO - Setting next_dagrun for tutorial_taskflow_api_virtualenv to None, run_after=None
[2025-03-18T10:54:01.744+0000] {processor.py:208} INFO - Processing /usr/local/python/3.12.1/lib/python3.12/site-packages/airflow/example_dags/tutorial_taskflow_api_virtualenv.py took 0.050 seconds
[2025-03-18T10:54:55.614+0000] {processor.py:186} INFO - Started process (PID=51489) to work on /usr/local/python/3.12.1/lib/python3.12/site-packages/airflow/example_dags/tutorial_taskflow_api_virtualenv.py
[2025-03-18T10:54:55.615+0000] {processor.py:914} INFO - Processing file /usr/local/python/3.12.1/lib/python3.12/site-packages/airflow/example_dags/tutorial_taskflow_api_virtualenv.py for tasks to queue
[2025-03-18T10:54:55.617+0000] {logging_mixin.py:190} INFO - [2025-03-18T10:54:55.616+0000] {dagbag.py:588} INFO - Filling up the DagBag from /usr/local/python/3.12.1/lib/python3.12/site-packages/airflow/example_dags/tutorial_taskflow_api_virtualenv.py
[2025-03-18T10:54:55.630+0000] {processor.py:925} INFO - DAG(s) 'tutorial_taskflow_api_virtualenv' retrieved from /usr/local/python/3.12.1/lib/python3.12/site-packages/airflow/example_dags/tutorial_taskflow_api_virtualenv.py
[2025-03-18T10:54:55.642+0000] {logging_mixin.py:190} INFO - [2025-03-18T10:54:55.642+0000] {dag.py:3239} INFO - Sync 1 DAGs
[2025-03-18T10:54:55.652+0000] {logging_mixin.py:190} INFO - [2025-03-18T10:54:55.652+0000] {dag.py:4180} INFO - Setting next_dagrun for tutorial_taskflow_api_virtualenv to None, run_after=None
[2025-03-18T10:54:55.669+0000] {processor.py:208} INFO - Processing /usr/local/python/3.12.1/lib/python3.12/site-packages/airflow/example_dags/tutorial_taskflow_api_virtualenv.py took 0.059 seconds
[2025-03-18T10:55:44.121+0000] {processor.py:186} INFO - Started process (PID=52002) to work on /usr/local/python/3.12.1/lib/python3.12/site-packages/airflow/example_dags/tutorial_taskflow_api_virtualenv.py
[2025-03-18T10:55:44.122+0000] {processor.py:914} INFO - Processing file /usr/local/python/3.12.1/lib/python3.12/site-packages/airflow/example_dags/tutorial_taskflow_api_virtualenv.py for tasks to queue
[2025-03-18T10:55:44.123+0000] {logging_mixin.py:190} INFO - [2025-03-18T10:55:44.123+0000] {dagbag.py:588} INFO - Filling up the DagBag from /usr/local/python/3.12.1/lib/python3.12/site-packages/airflow/example_dags/tutorial_taskflow_api_virtualenv.py
[2025-03-18T10:55:44.134+0000] {processor.py:925} INFO - DAG(s) 'tutorial_taskflow_api_virtualenv' retrieved from /usr/local/python/3.12.1/lib/python3.12/site-packages/airflow/example_dags/tutorial_taskflow_api_virtualenv.py
[2025-03-18T10:55:44.147+0000] {logging_mixin.py:190} INFO - [2025-03-18T10:55:44.147+0000] {dag.py:3239} INFO - Sync 1 DAGs
[2025-03-18T10:55:44.156+0000] {logging_mixin.py:190} INFO - [2025-03-18T10:55:44.156+0000] {dag.py:4180} INFO - Setting next_dagrun for tutorial_taskflow_api_virtualenv to None, run_after=None
[2025-03-18T10:55:44.170+0000] {processor.py:208} INFO - Processing /usr/local/python/3.12.1/lib/python3.12/site-packages/airflow/example_dags/tutorial_taskflow_api_virtualenv.py took 0.053 seconds
[2025-03-18T10:56:33.662+0000] {processor.py:186} INFO - Started process (PID=52653) to work on /usr/local/python/3.12.1/lib/python3.12/site-packages/airflow/example_dags/tutorial_taskflow_api_virtualenv.py
[2025-03-18T10:56:33.662+0000] {processor.py:914} INFO - Processing file /usr/local/python/3.12.1/lib/python3.12/site-packages/airflow/example_dags/tutorial_taskflow_api_virtualenv.py for tasks to queue
[2025-03-18T10:56:33.664+0000] {logging_mixin.py:190} INFO - [2025-03-18T10:56:33.664+0000] {dagbag.py:588} INFO - Filling up the DagBag from /usr/local/python/3.12.1/lib/python3.12/site-packages/airflow/example_dags/tutorial_taskflow_api_virtualenv.py
[2025-03-18T10:56:33.673+0000] {processor.py:925} INFO - DAG(s) 'tutorial_taskflow_api_virtualenv' retrieved from /usr/local/python/3.12.1/lib/python3.12/site-packages/airflow/example_dags/tutorial_taskflow_api_virtualenv.py
[2025-03-18T10:56:33.684+0000] {logging_mixin.py:190} INFO - [2025-03-18T10:56:33.684+0000] {dag.py:3239} INFO - Sync 1 DAGs
[2025-03-18T10:56:33.693+0000] {logging_mixin.py:190} INFO - [2025-03-18T10:56:33.693+0000] {dag.py:4180} INFO - Setting next_dagrun for tutorial_taskflow_api_virtualenv to None, run_after=None
[2025-03-18T10:56:33.708+0000] {processor.py:208} INFO - Processing /usr/local/python/3.12.1/lib/python3.12/site-packages/airflow/example_dags/tutorial_taskflow_api_virtualenv.py took 0.050 seconds
[2025-03-18T10:57:22.385+0000] {processor.py:186} INFO - Started process (PID=53221) to work on /usr/local/python/3.12.1/lib/python3.12/site-packages/airflow/example_dags/tutorial_taskflow_api_virtualenv.py
[2025-03-18T10:57:22.385+0000] {processor.py:914} INFO - Processing file /usr/local/python/3.12.1/lib/python3.12/site-packages/airflow/example_dags/tutorial_taskflow_api_virtualenv.py for tasks to queue
[2025-03-18T10:57:22.387+0000] {logging_mixin.py:190} INFO - [2025-03-18T10:57:22.387+0000] {dagbag.py:588} INFO - Filling up the DagBag from /usr/local/python/3.12.1/lib/python3.12/site-packages/airflow/example_dags/tutorial_taskflow_api_virtualenv.py
[2025-03-18T10:57:22.396+0000] {processor.py:925} INFO - DAG(s) 'tutorial_taskflow_api_virtualenv' retrieved from /usr/local/python/3.12.1/lib/python3.12/site-packages/airflow/example_dags/tutorial_taskflow_api_virtualenv.py
[2025-03-18T10:57:22.407+0000] {logging_mixin.py:190} INFO - [2025-03-18T10:57:22.407+0000] {dag.py:3239} INFO - Sync 1 DAGs
[2025-03-18T10:57:22.416+0000] {logging_mixin.py:190} INFO - [2025-03-18T10:57:22.416+0000] {dag.py:4180} INFO - Setting next_dagrun for tutorial_taskflow_api_virtualenv to None, run_after=None
[2025-03-18T10:57:22.430+0000] {processor.py:208} INFO - Processing /usr/local/python/3.12.1/lib/python3.12/site-packages/airflow/example_dags/tutorial_taskflow_api_virtualenv.py took 0.049 seconds
[2025-03-18T10:58:10.922+0000] {processor.py:186} INFO - Started process (PID=53746) to work on /usr/local/python/3.12.1/lib/python3.12/site-packages/airflow/example_dags/tutorial_taskflow_api_virtualenv.py
[2025-03-18T10:58:10.923+0000] {processor.py:914} INFO - Processing file /usr/local/python/3.12.1/lib/python3.12/site-packages/airflow/example_dags/tutorial_taskflow_api_virtualenv.py for tasks to queue
[2025-03-18T10:58:10.924+0000] {logging_mixin.py:190} INFO - [2025-03-18T10:58:10.924+0000] {dagbag.py:588} INFO - Filling up the DagBag from /usr/local/python/3.12.1/lib/python3.12/site-packages/airflow/example_dags/tutorial_taskflow_api_virtualenv.py
[2025-03-18T10:58:10.933+0000] {processor.py:925} INFO - DAG(s) 'tutorial_taskflow_api_virtualenv' retrieved from /usr/local/python/3.12.1/lib/python3.12/site-packages/airflow/example_dags/tutorial_taskflow_api_virtualenv.py
[2025-03-18T10:58:10.943+0000] {logging_mixin.py:190} INFO - [2025-03-18T10:58:10.943+0000] {dag.py:3239} INFO - Sync 1 DAGs
[2025-03-18T10:58:10.953+0000] {logging_mixin.py:190} INFO - [2025-03-18T10:58:10.953+0000] {dag.py:4180} INFO - Setting next_dagrun for tutorial_taskflow_api_virtualenv to None, run_after=None
[2025-03-18T10:58:10.967+0000] {processor.py:208} INFO - Processing /usr/local/python/3.12.1/lib/python3.12/site-packages/airflow/example_dags/tutorial_taskflow_api_virtualenv.py took 0.048 seconds
[2025-03-18T10:58:59.315+0000] {processor.py:186} INFO - Started process (PID=54262) to work on /usr/local/python/3.12.1/lib/python3.12/site-packages/airflow/example_dags/tutorial_taskflow_api_virtualenv.py
[2025-03-18T10:58:59.315+0000] {processor.py:914} INFO - Processing file /usr/local/python/3.12.1/lib/python3.12/site-packages/airflow/example_dags/tutorial_taskflow_api_virtualenv.py for tasks to queue
[2025-03-18T10:58:59.317+0000] {logging_mixin.py:190} INFO - [2025-03-18T10:58:59.317+0000] {dagbag.py:588} INFO - Filling up the DagBag from /usr/local/python/3.12.1/lib/python3.12/site-packages/airflow/example_dags/tutorial_taskflow_api_virtualenv.py
[2025-03-18T10:58:59.327+0000] {processor.py:925} INFO - DAG(s) 'tutorial_taskflow_api_virtualenv' retrieved from /usr/local/python/3.12.1/lib/python3.12/site-packages/airflow/example_dags/tutorial_taskflow_api_virtualenv.py
[2025-03-18T10:58:59.337+0000] {logging_mixin.py:190} INFO - [2025-03-18T10:58:59.337+0000] {dag.py:3239} INFO - Sync 1 DAGs
[2025-03-18T10:58:59.348+0000] {logging_mixin.py:190} INFO - [2025-03-18T10:58:59.348+0000] {dag.py:4180} INFO - Setting next_dagrun for tutorial_taskflow_api_virtualenv to None, run_after=None
[2025-03-18T10:58:59.365+0000] {processor.py:208} INFO - Processing /usr/local/python/3.12.1/lib/python3.12/site-packages/airflow/example_dags/tutorial_taskflow_api_virtualenv.py took 0.054 seconds
[2025-03-18T10:59:46.164+0000] {processor.py:186} INFO - Started process (PID=54818) to work on /usr/local/python/3.12.1/lib/python3.12/site-packages/airflow/example_dags/tutorial_taskflow_api_virtualenv.py
[2025-03-18T10:59:46.164+0000] {processor.py:914} INFO - Processing file /usr/local/python/3.12.1/lib/python3.12/site-packages/airflow/example_dags/tutorial_taskflow_api_virtualenv.py for tasks to queue
[2025-03-18T10:59:46.166+0000] {logging_mixin.py:190} INFO - [2025-03-18T10:59:46.166+0000] {dagbag.py:588} INFO - Filling up the DagBag from /usr/local/python/3.12.1/lib/python3.12/site-packages/airflow/example_dags/tutorial_taskflow_api_virtualenv.py
[2025-03-18T10:59:46.175+0000] {processor.py:925} INFO - DAG(s) 'tutorial_taskflow_api_virtualenv' retrieved from /usr/local/python/3.12.1/lib/python3.12/site-packages/airflow/example_dags/tutorial_taskflow_api_virtualenv.py
[2025-03-18T10:59:46.185+0000] {logging_mixin.py:190} INFO - [2025-03-18T10:59:46.185+0000] {dag.py:3239} INFO - Sync 1 DAGs
[2025-03-18T10:59:46.195+0000] {logging_mixin.py:190} INFO - [2025-03-18T10:59:46.195+0000] {dag.py:4180} INFO - Setting next_dagrun for tutorial_taskflow_api_virtualenv to None, run_after=None
[2025-03-18T10:59:46.209+0000] {processor.py:208} INFO - Processing /usr/local/python/3.12.1/lib/python3.12/site-packages/airflow/example_dags/tutorial_taskflow_api_virtualenv.py took 0.049 seconds
[2025-03-18T11:00:35.538+0000] {processor.py:186} INFO - Started process (PID=55438) to work on /usr/local/python/3.12.1/lib/python3.12/site-packages/airflow/example_dags/tutorial_taskflow_api_virtualenv.py
[2025-03-18T11:00:35.538+0000] {processor.py:914} INFO - Processing file /usr/local/python/3.12.1/lib/python3.12/site-packages/airflow/example_dags/tutorial_taskflow_api_virtualenv.py for tasks to queue
[2025-03-18T11:00:35.540+0000] {logging_mixin.py:190} INFO - [2025-03-18T11:00:35.540+0000] {dagbag.py:588} INFO - Filling up the DagBag from /usr/local/python/3.12.1/lib/python3.12/site-packages/airflow/example_dags/tutorial_taskflow_api_virtualenv.py
[2025-03-18T11:00:35.549+0000] {processor.py:925} INFO - DAG(s) 'tutorial_taskflow_api_virtualenv' retrieved from /usr/local/python/3.12.1/lib/python3.12/site-packages/airflow/example_dags/tutorial_taskflow_api_virtualenv.py
[2025-03-18T11:00:35.559+0000] {logging_mixin.py:190} INFO - [2025-03-18T11:00:35.559+0000] {dag.py:3239} INFO - Sync 1 DAGs
[2025-03-18T11:00:35.568+0000] {logging_mixin.py:190} INFO - [2025-03-18T11:00:35.568+0000] {dag.py:4180} INFO - Setting next_dagrun for tutorial_taskflow_api_virtualenv to None, run_after=None
[2025-03-18T11:00:35.583+0000] {processor.py:208} INFO - Processing /usr/local/python/3.12.1/lib/python3.12/site-packages/airflow/example_dags/tutorial_taskflow_api_virtualenv.py took 0.049 seconds
[2025-03-18T11:01:27.591+0000] {processor.py:186} INFO - Started process (PID=57716) to work on /usr/local/python/3.12.1/lib/python3.12/site-packages/airflow/example_dags/tutorial_taskflow_api_virtualenv.py
[2025-03-18T11:01:27.592+0000] {processor.py:914} INFO - Processing file /usr/local/python/3.12.1/lib/python3.12/site-packages/airflow/example_dags/tutorial_taskflow_api_virtualenv.py for tasks to queue
[2025-03-18T11:01:27.593+0000] {logging_mixin.py:190} INFO - [2025-03-18T11:01:27.593+0000] {dagbag.py:588} INFO - Filling up the DagBag from /usr/local/python/3.12.1/lib/python3.12/site-packages/airflow/example_dags/tutorial_taskflow_api_virtualenv.py
[2025-03-18T11:01:27.603+0000] {processor.py:925} INFO - DAG(s) 'tutorial_taskflow_api_virtualenv' retrieved from /usr/local/python/3.12.1/lib/python3.12/site-packages/airflow/example_dags/tutorial_taskflow_api_virtualenv.py
[2025-03-18T11:01:27.613+0000] {logging_mixin.py:190} INFO - [2025-03-18T11:01:27.613+0000] {dag.py:3239} INFO - Sync 1 DAGs
[2025-03-18T11:01:27.623+0000] {logging_mixin.py:190} INFO - [2025-03-18T11:01:27.623+0000] {dag.py:4180} INFO - Setting next_dagrun for tutorial_taskflow_api_virtualenv to None, run_after=None
[2025-03-18T11:01:27.637+0000] {processor.py:208} INFO - Processing /usr/local/python/3.12.1/lib/python3.12/site-packages/airflow/example_dags/tutorial_taskflow_api_virtualenv.py took 0.050 seconds
[2025-03-18T11:02:19.396+0000] {processor.py:186} INFO - Started process (PID=58146) to work on /usr/local/python/3.12.1/lib/python3.12/site-packages/airflow/example_dags/tutorial_taskflow_api_virtualenv.py
[2025-03-18T11:02:19.396+0000] {processor.py:914} INFO - Processing file /usr/local/python/3.12.1/lib/python3.12/site-packages/airflow/example_dags/tutorial_taskflow_api_virtualenv.py for tasks to queue
[2025-03-18T11:02:19.398+0000] {logging_mixin.py:190} INFO - [2025-03-18T11:02:19.398+0000] {dagbag.py:588} INFO - Filling up the DagBag from /usr/local/python/3.12.1/lib/python3.12/site-packages/airflow/example_dags/tutorial_taskflow_api_virtualenv.py
[2025-03-18T11:02:19.407+0000] {processor.py:925} INFO - DAG(s) 'tutorial_taskflow_api_virtualenv' retrieved from /usr/local/python/3.12.1/lib/python3.12/site-packages/airflow/example_dags/tutorial_taskflow_api_virtualenv.py
[2025-03-18T11:02:19.418+0000] {logging_mixin.py:190} INFO - [2025-03-18T11:02:19.418+0000] {dag.py:3239} INFO - Sync 1 DAGs
[2025-03-18T11:02:19.428+0000] {logging_mixin.py:190} INFO - [2025-03-18T11:02:19.427+0000] {dag.py:4180} INFO - Setting next_dagrun for tutorial_taskflow_api_virtualenv to None, run_after=None
[2025-03-18T11:02:19.443+0000] {processor.py:208} INFO - Processing /usr/local/python/3.12.1/lib/python3.12/site-packages/airflow/example_dags/tutorial_taskflow_api_virtualenv.py took 0.051 seconds
[2025-03-18T11:03:06.802+0000] {processor.py:186} INFO - Started process (PID=58552) to work on /usr/local/python/3.12.1/lib/python3.12/site-packages/airflow/example_dags/tutorial_taskflow_api_virtualenv.py
[2025-03-18T11:03:06.803+0000] {processor.py:914} INFO - Processing file /usr/local/python/3.12.1/lib/python3.12/site-packages/airflow/example_dags/tutorial_taskflow_api_virtualenv.py for tasks to queue
[2025-03-18T11:03:06.804+0000] {logging_mixin.py:190} INFO - [2025-03-18T11:03:06.804+0000] {dagbag.py:588} INFO - Filling up the DagBag from /usr/local/python/3.12.1/lib/python3.12/site-packages/airflow/example_dags/tutorial_taskflow_api_virtualenv.py
[2025-03-18T11:03:06.814+0000] {processor.py:925} INFO - DAG(s) 'tutorial_taskflow_api_virtualenv' retrieved from /usr/local/python/3.12.1/lib/python3.12/site-packages/airflow/example_dags/tutorial_taskflow_api_virtualenv.py
[2025-03-18T11:03:06.824+0000] {logging_mixin.py:190} INFO - [2025-03-18T11:03:06.824+0000] {dag.py:3239} INFO - Sync 1 DAGs
[2025-03-18T11:03:06.833+0000] {logging_mixin.py:190} INFO - [2025-03-18T11:03:06.833+0000] {dag.py:4180} INFO - Setting next_dagrun for tutorial_taskflow_api_virtualenv to None, run_after=None
[2025-03-18T11:03:06.848+0000] {processor.py:208} INFO - Processing /usr/local/python/3.12.1/lib/python3.12/site-packages/airflow/example_dags/tutorial_taskflow_api_virtualenv.py took 0.050 seconds
[2025-03-18T11:03:54.150+0000] {processor.py:186} INFO - Started process (PID=58931) to work on /usr/local/python/3.12.1/lib/python3.12/site-packages/airflow/example_dags/tutorial_taskflow_api_virtualenv.py
[2025-03-18T11:03:54.151+0000] {processor.py:914} INFO - Processing file /usr/local/python/3.12.1/lib/python3.12/site-packages/airflow/example_dags/tutorial_taskflow_api_virtualenv.py for tasks to queue
[2025-03-18T11:03:54.153+0000] {logging_mixin.py:190} INFO - [2025-03-18T11:03:54.152+0000] {dagbag.py:588} INFO - Filling up the DagBag from /usr/local/python/3.12.1/lib/python3.12/site-packages/airflow/example_dags/tutorial_taskflow_api_virtualenv.py
[2025-03-18T11:03:54.162+0000] {processor.py:925} INFO - DAG(s) 'tutorial_taskflow_api_virtualenv' retrieved from /usr/local/python/3.12.1/lib/python3.12/site-packages/airflow/example_dags/tutorial_taskflow_api_virtualenv.py
[2025-03-18T11:03:54.173+0000] {logging_mixin.py:190} INFO - [2025-03-18T11:03:54.173+0000] {dag.py:3239} INFO - Sync 1 DAGs
[2025-03-18T11:03:54.182+0000] {logging_mixin.py:190} INFO - [2025-03-18T11:03:54.182+0000] {dag.py:4180} INFO - Setting next_dagrun for tutorial_taskflow_api_virtualenv to None, run_after=None
[2025-03-18T11:03:54.197+0000] {processor.py:208} INFO - Processing /usr/local/python/3.12.1/lib/python3.12/site-packages/airflow/example_dags/tutorial_taskflow_api_virtualenv.py took 0.051 seconds
[2025-03-18T11:04:42.560+0000] {processor.py:186} INFO - Started process (PID=59297) to work on /usr/local/python/3.12.1/lib/python3.12/site-packages/airflow/example_dags/tutorial_taskflow_api_virtualenv.py
[2025-03-18T11:04:42.561+0000] {processor.py:914} INFO - Processing file /usr/local/python/3.12.1/lib/python3.12/site-packages/airflow/example_dags/tutorial_taskflow_api_virtualenv.py for tasks to queue
[2025-03-18T11:04:42.563+0000] {logging_mixin.py:190} INFO - [2025-03-18T11:04:42.562+0000] {dagbag.py:588} INFO - Filling up the DagBag from /usr/local/python/3.12.1/lib/python3.12/site-packages/airflow/example_dags/tutorial_taskflow_api_virtualenv.py
[2025-03-18T11:04:42.572+0000] {processor.py:925} INFO - DAG(s) 'tutorial_taskflow_api_virtualenv' retrieved from /usr/local/python/3.12.1/lib/python3.12/site-packages/airflow/example_dags/tutorial_taskflow_api_virtualenv.py
[2025-03-18T11:04:42.583+0000] {logging_mixin.py:190} INFO - [2025-03-18T11:04:42.582+0000] {dag.py:3239} INFO - Sync 1 DAGs
[2025-03-18T11:04:42.592+0000] {logging_mixin.py:190} INFO - [2025-03-18T11:04:42.592+0000] {dag.py:4180} INFO - Setting next_dagrun for tutorial_taskflow_api_virtualenv to None, run_after=None
[2025-03-18T11:04:42.607+0000] {processor.py:208} INFO - Processing /usr/local/python/3.12.1/lib/python3.12/site-packages/airflow/example_dags/tutorial_taskflow_api_virtualenv.py took 0.050 seconds
[2025-03-18T11:05:30.556+0000] {processor.py:186} INFO - Started process (PID=59685) to work on /usr/local/python/3.12.1/lib/python3.12/site-packages/airflow/example_dags/tutorial_taskflow_api_virtualenv.py
[2025-03-18T11:05:30.556+0000] {processor.py:914} INFO - Processing file /usr/local/python/3.12.1/lib/python3.12/site-packages/airflow/example_dags/tutorial_taskflow_api_virtualenv.py for tasks to queue
[2025-03-18T11:05:30.558+0000] {logging_mixin.py:190} INFO - [2025-03-18T11:05:30.558+0000] {dagbag.py:588} INFO - Filling up the DagBag from /usr/local/python/3.12.1/lib/python3.12/site-packages/airflow/example_dags/tutorial_taskflow_api_virtualenv.py
[2025-03-18T11:05:30.568+0000] {processor.py:925} INFO - DAG(s) 'tutorial_taskflow_api_virtualenv' retrieved from /usr/local/python/3.12.1/lib/python3.12/site-packages/airflow/example_dags/tutorial_taskflow_api_virtualenv.py
[2025-03-18T11:05:30.578+0000] {logging_mixin.py:190} INFO - [2025-03-18T11:05:30.578+0000] {dag.py:3239} INFO - Sync 1 DAGs
[2025-03-18T11:05:30.588+0000] {logging_mixin.py:190} INFO - [2025-03-18T11:05:30.587+0000] {dag.py:4180} INFO - Setting next_dagrun for tutorial_taskflow_api_virtualenv to None, run_after=None
[2025-03-18T11:05:30.603+0000] {processor.py:208} INFO - Processing /usr/local/python/3.12.1/lib/python3.12/site-packages/airflow/example_dags/tutorial_taskflow_api_virtualenv.py took 0.051 seconds
[2025-03-18T11:06:21.492+0000] {processor.py:186} INFO - Started process (PID=60086) to work on /usr/local/python/3.12.1/lib/python3.12/site-packages/airflow/example_dags/tutorial_taskflow_api_virtualenv.py
[2025-03-18T11:06:21.492+0000] {processor.py:914} INFO - Processing file /usr/local/python/3.12.1/lib/python3.12/site-packages/airflow/example_dags/tutorial_taskflow_api_virtualenv.py for tasks to queue
[2025-03-18T11:06:21.494+0000] {logging_mixin.py:190} INFO - [2025-03-18T11:06:21.493+0000] {dagbag.py:588} INFO - Filling up the DagBag from /usr/local/python/3.12.1/lib/python3.12/site-packages/airflow/example_dags/tutorial_taskflow_api_virtualenv.py
[2025-03-18T11:06:21.503+0000] {processor.py:925} INFO - DAG(s) 'tutorial_taskflow_api_virtualenv' retrieved from /usr/local/python/3.12.1/lib/python3.12/site-packages/airflow/example_dags/tutorial_taskflow_api_virtualenv.py
[2025-03-18T11:06:21.516+0000] {logging_mixin.py:190} INFO - [2025-03-18T11:06:21.515+0000] {dag.py:3239} INFO - Sync 1 DAGs
[2025-03-18T11:06:21.527+0000] {logging_mixin.py:190} INFO - [2025-03-18T11:06:21.527+0000] {dag.py:4180} INFO - Setting next_dagrun for tutorial_taskflow_api_virtualenv to None, run_after=None
[2025-03-18T11:06:21.541+0000] {processor.py:208} INFO - Processing /usr/local/python/3.12.1/lib/python3.12/site-packages/airflow/example_dags/tutorial_taskflow_api_virtualenv.py took 0.053 seconds
[2025-03-18T11:07:12.141+0000] {processor.py:186} INFO - Started process (PID=60485) to work on /usr/local/python/3.12.1/lib/python3.12/site-packages/airflow/example_dags/tutorial_taskflow_api_virtualenv.py
[2025-03-18T11:07:12.141+0000] {processor.py:914} INFO - Processing file /usr/local/python/3.12.1/lib/python3.12/site-packages/airflow/example_dags/tutorial_taskflow_api_virtualenv.py for tasks to queue
[2025-03-18T11:07:12.143+0000] {logging_mixin.py:190} INFO - [2025-03-18T11:07:12.143+0000] {dagbag.py:588} INFO - Filling up the DagBag from /usr/local/python/3.12.1/lib/python3.12/site-packages/airflow/example_dags/tutorial_taskflow_api_virtualenv.py
[2025-03-18T11:07:12.153+0000] {processor.py:925} INFO - DAG(s) 'tutorial_taskflow_api_virtualenv' retrieved from /usr/local/python/3.12.1/lib/python3.12/site-packages/airflow/example_dags/tutorial_taskflow_api_virtualenv.py
[2025-03-18T11:07:12.163+0000] {logging_mixin.py:190} INFO - [2025-03-18T11:07:12.163+0000] {dag.py:3239} INFO - Sync 1 DAGs
[2025-03-18T11:07:12.172+0000] {logging_mixin.py:190} INFO - [2025-03-18T11:07:12.172+0000] {dag.py:4180} INFO - Setting next_dagrun for tutorial_taskflow_api_virtualenv to None, run_after=None
[2025-03-18T11:07:12.187+0000] {processor.py:208} INFO - Processing /usr/local/python/3.12.1/lib/python3.12/site-packages/airflow/example_dags/tutorial_taskflow_api_virtualenv.py took 0.050 seconds
[2025-03-18T11:08:03.170+0000] {processor.py:186} INFO - Started process (PID=60912) to work on /usr/local/python/3.12.1/lib/python3.12/site-packages/airflow/example_dags/tutorial_taskflow_api_virtualenv.py
[2025-03-18T11:08:03.171+0000] {processor.py:914} INFO - Processing file /usr/local/python/3.12.1/lib/python3.12/site-packages/airflow/example_dags/tutorial_taskflow_api_virtualenv.py for tasks to queue
[2025-03-18T11:08:03.172+0000] {logging_mixin.py:190} INFO - [2025-03-18T11:08:03.172+0000] {dagbag.py:588} INFO - Filling up the DagBag from /usr/local/python/3.12.1/lib/python3.12/site-packages/airflow/example_dags/tutorial_taskflow_api_virtualenv.py
[2025-03-18T11:08:03.182+0000] {processor.py:925} INFO - DAG(s) 'tutorial_taskflow_api_virtualenv' retrieved from /usr/local/python/3.12.1/lib/python3.12/site-packages/airflow/example_dags/tutorial_taskflow_api_virtualenv.py
[2025-03-18T11:08:03.193+0000] {logging_mixin.py:190} INFO - [2025-03-18T11:08:03.193+0000] {dag.py:3239} INFO - Sync 1 DAGs
[2025-03-18T11:08:03.202+0000] {logging_mixin.py:190} INFO - [2025-03-18T11:08:03.202+0000] {dag.py:4180} INFO - Setting next_dagrun for tutorial_taskflow_api_virtualenv to None, run_after=None
[2025-03-18T11:08:03.217+0000] {processor.py:208} INFO - Processing /usr/local/python/3.12.1/lib/python3.12/site-packages/airflow/example_dags/tutorial_taskflow_api_virtualenv.py took 0.050 seconds
[2025-03-18T11:08:53.383+0000] {processor.py:186} INFO - Started process (PID=61351) to work on /usr/local/python/3.12.1/lib/python3.12/site-packages/airflow/example_dags/tutorial_taskflow_api_virtualenv.py
[2025-03-18T11:08:53.384+0000] {processor.py:914} INFO - Processing file /usr/local/python/3.12.1/lib/python3.12/site-packages/airflow/example_dags/tutorial_taskflow_api_virtualenv.py for tasks to queue
[2025-03-18T11:08:53.386+0000] {logging_mixin.py:190} INFO - [2025-03-18T11:08:53.385+0000] {dagbag.py:588} INFO - Filling up the DagBag from /usr/local/python/3.12.1/lib/python3.12/site-packages/airflow/example_dags/tutorial_taskflow_api_virtualenv.py
[2025-03-18T11:08:53.395+0000] {processor.py:925} INFO - DAG(s) 'tutorial_taskflow_api_virtualenv' retrieved from /usr/local/python/3.12.1/lib/python3.12/site-packages/airflow/example_dags/tutorial_taskflow_api_virtualenv.py
[2025-03-18T11:08:53.406+0000] {logging_mixin.py:190} INFO - [2025-03-18T11:08:53.405+0000] {dag.py:3239} INFO - Sync 1 DAGs
[2025-03-18T11:08:53.415+0000] {logging_mixin.py:190} INFO - [2025-03-18T11:08:53.415+0000] {dag.py:4180} INFO - Setting next_dagrun for tutorial_taskflow_api_virtualenv to None, run_after=None
[2025-03-18T11:08:53.428+0000] {processor.py:208} INFO - Processing /usr/local/python/3.12.1/lib/python3.12/site-packages/airflow/example_dags/tutorial_taskflow_api_virtualenv.py took 0.049 seconds
[2025-03-18T11:09:47.248+0000] {processor.py:186} INFO - Started process (PID=61787) to work on /usr/local/python/3.12.1/lib/python3.12/site-packages/airflow/example_dags/tutorial_taskflow_api_virtualenv.py
[2025-03-18T11:09:47.248+0000] {processor.py:914} INFO - Processing file /usr/local/python/3.12.1/lib/python3.12/site-packages/airflow/example_dags/tutorial_taskflow_api_virtualenv.py for tasks to queue
[2025-03-18T11:09:47.250+0000] {logging_mixin.py:190} INFO - [2025-03-18T11:09:47.249+0000] {dagbag.py:588} INFO - Filling up the DagBag from /usr/local/python/3.12.1/lib/python3.12/site-packages/airflow/example_dags/tutorial_taskflow_api_virtualenv.py
[2025-03-18T11:09:47.259+0000] {processor.py:925} INFO - DAG(s) 'tutorial_taskflow_api_virtualenv' retrieved from /usr/local/python/3.12.1/lib/python3.12/site-packages/airflow/example_dags/tutorial_taskflow_api_virtualenv.py
[2025-03-18T11:09:47.269+0000] {logging_mixin.py:190} INFO - [2025-03-18T11:09:47.269+0000] {dag.py:3239} INFO - Sync 1 DAGs
[2025-03-18T11:09:47.279+0000] {logging_mixin.py:190} INFO - [2025-03-18T11:09:47.279+0000] {dag.py:4180} INFO - Setting next_dagrun for tutorial_taskflow_api_virtualenv to None, run_after=None
[2025-03-18T11:09:47.295+0000] {processor.py:208} INFO - Processing /usr/local/python/3.12.1/lib/python3.12/site-packages/airflow/example_dags/tutorial_taskflow_api_virtualenv.py took 0.051 seconds
[2025-03-18T11:10:38.184+0000] {processor.py:186} INFO - Started process (PID=62226) to work on /usr/local/python/3.12.1/lib/python3.12/site-packages/airflow/example_dags/tutorial_taskflow_api_virtualenv.py
[2025-03-18T11:10:38.184+0000] {processor.py:914} INFO - Processing file /usr/local/python/3.12.1/lib/python3.12/site-packages/airflow/example_dags/tutorial_taskflow_api_virtualenv.py for tasks to queue
[2025-03-18T11:10:38.186+0000] {logging_mixin.py:190} INFO - [2025-03-18T11:10:38.186+0000] {dagbag.py:588} INFO - Filling up the DagBag from /usr/local/python/3.12.1/lib/python3.12/site-packages/airflow/example_dags/tutorial_taskflow_api_virtualenv.py
[2025-03-18T11:10:38.196+0000] {processor.py:925} INFO - DAG(s) 'tutorial_taskflow_api_virtualenv' retrieved from /usr/local/python/3.12.1/lib/python3.12/site-packages/airflow/example_dags/tutorial_taskflow_api_virtualenv.py
[2025-03-18T11:10:38.206+0000] {logging_mixin.py:190} INFO - [2025-03-18T11:10:38.206+0000] {dag.py:3239} INFO - Sync 1 DAGs
[2025-03-18T11:10:38.216+0000] {logging_mixin.py:190} INFO - [2025-03-18T11:10:38.216+0000] {dag.py:4180} INFO - Setting next_dagrun for tutorial_taskflow_api_virtualenv to None, run_after=None
[2025-03-18T11:10:38.230+0000] {processor.py:208} INFO - Processing /usr/local/python/3.12.1/lib/python3.12/site-packages/airflow/example_dags/tutorial_taskflow_api_virtualenv.py took 0.051 seconds
[2025-03-18T11:11:26.896+0000] {processor.py:186} INFO - Started process (PID=62656) to work on /usr/local/python/3.12.1/lib/python3.12/site-packages/airflow/example_dags/tutorial_taskflow_api_virtualenv.py
[2025-03-18T11:11:26.897+0000] {processor.py:914} INFO - Processing file /usr/local/python/3.12.1/lib/python3.12/site-packages/airflow/example_dags/tutorial_taskflow_api_virtualenv.py for tasks to queue
[2025-03-18T11:11:26.898+0000] {logging_mixin.py:190} INFO - [2025-03-18T11:11:26.898+0000] {dagbag.py:588} INFO - Filling up the DagBag from /usr/local/python/3.12.1/lib/python3.12/site-packages/airflow/example_dags/tutorial_taskflow_api_virtualenv.py
[2025-03-18T11:11:26.908+0000] {processor.py:925} INFO - DAG(s) 'tutorial_taskflow_api_virtualenv' retrieved from /usr/local/python/3.12.1/lib/python3.12/site-packages/airflow/example_dags/tutorial_taskflow_api_virtualenv.py
[2025-03-18T11:11:26.918+0000] {logging_mixin.py:190} INFO - [2025-03-18T11:11:26.918+0000] {dag.py:3239} INFO - Sync 1 DAGs
[2025-03-18T11:11:26.928+0000] {logging_mixin.py:190} INFO - [2025-03-18T11:11:26.927+0000] {dag.py:4180} INFO - Setting next_dagrun for tutorial_taskflow_api_virtualenv to None, run_after=None
[2025-03-18T11:11:26.941+0000] {processor.py:208} INFO - Processing /usr/local/python/3.12.1/lib/python3.12/site-packages/airflow/example_dags/tutorial_taskflow_api_virtualenv.py took 0.049 seconds
[2025-03-18T11:12:14.296+0000] {processor.py:186} INFO - Started process (PID=63235) to work on /usr/local/python/3.12.1/lib/python3.12/site-packages/airflow/example_dags/tutorial_taskflow_api_virtualenv.py
[2025-03-18T11:12:14.297+0000] {processor.py:914} INFO - Processing file /usr/local/python/3.12.1/lib/python3.12/site-packages/airflow/example_dags/tutorial_taskflow_api_virtualenv.py for tasks to queue
[2025-03-18T11:12:14.299+0000] {logging_mixin.py:190} INFO - [2025-03-18T11:12:14.298+0000] {dagbag.py:588} INFO - Filling up the DagBag from /usr/local/python/3.12.1/lib/python3.12/site-packages/airflow/example_dags/tutorial_taskflow_api_virtualenv.py
[2025-03-18T11:12:14.308+0000] {processor.py:925} INFO - DAG(s) 'tutorial_taskflow_api_virtualenv' retrieved from /usr/local/python/3.12.1/lib/python3.12/site-packages/airflow/example_dags/tutorial_taskflow_api_virtualenv.py
[2025-03-18T11:12:14.319+0000] {logging_mixin.py:190} INFO - [2025-03-18T11:12:14.319+0000] {dag.py:3239} INFO - Sync 1 DAGs
[2025-03-18T11:12:14.328+0000] {logging_mixin.py:190} INFO - [2025-03-18T11:12:14.328+0000] {dag.py:4180} INFO - Setting next_dagrun for tutorial_taskflow_api_virtualenv to None, run_after=None
[2025-03-18T11:12:14.343+0000] {processor.py:208} INFO - Processing /usr/local/python/3.12.1/lib/python3.12/site-packages/airflow/example_dags/tutorial_taskflow_api_virtualenv.py took 0.050 seconds
[2025-03-18T11:49:45.670+0000] {processor.py:186} INFO - Started process (PID=82378) to work on /usr/local/python/3.12.1/lib/python3.12/site-packages/airflow/example_dags/tutorial_taskflow_api_virtualenv.py
[2025-03-18T11:49:45.670+0000] {processor.py:914} INFO - Processing file /usr/local/python/3.12.1/lib/python3.12/site-packages/airflow/example_dags/tutorial_taskflow_api_virtualenv.py for tasks to queue
[2025-03-18T11:49:45.672+0000] {logging_mixin.py:190} INFO - [2025-03-18T11:49:45.671+0000] {dagbag.py:588} INFO - Filling up the DagBag from /usr/local/python/3.12.1/lib/python3.12/site-packages/airflow/example_dags/tutorial_taskflow_api_virtualenv.py
[2025-03-18T11:49:45.684+0000] {processor.py:925} INFO - DAG(s) 'tutorial_taskflow_api_virtualenv' retrieved from /usr/local/python/3.12.1/lib/python3.12/site-packages/airflow/example_dags/tutorial_taskflow_api_virtualenv.py
[2025-03-18T11:49:45.767+0000] {logging_mixin.py:190} INFO - [2025-03-18T11:49:45.767+0000] {dag.py:3239} INFO - Sync 1 DAGs
[2025-03-18T11:49:45.775+0000] {logging_mixin.py:190} INFO - [2025-03-18T11:49:45.775+0000] {dag.py:4180} INFO - Setting next_dagrun for tutorial_taskflow_api_virtualenv to None, run_after=None
[2025-03-18T11:49:45.790+0000] {processor.py:208} INFO - Processing /usr/local/python/3.12.1/lib/python3.12/site-packages/airflow/example_dags/tutorial_taskflow_api_virtualenv.py took 0.124 seconds
[2025-03-18T11:50:20.357+0000] {processor.py:186} INFO - Started process (PID=82828) to work on /usr/local/python/3.12.1/lib/python3.12/site-packages/airflow/example_dags/tutorial_taskflow_api_virtualenv.py
[2025-03-18T11:50:20.358+0000] {processor.py:914} INFO - Processing file /usr/local/python/3.12.1/lib/python3.12/site-packages/airflow/example_dags/tutorial_taskflow_api_virtualenv.py for tasks to queue
[2025-03-18T11:50:20.359+0000] {logging_mixin.py:190} INFO - [2025-03-18T11:50:20.359+0000] {dagbag.py:588} INFO - Filling up the DagBag from /usr/local/python/3.12.1/lib/python3.12/site-packages/airflow/example_dags/tutorial_taskflow_api_virtualenv.py
[2025-03-18T11:50:20.372+0000] {processor.py:925} INFO - DAG(s) 'tutorial_taskflow_api_virtualenv' retrieved from /usr/local/python/3.12.1/lib/python3.12/site-packages/airflow/example_dags/tutorial_taskflow_api_virtualenv.py
[2025-03-18T11:50:20.463+0000] {logging_mixin.py:190} INFO - [2025-03-18T11:50:20.462+0000] {dag.py:3239} INFO - Sync 1 DAGs
[2025-03-18T11:50:20.471+0000] {logging_mixin.py:190} INFO - [2025-03-18T11:50:20.471+0000] {dag.py:4180} INFO - Setting next_dagrun for tutorial_taskflow_api_virtualenv to None, run_after=None
[2025-03-18T11:50:20.486+0000] {processor.py:208} INFO - Processing /usr/local/python/3.12.1/lib/python3.12/site-packages/airflow/example_dags/tutorial_taskflow_api_virtualenv.py took 0.133 seconds
[2025-03-18T11:57:38.120+0000] {processor.py:186} INFO - Started process (PID=86640) to work on /usr/local/python/3.12.1/lib/python3.12/site-packages/airflow/example_dags/tutorial_taskflow_api_virtualenv.py
[2025-03-18T11:57:38.121+0000] {processor.py:914} INFO - Processing file /usr/local/python/3.12.1/lib/python3.12/site-packages/airflow/example_dags/tutorial_taskflow_api_virtualenv.py for tasks to queue
[2025-03-18T11:57:38.122+0000] {logging_mixin.py:190} INFO - [2025-03-18T11:57:38.122+0000] {dagbag.py:588} INFO - Filling up the DagBag from /usr/local/python/3.12.1/lib/python3.12/site-packages/airflow/example_dags/tutorial_taskflow_api_virtualenv.py
[2025-03-18T11:57:38.133+0000] {processor.py:925} INFO - DAG(s) 'tutorial_taskflow_api_virtualenv' retrieved from /usr/local/python/3.12.1/lib/python3.12/site-packages/airflow/example_dags/tutorial_taskflow_api_virtualenv.py
[2025-03-18T11:57:38.220+0000] {logging_mixin.py:190} INFO - [2025-03-18T11:57:38.219+0000] {dag.py:3239} INFO - Sync 1 DAGs
[2025-03-18T11:57:38.227+0000] {logging_mixin.py:190} INFO - [2025-03-18T11:57:38.227+0000] {dag.py:4180} INFO - Setting next_dagrun for tutorial_taskflow_api_virtualenv to None, run_after=None
[2025-03-18T11:57:38.241+0000] {processor.py:208} INFO - Processing /usr/local/python/3.12.1/lib/python3.12/site-packages/airflow/example_dags/tutorial_taskflow_api_virtualenv.py took 0.125 seconds
