[2025-03-18T10:51:26.278+0000] {processor.py:186} INFO - Started process (PID=49209) to work on /usr/local/python/3.12.1/lib/python3.12/site-packages/airflow/example_dags/tutorial_taskflow_templates.py
[2025-03-18T10:51:26.279+0000] {processor.py:914} INFO - Processing file /usr/local/python/3.12.1/lib/python3.12/site-packages/airflow/example_dags/tutorial_taskflow_templates.py for tasks to queue
[2025-03-18T10:51:26.280+0000] {logging_mixin.py:190} INFO - [2025-03-18T10:51:26.280+0000] {dagbag.py:588} INFO - Filling up the DagBag from /usr/local/python/3.12.1/lib/python3.12/site-packages/airflow/example_dags/tutorial_taskflow_templates.py
[2025-03-18T10:51:26.294+0000] {processor.py:925} INFO - DAG(s) 'tutorial_taskflow_templates' retrieved from /usr/local/python/3.12.1/lib/python3.12/site-packages/airflow/example_dags/tutorial_taskflow_templates.py
[2025-03-18T10:51:26.381+0000] {logging_mixin.py:190} INFO - [2025-03-18T10:51:26.381+0000] {override.py:1930} INFO - Created Permission View: can read on DAG:tutorial_taskflow_templates
[2025-03-18T10:51:26.389+0000] {logging_mixin.py:190} INFO - [2025-03-18T10:51:26.389+0000] {override.py:1930} INFO - Created Permission View: can edit on DAG:tutorial_taskflow_templates
[2025-03-18T10:51:26.395+0000] {logging_mixin.py:190} INFO - [2025-03-18T10:51:26.395+0000] {override.py:1930} INFO - Created Permission View: can delete on DAG:tutorial_taskflow_templates
[2025-03-18T10:51:26.403+0000] {logging_mixin.py:190} INFO - [2025-03-18T10:51:26.403+0000] {override.py:1930} INFO - Created Permission View: can read on DAG Run:tutorial_taskflow_templates
[2025-03-18T10:51:26.409+0000] {logging_mixin.py:190} INFO - [2025-03-18T10:51:26.409+0000] {override.py:1930} INFO - Created Permission View: can create on DAG Run:tutorial_taskflow_templates
[2025-03-18T10:51:26.415+0000] {logging_mixin.py:190} INFO - [2025-03-18T10:51:26.414+0000] {override.py:1930} INFO - Created Permission View: menu access on DAG Run:tutorial_taskflow_templates
[2025-03-18T10:51:26.421+0000] {logging_mixin.py:190} INFO - [2025-03-18T10:51:26.420+0000] {override.py:1930} INFO - Created Permission View: can delete on DAG Run:tutorial_taskflow_templates
[2025-03-18T10:51:26.421+0000] {logging_mixin.py:190} INFO - [2025-03-18T10:51:26.421+0000] {dag.py:3239} INFO - Sync 1 DAGs
[2025-03-18T10:51:26.429+0000] {logging_mixin.py:190} INFO - [2025-03-18T10:51:26.429+0000] {dag.py:3262} INFO - Creating ORM DAG for tutorial_taskflow_templates
[2025-03-18T10:51:26.437+0000] {logging_mixin.py:190} INFO - [2025-03-18T10:51:26.437+0000] {dag.py:4180} INFO - Setting next_dagrun for tutorial_taskflow_templates to 2025-03-17 00:00:00+00:00, run_after=2025-03-18 00:00:00+00:00
[2025-03-18T10:51:26.451+0000] {processor.py:208} INFO - Processing /usr/local/python/3.12.1/lib/python3.12/site-packages/airflow/example_dags/tutorial_taskflow_templates.py took 0.177 seconds
[2025-03-18T10:52:27.306+0000] {processor.py:186} INFO - Started process (PID=49822) to work on /usr/local/python/3.12.1/lib/python3.12/site-packages/airflow/example_dags/tutorial_taskflow_templates.py
[2025-03-18T10:52:27.307+0000] {processor.py:914} INFO - Processing file /usr/local/python/3.12.1/lib/python3.12/site-packages/airflow/example_dags/tutorial_taskflow_templates.py for tasks to queue
[2025-03-18T10:52:27.308+0000] {logging_mixin.py:190} INFO - [2025-03-18T10:52:27.308+0000] {dagbag.py:588} INFO - Filling up the DagBag from /usr/local/python/3.12.1/lib/python3.12/site-packages/airflow/example_dags/tutorial_taskflow_templates.py
[2025-03-18T10:52:27.318+0000] {processor.py:925} INFO - DAG(s) 'tutorial_taskflow_templates' retrieved from /usr/local/python/3.12.1/lib/python3.12/site-packages/airflow/example_dags/tutorial_taskflow_templates.py
[2025-03-18T10:52:27.329+0000] {logging_mixin.py:190} INFO - [2025-03-18T10:52:27.328+0000] {dag.py:3239} INFO - Sync 1 DAGs
[2025-03-18T10:52:27.344+0000] {logging_mixin.py:190} INFO - [2025-03-18T10:52:27.344+0000] {dag.py:4180} INFO - Setting next_dagrun for tutorial_taskflow_templates to 2025-03-17 00:00:00+00:00, run_after=2025-03-18 00:00:00+00:00
[2025-03-18T10:52:27.358+0000] {processor.py:208} INFO - Processing /usr/local/python/3.12.1/lib/python3.12/site-packages/airflow/example_dags/tutorial_taskflow_templates.py took 0.056 seconds
[2025-03-18T10:53:09.929+0000] {processor.py:186} INFO - Started process (PID=50397) to work on /usr/local/python/3.12.1/lib/python3.12/site-packages/airflow/example_dags/tutorial_taskflow_templates.py
[2025-03-18T10:53:09.929+0000] {processor.py:914} INFO - Processing file /usr/local/python/3.12.1/lib/python3.12/site-packages/airflow/example_dags/tutorial_taskflow_templates.py for tasks to queue
[2025-03-18T10:53:09.931+0000] {logging_mixin.py:190} INFO - [2025-03-18T10:53:09.931+0000] {dagbag.py:588} INFO - Filling up the DagBag from /usr/local/python/3.12.1/lib/python3.12/site-packages/airflow/example_dags/tutorial_taskflow_templates.py
[2025-03-18T10:53:09.944+0000] {processor.py:925} INFO - DAG(s) 'tutorial_taskflow_templates' retrieved from /usr/local/python/3.12.1/lib/python3.12/site-packages/airflow/example_dags/tutorial_taskflow_templates.py
[2025-03-18T10:53:09.960+0000] {logging_mixin.py:190} INFO - [2025-03-18T10:53:09.960+0000] {dag.py:3239} INFO - Sync 1 DAGs
[2025-03-18T10:53:09.976+0000] {logging_mixin.py:190} INFO - [2025-03-18T10:53:09.976+0000] {dag.py:4180} INFO - Setting next_dagrun for tutorial_taskflow_templates to 2025-03-17 00:00:00+00:00, run_after=2025-03-18 00:00:00+00:00
[2025-03-18T10:53:09.992+0000] {processor.py:208} INFO - Processing /usr/local/python/3.12.1/lib/python3.12/site-packages/airflow/example_dags/tutorial_taskflow_templates.py took 0.067 seconds
[2025-03-18T10:54:04.145+0000] {processor.py:186} INFO - Started process (PID=51035) to work on /usr/local/python/3.12.1/lib/python3.12/site-packages/airflow/example_dags/tutorial_taskflow_templates.py
[2025-03-18T10:54:04.146+0000] {processor.py:914} INFO - Processing file /usr/local/python/3.12.1/lib/python3.12/site-packages/airflow/example_dags/tutorial_taskflow_templates.py for tasks to queue
[2025-03-18T10:54:04.147+0000] {logging_mixin.py:190} INFO - [2025-03-18T10:54:04.147+0000] {dagbag.py:588} INFO - Filling up the DagBag from /usr/local/python/3.12.1/lib/python3.12/site-packages/airflow/example_dags/tutorial_taskflow_templates.py
[2025-03-18T10:54:04.158+0000] {processor.py:925} INFO - DAG(s) 'tutorial_taskflow_templates' retrieved from /usr/local/python/3.12.1/lib/python3.12/site-packages/airflow/example_dags/tutorial_taskflow_templates.py
[2025-03-18T10:54:04.169+0000] {logging_mixin.py:190} INFO - [2025-03-18T10:54:04.169+0000] {dag.py:3239} INFO - Sync 1 DAGs
[2025-03-18T10:54:04.185+0000] {logging_mixin.py:190} INFO - [2025-03-18T10:54:04.184+0000] {dag.py:4180} INFO - Setting next_dagrun for tutorial_taskflow_templates to 2025-03-17 00:00:00+00:00, run_after=2025-03-18 00:00:00+00:00
[2025-03-18T10:54:04.199+0000] {processor.py:208} INFO - Processing /usr/local/python/3.12.1/lib/python3.12/site-packages/airflow/example_dags/tutorial_taskflow_templates.py took 0.058 seconds
[2025-03-18T10:54:58.479+0000] {processor.py:186} INFO - Started process (PID=51511) to work on /usr/local/python/3.12.1/lib/python3.12/site-packages/airflow/example_dags/tutorial_taskflow_templates.py
[2025-03-18T10:54:58.480+0000] {processor.py:914} INFO - Processing file /usr/local/python/3.12.1/lib/python3.12/site-packages/airflow/example_dags/tutorial_taskflow_templates.py for tasks to queue
[2025-03-18T10:54:58.481+0000] {logging_mixin.py:190} INFO - [2025-03-18T10:54:58.481+0000] {dagbag.py:588} INFO - Filling up the DagBag from /usr/local/python/3.12.1/lib/python3.12/site-packages/airflow/example_dags/tutorial_taskflow_templates.py
[2025-03-18T10:54:58.491+0000] {processor.py:925} INFO - DAG(s) 'tutorial_taskflow_templates' retrieved from /usr/local/python/3.12.1/lib/python3.12/site-packages/airflow/example_dags/tutorial_taskflow_templates.py
[2025-03-18T10:54:58.502+0000] {logging_mixin.py:190} INFO - [2025-03-18T10:54:58.502+0000] {dag.py:3239} INFO - Sync 1 DAGs
[2025-03-18T10:54:58.518+0000] {logging_mixin.py:190} INFO - [2025-03-18T10:54:58.517+0000] {dag.py:4180} INFO - Setting next_dagrun for tutorial_taskflow_templates to 2025-03-17 00:00:00+00:00, run_after=2025-03-18 00:00:00+00:00
[2025-03-18T10:54:58.532+0000] {processor.py:208} INFO - Processing /usr/local/python/3.12.1/lib/python3.12/site-packages/airflow/example_dags/tutorial_taskflow_templates.py took 0.056 seconds
[2025-03-18T10:55:46.429+0000] {processor.py:186} INFO - Started process (PID=52049) to work on /usr/local/python/3.12.1/lib/python3.12/site-packages/airflow/example_dags/tutorial_taskflow_templates.py
[2025-03-18T10:55:46.430+0000] {processor.py:914} INFO - Processing file /usr/local/python/3.12.1/lib/python3.12/site-packages/airflow/example_dags/tutorial_taskflow_templates.py for tasks to queue
[2025-03-18T10:55:46.431+0000] {logging_mixin.py:190} INFO - [2025-03-18T10:55:46.431+0000] {dagbag.py:588} INFO - Filling up the DagBag from /usr/local/python/3.12.1/lib/python3.12/site-packages/airflow/example_dags/tutorial_taskflow_templates.py
[2025-03-18T10:55:46.441+0000] {processor.py:925} INFO - DAG(s) 'tutorial_taskflow_templates' retrieved from /usr/local/python/3.12.1/lib/python3.12/site-packages/airflow/example_dags/tutorial_taskflow_templates.py
[2025-03-18T10:55:46.452+0000] {logging_mixin.py:190} INFO - [2025-03-18T10:55:46.452+0000] {dag.py:3239} INFO - Sync 1 DAGs
[2025-03-18T10:55:46.468+0000] {logging_mixin.py:190} INFO - [2025-03-18T10:55:46.468+0000] {dag.py:4180} INFO - Setting next_dagrun for tutorial_taskflow_templates to 2025-03-17 00:00:00+00:00, run_after=2025-03-18 00:00:00+00:00
[2025-03-18T10:55:46.482+0000] {processor.py:208} INFO - Processing /usr/local/python/3.12.1/lib/python3.12/site-packages/airflow/example_dags/tutorial_taskflow_templates.py took 0.057 seconds
[2025-03-18T10:56:36.072+0000] {processor.py:186} INFO - Started process (PID=52665) to work on /usr/local/python/3.12.1/lib/python3.12/site-packages/airflow/example_dags/tutorial_taskflow_templates.py
[2025-03-18T10:56:36.073+0000] {processor.py:914} INFO - Processing file /usr/local/python/3.12.1/lib/python3.12/site-packages/airflow/example_dags/tutorial_taskflow_templates.py for tasks to queue
[2025-03-18T10:56:36.074+0000] {logging_mixin.py:190} INFO - [2025-03-18T10:56:36.074+0000] {dagbag.py:588} INFO - Filling up the DagBag from /usr/local/python/3.12.1/lib/python3.12/site-packages/airflow/example_dags/tutorial_taskflow_templates.py
[2025-03-18T10:56:36.084+0000] {processor.py:925} INFO - DAG(s) 'tutorial_taskflow_templates' retrieved from /usr/local/python/3.12.1/lib/python3.12/site-packages/airflow/example_dags/tutorial_taskflow_templates.py
[2025-03-18T10:56:36.095+0000] {logging_mixin.py:190} INFO - [2025-03-18T10:56:36.095+0000] {dag.py:3239} INFO - Sync 1 DAGs
[2025-03-18T10:56:36.111+0000] {logging_mixin.py:190} INFO - [2025-03-18T10:56:36.111+0000] {dag.py:4180} INFO - Setting next_dagrun for tutorial_taskflow_templates to 2025-03-17 00:00:00+00:00, run_after=2025-03-18 00:00:00+00:00
[2025-03-18T10:56:36.127+0000] {processor.py:208} INFO - Processing /usr/local/python/3.12.1/lib/python3.12/site-packages/airflow/example_dags/tutorial_taskflow_templates.py took 0.058 seconds
[2025-03-18T10:57:25.467+0000] {processor.py:186} INFO - Started process (PID=53266) to work on /usr/local/python/3.12.1/lib/python3.12/site-packages/airflow/example_dags/tutorial_taskflow_templates.py
[2025-03-18T10:57:25.468+0000] {processor.py:914} INFO - Processing file /usr/local/python/3.12.1/lib/python3.12/site-packages/airflow/example_dags/tutorial_taskflow_templates.py for tasks to queue
[2025-03-18T10:57:25.469+0000] {logging_mixin.py:190} INFO - [2025-03-18T10:57:25.469+0000] {dagbag.py:588} INFO - Filling up the DagBag from /usr/local/python/3.12.1/lib/python3.12/site-packages/airflow/example_dags/tutorial_taskflow_templates.py
[2025-03-18T10:57:25.480+0000] {processor.py:925} INFO - DAG(s) 'tutorial_taskflow_templates' retrieved from /usr/local/python/3.12.1/lib/python3.12/site-packages/airflow/example_dags/tutorial_taskflow_templates.py
[2025-03-18T10:57:25.491+0000] {logging_mixin.py:190} INFO - [2025-03-18T10:57:25.490+0000] {dag.py:3239} INFO - Sync 1 DAGs
[2025-03-18T10:57:25.506+0000] {logging_mixin.py:190} INFO - [2025-03-18T10:57:25.506+0000] {dag.py:4180} INFO - Setting next_dagrun for tutorial_taskflow_templates to 2025-03-17 00:00:00+00:00, run_after=2025-03-18 00:00:00+00:00
[2025-03-18T10:57:25.520+0000] {processor.py:208} INFO - Processing /usr/local/python/3.12.1/lib/python3.12/site-packages/airflow/example_dags/tutorial_taskflow_templates.py took 0.057 seconds
[2025-03-18T10:58:13.787+0000] {processor.py:186} INFO - Started process (PID=53758) to work on /usr/local/python/3.12.1/lib/python3.12/site-packages/airflow/example_dags/tutorial_taskflow_templates.py
[2025-03-18T10:58:13.787+0000] {processor.py:914} INFO - Processing file /usr/local/python/3.12.1/lib/python3.12/site-packages/airflow/example_dags/tutorial_taskflow_templates.py for tasks to queue
[2025-03-18T10:58:13.789+0000] {logging_mixin.py:190} INFO - [2025-03-18T10:58:13.788+0000] {dagbag.py:588} INFO - Filling up the DagBag from /usr/local/python/3.12.1/lib/python3.12/site-packages/airflow/example_dags/tutorial_taskflow_templates.py
[2025-03-18T10:58:13.799+0000] {processor.py:925} INFO - DAG(s) 'tutorial_taskflow_templates' retrieved from /usr/local/python/3.12.1/lib/python3.12/site-packages/airflow/example_dags/tutorial_taskflow_templates.py
[2025-03-18T10:58:13.810+0000] {logging_mixin.py:190} INFO - [2025-03-18T10:58:13.810+0000] {dag.py:3239} INFO - Sync 1 DAGs
[2025-03-18T10:58:13.826+0000] {logging_mixin.py:190} INFO - [2025-03-18T10:58:13.825+0000] {dag.py:4180} INFO - Setting next_dagrun for tutorial_taskflow_templates to 2025-03-17 00:00:00+00:00, run_after=2025-03-18 00:00:00+00:00
[2025-03-18T10:58:13.839+0000] {processor.py:208} INFO - Processing /usr/local/python/3.12.1/lib/python3.12/site-packages/airflow/example_dags/tutorial_taskflow_templates.py took 0.057 seconds
[2025-03-18T10:59:00.699+0000] {processor.py:186} INFO - Started process (PID=54287) to work on /usr/local/python/3.12.1/lib/python3.12/site-packages/airflow/example_dags/tutorial_taskflow_templates.py
[2025-03-18T10:59:00.700+0000] {processor.py:914} INFO - Processing file /usr/local/python/3.12.1/lib/python3.12/site-packages/airflow/example_dags/tutorial_taskflow_templates.py for tasks to queue
[2025-03-18T10:59:00.701+0000] {logging_mixin.py:190} INFO - [2025-03-18T10:59:00.701+0000] {dagbag.py:588} INFO - Filling up the DagBag from /usr/local/python/3.12.1/lib/python3.12/site-packages/airflow/example_dags/tutorial_taskflow_templates.py
[2025-03-18T10:59:00.712+0000] {processor.py:925} INFO - DAG(s) 'tutorial_taskflow_templates' retrieved from /usr/local/python/3.12.1/lib/python3.12/site-packages/airflow/example_dags/tutorial_taskflow_templates.py
[2025-03-18T10:59:00.723+0000] {logging_mixin.py:190} INFO - [2025-03-18T10:59:00.723+0000] {dag.py:3239} INFO - Sync 1 DAGs
[2025-03-18T10:59:00.740+0000] {logging_mixin.py:190} INFO - [2025-03-18T10:59:00.739+0000] {dag.py:4180} INFO - Setting next_dagrun for tutorial_taskflow_templates to 2025-03-17 00:00:00+00:00, run_after=2025-03-18 00:00:00+00:00
[2025-03-18T10:59:00.757+0000] {processor.py:208} INFO - Processing /usr/local/python/3.12.1/lib/python3.12/site-packages/airflow/example_dags/tutorial_taskflow_templates.py took 0.062 seconds
[2025-03-18T10:59:48.619+0000] {processor.py:186} INFO - Started process (PID=54842) to work on /usr/local/python/3.12.1/lib/python3.12/site-packages/airflow/example_dags/tutorial_taskflow_templates.py
[2025-03-18T10:59:48.620+0000] {processor.py:914} INFO - Processing file /usr/local/python/3.12.1/lib/python3.12/site-packages/airflow/example_dags/tutorial_taskflow_templates.py for tasks to queue
[2025-03-18T10:59:48.621+0000] {logging_mixin.py:190} INFO - [2025-03-18T10:59:48.621+0000] {dagbag.py:588} INFO - Filling up the DagBag from /usr/local/python/3.12.1/lib/python3.12/site-packages/airflow/example_dags/tutorial_taskflow_templates.py
[2025-03-18T10:59:48.632+0000] {processor.py:925} INFO - DAG(s) 'tutorial_taskflow_templates' retrieved from /usr/local/python/3.12.1/lib/python3.12/site-packages/airflow/example_dags/tutorial_taskflow_templates.py
[2025-03-18T10:59:48.643+0000] {logging_mixin.py:190} INFO - [2025-03-18T10:59:48.642+0000] {dag.py:3239} INFO - Sync 1 DAGs
[2025-03-18T10:59:48.658+0000] {logging_mixin.py:190} INFO - [2025-03-18T10:59:48.658+0000] {dag.py:4180} INFO - Setting next_dagrun for tutorial_taskflow_templates to 2025-03-17 00:00:00+00:00, run_after=2025-03-18 00:00:00+00:00
[2025-03-18T10:59:48.673+0000] {processor.py:208} INFO - Processing /usr/local/python/3.12.1/lib/python3.12/site-packages/airflow/example_dags/tutorial_taskflow_templates.py took 0.058 seconds
[2025-03-18T11:00:38.703+0000] {processor.py:186} INFO - Started process (PID=55462) to work on /usr/local/python/3.12.1/lib/python3.12/site-packages/airflow/example_dags/tutorial_taskflow_templates.py
[2025-03-18T11:00:38.704+0000] {processor.py:914} INFO - Processing file /usr/local/python/3.12.1/lib/python3.12/site-packages/airflow/example_dags/tutorial_taskflow_templates.py for tasks to queue
[2025-03-18T11:00:38.706+0000] {logging_mixin.py:190} INFO - [2025-03-18T11:00:38.705+0000] {dagbag.py:588} INFO - Filling up the DagBag from /usr/local/python/3.12.1/lib/python3.12/site-packages/airflow/example_dags/tutorial_taskflow_templates.py
[2025-03-18T11:00:38.716+0000] {processor.py:925} INFO - DAG(s) 'tutorial_taskflow_templates' retrieved from /usr/local/python/3.12.1/lib/python3.12/site-packages/airflow/example_dags/tutorial_taskflow_templates.py
[2025-03-18T11:00:38.727+0000] {logging_mixin.py:190} INFO - [2025-03-18T11:00:38.727+0000] {dag.py:3239} INFO - Sync 1 DAGs
[2025-03-18T11:00:38.745+0000] {logging_mixin.py:190} INFO - [2025-03-18T11:00:38.745+0000] {dag.py:4180} INFO - Setting next_dagrun for tutorial_taskflow_templates to 2025-03-17 00:00:00+00:00, run_after=2025-03-18 00:00:00+00:00
[2025-03-18T11:00:38.759+0000] {processor.py:208} INFO - Processing /usr/local/python/3.12.1/lib/python3.12/site-packages/airflow/example_dags/tutorial_taskflow_templates.py took 0.060 seconds
[2025-03-18T11:01:30.278+0000] {processor.py:186} INFO - Started process (PID=57739) to work on /usr/local/python/3.12.1/lib/python3.12/site-packages/airflow/example_dags/tutorial_taskflow_templates.py
[2025-03-18T11:01:30.279+0000] {processor.py:914} INFO - Processing file /usr/local/python/3.12.1/lib/python3.12/site-packages/airflow/example_dags/tutorial_taskflow_templates.py for tasks to queue
[2025-03-18T11:01:30.280+0000] {logging_mixin.py:190} INFO - [2025-03-18T11:01:30.280+0000] {dagbag.py:588} INFO - Filling up the DagBag from /usr/local/python/3.12.1/lib/python3.12/site-packages/airflow/example_dags/tutorial_taskflow_templates.py
[2025-03-18T11:01:30.290+0000] {processor.py:925} INFO - DAG(s) 'tutorial_taskflow_templates' retrieved from /usr/local/python/3.12.1/lib/python3.12/site-packages/airflow/example_dags/tutorial_taskflow_templates.py
[2025-03-18T11:01:30.301+0000] {logging_mixin.py:190} INFO - [2025-03-18T11:01:30.301+0000] {dag.py:3239} INFO - Sync 1 DAGs
[2025-03-18T11:01:30.317+0000] {logging_mixin.py:190} INFO - [2025-03-18T11:01:30.317+0000] {dag.py:4180} INFO - Setting next_dagrun for tutorial_taskflow_templates to 2025-03-17 00:00:00+00:00, run_after=2025-03-18 00:00:00+00:00
[2025-03-18T11:01:30.331+0000] {processor.py:208} INFO - Processing /usr/local/python/3.12.1/lib/python3.12/site-packages/airflow/example_dags/tutorial_taskflow_templates.py took 0.058 seconds
[2025-03-18T11:02:21.682+0000] {processor.py:186} INFO - Started process (PID=58158) to work on /usr/local/python/3.12.1/lib/python3.12/site-packages/airflow/example_dags/tutorial_taskflow_templates.py
[2025-03-18T11:02:21.682+0000] {processor.py:914} INFO - Processing file /usr/local/python/3.12.1/lib/python3.12/site-packages/airflow/example_dags/tutorial_taskflow_templates.py for tasks to queue
[2025-03-18T11:02:21.684+0000] {logging_mixin.py:190} INFO - [2025-03-18T11:02:21.683+0000] {dagbag.py:588} INFO - Filling up the DagBag from /usr/local/python/3.12.1/lib/python3.12/site-packages/airflow/example_dags/tutorial_taskflow_templates.py
[2025-03-18T11:02:21.694+0000] {processor.py:925} INFO - DAG(s) 'tutorial_taskflow_templates' retrieved from /usr/local/python/3.12.1/lib/python3.12/site-packages/airflow/example_dags/tutorial_taskflow_templates.py
[2025-03-18T11:02:21.705+0000] {logging_mixin.py:190} INFO - [2025-03-18T11:02:21.705+0000] {dag.py:3239} INFO - Sync 1 DAGs
[2025-03-18T11:02:21.721+0000] {logging_mixin.py:190} INFO - [2025-03-18T11:02:21.720+0000] {dag.py:4180} INFO - Setting next_dagrun for tutorial_taskflow_templates to 2025-03-17 00:00:00+00:00, run_after=2025-03-18 00:00:00+00:00
[2025-03-18T11:02:21.736+0000] {processor.py:208} INFO - Processing /usr/local/python/3.12.1/lib/python3.12/site-packages/airflow/example_dags/tutorial_taskflow_templates.py took 0.058 seconds
[2025-03-18T11:03:10.065+0000] {processor.py:186} INFO - Started process (PID=58571) to work on /usr/local/python/3.12.1/lib/python3.12/site-packages/airflow/example_dags/tutorial_taskflow_templates.py
[2025-03-18T11:03:10.066+0000] {processor.py:914} INFO - Processing file /usr/local/python/3.12.1/lib/python3.12/site-packages/airflow/example_dags/tutorial_taskflow_templates.py for tasks to queue
[2025-03-18T11:03:10.068+0000] {logging_mixin.py:190} INFO - [2025-03-18T11:03:10.067+0000] {dagbag.py:588} INFO - Filling up the DagBag from /usr/local/python/3.12.1/lib/python3.12/site-packages/airflow/example_dags/tutorial_taskflow_templates.py
[2025-03-18T11:03:10.078+0000] {processor.py:925} INFO - DAG(s) 'tutorial_taskflow_templates' retrieved from /usr/local/python/3.12.1/lib/python3.12/site-packages/airflow/example_dags/tutorial_taskflow_templates.py
[2025-03-18T11:03:10.089+0000] {logging_mixin.py:190} INFO - [2025-03-18T11:03:10.089+0000] {dag.py:3239} INFO - Sync 1 DAGs
[2025-03-18T11:03:10.104+0000] {logging_mixin.py:190} INFO - [2025-03-18T11:03:10.104+0000] {dag.py:4180} INFO - Setting next_dagrun for tutorial_taskflow_templates to 2025-03-17 00:00:00+00:00, run_after=2025-03-18 00:00:00+00:00
[2025-03-18T11:03:10.118+0000] {processor.py:208} INFO - Processing /usr/local/python/3.12.1/lib/python3.12/site-packages/airflow/example_dags/tutorial_taskflow_templates.py took 0.058 seconds
[2025-03-18T11:03:57.548+0000] {processor.py:186} INFO - Started process (PID=58949) to work on /usr/local/python/3.12.1/lib/python3.12/site-packages/airflow/example_dags/tutorial_taskflow_templates.py
[2025-03-18T11:03:57.549+0000] {processor.py:914} INFO - Processing file /usr/local/python/3.12.1/lib/python3.12/site-packages/airflow/example_dags/tutorial_taskflow_templates.py for tasks to queue
[2025-03-18T11:03:57.550+0000] {logging_mixin.py:190} INFO - [2025-03-18T11:03:57.550+0000] {dagbag.py:588} INFO - Filling up the DagBag from /usr/local/python/3.12.1/lib/python3.12/site-packages/airflow/example_dags/tutorial_taskflow_templates.py
[2025-03-18T11:03:57.560+0000] {processor.py:925} INFO - DAG(s) 'tutorial_taskflow_templates' retrieved from /usr/local/python/3.12.1/lib/python3.12/site-packages/airflow/example_dags/tutorial_taskflow_templates.py
[2025-03-18T11:03:57.571+0000] {logging_mixin.py:190} INFO - [2025-03-18T11:03:57.571+0000] {dag.py:3239} INFO - Sync 1 DAGs
[2025-03-18T11:03:57.587+0000] {logging_mixin.py:190} INFO - [2025-03-18T11:03:57.587+0000] {dag.py:4180} INFO - Setting next_dagrun for tutorial_taskflow_templates to 2025-03-17 00:00:00+00:00, run_after=2025-03-18 00:00:00+00:00
[2025-03-18T11:03:57.601+0000] {processor.py:208} INFO - Processing /usr/local/python/3.12.1/lib/python3.12/site-packages/airflow/example_dags/tutorial_taskflow_templates.py took 0.057 seconds
[2025-03-18T11:04:45.439+0000] {processor.py:186} INFO - Started process (PID=59339) to work on /usr/local/python/3.12.1/lib/python3.12/site-packages/airflow/example_dags/tutorial_taskflow_templates.py
[2025-03-18T11:04:45.440+0000] {processor.py:914} INFO - Processing file /usr/local/python/3.12.1/lib/python3.12/site-packages/airflow/example_dags/tutorial_taskflow_templates.py for tasks to queue
[2025-03-18T11:04:45.441+0000] {logging_mixin.py:190} INFO - [2025-03-18T11:04:45.441+0000] {dagbag.py:588} INFO - Filling up the DagBag from /usr/local/python/3.12.1/lib/python3.12/site-packages/airflow/example_dags/tutorial_taskflow_templates.py
[2025-03-18T11:04:45.451+0000] {processor.py:925} INFO - DAG(s) 'tutorial_taskflow_templates' retrieved from /usr/local/python/3.12.1/lib/python3.12/site-packages/airflow/example_dags/tutorial_taskflow_templates.py
[2025-03-18T11:04:45.462+0000] {logging_mixin.py:190} INFO - [2025-03-18T11:04:45.462+0000] {dag.py:3239} INFO - Sync 1 DAGs
[2025-03-18T11:04:45.478+0000] {logging_mixin.py:190} INFO - [2025-03-18T11:04:45.478+0000] {dag.py:4180} INFO - Setting next_dagrun for tutorial_taskflow_templates to 2025-03-17 00:00:00+00:00, run_after=2025-03-18 00:00:00+00:00
[2025-03-18T11:04:45.493+0000] {processor.py:208} INFO - Processing /usr/local/python/3.12.1/lib/python3.12/site-packages/airflow/example_dags/tutorial_taskflow_templates.py took 0.058 seconds
[2025-03-18T11:05:33.960+0000] {processor.py:186} INFO - Started process (PID=59704) to work on /usr/local/python/3.12.1/lib/python3.12/site-packages/airflow/example_dags/tutorial_taskflow_templates.py
[2025-03-18T11:05:33.961+0000] {processor.py:914} INFO - Processing file /usr/local/python/3.12.1/lib/python3.12/site-packages/airflow/example_dags/tutorial_taskflow_templates.py for tasks to queue
[2025-03-18T11:05:33.962+0000] {logging_mixin.py:190} INFO - [2025-03-18T11:05:33.962+0000] {dagbag.py:588} INFO - Filling up the DagBag from /usr/local/python/3.12.1/lib/python3.12/site-packages/airflow/example_dags/tutorial_taskflow_templates.py
[2025-03-18T11:05:33.972+0000] {processor.py:925} INFO - DAG(s) 'tutorial_taskflow_templates' retrieved from /usr/local/python/3.12.1/lib/python3.12/site-packages/airflow/example_dags/tutorial_taskflow_templates.py
[2025-03-18T11:05:33.983+0000] {logging_mixin.py:190} INFO - [2025-03-18T11:05:33.983+0000] {dag.py:3239} INFO - Sync 1 DAGs
[2025-03-18T11:05:33.999+0000] {logging_mixin.py:190} INFO - [2025-03-18T11:05:33.999+0000] {dag.py:4180} INFO - Setting next_dagrun for tutorial_taskflow_templates to 2025-03-17 00:00:00+00:00, run_after=2025-03-18 00:00:00+00:00
[2025-03-18T11:05:34.013+0000] {processor.py:208} INFO - Processing /usr/local/python/3.12.1/lib/python3.12/site-packages/airflow/example_dags/tutorial_taskflow_templates.py took 0.057 seconds
[2025-03-18T11:06:23.388+0000] {processor.py:186} INFO - Started process (PID=60100) to work on /usr/local/python/3.12.1/lib/python3.12/site-packages/airflow/example_dags/tutorial_taskflow_templates.py
[2025-03-18T11:06:23.389+0000] {processor.py:914} INFO - Processing file /usr/local/python/3.12.1/lib/python3.12/site-packages/airflow/example_dags/tutorial_taskflow_templates.py for tasks to queue
[2025-03-18T11:06:23.390+0000] {logging_mixin.py:190} INFO - [2025-03-18T11:06:23.390+0000] {dagbag.py:588} INFO - Filling up the DagBag from /usr/local/python/3.12.1/lib/python3.12/site-packages/airflow/example_dags/tutorial_taskflow_templates.py
[2025-03-18T11:06:23.401+0000] {processor.py:925} INFO - DAG(s) 'tutorial_taskflow_templates' retrieved from /usr/local/python/3.12.1/lib/python3.12/site-packages/airflow/example_dags/tutorial_taskflow_templates.py
[2025-03-18T11:06:23.412+0000] {logging_mixin.py:190} INFO - [2025-03-18T11:06:23.412+0000] {dag.py:3239} INFO - Sync 1 DAGs
[2025-03-18T11:06:23.428+0000] {logging_mixin.py:190} INFO - [2025-03-18T11:06:23.428+0000] {dag.py:4180} INFO - Setting next_dagrun for tutorial_taskflow_templates to 2025-03-17 00:00:00+00:00, run_after=2025-03-18 00:00:00+00:00
[2025-03-18T11:06:23.442+0000] {processor.py:208} INFO - Processing /usr/local/python/3.12.1/lib/python3.12/site-packages/airflow/example_dags/tutorial_taskflow_templates.py took 0.059 seconds
[2025-03-18T11:07:15.546+0000] {processor.py:186} INFO - Started process (PID=60503) to work on /usr/local/python/3.12.1/lib/python3.12/site-packages/airflow/example_dags/tutorial_taskflow_templates.py
[2025-03-18T11:07:15.547+0000] {processor.py:914} INFO - Processing file /usr/local/python/3.12.1/lib/python3.12/site-packages/airflow/example_dags/tutorial_taskflow_templates.py for tasks to queue
[2025-03-18T11:07:15.548+0000] {logging_mixin.py:190} INFO - [2025-03-18T11:07:15.548+0000] {dagbag.py:588} INFO - Filling up the DagBag from /usr/local/python/3.12.1/lib/python3.12/site-packages/airflow/example_dags/tutorial_taskflow_templates.py
[2025-03-18T11:07:15.558+0000] {processor.py:925} INFO - DAG(s) 'tutorial_taskflow_templates' retrieved from /usr/local/python/3.12.1/lib/python3.12/site-packages/airflow/example_dags/tutorial_taskflow_templates.py
[2025-03-18T11:07:15.569+0000] {logging_mixin.py:190} INFO - [2025-03-18T11:07:15.569+0000] {dag.py:3239} INFO - Sync 1 DAGs
[2025-03-18T11:07:15.585+0000] {logging_mixin.py:190} INFO - [2025-03-18T11:07:15.585+0000] {dag.py:4180} INFO - Setting next_dagrun for tutorial_taskflow_templates to 2025-03-17 00:00:00+00:00, run_after=2025-03-18 00:00:00+00:00
[2025-03-18T11:07:15.599+0000] {processor.py:208} INFO - Processing /usr/local/python/3.12.1/lib/python3.12/site-packages/airflow/example_dags/tutorial_taskflow_templates.py took 0.057 seconds
[2025-03-18T11:08:05.815+0000] {processor.py:186} INFO - Started process (PID=60935) to work on /usr/local/python/3.12.1/lib/python3.12/site-packages/airflow/example_dags/tutorial_taskflow_templates.py
[2025-03-18T11:08:05.816+0000] {processor.py:914} INFO - Processing file /usr/local/python/3.12.1/lib/python3.12/site-packages/airflow/example_dags/tutorial_taskflow_templates.py for tasks to queue
[2025-03-18T11:08:05.817+0000] {logging_mixin.py:190} INFO - [2025-03-18T11:08:05.817+0000] {dagbag.py:588} INFO - Filling up the DagBag from /usr/local/python/3.12.1/lib/python3.12/site-packages/airflow/example_dags/tutorial_taskflow_templates.py
[2025-03-18T11:08:05.828+0000] {processor.py:925} INFO - DAG(s) 'tutorial_taskflow_templates' retrieved from /usr/local/python/3.12.1/lib/python3.12/site-packages/airflow/example_dags/tutorial_taskflow_templates.py
[2025-03-18T11:08:05.839+0000] {logging_mixin.py:190} INFO - [2025-03-18T11:08:05.838+0000] {dag.py:3239} INFO - Sync 1 DAGs
[2025-03-18T11:08:05.854+0000] {logging_mixin.py:190} INFO - [2025-03-18T11:08:05.854+0000] {dag.py:4180} INFO - Setting next_dagrun for tutorial_taskflow_templates to 2025-03-17 00:00:00+00:00, run_after=2025-03-18 00:00:00+00:00
[2025-03-18T11:08:05.869+0000] {processor.py:208} INFO - Processing /usr/local/python/3.12.1/lib/python3.12/site-packages/airflow/example_dags/tutorial_taskflow_templates.py took 0.058 seconds
[2025-03-18T11:08:55.895+0000] {processor.py:186} INFO - Started process (PID=61362) to work on /usr/local/python/3.12.1/lib/python3.12/site-packages/airflow/example_dags/tutorial_taskflow_templates.py
[2025-03-18T11:08:55.896+0000] {processor.py:914} INFO - Processing file /usr/local/python/3.12.1/lib/python3.12/site-packages/airflow/example_dags/tutorial_taskflow_templates.py for tasks to queue
[2025-03-18T11:08:55.898+0000] {logging_mixin.py:190} INFO - [2025-03-18T11:08:55.897+0000] {dagbag.py:588} INFO - Filling up the DagBag from /usr/local/python/3.12.1/lib/python3.12/site-packages/airflow/example_dags/tutorial_taskflow_templates.py
[2025-03-18T11:08:55.908+0000] {processor.py:925} INFO - DAG(s) 'tutorial_taskflow_templates' retrieved from /usr/local/python/3.12.1/lib/python3.12/site-packages/airflow/example_dags/tutorial_taskflow_templates.py
[2025-03-18T11:08:55.919+0000] {logging_mixin.py:190} INFO - [2025-03-18T11:08:55.919+0000] {dag.py:3239} INFO - Sync 1 DAGs
[2025-03-18T11:08:55.935+0000] {logging_mixin.py:190} INFO - [2025-03-18T11:08:55.935+0000] {dag.py:4180} INFO - Setting next_dagrun for tutorial_taskflow_templates to 2025-03-17 00:00:00+00:00, run_after=2025-03-18 00:00:00+00:00
[2025-03-18T11:08:55.948+0000] {processor.py:208} INFO - Processing /usr/local/python/3.12.1/lib/python3.12/site-packages/airflow/example_dags/tutorial_taskflow_templates.py took 0.057 seconds
[2025-03-18T11:09:50.652+0000] {processor.py:186} INFO - Started process (PID=61823) to work on /usr/local/python/3.12.1/lib/python3.12/site-packages/airflow/example_dags/tutorial_taskflow_templates.py
[2025-03-18T11:09:50.653+0000] {processor.py:914} INFO - Processing file /usr/local/python/3.12.1/lib/python3.12/site-packages/airflow/example_dags/tutorial_taskflow_templates.py for tasks to queue
[2025-03-18T11:09:50.655+0000] {logging_mixin.py:190} INFO - [2025-03-18T11:09:50.654+0000] {dagbag.py:588} INFO - Filling up the DagBag from /usr/local/python/3.12.1/lib/python3.12/site-packages/airflow/example_dags/tutorial_taskflow_templates.py
[2025-03-18T11:09:50.665+0000] {processor.py:925} INFO - DAG(s) 'tutorial_taskflow_templates' retrieved from /usr/local/python/3.12.1/lib/python3.12/site-packages/airflow/example_dags/tutorial_taskflow_templates.py
[2025-03-18T11:09:50.678+0000] {logging_mixin.py:190} INFO - [2025-03-18T11:09:50.677+0000] {dag.py:3239} INFO - Sync 1 DAGs
[2025-03-18T11:09:50.694+0000] {logging_mixin.py:190} INFO - [2025-03-18T11:09:50.694+0000] {dag.py:4180} INFO - Setting next_dagrun for tutorial_taskflow_templates to 2025-03-17 00:00:00+00:00, run_after=2025-03-18 00:00:00+00:00
[2025-03-18T11:09:50.709+0000] {processor.py:208} INFO - Processing /usr/local/python/3.12.1/lib/python3.12/site-packages/airflow/example_dags/tutorial_taskflow_templates.py took 0.060 seconds
[2025-03-18T11:10:40.351+0000] {processor.py:186} INFO - Started process (PID=62257) to work on /usr/local/python/3.12.1/lib/python3.12/site-packages/airflow/example_dags/tutorial_taskflow_templates.py
[2025-03-18T11:10:40.352+0000] {processor.py:914} INFO - Processing file /usr/local/python/3.12.1/lib/python3.12/site-packages/airflow/example_dags/tutorial_taskflow_templates.py for tasks to queue
[2025-03-18T11:10:40.354+0000] {logging_mixin.py:190} INFO - [2025-03-18T11:10:40.353+0000] {dagbag.py:588} INFO - Filling up the DagBag from /usr/local/python/3.12.1/lib/python3.12/site-packages/airflow/example_dags/tutorial_taskflow_templates.py
[2025-03-18T11:10:40.364+0000] {processor.py:925} INFO - DAG(s) 'tutorial_taskflow_templates' retrieved from /usr/local/python/3.12.1/lib/python3.12/site-packages/airflow/example_dags/tutorial_taskflow_templates.py
[2025-03-18T11:10:40.375+0000] {logging_mixin.py:190} INFO - [2025-03-18T11:10:40.375+0000] {dag.py:3239} INFO - Sync 1 DAGs
[2025-03-18T11:10:40.390+0000] {logging_mixin.py:190} INFO - [2025-03-18T11:10:40.390+0000] {dag.py:4180} INFO - Setting next_dagrun for tutorial_taskflow_templates to 2025-03-17 00:00:00+00:00, run_after=2025-03-18 00:00:00+00:00
[2025-03-18T11:10:40.405+0000] {processor.py:208} INFO - Processing /usr/local/python/3.12.1/lib/python3.12/site-packages/airflow/example_dags/tutorial_taskflow_templates.py took 0.058 seconds
[2025-03-18T11:11:29.764+0000] {processor.py:186} INFO - Started process (PID=62672) to work on /usr/local/python/3.12.1/lib/python3.12/site-packages/airflow/example_dags/tutorial_taskflow_templates.py
[2025-03-18T11:11:29.764+0000] {processor.py:914} INFO - Processing file /usr/local/python/3.12.1/lib/python3.12/site-packages/airflow/example_dags/tutorial_taskflow_templates.py for tasks to queue
[2025-03-18T11:11:29.766+0000] {logging_mixin.py:190} INFO - [2025-03-18T11:11:29.766+0000] {dagbag.py:588} INFO - Filling up the DagBag from /usr/local/python/3.12.1/lib/python3.12/site-packages/airflow/example_dags/tutorial_taskflow_templates.py
[2025-03-18T11:11:29.776+0000] {processor.py:925} INFO - DAG(s) 'tutorial_taskflow_templates' retrieved from /usr/local/python/3.12.1/lib/python3.12/site-packages/airflow/example_dags/tutorial_taskflow_templates.py
[2025-03-18T11:11:29.787+0000] {logging_mixin.py:190} INFO - [2025-03-18T11:11:29.787+0000] {dag.py:3239} INFO - Sync 1 DAGs
[2025-03-18T11:11:29.802+0000] {logging_mixin.py:190} INFO - [2025-03-18T11:11:29.802+0000] {dag.py:4180} INFO - Setting next_dagrun for tutorial_taskflow_templates to 2025-03-17 00:00:00+00:00, run_after=2025-03-18 00:00:00+00:00
[2025-03-18T11:11:29.817+0000] {processor.py:208} INFO - Processing /usr/local/python/3.12.1/lib/python3.12/site-packages/airflow/example_dags/tutorial_taskflow_templates.py took 0.057 seconds
[2025-03-18T11:12:17.117+0000] {processor.py:186} INFO - Started process (PID=63251) to work on /usr/local/python/3.12.1/lib/python3.12/site-packages/airflow/example_dags/tutorial_taskflow_templates.py
[2025-03-18T11:12:17.117+0000] {processor.py:914} INFO - Processing file /usr/local/python/3.12.1/lib/python3.12/site-packages/airflow/example_dags/tutorial_taskflow_templates.py for tasks to queue
[2025-03-18T11:12:17.119+0000] {logging_mixin.py:190} INFO - [2025-03-18T11:12:17.119+0000] {dagbag.py:588} INFO - Filling up the DagBag from /usr/local/python/3.12.1/lib/python3.12/site-packages/airflow/example_dags/tutorial_taskflow_templates.py
[2025-03-18T11:12:17.129+0000] {processor.py:925} INFO - DAG(s) 'tutorial_taskflow_templates' retrieved from /usr/local/python/3.12.1/lib/python3.12/site-packages/airflow/example_dags/tutorial_taskflow_templates.py
[2025-03-18T11:12:17.140+0000] {logging_mixin.py:190} INFO - [2025-03-18T11:12:17.140+0000] {dag.py:3239} INFO - Sync 1 DAGs
[2025-03-18T11:12:17.156+0000] {logging_mixin.py:190} INFO - [2025-03-18T11:12:17.156+0000] {dag.py:4180} INFO - Setting next_dagrun for tutorial_taskflow_templates to 2025-03-17 00:00:00+00:00, run_after=2025-03-18 00:00:00+00:00
[2025-03-18T11:12:17.170+0000] {processor.py:208} INFO - Processing /usr/local/python/3.12.1/lib/python3.12/site-packages/airflow/example_dags/tutorial_taskflow_templates.py took 0.057 seconds
[2025-03-18T11:49:49.172+0000] {processor.py:186} INFO - Started process (PID=82410) to work on /usr/local/python/3.12.1/lib/python3.12/site-packages/airflow/example_dags/tutorial_taskflow_templates.py
[2025-03-18T11:49:49.173+0000] {processor.py:914} INFO - Processing file /usr/local/python/3.12.1/lib/python3.12/site-packages/airflow/example_dags/tutorial_taskflow_templates.py for tasks to queue
[2025-03-18T11:49:49.174+0000] {logging_mixin.py:190} INFO - [2025-03-18T11:49:49.174+0000] {dagbag.py:588} INFO - Filling up the DagBag from /usr/local/python/3.12.1/lib/python3.12/site-packages/airflow/example_dags/tutorial_taskflow_templates.py
[2025-03-18T11:49:49.188+0000] {processor.py:925} INFO - DAG(s) 'tutorial_taskflow_templates' retrieved from /usr/local/python/3.12.1/lib/python3.12/site-packages/airflow/example_dags/tutorial_taskflow_templates.py
[2025-03-18T11:49:49.204+0000] {logging_mixin.py:190} INFO - [2025-03-18T11:49:49.204+0000] {dag.py:3239} INFO - Sync 1 DAGs
[2025-03-18T11:49:49.220+0000] {logging_mixin.py:190} INFO - [2025-03-18T11:49:49.220+0000] {dag.py:4180} INFO - Setting next_dagrun for tutorial_taskflow_templates to 2025-03-17 00:00:00+00:00, run_after=2025-03-18 00:00:00+00:00
[2025-03-18T11:49:49.235+0000] {processor.py:208} INFO - Processing /usr/local/python/3.12.1/lib/python3.12/site-packages/airflow/example_dags/tutorial_taskflow_templates.py took 0.068 seconds
[2025-03-18T11:50:23.854+0000] {processor.py:186} INFO - Started process (PID=82868) to work on /usr/local/python/3.12.1/lib/python3.12/site-packages/airflow/example_dags/tutorial_taskflow_templates.py
[2025-03-18T11:50:23.855+0000] {processor.py:914} INFO - Processing file /usr/local/python/3.12.1/lib/python3.12/site-packages/airflow/example_dags/tutorial_taskflow_templates.py for tasks to queue
[2025-03-18T11:50:23.856+0000] {logging_mixin.py:190} INFO - [2025-03-18T11:50:23.856+0000] {dagbag.py:588} INFO - Filling up the DagBag from /usr/local/python/3.12.1/lib/python3.12/site-packages/airflow/example_dags/tutorial_taskflow_templates.py
[2025-03-18T11:50:23.870+0000] {processor.py:925} INFO - DAG(s) 'tutorial_taskflow_templates' retrieved from /usr/local/python/3.12.1/lib/python3.12/site-packages/airflow/example_dags/tutorial_taskflow_templates.py
[2025-03-18T11:50:23.885+0000] {logging_mixin.py:190} INFO - [2025-03-18T11:50:23.885+0000] {dag.py:3239} INFO - Sync 1 DAGs
[2025-03-18T11:50:23.901+0000] {logging_mixin.py:190} INFO - [2025-03-18T11:50:23.900+0000] {dag.py:4180} INFO - Setting next_dagrun for tutorial_taskflow_templates to 2025-03-17 00:00:00+00:00, run_after=2025-03-18 00:00:00+00:00
[2025-03-18T11:50:23.916+0000] {processor.py:208} INFO - Processing /usr/local/python/3.12.1/lib/python3.12/site-packages/airflow/example_dags/tutorial_taskflow_templates.py took 0.065 seconds
[2025-03-18T11:57:41.616+0000] {processor.py:186} INFO - Started process (PID=86705) to work on /usr/local/python/3.12.1/lib/python3.12/site-packages/airflow/example_dags/tutorial_taskflow_templates.py
[2025-03-18T11:57:41.616+0000] {processor.py:914} INFO - Processing file /usr/local/python/3.12.1/lib/python3.12/site-packages/airflow/example_dags/tutorial_taskflow_templates.py for tasks to queue
[2025-03-18T11:57:41.618+0000] {logging_mixin.py:190} INFO - [2025-03-18T11:57:41.617+0000] {dagbag.py:588} INFO - Filling up the DagBag from /usr/local/python/3.12.1/lib/python3.12/site-packages/airflow/example_dags/tutorial_taskflow_templates.py
[2025-03-18T11:57:41.630+0000] {processor.py:925} INFO - DAG(s) 'tutorial_taskflow_templates' retrieved from /usr/local/python/3.12.1/lib/python3.12/site-packages/airflow/example_dags/tutorial_taskflow_templates.py
[2025-03-18T11:57:41.645+0000] {logging_mixin.py:190} INFO - [2025-03-18T11:57:41.645+0000] {dag.py:3239} INFO - Sync 1 DAGs
[2025-03-18T11:57:41.660+0000] {logging_mixin.py:190} INFO - [2025-03-18T11:57:41.660+0000] {dag.py:4180} INFO - Setting next_dagrun for tutorial_taskflow_templates to 2025-03-17 00:00:00+00:00, run_after=2025-03-18 00:00:00+00:00
[2025-03-18T11:57:41.675+0000] {processor.py:208} INFO - Processing /usr/local/python/3.12.1/lib/python3.12/site-packages/airflow/example_dags/tutorial_taskflow_templates.py took 0.063 seconds
