[2025-03-18T10:51:23.813+0000] {processor.py:186} INFO - Started process (PID=49166) to work on /usr/local/python/3.12.1/lib/python3.12/site-packages/airflow/example_dags/tutorial_dag.py
[2025-03-18T10:51:23.813+0000] {processor.py:914} INFO - Processing file /usr/local/python/3.12.1/lib/python3.12/site-packages/airflow/example_dags/tutorial_dag.py for tasks to queue
[2025-03-18T10:51:23.815+0000] {logging_mixin.py:190} INFO - [2025-03-18T10:51:23.814+0000] {dagbag.py:588} INFO - Filling up the DagBag from /usr/local/python/3.12.1/lib/python3.12/site-packages/airflow/example_dags/tutorial_dag.py
[2025-03-18T10:51:23.823+0000] {processor.py:925} INFO - DAG(s) 'tutorial_dag' retrieved from /usr/local/python/3.12.1/lib/python3.12/site-packages/airflow/example_dags/tutorial_dag.py
[2025-03-18T10:51:23.909+0000] {logging_mixin.py:190} INFO - [2025-03-18T10:51:23.908+0000] {override.py:1930} INFO - Created Permission View: can read on DAG:tutorial_dag
[2025-03-18T10:51:23.916+0000] {logging_mixin.py:190} INFO - [2025-03-18T10:51:23.916+0000] {override.py:1930} INFO - Created Permission View: can edit on DAG:tutorial_dag
[2025-03-18T10:51:23.922+0000] {logging_mixin.py:190} INFO - [2025-03-18T10:51:23.922+0000] {override.py:1930} INFO - Created Permission View: can delete on DAG:tutorial_dag
[2025-03-18T10:51:23.931+0000] {logging_mixin.py:190} INFO - [2025-03-18T10:51:23.931+0000] {override.py:1930} INFO - Created Permission View: can read on DAG Run:tutorial_dag
[2025-03-18T10:51:23.936+0000] {logging_mixin.py:190} INFO - [2025-03-18T10:51:23.936+0000] {override.py:1930} INFO - Created Permission View: can create on DAG Run:tutorial_dag
[2025-03-18T10:51:23.942+0000] {logging_mixin.py:190} INFO - [2025-03-18T10:51:23.942+0000] {override.py:1930} INFO - Created Permission View: menu access on DAG Run:tutorial_dag
[2025-03-18T10:51:23.948+0000] {logging_mixin.py:190} INFO - [2025-03-18T10:51:23.948+0000] {override.py:1930} INFO - Created Permission View: can delete on DAG Run:tutorial_dag
[2025-03-18T10:51:23.948+0000] {logging_mixin.py:190} INFO - [2025-03-18T10:51:23.948+0000] {dag.py:3239} INFO - Sync 1 DAGs
[2025-03-18T10:51:23.956+0000] {logging_mixin.py:190} INFO - [2025-03-18T10:51:23.956+0000] {dag.py:3262} INFO - Creating ORM DAG for tutorial_dag
[2025-03-18T10:51:23.957+0000] {logging_mixin.py:190} INFO - [2025-03-18T10:51:23.957+0000] {dag.py:4180} INFO - Setting next_dagrun for tutorial_dag to None, run_after=None
[2025-03-18T10:51:23.971+0000] {processor.py:208} INFO - Processing /usr/local/python/3.12.1/lib/python3.12/site-packages/airflow/example_dags/tutorial_dag.py took 0.162 seconds
[2025-03-18T10:52:25.041+0000] {processor.py:186} INFO - Started process (PID=49799) to work on /usr/local/python/3.12.1/lib/python3.12/site-packages/airflow/example_dags/tutorial_dag.py
[2025-03-18T10:52:25.042+0000] {processor.py:914} INFO - Processing file /usr/local/python/3.12.1/lib/python3.12/site-packages/airflow/example_dags/tutorial_dag.py for tasks to queue
[2025-03-18T10:52:25.043+0000] {logging_mixin.py:190} INFO - [2025-03-18T10:52:25.043+0000] {dagbag.py:588} INFO - Filling up the DagBag from /usr/local/python/3.12.1/lib/python3.12/site-packages/airflow/example_dags/tutorial_dag.py
[2025-03-18T10:52:25.049+0000] {processor.py:925} INFO - DAG(s) 'tutorial_dag' retrieved from /usr/local/python/3.12.1/lib/python3.12/site-packages/airflow/example_dags/tutorial_dag.py
[2025-03-18T10:52:25.059+0000] {logging_mixin.py:190} INFO - [2025-03-18T10:52:25.059+0000] {dag.py:3239} INFO - Sync 1 DAGs
[2025-03-18T10:52:25.068+0000] {logging_mixin.py:190} INFO - [2025-03-18T10:52:25.068+0000] {dag.py:4180} INFO - Setting next_dagrun for tutorial_dag to None, run_after=None
[2025-03-18T10:52:25.082+0000] {processor.py:208} INFO - Processing /usr/local/python/3.12.1/lib/python3.12/site-packages/airflow/example_dags/tutorial_dag.py took 0.045 seconds
[2025-03-18T10:53:07.663+0000] {processor.py:186} INFO - Started process (PID=50368) to work on /usr/local/python/3.12.1/lib/python3.12/site-packages/airflow/example_dags/tutorial_dag.py
[2025-03-18T10:53:07.664+0000] {processor.py:914} INFO - Processing file /usr/local/python/3.12.1/lib/python3.12/site-packages/airflow/example_dags/tutorial_dag.py for tasks to queue
[2025-03-18T10:53:07.665+0000] {logging_mixin.py:190} INFO - [2025-03-18T10:53:07.665+0000] {dagbag.py:588} INFO - Filling up the DagBag from /usr/local/python/3.12.1/lib/python3.12/site-packages/airflow/example_dags/tutorial_dag.py
[2025-03-18T10:53:07.674+0000] {processor.py:925} INFO - DAG(s) 'tutorial_dag' retrieved from /usr/local/python/3.12.1/lib/python3.12/site-packages/airflow/example_dags/tutorial_dag.py
[2025-03-18T10:53:07.689+0000] {logging_mixin.py:190} INFO - [2025-03-18T10:53:07.689+0000] {dag.py:3239} INFO - Sync 1 DAGs
[2025-03-18T10:53:07.699+0000] {logging_mixin.py:190} INFO - [2025-03-18T10:53:07.698+0000] {dag.py:4180} INFO - Setting next_dagrun for tutorial_dag to None, run_after=None
[2025-03-18T10:53:07.712+0000] {processor.py:208} INFO - Processing /usr/local/python/3.12.1/lib/python3.12/site-packages/airflow/example_dags/tutorial_dag.py took 0.053 seconds
[2025-03-18T10:54:01.872+0000] {processor.py:186} INFO - Started process (PID=51025) to work on /usr/local/python/3.12.1/lib/python3.12/site-packages/airflow/example_dags/tutorial_dag.py
[2025-03-18T10:54:01.873+0000] {processor.py:914} INFO - Processing file /usr/local/python/3.12.1/lib/python3.12/site-packages/airflow/example_dags/tutorial_dag.py for tasks to queue
[2025-03-18T10:54:01.874+0000] {logging_mixin.py:190} INFO - [2025-03-18T10:54:01.874+0000] {dagbag.py:588} INFO - Filling up the DagBag from /usr/local/python/3.12.1/lib/python3.12/site-packages/airflow/example_dags/tutorial_dag.py
[2025-03-18T10:54:01.880+0000] {processor.py:925} INFO - DAG(s) 'tutorial_dag' retrieved from /usr/local/python/3.12.1/lib/python3.12/site-packages/airflow/example_dags/tutorial_dag.py
[2025-03-18T10:54:01.893+0000] {logging_mixin.py:190} INFO - [2025-03-18T10:54:01.893+0000] {dag.py:3239} INFO - Sync 1 DAGs
[2025-03-18T10:54:01.904+0000] {logging_mixin.py:190} INFO - [2025-03-18T10:54:01.903+0000] {dag.py:4180} INFO - Setting next_dagrun for tutorial_dag to None, run_after=None
[2025-03-18T10:54:01.920+0000] {processor.py:208} INFO - Processing /usr/local/python/3.12.1/lib/python3.12/site-packages/airflow/example_dags/tutorial_dag.py took 0.051 seconds
[2025-03-18T10:54:56.747+0000] {processor.py:186} INFO - Started process (PID=51497) to work on /usr/local/python/3.12.1/lib/python3.12/site-packages/airflow/example_dags/tutorial_dag.py
[2025-03-18T10:54:56.747+0000] {processor.py:914} INFO - Processing file /usr/local/python/3.12.1/lib/python3.12/site-packages/airflow/example_dags/tutorial_dag.py for tasks to queue
[2025-03-18T10:54:56.749+0000] {logging_mixin.py:190} INFO - [2025-03-18T10:54:56.748+0000] {dagbag.py:588} INFO - Filling up the DagBag from /usr/local/python/3.12.1/lib/python3.12/site-packages/airflow/example_dags/tutorial_dag.py
[2025-03-18T10:54:56.754+0000] {processor.py:925} INFO - DAG(s) 'tutorial_dag' retrieved from /usr/local/python/3.12.1/lib/python3.12/site-packages/airflow/example_dags/tutorial_dag.py
[2025-03-18T10:54:56.765+0000] {logging_mixin.py:190} INFO - [2025-03-18T10:54:56.764+0000] {dag.py:3239} INFO - Sync 1 DAGs
[2025-03-18T10:54:56.774+0000] {logging_mixin.py:190} INFO - [2025-03-18T10:54:56.774+0000] {dag.py:4180} INFO - Setting next_dagrun for tutorial_dag to None, run_after=None
[2025-03-18T10:54:56.789+0000] {processor.py:208} INFO - Processing /usr/local/python/3.12.1/lib/python3.12/site-packages/airflow/example_dags/tutorial_dag.py took 0.047 seconds
[2025-03-18T10:55:44.718+0000] {processor.py:186} INFO - Started process (PID=52021) to work on /usr/local/python/3.12.1/lib/python3.12/site-packages/airflow/example_dags/tutorial_dag.py
[2025-03-18T10:55:44.719+0000] {processor.py:914} INFO - Processing file /usr/local/python/3.12.1/lib/python3.12/site-packages/airflow/example_dags/tutorial_dag.py for tasks to queue
[2025-03-18T10:55:44.720+0000] {logging_mixin.py:190} INFO - [2025-03-18T10:55:44.720+0000] {dagbag.py:588} INFO - Filling up the DagBag from /usr/local/python/3.12.1/lib/python3.12/site-packages/airflow/example_dags/tutorial_dag.py
[2025-03-18T10:55:44.726+0000] {processor.py:925} INFO - DAG(s) 'tutorial_dag' retrieved from /usr/local/python/3.12.1/lib/python3.12/site-packages/airflow/example_dags/tutorial_dag.py
[2025-03-18T10:55:44.737+0000] {logging_mixin.py:190} INFO - [2025-03-18T10:55:44.737+0000] {dag.py:3239} INFO - Sync 1 DAGs
[2025-03-18T10:55:44.747+0000] {logging_mixin.py:190} INFO - [2025-03-18T10:55:44.747+0000] {dag.py:4180} INFO - Setting next_dagrun for tutorial_dag to None, run_after=None
[2025-03-18T10:55:44.761+0000] {processor.py:208} INFO - Processing /usr/local/python/3.12.1/lib/python3.12/site-packages/airflow/example_dags/tutorial_dag.py took 0.047 seconds
[2025-03-18T10:56:34.794+0000] {processor.py:186} INFO - Started process (PID=52655) to work on /usr/local/python/3.12.1/lib/python3.12/site-packages/airflow/example_dags/tutorial_dag.py
[2025-03-18T10:56:34.795+0000] {processor.py:914} INFO - Processing file /usr/local/python/3.12.1/lib/python3.12/site-packages/airflow/example_dags/tutorial_dag.py for tasks to queue
[2025-03-18T10:56:34.797+0000] {logging_mixin.py:190} INFO - [2025-03-18T10:56:34.796+0000] {dagbag.py:588} INFO - Filling up the DagBag from /usr/local/python/3.12.1/lib/python3.12/site-packages/airflow/example_dags/tutorial_dag.py
[2025-03-18T10:56:34.802+0000] {processor.py:925} INFO - DAG(s) 'tutorial_dag' retrieved from /usr/local/python/3.12.1/lib/python3.12/site-packages/airflow/example_dags/tutorial_dag.py
[2025-03-18T10:56:34.812+0000] {logging_mixin.py:190} INFO - [2025-03-18T10:56:34.812+0000] {dag.py:3239} INFO - Sync 1 DAGs
[2025-03-18T10:56:34.822+0000] {logging_mixin.py:190} INFO - [2025-03-18T10:56:34.822+0000] {dag.py:4180} INFO - Setting next_dagrun for tutorial_dag to None, run_after=None
[2025-03-18T10:56:34.836+0000] {processor.py:208} INFO - Processing /usr/local/python/3.12.1/lib/python3.12/site-packages/airflow/example_dags/tutorial_dag.py took 0.046 seconds
[2025-03-18T10:57:23.200+0000] {processor.py:186} INFO - Started process (PID=53229) to work on /usr/local/python/3.12.1/lib/python3.12/site-packages/airflow/example_dags/tutorial_dag.py
[2025-03-18T10:57:23.201+0000] {processor.py:914} INFO - Processing file /usr/local/python/3.12.1/lib/python3.12/site-packages/airflow/example_dags/tutorial_dag.py for tasks to queue
[2025-03-18T10:57:23.202+0000] {logging_mixin.py:190} INFO - [2025-03-18T10:57:23.202+0000] {dagbag.py:588} INFO - Filling up the DagBag from /usr/local/python/3.12.1/lib/python3.12/site-packages/airflow/example_dags/tutorial_dag.py
[2025-03-18T10:57:23.208+0000] {processor.py:925} INFO - DAG(s) 'tutorial_dag' retrieved from /usr/local/python/3.12.1/lib/python3.12/site-packages/airflow/example_dags/tutorial_dag.py
[2025-03-18T10:57:23.219+0000] {logging_mixin.py:190} INFO - [2025-03-18T10:57:23.218+0000] {dag.py:3239} INFO - Sync 1 DAGs
[2025-03-18T10:57:23.228+0000] {logging_mixin.py:190} INFO - [2025-03-18T10:57:23.228+0000] {dag.py:4180} INFO - Setting next_dagrun for tutorial_dag to None, run_after=None
[2025-03-18T10:57:23.242+0000] {processor.py:208} INFO - Processing /usr/local/python/3.12.1/lib/python3.12/site-packages/airflow/example_dags/tutorial_dag.py took 0.046 seconds
[2025-03-18T10:58:12.054+0000] {processor.py:186} INFO - Started process (PID=53754) to work on /usr/local/python/3.12.1/lib/python3.12/site-packages/airflow/example_dags/tutorial_dag.py
[2025-03-18T10:58:12.055+0000] {processor.py:914} INFO - Processing file /usr/local/python/3.12.1/lib/python3.12/site-packages/airflow/example_dags/tutorial_dag.py for tasks to queue
[2025-03-18T10:58:12.056+0000] {logging_mixin.py:190} INFO - [2025-03-18T10:58:12.056+0000] {dagbag.py:588} INFO - Filling up the DagBag from /usr/local/python/3.12.1/lib/python3.12/site-packages/airflow/example_dags/tutorial_dag.py
[2025-03-18T10:58:12.062+0000] {processor.py:925} INFO - DAG(s) 'tutorial_dag' retrieved from /usr/local/python/3.12.1/lib/python3.12/site-packages/airflow/example_dags/tutorial_dag.py
[2025-03-18T10:58:12.072+0000] {logging_mixin.py:190} INFO - [2025-03-18T10:58:12.072+0000] {dag.py:3239} INFO - Sync 1 DAGs
[2025-03-18T10:58:12.082+0000] {logging_mixin.py:190} INFO - [2025-03-18T10:58:12.081+0000] {dag.py:4180} INFO - Setting next_dagrun for tutorial_dag to None, run_after=None
[2025-03-18T10:58:12.096+0000] {processor.py:208} INFO - Processing /usr/local/python/3.12.1/lib/python3.12/site-packages/airflow/example_dags/tutorial_dag.py took 0.046 seconds
[2025-03-18T10:58:59.906+0000] {processor.py:186} INFO - Started process (PID=54264) to work on /usr/local/python/3.12.1/lib/python3.12/site-packages/airflow/example_dags/tutorial_dag.py
[2025-03-18T10:58:59.907+0000] {processor.py:914} INFO - Processing file /usr/local/python/3.12.1/lib/python3.12/site-packages/airflow/example_dags/tutorial_dag.py for tasks to queue
[2025-03-18T10:58:59.908+0000] {logging_mixin.py:190} INFO - [2025-03-18T10:58:59.908+0000] {dagbag.py:588} INFO - Filling up the DagBag from /usr/local/python/3.12.1/lib/python3.12/site-packages/airflow/example_dags/tutorial_dag.py
[2025-03-18T10:58:59.914+0000] {processor.py:925} INFO - DAG(s) 'tutorial_dag' retrieved from /usr/local/python/3.12.1/lib/python3.12/site-packages/airflow/example_dags/tutorial_dag.py
[2025-03-18T10:58:59.924+0000] {logging_mixin.py:190} INFO - [2025-03-18T10:58:59.924+0000] {dag.py:3239} INFO - Sync 1 DAGs
[2025-03-18T10:58:59.934+0000] {logging_mixin.py:190} INFO - [2025-03-18T10:58:59.934+0000] {dag.py:4180} INFO - Setting next_dagrun for tutorial_dag to None, run_after=None
[2025-03-18T10:58:59.950+0000] {processor.py:208} INFO - Processing /usr/local/python/3.12.1/lib/python3.12/site-packages/airflow/example_dags/tutorial_dag.py took 0.047 seconds
[2025-03-18T10:59:47.303+0000] {processor.py:186} INFO - Started process (PID=54833) to work on /usr/local/python/3.12.1/lib/python3.12/site-packages/airflow/example_dags/tutorial_dag.py
[2025-03-18T10:59:47.303+0000] {processor.py:914} INFO - Processing file /usr/local/python/3.12.1/lib/python3.12/site-packages/airflow/example_dags/tutorial_dag.py for tasks to queue
[2025-03-18T10:59:47.305+0000] {logging_mixin.py:190} INFO - [2025-03-18T10:59:47.305+0000] {dagbag.py:588} INFO - Filling up the DagBag from /usr/local/python/3.12.1/lib/python3.12/site-packages/airflow/example_dags/tutorial_dag.py
[2025-03-18T10:59:47.311+0000] {processor.py:925} INFO - DAG(s) 'tutorial_dag' retrieved from /usr/local/python/3.12.1/lib/python3.12/site-packages/airflow/example_dags/tutorial_dag.py
[2025-03-18T10:59:47.321+0000] {logging_mixin.py:190} INFO - [2025-03-18T10:59:47.321+0000] {dag.py:3239} INFO - Sync 1 DAGs
[2025-03-18T10:59:47.330+0000] {logging_mixin.py:190} INFO - [2025-03-18T10:59:47.330+0000] {dag.py:4180} INFO - Setting next_dagrun for tutorial_dag to None, run_after=None
[2025-03-18T10:59:47.345+0000] {processor.py:208} INFO - Processing /usr/local/python/3.12.1/lib/python3.12/site-packages/airflow/example_dags/tutorial_dag.py took 0.046 seconds
[2025-03-18T11:00:36.673+0000] {processor.py:186} INFO - Started process (PID=55452) to work on /usr/local/python/3.12.1/lib/python3.12/site-packages/airflow/example_dags/tutorial_dag.py
[2025-03-18T11:00:36.673+0000] {processor.py:914} INFO - Processing file /usr/local/python/3.12.1/lib/python3.12/site-packages/airflow/example_dags/tutorial_dag.py for tasks to queue
[2025-03-18T11:00:36.675+0000] {logging_mixin.py:190} INFO - [2025-03-18T11:00:36.675+0000] {dagbag.py:588} INFO - Filling up the DagBag from /usr/local/python/3.12.1/lib/python3.12/site-packages/airflow/example_dags/tutorial_dag.py
[2025-03-18T11:00:36.682+0000] {processor.py:925} INFO - DAG(s) 'tutorial_dag' retrieved from /usr/local/python/3.12.1/lib/python3.12/site-packages/airflow/example_dags/tutorial_dag.py
[2025-03-18T11:00:36.692+0000] {logging_mixin.py:190} INFO - [2025-03-18T11:00:36.692+0000] {dag.py:3239} INFO - Sync 1 DAGs
[2025-03-18T11:00:36.701+0000] {logging_mixin.py:190} INFO - [2025-03-18T11:00:36.701+0000] {dag.py:4180} INFO - Setting next_dagrun for tutorial_dag to None, run_after=None
[2025-03-18T11:00:36.715+0000] {processor.py:208} INFO - Processing /usr/local/python/3.12.1/lib/python3.12/site-packages/airflow/example_dags/tutorial_dag.py took 0.047 seconds
[2025-03-18T11:01:28.724+0000] {processor.py:186} INFO - Started process (PID=57724) to work on /usr/local/python/3.12.1/lib/python3.12/site-packages/airflow/example_dags/tutorial_dag.py
[2025-03-18T11:01:28.724+0000] {processor.py:914} INFO - Processing file /usr/local/python/3.12.1/lib/python3.12/site-packages/airflow/example_dags/tutorial_dag.py for tasks to queue
[2025-03-18T11:01:28.726+0000] {logging_mixin.py:190} INFO - [2025-03-18T11:01:28.726+0000] {dagbag.py:588} INFO - Filling up the DagBag from /usr/local/python/3.12.1/lib/python3.12/site-packages/airflow/example_dags/tutorial_dag.py
[2025-03-18T11:01:28.732+0000] {processor.py:925} INFO - DAG(s) 'tutorial_dag' retrieved from /usr/local/python/3.12.1/lib/python3.12/site-packages/airflow/example_dags/tutorial_dag.py
[2025-03-18T11:01:28.742+0000] {logging_mixin.py:190} INFO - [2025-03-18T11:01:28.741+0000] {dag.py:3239} INFO - Sync 1 DAGs
[2025-03-18T11:01:28.751+0000] {logging_mixin.py:190} INFO - [2025-03-18T11:01:28.751+0000] {dag.py:4180} INFO - Setting next_dagrun for tutorial_dag to None, run_after=None
[2025-03-18T11:01:28.765+0000] {processor.py:208} INFO - Processing /usr/local/python/3.12.1/lib/python3.12/site-packages/airflow/example_dags/tutorial_dag.py took 0.046 seconds
[2025-03-18T11:02:19.982+0000] {processor.py:186} INFO - Started process (PID=58148) to work on /usr/local/python/3.12.1/lib/python3.12/site-packages/airflow/example_dags/tutorial_dag.py
[2025-03-18T11:02:19.982+0000] {processor.py:914} INFO - Processing file /usr/local/python/3.12.1/lib/python3.12/site-packages/airflow/example_dags/tutorial_dag.py for tasks to queue
[2025-03-18T11:02:19.984+0000] {logging_mixin.py:190} INFO - [2025-03-18T11:02:19.984+0000] {dagbag.py:588} INFO - Filling up the DagBag from /usr/local/python/3.12.1/lib/python3.12/site-packages/airflow/example_dags/tutorial_dag.py
[2025-03-18T11:02:19.990+0000] {processor.py:925} INFO - DAG(s) 'tutorial_dag' retrieved from /usr/local/python/3.12.1/lib/python3.12/site-packages/airflow/example_dags/tutorial_dag.py
[2025-03-18T11:02:20.000+0000] {logging_mixin.py:190} INFO - [2025-03-18T11:02:19.999+0000] {dag.py:3239} INFO - Sync 1 DAGs
[2025-03-18T11:02:20.009+0000] {logging_mixin.py:190} INFO - [2025-03-18T11:02:20.009+0000] {dag.py:4180} INFO - Setting next_dagrun for tutorial_dag to None, run_after=None
[2025-03-18T11:02:20.023+0000] {processor.py:208} INFO - Processing /usr/local/python/3.12.1/lib/python3.12/site-packages/airflow/example_dags/tutorial_dag.py took 0.045 seconds
[2025-03-18T11:03:07.796+0000] {processor.py:186} INFO - Started process (PID=58560) to work on /usr/local/python/3.12.1/lib/python3.12/site-packages/airflow/example_dags/tutorial_dag.py
[2025-03-18T11:03:07.796+0000] {processor.py:914} INFO - Processing file /usr/local/python/3.12.1/lib/python3.12/site-packages/airflow/example_dags/tutorial_dag.py for tasks to queue
[2025-03-18T11:03:07.798+0000] {logging_mixin.py:190} INFO - [2025-03-18T11:03:07.798+0000] {dagbag.py:588} INFO - Filling up the DagBag from /usr/local/python/3.12.1/lib/python3.12/site-packages/airflow/example_dags/tutorial_dag.py
[2025-03-18T11:03:07.804+0000] {processor.py:925} INFO - DAG(s) 'tutorial_dag' retrieved from /usr/local/python/3.12.1/lib/python3.12/site-packages/airflow/example_dags/tutorial_dag.py
[2025-03-18T11:03:07.818+0000] {logging_mixin.py:190} INFO - [2025-03-18T11:03:07.818+0000] {dag.py:3239} INFO - Sync 1 DAGs
[2025-03-18T11:03:07.827+0000] {logging_mixin.py:190} INFO - [2025-03-18T11:03:07.827+0000] {dag.py:4180} INFO - Setting next_dagrun for tutorial_dag to None, run_after=None
[2025-03-18T11:03:07.841+0000] {processor.py:208} INFO - Processing /usr/local/python/3.12.1/lib/python3.12/site-packages/airflow/example_dags/tutorial_dag.py took 0.049 seconds
[2025-03-18T11:03:55.283+0000] {processor.py:186} INFO - Started process (PID=58933) to work on /usr/local/python/3.12.1/lib/python3.12/site-packages/airflow/example_dags/tutorial_dag.py
[2025-03-18T11:03:55.284+0000] {processor.py:914} INFO - Processing file /usr/local/python/3.12.1/lib/python3.12/site-packages/airflow/example_dags/tutorial_dag.py for tasks to queue
[2025-03-18T11:03:55.285+0000] {logging_mixin.py:190} INFO - [2025-03-18T11:03:55.285+0000] {dagbag.py:588} INFO - Filling up the DagBag from /usr/local/python/3.12.1/lib/python3.12/site-packages/airflow/example_dags/tutorial_dag.py
[2025-03-18T11:03:55.291+0000] {processor.py:925} INFO - DAG(s) 'tutorial_dag' retrieved from /usr/local/python/3.12.1/lib/python3.12/site-packages/airflow/example_dags/tutorial_dag.py
[2025-03-18T11:03:55.301+0000] {logging_mixin.py:190} INFO - [2025-03-18T11:03:55.301+0000] {dag.py:3239} INFO - Sync 1 DAGs
[2025-03-18T11:03:55.311+0000] {logging_mixin.py:190} INFO - [2025-03-18T11:03:55.311+0000] {dag.py:4180} INFO - Setting next_dagrun for tutorial_dag to None, run_after=None
[2025-03-18T11:03:55.325+0000] {processor.py:208} INFO - Processing /usr/local/python/3.12.1/lib/python3.12/site-packages/airflow/example_dags/tutorial_dag.py took 0.046 seconds
[2025-03-18T11:04:43.696+0000] {processor.py:186} INFO - Started process (PID=59305) to work on /usr/local/python/3.12.1/lib/python3.12/site-packages/airflow/example_dags/tutorial_dag.py
[2025-03-18T11:04:43.697+0000] {processor.py:914} INFO - Processing file /usr/local/python/3.12.1/lib/python3.12/site-packages/airflow/example_dags/tutorial_dag.py for tasks to queue
[2025-03-18T11:04:43.699+0000] {logging_mixin.py:190} INFO - [2025-03-18T11:04:43.699+0000] {dagbag.py:588} INFO - Filling up the DagBag from /usr/local/python/3.12.1/lib/python3.12/site-packages/airflow/example_dags/tutorial_dag.py
[2025-03-18T11:04:43.706+0000] {processor.py:925} INFO - DAG(s) 'tutorial_dag' retrieved from /usr/local/python/3.12.1/lib/python3.12/site-packages/airflow/example_dags/tutorial_dag.py
[2025-03-18T11:04:43.716+0000] {logging_mixin.py:190} INFO - [2025-03-18T11:04:43.716+0000] {dag.py:3239} INFO - Sync 1 DAGs
[2025-03-18T11:04:43.725+0000] {logging_mixin.py:190} INFO - [2025-03-18T11:04:43.725+0000] {dag.py:4180} INFO - Setting next_dagrun for tutorial_dag to None, run_after=None
[2025-03-18T11:04:43.740+0000] {processor.py:208} INFO - Processing /usr/local/python/3.12.1/lib/python3.12/site-packages/airflow/example_dags/tutorial_dag.py took 0.048 seconds
[2025-03-18T11:05:31.695+0000] {processor.py:186} INFO - Started process (PID=59687) to work on /usr/local/python/3.12.1/lib/python3.12/site-packages/airflow/example_dags/tutorial_dag.py
[2025-03-18T11:05:31.696+0000] {processor.py:914} INFO - Processing file /usr/local/python/3.12.1/lib/python3.12/site-packages/airflow/example_dags/tutorial_dag.py for tasks to queue
[2025-03-18T11:05:31.697+0000] {logging_mixin.py:190} INFO - [2025-03-18T11:05:31.697+0000] {dagbag.py:588} INFO - Filling up the DagBag from /usr/local/python/3.12.1/lib/python3.12/site-packages/airflow/example_dags/tutorial_dag.py
[2025-03-18T11:05:31.703+0000] {processor.py:925} INFO - DAG(s) 'tutorial_dag' retrieved from /usr/local/python/3.12.1/lib/python3.12/site-packages/airflow/example_dags/tutorial_dag.py
[2025-03-18T11:05:31.713+0000] {logging_mixin.py:190} INFO - [2025-03-18T11:05:31.713+0000] {dag.py:3239} INFO - Sync 1 DAGs
[2025-03-18T11:05:31.722+0000] {logging_mixin.py:190} INFO - [2025-03-18T11:05:31.722+0000] {dag.py:4180} INFO - Setting next_dagrun for tutorial_dag to None, run_after=None
[2025-03-18T11:05:31.736+0000] {processor.py:208} INFO - Processing /usr/local/python/3.12.1/lib/python3.12/site-packages/airflow/example_dags/tutorial_dag.py took 0.045 seconds
[2025-03-18T11:06:21.924+0000] {processor.py:186} INFO - Started process (PID=60094) to work on /usr/local/python/3.12.1/lib/python3.12/site-packages/airflow/example_dags/tutorial_dag.py
[2025-03-18T11:06:21.925+0000] {processor.py:914} INFO - Processing file /usr/local/python/3.12.1/lib/python3.12/site-packages/airflow/example_dags/tutorial_dag.py for tasks to queue
[2025-03-18T11:06:21.926+0000] {logging_mixin.py:190} INFO - [2025-03-18T11:06:21.926+0000] {dagbag.py:588} INFO - Filling up the DagBag from /usr/local/python/3.12.1/lib/python3.12/site-packages/airflow/example_dags/tutorial_dag.py
[2025-03-18T11:06:21.932+0000] {processor.py:925} INFO - DAG(s) 'tutorial_dag' retrieved from /usr/local/python/3.12.1/lib/python3.12/site-packages/airflow/example_dags/tutorial_dag.py
[2025-03-18T11:06:21.942+0000] {logging_mixin.py:190} INFO - [2025-03-18T11:06:21.942+0000] {dag.py:3239} INFO - Sync 1 DAGs
[2025-03-18T11:06:21.952+0000] {logging_mixin.py:190} INFO - [2025-03-18T11:06:21.952+0000] {dag.py:4180} INFO - Setting next_dagrun for tutorial_dag to None, run_after=None
[2025-03-18T11:06:21.967+0000] {processor.py:208} INFO - Processing /usr/local/python/3.12.1/lib/python3.12/site-packages/airflow/example_dags/tutorial_dag.py took 0.047 seconds
[2025-03-18T11:07:13.275+0000] {processor.py:186} INFO - Started process (PID=60493) to work on /usr/local/python/3.12.1/lib/python3.12/site-packages/airflow/example_dags/tutorial_dag.py
[2025-03-18T11:07:13.276+0000] {processor.py:914} INFO - Processing file /usr/local/python/3.12.1/lib/python3.12/site-packages/airflow/example_dags/tutorial_dag.py for tasks to queue
[2025-03-18T11:07:13.278+0000] {logging_mixin.py:190} INFO - [2025-03-18T11:07:13.277+0000] {dagbag.py:588} INFO - Filling up the DagBag from /usr/local/python/3.12.1/lib/python3.12/site-packages/airflow/example_dags/tutorial_dag.py
[2025-03-18T11:07:13.284+0000] {processor.py:925} INFO - DAG(s) 'tutorial_dag' retrieved from /usr/local/python/3.12.1/lib/python3.12/site-packages/airflow/example_dags/tutorial_dag.py
[2025-03-18T11:07:13.294+0000] {logging_mixin.py:190} INFO - [2025-03-18T11:07:13.294+0000] {dag.py:3239} INFO - Sync 1 DAGs
[2025-03-18T11:07:13.303+0000] {logging_mixin.py:190} INFO - [2025-03-18T11:07:13.303+0000] {dag.py:4180} INFO - Setting next_dagrun for tutorial_dag to None, run_after=None
[2025-03-18T11:07:13.317+0000] {processor.py:208} INFO - Processing /usr/local/python/3.12.1/lib/python3.12/site-packages/airflow/example_dags/tutorial_dag.py took 0.047 seconds
[2025-03-18T11:08:04.303+0000] {processor.py:186} INFO - Started process (PID=60920) to work on /usr/local/python/3.12.1/lib/python3.12/site-packages/airflow/example_dags/tutorial_dag.py
[2025-03-18T11:08:04.304+0000] {processor.py:914} INFO - Processing file /usr/local/python/3.12.1/lib/python3.12/site-packages/airflow/example_dags/tutorial_dag.py for tasks to queue
[2025-03-18T11:08:04.305+0000] {logging_mixin.py:190} INFO - [2025-03-18T11:08:04.305+0000] {dagbag.py:588} INFO - Filling up the DagBag from /usr/local/python/3.12.1/lib/python3.12/site-packages/airflow/example_dags/tutorial_dag.py
[2025-03-18T11:08:04.311+0000] {processor.py:925} INFO - DAG(s) 'tutorial_dag' retrieved from /usr/local/python/3.12.1/lib/python3.12/site-packages/airflow/example_dags/tutorial_dag.py
[2025-03-18T11:08:04.321+0000] {logging_mixin.py:190} INFO - [2025-03-18T11:08:04.321+0000] {dag.py:3239} INFO - Sync 1 DAGs
[2025-03-18T11:08:04.330+0000] {logging_mixin.py:190} INFO - [2025-03-18T11:08:04.330+0000] {dag.py:4180} INFO - Setting next_dagrun for tutorial_dag to None, run_after=None
[2025-03-18T11:08:04.345+0000] {processor.py:208} INFO - Processing /usr/local/python/3.12.1/lib/python3.12/site-packages/airflow/example_dags/tutorial_dag.py took 0.046 seconds
[2025-03-18T11:08:54.520+0000] {processor.py:186} INFO - Started process (PID=61353) to work on /usr/local/python/3.12.1/lib/python3.12/site-packages/airflow/example_dags/tutorial_dag.py
[2025-03-18T11:08:54.520+0000] {processor.py:914} INFO - Processing file /usr/local/python/3.12.1/lib/python3.12/site-packages/airflow/example_dags/tutorial_dag.py for tasks to queue
[2025-03-18T11:08:54.522+0000] {logging_mixin.py:190} INFO - [2025-03-18T11:08:54.522+0000] {dagbag.py:588} INFO - Filling up the DagBag from /usr/local/python/3.12.1/lib/python3.12/site-packages/airflow/example_dags/tutorial_dag.py
[2025-03-18T11:08:54.528+0000] {processor.py:925} INFO - DAG(s) 'tutorial_dag' retrieved from /usr/local/python/3.12.1/lib/python3.12/site-packages/airflow/example_dags/tutorial_dag.py
[2025-03-18T11:08:54.538+0000] {logging_mixin.py:190} INFO - [2025-03-18T11:08:54.537+0000] {dag.py:3239} INFO - Sync 1 DAGs
[2025-03-18T11:08:54.547+0000] {logging_mixin.py:190} INFO - [2025-03-18T11:08:54.547+0000] {dag.py:4180} INFO - Setting next_dagrun for tutorial_dag to None, run_after=None
[2025-03-18T11:08:54.561+0000] {processor.py:208} INFO - Processing /usr/local/python/3.12.1/lib/python3.12/site-packages/airflow/example_dags/tutorial_dag.py took 0.045 seconds
[2025-03-18T11:09:48.387+0000] {processor.py:186} INFO - Started process (PID=61795) to work on /usr/local/python/3.12.1/lib/python3.12/site-packages/airflow/example_dags/tutorial_dag.py
[2025-03-18T11:09:48.388+0000] {processor.py:914} INFO - Processing file /usr/local/python/3.12.1/lib/python3.12/site-packages/airflow/example_dags/tutorial_dag.py for tasks to queue
[2025-03-18T11:09:48.389+0000] {logging_mixin.py:190} INFO - [2025-03-18T11:09:48.389+0000] {dagbag.py:588} INFO - Filling up the DagBag from /usr/local/python/3.12.1/lib/python3.12/site-packages/airflow/example_dags/tutorial_dag.py
[2025-03-18T11:09:48.395+0000] {processor.py:925} INFO - DAG(s) 'tutorial_dag' retrieved from /usr/local/python/3.12.1/lib/python3.12/site-packages/airflow/example_dags/tutorial_dag.py
[2025-03-18T11:09:48.406+0000] {logging_mixin.py:190} INFO - [2025-03-18T11:09:48.406+0000] {dag.py:3239} INFO - Sync 1 DAGs
[2025-03-18T11:09:48.416+0000] {logging_mixin.py:190} INFO - [2025-03-18T11:09:48.415+0000] {dag.py:4180} INFO - Setting next_dagrun for tutorial_dag to None, run_after=None
[2025-03-18T11:09:48.429+0000] {processor.py:208} INFO - Processing /usr/local/python/3.12.1/lib/python3.12/site-packages/airflow/example_dags/tutorial_dag.py took 0.046 seconds
[2025-03-18T11:10:38.614+0000] {processor.py:186} INFO - Started process (PID=62228) to work on /usr/local/python/3.12.1/lib/python3.12/site-packages/airflow/example_dags/tutorial_dag.py
[2025-03-18T11:10:38.615+0000] {processor.py:914} INFO - Processing file /usr/local/python/3.12.1/lib/python3.12/site-packages/airflow/example_dags/tutorial_dag.py for tasks to queue
[2025-03-18T11:10:38.617+0000] {logging_mixin.py:190} INFO - [2025-03-18T11:10:38.616+0000] {dagbag.py:588} INFO - Filling up the DagBag from /usr/local/python/3.12.1/lib/python3.12/site-packages/airflow/example_dags/tutorial_dag.py
[2025-03-18T11:10:38.623+0000] {processor.py:925} INFO - DAG(s) 'tutorial_dag' retrieved from /usr/local/python/3.12.1/lib/python3.12/site-packages/airflow/example_dags/tutorial_dag.py
[2025-03-18T11:10:38.633+0000] {logging_mixin.py:190} INFO - [2025-03-18T11:10:38.632+0000] {dag.py:3239} INFO - Sync 1 DAGs
[2025-03-18T11:10:38.642+0000] {logging_mixin.py:190} INFO - [2025-03-18T11:10:38.642+0000] {dag.py:4180} INFO - Setting next_dagrun for tutorial_dag to None, run_after=None
[2025-03-18T11:10:38.655+0000] {processor.py:208} INFO - Processing /usr/local/python/3.12.1/lib/python3.12/site-packages/airflow/example_dags/tutorial_dag.py took 0.045 seconds
[2025-03-18T11:11:28.028+0000] {processor.py:186} INFO - Started process (PID=62662) to work on /usr/local/python/3.12.1/lib/python3.12/site-packages/airflow/example_dags/tutorial_dag.py
[2025-03-18T11:11:28.029+0000] {processor.py:914} INFO - Processing file /usr/local/python/3.12.1/lib/python3.12/site-packages/airflow/example_dags/tutorial_dag.py for tasks to queue
[2025-03-18T11:11:28.030+0000] {logging_mixin.py:190} INFO - [2025-03-18T11:11:28.030+0000] {dagbag.py:588} INFO - Filling up the DagBag from /usr/local/python/3.12.1/lib/python3.12/site-packages/airflow/example_dags/tutorial_dag.py
[2025-03-18T11:11:28.036+0000] {processor.py:925} INFO - DAG(s) 'tutorial_dag' retrieved from /usr/local/python/3.12.1/lib/python3.12/site-packages/airflow/example_dags/tutorial_dag.py
[2025-03-18T11:11:28.046+0000] {logging_mixin.py:190} INFO - [2025-03-18T11:11:28.046+0000] {dag.py:3239} INFO - Sync 1 DAGs
[2025-03-18T11:11:28.055+0000] {logging_mixin.py:190} INFO - [2025-03-18T11:11:28.055+0000] {dag.py:4180} INFO - Setting next_dagrun for tutorial_dag to None, run_after=None
[2025-03-18T11:11:28.070+0000] {processor.py:208} INFO - Processing /usr/local/python/3.12.1/lib/python3.12/site-packages/airflow/example_dags/tutorial_dag.py took 0.046 seconds
[2025-03-18T11:12:14.843+0000] {processor.py:186} INFO - Started process (PID=63237) to work on /usr/local/python/3.12.1/lib/python3.12/site-packages/airflow/example_dags/tutorial_dag.py
[2025-03-18T11:12:14.844+0000] {processor.py:914} INFO - Processing file /usr/local/python/3.12.1/lib/python3.12/site-packages/airflow/example_dags/tutorial_dag.py for tasks to queue
[2025-03-18T11:12:14.845+0000] {logging_mixin.py:190} INFO - [2025-03-18T11:12:14.845+0000] {dagbag.py:588} INFO - Filling up the DagBag from /usr/local/python/3.12.1/lib/python3.12/site-packages/airflow/example_dags/tutorial_dag.py
[2025-03-18T11:12:14.851+0000] {processor.py:925} INFO - DAG(s) 'tutorial_dag' retrieved from /usr/local/python/3.12.1/lib/python3.12/site-packages/airflow/example_dags/tutorial_dag.py
[2025-03-18T11:12:14.861+0000] {logging_mixin.py:190} INFO - [2025-03-18T11:12:14.861+0000] {dag.py:3239} INFO - Sync 1 DAGs
[2025-03-18T11:12:14.870+0000] {logging_mixin.py:190} INFO - [2025-03-18T11:12:14.870+0000] {dag.py:4180} INFO - Setting next_dagrun for tutorial_dag to None, run_after=None
[2025-03-18T11:12:14.885+0000] {processor.py:208} INFO - Processing /usr/local/python/3.12.1/lib/python3.12/site-packages/airflow/example_dags/tutorial_dag.py took 0.045 seconds
[2025-03-18T11:49:46.902+0000] {processor.py:186} INFO - Started process (PID=82399) to work on /usr/local/python/3.12.1/lib/python3.12/site-packages/airflow/example_dags/tutorial_dag.py
[2025-03-18T11:49:46.903+0000] {processor.py:914} INFO - Processing file /usr/local/python/3.12.1/lib/python3.12/site-packages/airflow/example_dags/tutorial_dag.py for tasks to queue
[2025-03-18T11:49:46.904+0000] {logging_mixin.py:190} INFO - [2025-03-18T11:49:46.904+0000] {dagbag.py:588} INFO - Filling up the DagBag from /usr/local/python/3.12.1/lib/python3.12/site-packages/airflow/example_dags/tutorial_dag.py
[2025-03-18T11:49:46.913+0000] {processor.py:925} INFO - DAG(s) 'tutorial_dag' retrieved from /usr/local/python/3.12.1/lib/python3.12/site-packages/airflow/example_dags/tutorial_dag.py
[2025-03-18T11:49:46.927+0000] {logging_mixin.py:190} INFO - [2025-03-18T11:49:46.927+0000] {dag.py:3239} INFO - Sync 1 DAGs
[2025-03-18T11:49:46.936+0000] {logging_mixin.py:190} INFO - [2025-03-18T11:49:46.936+0000] {dag.py:4180} INFO - Setting next_dagrun for tutorial_dag to None, run_after=None
[2025-03-18T11:49:46.950+0000] {processor.py:208} INFO - Processing /usr/local/python/3.12.1/lib/python3.12/site-packages/airflow/example_dags/tutorial_dag.py took 0.052 seconds
[2025-03-18T11:50:21.590+0000] {processor.py:186} INFO - Started process (PID=82840) to work on /usr/local/python/3.12.1/lib/python3.12/site-packages/airflow/example_dags/tutorial_dag.py
[2025-03-18T11:50:21.590+0000] {processor.py:914} INFO - Processing file /usr/local/python/3.12.1/lib/python3.12/site-packages/airflow/example_dags/tutorial_dag.py for tasks to queue
[2025-03-18T11:50:21.592+0000] {logging_mixin.py:190} INFO - [2025-03-18T11:50:21.591+0000] {dagbag.py:588} INFO - Filling up the DagBag from /usr/local/python/3.12.1/lib/python3.12/site-packages/airflow/example_dags/tutorial_dag.py
[2025-03-18T11:50:21.601+0000] {processor.py:925} INFO - DAG(s) 'tutorial_dag' retrieved from /usr/local/python/3.12.1/lib/python3.12/site-packages/airflow/example_dags/tutorial_dag.py
[2025-03-18T11:50:21.615+0000] {logging_mixin.py:190} INFO - [2025-03-18T11:50:21.615+0000] {dag.py:3239} INFO - Sync 1 DAGs
[2025-03-18T11:50:21.624+0000] {logging_mixin.py:190} INFO - [2025-03-18T11:50:21.624+0000] {dag.py:4180} INFO - Setting next_dagrun for tutorial_dag to None, run_after=None
[2025-03-18T11:50:21.639+0000] {processor.py:208} INFO - Processing /usr/local/python/3.12.1/lib/python3.12/site-packages/airflow/example_dags/tutorial_dag.py took 0.053 seconds
[2025-03-18T11:57:39.353+0000] {processor.py:186} INFO - Started process (PID=86652) to work on /usr/local/python/3.12.1/lib/python3.12/site-packages/airflow/example_dags/tutorial_dag.py
[2025-03-18T11:57:39.353+0000] {processor.py:914} INFO - Processing file /usr/local/python/3.12.1/lib/python3.12/site-packages/airflow/example_dags/tutorial_dag.py for tasks to queue
[2025-03-18T11:57:39.355+0000] {logging_mixin.py:190} INFO - [2025-03-18T11:57:39.355+0000] {dagbag.py:588} INFO - Filling up the DagBag from /usr/local/python/3.12.1/lib/python3.12/site-packages/airflow/example_dags/tutorial_dag.py
[2025-03-18T11:57:39.363+0000] {processor.py:925} INFO - DAG(s) 'tutorial_dag' retrieved from /usr/local/python/3.12.1/lib/python3.12/site-packages/airflow/example_dags/tutorial_dag.py
[2025-03-18T11:57:39.378+0000] {logging_mixin.py:190} INFO - [2025-03-18T11:57:39.378+0000] {dag.py:3239} INFO - Sync 1 DAGs
[2025-03-18T11:57:39.387+0000] {logging_mixin.py:190} INFO - [2025-03-18T11:57:39.387+0000] {dag.py:4180} INFO - Setting next_dagrun for tutorial_dag to None, run_after=None
[2025-03-18T11:57:39.401+0000] {processor.py:208} INFO - Processing /usr/local/python/3.12.1/lib/python3.12/site-packages/airflow/example_dags/tutorial_dag.py took 0.053 seconds
