[2025-03-18T10:51:25.046+0000] {processor.py:186} INFO - Started process (PID=49188) to work on /usr/local/python/3.12.1/lib/python3.12/site-packages/airflow/example_dags/tutorial_objectstorage.py
[2025-03-18T10:51:25.047+0000] {processor.py:914} INFO - Processing file /usr/local/python/3.12.1/lib/python3.12/site-packages/airflow/example_dags/tutorial_objectstorage.py for tasks to queue
[2025-03-18T10:51:25.048+0000] {logging_mixin.py:190} INFO - [2025-03-18T10:51:25.048+0000] {dagbag.py:588} INFO - Filling up the DagBag from /usr/local/python/3.12.1/lib/python3.12/site-packages/airflow/example_dags/tutorial_objectstorage.py
[2025-03-18T10:51:25.058+0000] {processor.py:925} INFO - DAG(s) 'tutorial_objectstorage' retrieved from /usr/local/python/3.12.1/lib/python3.12/site-packages/airflow/example_dags/tutorial_objectstorage.py
[2025-03-18T10:51:25.142+0000] {logging_mixin.py:190} INFO - [2025-03-18T10:51:25.141+0000] {override.py:1930} INFO - Created Permission View: can read on DAG:tutorial_objectstorage
[2025-03-18T10:51:25.150+0000] {logging_mixin.py:190} INFO - [2025-03-18T10:51:25.150+0000] {override.py:1930} INFO - Created Permission View: can edit on DAG:tutorial_objectstorage
[2025-03-18T10:51:25.156+0000] {logging_mixin.py:190} INFO - [2025-03-18T10:51:25.156+0000] {override.py:1930} INFO - Created Permission View: can delete on DAG:tutorial_objectstorage
[2025-03-18T10:51:25.166+0000] {logging_mixin.py:190} INFO - [2025-03-18T10:51:25.165+0000] {override.py:1930} INFO - Created Permission View: can read on DAG Run:tutorial_objectstorage
[2025-03-18T10:51:25.173+0000] {logging_mixin.py:190} INFO - [2025-03-18T10:51:25.173+0000] {override.py:1930} INFO - Created Permission View: can create on DAG Run:tutorial_objectstorage
[2025-03-18T10:51:25.180+0000] {logging_mixin.py:190} INFO - [2025-03-18T10:51:25.180+0000] {override.py:1930} INFO - Created Permission View: menu access on DAG Run:tutorial_objectstorage
[2025-03-18T10:51:25.187+0000] {logging_mixin.py:190} INFO - [2025-03-18T10:51:25.187+0000] {override.py:1930} INFO - Created Permission View: can delete on DAG Run:tutorial_objectstorage
[2025-03-18T10:51:25.187+0000] {logging_mixin.py:190} INFO - [2025-03-18T10:51:25.187+0000] {dag.py:3239} INFO - Sync 1 DAGs
[2025-03-18T10:51:25.196+0000] {logging_mixin.py:190} INFO - [2025-03-18T10:51:25.196+0000] {dag.py:3262} INFO - Creating ORM DAG for tutorial_objectstorage
[2025-03-18T10:51:25.197+0000] {logging_mixin.py:190} INFO - [2025-03-18T10:51:25.196+0000] {dag.py:4180} INFO - Setting next_dagrun for tutorial_objectstorage to None, run_after=None
[2025-03-18T10:51:25.211+0000] {processor.py:208} INFO - Processing /usr/local/python/3.12.1/lib/python3.12/site-packages/airflow/example_dags/tutorial_objectstorage.py took 0.169 seconds
[2025-03-18T10:52:26.174+0000] {processor.py:186} INFO - Started process (PID=49805) to work on /usr/local/python/3.12.1/lib/python3.12/site-packages/airflow/example_dags/tutorial_objectstorage.py
[2025-03-18T10:52:26.175+0000] {processor.py:914} INFO - Processing file /usr/local/python/3.12.1/lib/python3.12/site-packages/airflow/example_dags/tutorial_objectstorage.py for tasks to queue
[2025-03-18T10:52:26.176+0000] {logging_mixin.py:190} INFO - [2025-03-18T10:52:26.176+0000] {dagbag.py:588} INFO - Filling up the DagBag from /usr/local/python/3.12.1/lib/python3.12/site-packages/airflow/example_dags/tutorial_objectstorage.py
[2025-03-18T10:52:26.184+0000] {processor.py:925} INFO - DAG(s) 'tutorial_objectstorage' retrieved from /usr/local/python/3.12.1/lib/python3.12/site-packages/airflow/example_dags/tutorial_objectstorage.py
[2025-03-18T10:52:26.194+0000] {logging_mixin.py:190} INFO - [2025-03-18T10:52:26.193+0000] {dag.py:3239} INFO - Sync 1 DAGs
[2025-03-18T10:52:26.203+0000] {logging_mixin.py:190} INFO - [2025-03-18T10:52:26.203+0000] {dag.py:4180} INFO - Setting next_dagrun for tutorial_objectstorage to None, run_after=None
[2025-03-18T10:52:26.218+0000] {processor.py:208} INFO - Processing /usr/local/python/3.12.1/lib/python3.12/site-packages/airflow/example_dags/tutorial_objectstorage.py took 0.048 seconds
[2025-03-18T10:53:08.796+0000] {processor.py:186} INFO - Started process (PID=50380) to work on /usr/local/python/3.12.1/lib/python3.12/site-packages/airflow/example_dags/tutorial_objectstorage.py
[2025-03-18T10:53:08.797+0000] {processor.py:914} INFO - Processing file /usr/local/python/3.12.1/lib/python3.12/site-packages/airflow/example_dags/tutorial_objectstorage.py for tasks to queue
[2025-03-18T10:53:08.798+0000] {logging_mixin.py:190} INFO - [2025-03-18T10:53:08.798+0000] {dagbag.py:588} INFO - Filling up the DagBag from /usr/local/python/3.12.1/lib/python3.12/site-packages/airflow/example_dags/tutorial_objectstorage.py
[2025-03-18T10:53:08.808+0000] {processor.py:925} INFO - DAG(s) 'tutorial_objectstorage' retrieved from /usr/local/python/3.12.1/lib/python3.12/site-packages/airflow/example_dags/tutorial_objectstorage.py
[2025-03-18T10:53:08.823+0000] {logging_mixin.py:190} INFO - [2025-03-18T10:53:08.823+0000] {dag.py:3239} INFO - Sync 1 DAGs
[2025-03-18T10:53:08.838+0000] {logging_mixin.py:190} INFO - [2025-03-18T10:53:08.838+0000] {dag.py:4180} INFO - Setting next_dagrun for tutorial_objectstorage to None, run_after=None
[2025-03-18T10:53:08.856+0000] {processor.py:208} INFO - Processing /usr/local/python/3.12.1/lib/python3.12/site-packages/airflow/example_dags/tutorial_objectstorage.py took 0.063 seconds
[2025-03-18T10:54:03.015+0000] {processor.py:186} INFO - Started process (PID=51027) to work on /usr/local/python/3.12.1/lib/python3.12/site-packages/airflow/example_dags/tutorial_objectstorage.py
[2025-03-18T10:54:03.016+0000] {processor.py:914} INFO - Processing file /usr/local/python/3.12.1/lib/python3.12/site-packages/airflow/example_dags/tutorial_objectstorage.py for tasks to queue
[2025-03-18T10:54:03.018+0000] {logging_mixin.py:190} INFO - [2025-03-18T10:54:03.018+0000] {dagbag.py:588} INFO - Filling up the DagBag from /usr/local/python/3.12.1/lib/python3.12/site-packages/airflow/example_dags/tutorial_objectstorage.py
[2025-03-18T10:54:03.027+0000] {processor.py:925} INFO - DAG(s) 'tutorial_objectstorage' retrieved from /usr/local/python/3.12.1/lib/python3.12/site-packages/airflow/example_dags/tutorial_objectstorage.py
[2025-03-18T10:54:03.037+0000] {logging_mixin.py:190} INFO - [2025-03-18T10:54:03.037+0000] {dag.py:3239} INFO - Sync 1 DAGs
[2025-03-18T10:54:03.046+0000] {logging_mixin.py:190} INFO - [2025-03-18T10:54:03.046+0000] {dag.py:4180} INFO - Setting next_dagrun for tutorial_objectstorage to None, run_after=None
[2025-03-18T10:54:03.061+0000] {processor.py:208} INFO - Processing /usr/local/python/3.12.1/lib/python3.12/site-packages/airflow/example_dags/tutorial_objectstorage.py took 0.051 seconds
[2025-03-18T10:54:57.879+0000] {processor.py:186} INFO - Started process (PID=51510) to work on /usr/local/python/3.12.1/lib/python3.12/site-packages/airflow/example_dags/tutorial_objectstorage.py
[2025-03-18T10:54:57.880+0000] {processor.py:914} INFO - Processing file /usr/local/python/3.12.1/lib/python3.12/site-packages/airflow/example_dags/tutorial_objectstorage.py for tasks to queue
[2025-03-18T10:54:57.881+0000] {logging_mixin.py:190} INFO - [2025-03-18T10:54:57.881+0000] {dagbag.py:588} INFO - Filling up the DagBag from /usr/local/python/3.12.1/lib/python3.12/site-packages/airflow/example_dags/tutorial_objectstorage.py
[2025-03-18T10:54:57.888+0000] {processor.py:925} INFO - DAG(s) 'tutorial_objectstorage' retrieved from /usr/local/python/3.12.1/lib/python3.12/site-packages/airflow/example_dags/tutorial_objectstorage.py
[2025-03-18T10:54:57.898+0000] {logging_mixin.py:190} INFO - [2025-03-18T10:54:57.898+0000] {dag.py:3239} INFO - Sync 1 DAGs
[2025-03-18T10:54:57.907+0000] {logging_mixin.py:190} INFO - [2025-03-18T10:54:57.907+0000] {dag.py:4180} INFO - Setting next_dagrun for tutorial_objectstorage to None, run_after=None
[2025-03-18T10:54:57.922+0000] {processor.py:208} INFO - Processing /usr/local/python/3.12.1/lib/python3.12/site-packages/airflow/example_dags/tutorial_objectstorage.py took 0.047 seconds
[2025-03-18T10:55:45.861+0000] {processor.py:186} INFO - Started process (PID=52023) to work on /usr/local/python/3.12.1/lib/python3.12/site-packages/airflow/example_dags/tutorial_objectstorage.py
[2025-03-18T10:55:45.862+0000] {processor.py:914} INFO - Processing file /usr/local/python/3.12.1/lib/python3.12/site-packages/airflow/example_dags/tutorial_objectstorage.py for tasks to queue
[2025-03-18T10:55:45.863+0000] {logging_mixin.py:190} INFO - [2025-03-18T10:55:45.863+0000] {dagbag.py:588} INFO - Filling up the DagBag from /usr/local/python/3.12.1/lib/python3.12/site-packages/airflow/example_dags/tutorial_objectstorage.py
[2025-03-18T10:55:45.872+0000] {processor.py:925} INFO - DAG(s) 'tutorial_objectstorage' retrieved from /usr/local/python/3.12.1/lib/python3.12/site-packages/airflow/example_dags/tutorial_objectstorage.py
[2025-03-18T10:55:45.884+0000] {logging_mixin.py:190} INFO - [2025-03-18T10:55:45.884+0000] {dag.py:3239} INFO - Sync 1 DAGs
[2025-03-18T10:55:45.897+0000] {logging_mixin.py:190} INFO - [2025-03-18T10:55:45.896+0000] {dag.py:4180} INFO - Setting next_dagrun for tutorial_objectstorage to None, run_after=None
[2025-03-18T10:55:45.911+0000] {processor.py:208} INFO - Processing /usr/local/python/3.12.1/lib/python3.12/site-packages/airflow/example_dags/tutorial_objectstorage.py took 0.053 seconds
[2025-03-18T10:56:35.927+0000] {processor.py:186} INFO - Started process (PID=52663) to work on /usr/local/python/3.12.1/lib/python3.12/site-packages/airflow/example_dags/tutorial_objectstorage.py
[2025-03-18T10:56:35.927+0000] {processor.py:914} INFO - Processing file /usr/local/python/3.12.1/lib/python3.12/site-packages/airflow/example_dags/tutorial_objectstorage.py for tasks to queue
[2025-03-18T10:56:35.929+0000] {logging_mixin.py:190} INFO - [2025-03-18T10:56:35.929+0000] {dagbag.py:588} INFO - Filling up the DagBag from /usr/local/python/3.12.1/lib/python3.12/site-packages/airflow/example_dags/tutorial_objectstorage.py
[2025-03-18T10:56:35.936+0000] {processor.py:925} INFO - DAG(s) 'tutorial_objectstorage' retrieved from /usr/local/python/3.12.1/lib/python3.12/site-packages/airflow/example_dags/tutorial_objectstorage.py
[2025-03-18T10:56:35.946+0000] {logging_mixin.py:190} INFO - [2025-03-18T10:56:35.945+0000] {dag.py:3239} INFO - Sync 1 DAGs
[2025-03-18T10:56:35.955+0000] {logging_mixin.py:190} INFO - [2025-03-18T10:56:35.955+0000] {dag.py:4180} INFO - Setting next_dagrun for tutorial_objectstorage to None, run_after=None
[2025-03-18T10:56:35.969+0000] {processor.py:208} INFO - Processing /usr/local/python/3.12.1/lib/python3.12/site-packages/airflow/example_dags/tutorial_objectstorage.py took 0.046 seconds
[2025-03-18T10:57:24.335+0000] {processor.py:186} INFO - Started process (PID=53245) to work on /usr/local/python/3.12.1/lib/python3.12/site-packages/airflow/example_dags/tutorial_objectstorage.py
[2025-03-18T10:57:24.336+0000] {processor.py:914} INFO - Processing file /usr/local/python/3.12.1/lib/python3.12/site-packages/airflow/example_dags/tutorial_objectstorage.py for tasks to queue
[2025-03-18T10:57:24.337+0000] {logging_mixin.py:190} INFO - [2025-03-18T10:57:24.337+0000] {dagbag.py:588} INFO - Filling up the DagBag from /usr/local/python/3.12.1/lib/python3.12/site-packages/airflow/example_dags/tutorial_objectstorage.py
[2025-03-18T10:57:24.344+0000] {processor.py:925} INFO - DAG(s) 'tutorial_objectstorage' retrieved from /usr/local/python/3.12.1/lib/python3.12/site-packages/airflow/example_dags/tutorial_objectstorage.py
[2025-03-18T10:57:24.354+0000] {logging_mixin.py:190} INFO - [2025-03-18T10:57:24.354+0000] {dag.py:3239} INFO - Sync 1 DAGs
[2025-03-18T10:57:24.363+0000] {logging_mixin.py:190} INFO - [2025-03-18T10:57:24.363+0000] {dag.py:4180} INFO - Setting next_dagrun for tutorial_objectstorage to None, run_after=None
[2025-03-18T10:57:24.377+0000] {processor.py:208} INFO - Processing /usr/local/python/3.12.1/lib/python3.12/site-packages/airflow/example_dags/tutorial_objectstorage.py took 0.046 seconds
[2025-03-18T10:58:13.187+0000] {processor.py:186} INFO - Started process (PID=53757) to work on /usr/local/python/3.12.1/lib/python3.12/site-packages/airflow/example_dags/tutorial_objectstorage.py
[2025-03-18T10:58:13.188+0000] {processor.py:914} INFO - Processing file /usr/local/python/3.12.1/lib/python3.12/site-packages/airflow/example_dags/tutorial_objectstorage.py for tasks to queue
[2025-03-18T10:58:13.189+0000] {logging_mixin.py:190} INFO - [2025-03-18T10:58:13.189+0000] {dagbag.py:588} INFO - Filling up the DagBag from /usr/local/python/3.12.1/lib/python3.12/site-packages/airflow/example_dags/tutorial_objectstorage.py
[2025-03-18T10:58:13.196+0000] {processor.py:925} INFO - DAG(s) 'tutorial_objectstorage' retrieved from /usr/local/python/3.12.1/lib/python3.12/site-packages/airflow/example_dags/tutorial_objectstorage.py
[2025-03-18T10:58:13.206+0000] {logging_mixin.py:190} INFO - [2025-03-18T10:58:13.206+0000] {dag.py:3239} INFO - Sync 1 DAGs
[2025-03-18T10:58:13.215+0000] {logging_mixin.py:190} INFO - [2025-03-18T10:58:13.215+0000] {dag.py:4180} INFO - Setting next_dagrun for tutorial_objectstorage to None, run_after=None
[2025-03-18T10:58:13.229+0000] {processor.py:208} INFO - Processing /usr/local/python/3.12.1/lib/python3.12/site-packages/airflow/example_dags/tutorial_objectstorage.py took 0.046 seconds
[2025-03-18T10:59:00.408+0000] {processor.py:186} INFO - Started process (PID=54286) to work on /usr/local/python/3.12.1/lib/python3.12/site-packages/airflow/example_dags/tutorial_objectstorage.py
[2025-03-18T10:59:00.408+0000] {processor.py:914} INFO - Processing file /usr/local/python/3.12.1/lib/python3.12/site-packages/airflow/example_dags/tutorial_objectstorage.py for tasks to queue
[2025-03-18T10:59:00.410+0000] {logging_mixin.py:190} INFO - [2025-03-18T10:59:00.410+0000] {dagbag.py:588} INFO - Filling up the DagBag from /usr/local/python/3.12.1/lib/python3.12/site-packages/airflow/example_dags/tutorial_objectstorage.py
[2025-03-18T10:59:00.417+0000] {processor.py:925} INFO - DAG(s) 'tutorial_objectstorage' retrieved from /usr/local/python/3.12.1/lib/python3.12/site-packages/airflow/example_dags/tutorial_objectstorage.py
[2025-03-18T10:59:00.427+0000] {logging_mixin.py:190} INFO - [2025-03-18T10:59:00.427+0000] {dag.py:3239} INFO - Sync 1 DAGs
[2025-03-18T10:59:00.437+0000] {logging_mixin.py:190} INFO - [2025-03-18T10:59:00.437+0000] {dag.py:4180} INFO - Setting next_dagrun for tutorial_objectstorage to None, run_after=None
[2025-03-18T10:59:00.452+0000] {processor.py:208} INFO - Processing /usr/local/python/3.12.1/lib/python3.12/site-packages/airflow/example_dags/tutorial_objectstorage.py took 0.048 seconds
[2025-03-18T10:59:48.436+0000] {processor.py:186} INFO - Started process (PID=54841) to work on /usr/local/python/3.12.1/lib/python3.12/site-packages/airflow/example_dags/tutorial_objectstorage.py
[2025-03-18T10:59:48.437+0000] {processor.py:914} INFO - Processing file /usr/local/python/3.12.1/lib/python3.12/site-packages/airflow/example_dags/tutorial_objectstorage.py for tasks to queue
[2025-03-18T10:59:48.438+0000] {logging_mixin.py:190} INFO - [2025-03-18T10:59:48.438+0000] {dagbag.py:588} INFO - Filling up the DagBag from /usr/local/python/3.12.1/lib/python3.12/site-packages/airflow/example_dags/tutorial_objectstorage.py
[2025-03-18T10:59:48.445+0000] {processor.py:925} INFO - DAG(s) 'tutorial_objectstorage' retrieved from /usr/local/python/3.12.1/lib/python3.12/site-packages/airflow/example_dags/tutorial_objectstorage.py
[2025-03-18T10:59:48.455+0000] {logging_mixin.py:190} INFO - [2025-03-18T10:59:48.455+0000] {dag.py:3239} INFO - Sync 1 DAGs
[2025-03-18T10:59:48.464+0000] {logging_mixin.py:190} INFO - [2025-03-18T10:59:48.464+0000] {dag.py:4180} INFO - Setting next_dagrun for tutorial_objectstorage to None, run_after=None
[2025-03-18T10:59:48.478+0000] {processor.py:208} INFO - Processing /usr/local/python/3.12.1/lib/python3.12/site-packages/airflow/example_dags/tutorial_objectstorage.py took 0.047 seconds
[2025-03-18T11:00:37.564+0000] {processor.py:186} INFO - Started process (PID=55454) to work on /usr/local/python/3.12.1/lib/python3.12/site-packages/airflow/example_dags/tutorial_objectstorage.py
[2025-03-18T11:00:37.565+0000] {processor.py:914} INFO - Processing file /usr/local/python/3.12.1/lib/python3.12/site-packages/airflow/example_dags/tutorial_objectstorage.py for tasks to queue
[2025-03-18T11:00:37.566+0000] {logging_mixin.py:190} INFO - [2025-03-18T11:00:37.566+0000] {dagbag.py:588} INFO - Filling up the DagBag from /usr/local/python/3.12.1/lib/python3.12/site-packages/airflow/example_dags/tutorial_objectstorage.py
[2025-03-18T11:00:37.574+0000] {processor.py:925} INFO - DAG(s) 'tutorial_objectstorage' retrieved from /usr/local/python/3.12.1/lib/python3.12/site-packages/airflow/example_dags/tutorial_objectstorage.py
[2025-03-18T11:00:37.583+0000] {logging_mixin.py:190} INFO - [2025-03-18T11:00:37.583+0000] {dag.py:3239} INFO - Sync 1 DAGs
[2025-03-18T11:00:37.593+0000] {logging_mixin.py:190} INFO - [2025-03-18T11:00:37.592+0000] {dag.py:4180} INFO - Setting next_dagrun for tutorial_objectstorage to None, run_after=None
[2025-03-18T11:00:37.606+0000] {processor.py:208} INFO - Processing /usr/local/python/3.12.1/lib/python3.12/site-packages/airflow/example_dags/tutorial_objectstorage.py took 0.046 seconds
[2025-03-18T11:01:29.138+0000] {processor.py:186} INFO - Started process (PID=57725) to work on /usr/local/python/3.12.1/lib/python3.12/site-packages/airflow/example_dags/tutorial_objectstorage.py
[2025-03-18T11:01:29.139+0000] {processor.py:914} INFO - Processing file /usr/local/python/3.12.1/lib/python3.12/site-packages/airflow/example_dags/tutorial_objectstorage.py for tasks to queue
[2025-03-18T11:01:29.140+0000] {logging_mixin.py:190} INFO - [2025-03-18T11:01:29.140+0000] {dagbag.py:588} INFO - Filling up the DagBag from /usr/local/python/3.12.1/lib/python3.12/site-packages/airflow/example_dags/tutorial_objectstorage.py
[2025-03-18T11:01:29.147+0000] {processor.py:925} INFO - DAG(s) 'tutorial_objectstorage' retrieved from /usr/local/python/3.12.1/lib/python3.12/site-packages/airflow/example_dags/tutorial_objectstorage.py
[2025-03-18T11:01:29.157+0000] {logging_mixin.py:190} INFO - [2025-03-18T11:01:29.157+0000] {dag.py:3239} INFO - Sync 1 DAGs
[2025-03-18T11:01:29.167+0000] {logging_mixin.py:190} INFO - [2025-03-18T11:01:29.167+0000] {dag.py:4180} INFO - Setting next_dagrun for tutorial_objectstorage to None, run_after=None
[2025-03-18T11:01:29.182+0000] {processor.py:208} INFO - Processing /usr/local/python/3.12.1/lib/python3.12/site-packages/airflow/example_dags/tutorial_objectstorage.py took 0.047 seconds
[2025-03-18T11:02:20.542+0000] {processor.py:186} INFO - Started process (PID=58149) to work on /usr/local/python/3.12.1/lib/python3.12/site-packages/airflow/example_dags/tutorial_objectstorage.py
[2025-03-18T11:02:20.543+0000] {processor.py:914} INFO - Processing file /usr/local/python/3.12.1/lib/python3.12/site-packages/airflow/example_dags/tutorial_objectstorage.py for tasks to queue
[2025-03-18T11:02:20.544+0000] {logging_mixin.py:190} INFO - [2025-03-18T11:02:20.544+0000] {dagbag.py:588} INFO - Filling up the DagBag from /usr/local/python/3.12.1/lib/python3.12/site-packages/airflow/example_dags/tutorial_objectstorage.py
[2025-03-18T11:02:20.551+0000] {processor.py:925} INFO - DAG(s) 'tutorial_objectstorage' retrieved from /usr/local/python/3.12.1/lib/python3.12/site-packages/airflow/example_dags/tutorial_objectstorage.py
[2025-03-18T11:02:20.561+0000] {logging_mixin.py:190} INFO - [2025-03-18T11:02:20.561+0000] {dag.py:3239} INFO - Sync 1 DAGs
[2025-03-18T11:02:20.570+0000] {logging_mixin.py:190} INFO - [2025-03-18T11:02:20.570+0000] {dag.py:4180} INFO - Setting next_dagrun for tutorial_objectstorage to None, run_after=None
[2025-03-18T11:02:20.585+0000] {processor.py:208} INFO - Processing /usr/local/python/3.12.1/lib/python3.12/site-packages/airflow/example_dags/tutorial_objectstorage.py took 0.047 seconds
[2025-03-18T11:03:08.930+0000] {processor.py:186} INFO - Started process (PID=58568) to work on /usr/local/python/3.12.1/lib/python3.12/site-packages/airflow/example_dags/tutorial_objectstorage.py
[2025-03-18T11:03:08.931+0000] {processor.py:914} INFO - Processing file /usr/local/python/3.12.1/lib/python3.12/site-packages/airflow/example_dags/tutorial_objectstorage.py for tasks to queue
[2025-03-18T11:03:08.932+0000] {logging_mixin.py:190} INFO - [2025-03-18T11:03:08.932+0000] {dagbag.py:588} INFO - Filling up the DagBag from /usr/local/python/3.12.1/lib/python3.12/site-packages/airflow/example_dags/tutorial_objectstorage.py
[2025-03-18T11:03:08.939+0000] {processor.py:925} INFO - DAG(s) 'tutorial_objectstorage' retrieved from /usr/local/python/3.12.1/lib/python3.12/site-packages/airflow/example_dags/tutorial_objectstorage.py
[2025-03-18T11:03:08.949+0000] {logging_mixin.py:190} INFO - [2025-03-18T11:03:08.949+0000] {dag.py:3239} INFO - Sync 1 DAGs
[2025-03-18T11:03:08.958+0000] {logging_mixin.py:190} INFO - [2025-03-18T11:03:08.958+0000] {dag.py:4180} INFO - Setting next_dagrun for tutorial_objectstorage to None, run_after=None
[2025-03-18T11:03:08.972+0000] {processor.py:208} INFO - Processing /usr/local/python/3.12.1/lib/python3.12/site-packages/airflow/example_dags/tutorial_objectstorage.py took 0.046 seconds
[2025-03-18T11:03:56.415+0000] {processor.py:186} INFO - Started process (PID=58947) to work on /usr/local/python/3.12.1/lib/python3.12/site-packages/airflow/example_dags/tutorial_objectstorage.py
[2025-03-18T11:03:56.416+0000] {processor.py:914} INFO - Processing file /usr/local/python/3.12.1/lib/python3.12/site-packages/airflow/example_dags/tutorial_objectstorage.py for tasks to queue
[2025-03-18T11:03:56.418+0000] {logging_mixin.py:190} INFO - [2025-03-18T11:03:56.417+0000] {dagbag.py:588} INFO - Filling up the DagBag from /usr/local/python/3.12.1/lib/python3.12/site-packages/airflow/example_dags/tutorial_objectstorage.py
[2025-03-18T11:03:56.425+0000] {processor.py:925} INFO - DAG(s) 'tutorial_objectstorage' retrieved from /usr/local/python/3.12.1/lib/python3.12/site-packages/airflow/example_dags/tutorial_objectstorage.py
[2025-03-18T11:03:56.434+0000] {logging_mixin.py:190} INFO - [2025-03-18T11:03:56.434+0000] {dag.py:3239} INFO - Sync 1 DAGs
[2025-03-18T11:03:56.444+0000] {logging_mixin.py:190} INFO - [2025-03-18T11:03:56.443+0000] {dag.py:4180} INFO - Setting next_dagrun for tutorial_objectstorage to None, run_after=None
[2025-03-18T11:03:56.458+0000] {processor.py:208} INFO - Processing /usr/local/python/3.12.1/lib/python3.12/site-packages/airflow/example_dags/tutorial_objectstorage.py took 0.046 seconds
[2025-03-18T11:04:44.302+0000] {processor.py:186} INFO - Started process (PID=59313) to work on /usr/local/python/3.12.1/lib/python3.12/site-packages/airflow/example_dags/tutorial_objectstorage.py
[2025-03-18T11:04:44.303+0000] {processor.py:914} INFO - Processing file /usr/local/python/3.12.1/lib/python3.12/site-packages/airflow/example_dags/tutorial_objectstorage.py for tasks to queue
[2025-03-18T11:04:44.304+0000] {logging_mixin.py:190} INFO - [2025-03-18T11:04:44.304+0000] {dagbag.py:588} INFO - Filling up the DagBag from /usr/local/python/3.12.1/lib/python3.12/site-packages/airflow/example_dags/tutorial_objectstorage.py
[2025-03-18T11:04:44.313+0000] {processor.py:925} INFO - DAG(s) 'tutorial_objectstorage' retrieved from /usr/local/python/3.12.1/lib/python3.12/site-packages/airflow/example_dags/tutorial_objectstorage.py
[2025-03-18T11:04:44.324+0000] {logging_mixin.py:190} INFO - [2025-03-18T11:04:44.323+0000] {dag.py:3239} INFO - Sync 1 DAGs
[2025-03-18T11:04:44.333+0000] {logging_mixin.py:190} INFO - [2025-03-18T11:04:44.333+0000] {dag.py:4180} INFO - Setting next_dagrun for tutorial_objectstorage to None, run_after=None
[2025-03-18T11:04:44.352+0000] {processor.py:208} INFO - Processing /usr/local/python/3.12.1/lib/python3.12/site-packages/airflow/example_dags/tutorial_objectstorage.py took 0.056 seconds
[2025-03-18T11:05:32.828+0000] {processor.py:186} INFO - Started process (PID=59695) to work on /usr/local/python/3.12.1/lib/python3.12/site-packages/airflow/example_dags/tutorial_objectstorage.py
[2025-03-18T11:05:32.828+0000] {processor.py:914} INFO - Processing file /usr/local/python/3.12.1/lib/python3.12/site-packages/airflow/example_dags/tutorial_objectstorage.py for tasks to queue
[2025-03-18T11:05:32.830+0000] {logging_mixin.py:190} INFO - [2025-03-18T11:05:32.830+0000] {dagbag.py:588} INFO - Filling up the DagBag from /usr/local/python/3.12.1/lib/python3.12/site-packages/airflow/example_dags/tutorial_objectstorage.py
[2025-03-18T11:05:32.837+0000] {processor.py:925} INFO - DAG(s) 'tutorial_objectstorage' retrieved from /usr/local/python/3.12.1/lib/python3.12/site-packages/airflow/example_dags/tutorial_objectstorage.py
[2025-03-18T11:05:32.847+0000] {logging_mixin.py:190} INFO - [2025-03-18T11:05:32.846+0000] {dag.py:3239} INFO - Sync 1 DAGs
[2025-03-18T11:05:32.856+0000] {logging_mixin.py:190} INFO - [2025-03-18T11:05:32.856+0000] {dag.py:4180} INFO - Setting next_dagrun for tutorial_objectstorage to None, run_after=None
[2025-03-18T11:05:32.870+0000] {processor.py:208} INFO - Processing /usr/local/python/3.12.1/lib/python3.12/site-packages/airflow/example_dags/tutorial_objectstorage.py took 0.046 seconds
[2025-03-18T11:06:22.254+0000] {processor.py:186} INFO - Started process (PID=60095) to work on /usr/local/python/3.12.1/lib/python3.12/site-packages/airflow/example_dags/tutorial_objectstorage.py
[2025-03-18T11:06:22.255+0000] {processor.py:914} INFO - Processing file /usr/local/python/3.12.1/lib/python3.12/site-packages/airflow/example_dags/tutorial_objectstorage.py for tasks to queue
[2025-03-18T11:06:22.257+0000] {logging_mixin.py:190} INFO - [2025-03-18T11:06:22.257+0000] {dagbag.py:588} INFO - Filling up the DagBag from /usr/local/python/3.12.1/lib/python3.12/site-packages/airflow/example_dags/tutorial_objectstorage.py
[2025-03-18T11:06:22.266+0000] {processor.py:925} INFO - DAG(s) 'tutorial_objectstorage' retrieved from /usr/local/python/3.12.1/lib/python3.12/site-packages/airflow/example_dags/tutorial_objectstorage.py
[2025-03-18T11:06:22.276+0000] {logging_mixin.py:190} INFO - [2025-03-18T11:06:22.276+0000] {dag.py:3239} INFO - Sync 1 DAGs
[2025-03-18T11:06:22.285+0000] {logging_mixin.py:190} INFO - [2025-03-18T11:06:22.285+0000] {dag.py:4180} INFO - Setting next_dagrun for tutorial_objectstorage to None, run_after=None
[2025-03-18T11:06:22.300+0000] {processor.py:208} INFO - Processing /usr/local/python/3.12.1/lib/python3.12/site-packages/airflow/example_dags/tutorial_objectstorage.py took 0.050 seconds
[2025-03-18T11:07:14.414+0000] {processor.py:186} INFO - Started process (PID=60495) to work on /usr/local/python/3.12.1/lib/python3.12/site-packages/airflow/example_dags/tutorial_objectstorage.py
[2025-03-18T11:07:14.415+0000] {processor.py:914} INFO - Processing file /usr/local/python/3.12.1/lib/python3.12/site-packages/airflow/example_dags/tutorial_objectstorage.py for tasks to queue
[2025-03-18T11:07:14.416+0000] {logging_mixin.py:190} INFO - [2025-03-18T11:07:14.416+0000] {dagbag.py:588} INFO - Filling up the DagBag from /usr/local/python/3.12.1/lib/python3.12/site-packages/airflow/example_dags/tutorial_objectstorage.py
[2025-03-18T11:07:14.423+0000] {processor.py:925} INFO - DAG(s) 'tutorial_objectstorage' retrieved from /usr/local/python/3.12.1/lib/python3.12/site-packages/airflow/example_dags/tutorial_objectstorage.py
[2025-03-18T11:07:14.433+0000] {logging_mixin.py:190} INFO - [2025-03-18T11:07:14.432+0000] {dag.py:3239} INFO - Sync 1 DAGs
[2025-03-18T11:07:14.442+0000] {logging_mixin.py:190} INFO - [2025-03-18T11:07:14.442+0000] {dag.py:4180} INFO - Setting next_dagrun for tutorial_objectstorage to None, run_after=None
[2025-03-18T11:07:14.457+0000] {processor.py:208} INFO - Processing /usr/local/python/3.12.1/lib/python3.12/site-packages/airflow/example_dags/tutorial_objectstorage.py took 0.047 seconds
[2025-03-18T11:08:04.676+0000] {processor.py:186} INFO - Started process (PID=60927) to work on /usr/local/python/3.12.1/lib/python3.12/site-packages/airflow/example_dags/tutorial_objectstorage.py
[2025-03-18T11:08:04.677+0000] {processor.py:914} INFO - Processing file /usr/local/python/3.12.1/lib/python3.12/site-packages/airflow/example_dags/tutorial_objectstorage.py for tasks to queue
[2025-03-18T11:08:04.678+0000] {logging_mixin.py:190} INFO - [2025-03-18T11:08:04.678+0000] {dagbag.py:588} INFO - Filling up the DagBag from /usr/local/python/3.12.1/lib/python3.12/site-packages/airflow/example_dags/tutorial_objectstorage.py
[2025-03-18T11:08:04.685+0000] {processor.py:925} INFO - DAG(s) 'tutorial_objectstorage' retrieved from /usr/local/python/3.12.1/lib/python3.12/site-packages/airflow/example_dags/tutorial_objectstorage.py
[2025-03-18T11:08:04.695+0000] {logging_mixin.py:190} INFO - [2025-03-18T11:08:04.695+0000] {dag.py:3239} INFO - Sync 1 DAGs
[2025-03-18T11:08:04.704+0000] {logging_mixin.py:190} INFO - [2025-03-18T11:08:04.704+0000] {dag.py:4180} INFO - Setting next_dagrun for tutorial_objectstorage to None, run_after=None
[2025-03-18T11:08:04.718+0000] {processor.py:208} INFO - Processing /usr/local/python/3.12.1/lib/python3.12/site-packages/airflow/example_dags/tutorial_objectstorage.py took 0.046 seconds
[2025-03-18T11:08:55.653+0000] {processor.py:186} INFO - Started process (PID=61361) to work on /usr/local/python/3.12.1/lib/python3.12/site-packages/airflow/example_dags/tutorial_objectstorage.py
[2025-03-18T11:08:55.654+0000] {processor.py:914} INFO - Processing file /usr/local/python/3.12.1/lib/python3.12/site-packages/airflow/example_dags/tutorial_objectstorage.py for tasks to queue
[2025-03-18T11:08:55.655+0000] {logging_mixin.py:190} INFO - [2025-03-18T11:08:55.655+0000] {dagbag.py:588} INFO - Filling up the DagBag from /usr/local/python/3.12.1/lib/python3.12/site-packages/airflow/example_dags/tutorial_objectstorage.py
[2025-03-18T11:08:55.662+0000] {processor.py:925} INFO - DAG(s) 'tutorial_objectstorage' retrieved from /usr/local/python/3.12.1/lib/python3.12/site-packages/airflow/example_dags/tutorial_objectstorage.py
[2025-03-18T11:08:55.672+0000] {logging_mixin.py:190} INFO - [2025-03-18T11:08:55.672+0000] {dag.py:3239} INFO - Sync 1 DAGs
[2025-03-18T11:08:55.681+0000] {logging_mixin.py:190} INFO - [2025-03-18T11:08:55.681+0000] {dag.py:4180} INFO - Setting next_dagrun for tutorial_objectstorage to None, run_after=None
[2025-03-18T11:08:55.695+0000] {processor.py:208} INFO - Processing /usr/local/python/3.12.1/lib/python3.12/site-packages/airflow/example_dags/tutorial_objectstorage.py took 0.047 seconds
[2025-03-18T11:09:49.520+0000] {processor.py:186} INFO - Started process (PID=61815) to work on /usr/local/python/3.12.1/lib/python3.12/site-packages/airflow/example_dags/tutorial_objectstorage.py
[2025-03-18T11:09:49.520+0000] {processor.py:914} INFO - Processing file /usr/local/python/3.12.1/lib/python3.12/site-packages/airflow/example_dags/tutorial_objectstorage.py for tasks to queue
[2025-03-18T11:09:49.522+0000] {logging_mixin.py:190} INFO - [2025-03-18T11:09:49.521+0000] {dagbag.py:588} INFO - Filling up the DagBag from /usr/local/python/3.12.1/lib/python3.12/site-packages/airflow/example_dags/tutorial_objectstorage.py
[2025-03-18T11:09:49.529+0000] {processor.py:925} INFO - DAG(s) 'tutorial_objectstorage' retrieved from /usr/local/python/3.12.1/lib/python3.12/site-packages/airflow/example_dags/tutorial_objectstorage.py
[2025-03-18T11:09:49.539+0000] {logging_mixin.py:190} INFO - [2025-03-18T11:09:49.539+0000] {dag.py:3239} INFO - Sync 1 DAGs
[2025-03-18T11:09:49.548+0000] {logging_mixin.py:190} INFO - [2025-03-18T11:09:49.548+0000] {dag.py:4180} INFO - Setting next_dagrun for tutorial_objectstorage to None, run_after=None
[2025-03-18T11:09:49.562+0000] {processor.py:208} INFO - Processing /usr/local/python/3.12.1/lib/python3.12/site-packages/airflow/example_dags/tutorial_objectstorage.py took 0.047 seconds
[2025-03-18T11:10:39.210+0000] {processor.py:186} INFO - Started process (PID=62235) to work on /usr/local/python/3.12.1/lib/python3.12/site-packages/airflow/example_dags/tutorial_objectstorage.py
[2025-03-18T11:10:39.211+0000] {processor.py:914} INFO - Processing file /usr/local/python/3.12.1/lib/python3.12/site-packages/airflow/example_dags/tutorial_objectstorage.py for tasks to queue
[2025-03-18T11:10:39.212+0000] {logging_mixin.py:190} INFO - [2025-03-18T11:10:39.212+0000] {dagbag.py:588} INFO - Filling up the DagBag from /usr/local/python/3.12.1/lib/python3.12/site-packages/airflow/example_dags/tutorial_objectstorage.py
[2025-03-18T11:10:39.219+0000] {processor.py:925} INFO - DAG(s) 'tutorial_objectstorage' retrieved from /usr/local/python/3.12.1/lib/python3.12/site-packages/airflow/example_dags/tutorial_objectstorage.py
[2025-03-18T11:10:39.229+0000] {logging_mixin.py:190} INFO - [2025-03-18T11:10:39.229+0000] {dag.py:3239} INFO - Sync 1 DAGs
[2025-03-18T11:10:39.238+0000] {logging_mixin.py:190} INFO - [2025-03-18T11:10:39.238+0000] {dag.py:4180} INFO - Setting next_dagrun for tutorial_objectstorage to None, run_after=None
[2025-03-18T11:10:39.253+0000] {processor.py:208} INFO - Processing /usr/local/python/3.12.1/lib/python3.12/site-packages/airflow/example_dags/tutorial_objectstorage.py took 0.046 seconds
[2025-03-18T11:11:29.161+0000] {processor.py:186} INFO - Started process (PID=62670) to work on /usr/local/python/3.12.1/lib/python3.12/site-packages/airflow/example_dags/tutorial_objectstorage.py
[2025-03-18T11:11:29.161+0000] {processor.py:914} INFO - Processing file /usr/local/python/3.12.1/lib/python3.12/site-packages/airflow/example_dags/tutorial_objectstorage.py for tasks to queue
[2025-03-18T11:11:29.163+0000] {logging_mixin.py:190} INFO - [2025-03-18T11:11:29.163+0000] {dagbag.py:588} INFO - Filling up the DagBag from /usr/local/python/3.12.1/lib/python3.12/site-packages/airflow/example_dags/tutorial_objectstorage.py
[2025-03-18T11:11:29.170+0000] {processor.py:925} INFO - DAG(s) 'tutorial_objectstorage' retrieved from /usr/local/python/3.12.1/lib/python3.12/site-packages/airflow/example_dags/tutorial_objectstorage.py
[2025-03-18T11:11:29.180+0000] {logging_mixin.py:190} INFO - [2025-03-18T11:11:29.180+0000] {dag.py:3239} INFO - Sync 1 DAGs
[2025-03-18T11:11:29.190+0000] {logging_mixin.py:190} INFO - [2025-03-18T11:11:29.189+0000] {dag.py:4180} INFO - Setting next_dagrun for tutorial_objectstorage to None, run_after=None
[2025-03-18T11:11:29.205+0000] {processor.py:208} INFO - Processing /usr/local/python/3.12.1/lib/python3.12/site-packages/airflow/example_dags/tutorial_objectstorage.py took 0.049 seconds
[2025-03-18T11:12:15.978+0000] {processor.py:186} INFO - Started process (PID=63249) to work on /usr/local/python/3.12.1/lib/python3.12/site-packages/airflow/example_dags/tutorial_objectstorage.py
[2025-03-18T11:12:15.978+0000] {processor.py:914} INFO - Processing file /usr/local/python/3.12.1/lib/python3.12/site-packages/airflow/example_dags/tutorial_objectstorage.py for tasks to queue
[2025-03-18T11:12:15.980+0000] {logging_mixin.py:190} INFO - [2025-03-18T11:12:15.980+0000] {dagbag.py:588} INFO - Filling up the DagBag from /usr/local/python/3.12.1/lib/python3.12/site-packages/airflow/example_dags/tutorial_objectstorage.py
[2025-03-18T11:12:15.987+0000] {processor.py:925} INFO - DAG(s) 'tutorial_objectstorage' retrieved from /usr/local/python/3.12.1/lib/python3.12/site-packages/airflow/example_dags/tutorial_objectstorage.py
[2025-03-18T11:12:15.997+0000] {logging_mixin.py:190} INFO - [2025-03-18T11:12:15.997+0000] {dag.py:3239} INFO - Sync 1 DAGs
[2025-03-18T11:12:16.006+0000] {logging_mixin.py:190} INFO - [2025-03-18T11:12:16.006+0000] {dag.py:4180} INFO - Setting next_dagrun for tutorial_objectstorage to None, run_after=None
[2025-03-18T11:12:16.021+0000] {processor.py:208} INFO - Processing /usr/local/python/3.12.1/lib/python3.12/site-packages/airflow/example_dags/tutorial_objectstorage.py took 0.047 seconds
[2025-03-18T11:49:48.038+0000] {processor.py:186} INFO - Started process (PID=82408) to work on /usr/local/python/3.12.1/lib/python3.12/site-packages/airflow/example_dags/tutorial_objectstorage.py
[2025-03-18T11:49:48.039+0000] {processor.py:914} INFO - Processing file /usr/local/python/3.12.1/lib/python3.12/site-packages/airflow/example_dags/tutorial_objectstorage.py for tasks to queue
[2025-03-18T11:49:48.040+0000] {logging_mixin.py:190} INFO - [2025-03-18T11:49:48.040+0000] {dagbag.py:588} INFO - Filling up the DagBag from /usr/local/python/3.12.1/lib/python3.12/site-packages/airflow/example_dags/tutorial_objectstorage.py
[2025-03-18T11:49:48.050+0000] {processor.py:925} INFO - DAG(s) 'tutorial_objectstorage' retrieved from /usr/local/python/3.12.1/lib/python3.12/site-packages/airflow/example_dags/tutorial_objectstorage.py
[2025-03-18T11:49:48.065+0000] {logging_mixin.py:190} INFO - [2025-03-18T11:49:48.065+0000] {dag.py:3239} INFO - Sync 1 DAGs
[2025-03-18T11:49:48.074+0000] {logging_mixin.py:190} INFO - [2025-03-18T11:49:48.074+0000] {dag.py:4180} INFO - Setting next_dagrun for tutorial_objectstorage to None, run_after=None
[2025-03-18T11:49:48.089+0000] {processor.py:208} INFO - Processing /usr/local/python/3.12.1/lib/python3.12/site-packages/airflow/example_dags/tutorial_objectstorage.py took 0.054 seconds
[2025-03-18T11:50:22.722+0000] {processor.py:186} INFO - Started process (PID=82848) to work on /usr/local/python/3.12.1/lib/python3.12/site-packages/airflow/example_dags/tutorial_objectstorage.py
[2025-03-18T11:50:22.723+0000] {processor.py:914} INFO - Processing file /usr/local/python/3.12.1/lib/python3.12/site-packages/airflow/example_dags/tutorial_objectstorage.py for tasks to queue
[2025-03-18T11:50:22.724+0000] {logging_mixin.py:190} INFO - [2025-03-18T11:50:22.724+0000] {dagbag.py:588} INFO - Filling up the DagBag from /usr/local/python/3.12.1/lib/python3.12/site-packages/airflow/example_dags/tutorial_objectstorage.py
[2025-03-18T11:50:22.735+0000] {processor.py:925} INFO - DAG(s) 'tutorial_objectstorage' retrieved from /usr/local/python/3.12.1/lib/python3.12/site-packages/airflow/example_dags/tutorial_objectstorage.py
[2025-03-18T11:50:22.749+0000] {logging_mixin.py:190} INFO - [2025-03-18T11:50:22.749+0000] {dag.py:3239} INFO - Sync 1 DAGs
[2025-03-18T11:50:22.759+0000] {logging_mixin.py:190} INFO - [2025-03-18T11:50:22.759+0000] {dag.py:4180} INFO - Setting next_dagrun for tutorial_objectstorage to None, run_after=None
[2025-03-18T11:50:22.774+0000] {processor.py:208} INFO - Processing /usr/local/python/3.12.1/lib/python3.12/site-packages/airflow/example_dags/tutorial_objectstorage.py took 0.056 seconds
[2025-03-18T11:57:40.484+0000] {processor.py:186} INFO - Started process (PID=86672) to work on /usr/local/python/3.12.1/lib/python3.12/site-packages/airflow/example_dags/tutorial_objectstorage.py
[2025-03-18T11:57:40.485+0000] {processor.py:914} INFO - Processing file /usr/local/python/3.12.1/lib/python3.12/site-packages/airflow/example_dags/tutorial_objectstorage.py for tasks to queue
[2025-03-18T11:57:40.486+0000] {logging_mixin.py:190} INFO - [2025-03-18T11:57:40.486+0000] {dagbag.py:588} INFO - Filling up the DagBag from /usr/local/python/3.12.1/lib/python3.12/site-packages/airflow/example_dags/tutorial_objectstorage.py
[2025-03-18T11:57:40.495+0000] {processor.py:925} INFO - DAG(s) 'tutorial_objectstorage' retrieved from /usr/local/python/3.12.1/lib/python3.12/site-packages/airflow/example_dags/tutorial_objectstorage.py
[2025-03-18T11:57:40.509+0000] {logging_mixin.py:190} INFO - [2025-03-18T11:57:40.509+0000] {dag.py:3239} INFO - Sync 1 DAGs
[2025-03-18T11:57:40.518+0000] {logging_mixin.py:190} INFO - [2025-03-18T11:57:40.518+0000] {dag.py:4180} INFO - Setting next_dagrun for tutorial_objectstorage to None, run_after=None
[2025-03-18T11:57:40.532+0000] {processor.py:208} INFO - Processing /usr/local/python/3.12.1/lib/python3.12/site-packages/airflow/example_dags/tutorial_objectstorage.py took 0.052 seconds
