[2025-03-18T10:51:18.699+0000] {processor.py:186} INFO - Started process (PID=49101) to work on /usr/local/python/3.12.1/lib/python3.12/site-packages/airflow/example_dags/plugins/workday.py
[2025-03-18T10:51:18.699+0000] {processor.py:914} INFO - Processing file /usr/local/python/3.12.1/lib/python3.12/site-packages/airflow/example_dags/plugins/workday.py for tasks to queue
[2025-03-18T10:51:18.701+0000] {logging_mixin.py:190} INFO - [2025-03-18T10:51:18.700+0000] {dagbag.py:588} INFO - Filling up the DagBag from /usr/local/python/3.12.1/lib/python3.12/site-packages/airflow/example_dags/plugins/workday.py
[2025-03-18T10:51:18.702+0000] {processor.py:927} WARNING - No viable dags retrieved from /usr/local/python/3.12.1/lib/python3.12/site-packages/airflow/example_dags/plugins/workday.py
[2025-03-18T10:51:18.709+0000] {processor.py:208} INFO - Processing /usr/local/python/3.12.1/lib/python3.12/site-packages/airflow/example_dags/plugins/workday.py took 0.014 seconds
[2025-03-18T10:52:19.902+0000] {processor.py:186} INFO - Started process (PID=49715) to work on /usr/local/python/3.12.1/lib/python3.12/site-packages/airflow/example_dags/plugins/workday.py
[2025-03-18T10:52:19.903+0000] {processor.py:914} INFO - Processing file /usr/local/python/3.12.1/lib/python3.12/site-packages/airflow/example_dags/plugins/workday.py for tasks to queue
[2025-03-18T10:52:19.904+0000] {logging_mixin.py:190} INFO - [2025-03-18T10:52:19.904+0000] {dagbag.py:588} INFO - Filling up the DagBag from /usr/local/python/3.12.1/lib/python3.12/site-packages/airflow/example_dags/plugins/workday.py
[2025-03-18T10:52:19.906+0000] {processor.py:927} WARNING - No viable dags retrieved from /usr/local/python/3.12.1/lib/python3.12/site-packages/airflow/example_dags/plugins/workday.py
[2025-03-18T10:52:19.912+0000] {processor.py:208} INFO - Processing /usr/local/python/3.12.1/lib/python3.12/site-packages/airflow/example_dags/plugins/workday.py took 0.014 seconds
[2025-03-18T10:53:02.488+0000] {processor.py:186} INFO - Started process (PID=50294) to work on /usr/local/python/3.12.1/lib/python3.12/site-packages/airflow/example_dags/plugins/workday.py
[2025-03-18T10:53:02.488+0000] {processor.py:914} INFO - Processing file /usr/local/python/3.12.1/lib/python3.12/site-packages/airflow/example_dags/plugins/workday.py for tasks to queue
[2025-03-18T10:53:02.489+0000] {logging_mixin.py:190} INFO - [2025-03-18T10:53:02.489+0000] {dagbag.py:588} INFO - Filling up the DagBag from /usr/local/python/3.12.1/lib/python3.12/site-packages/airflow/example_dags/plugins/workday.py
[2025-03-18T10:53:02.491+0000] {processor.py:927} WARNING - No viable dags retrieved from /usr/local/python/3.12.1/lib/python3.12/site-packages/airflow/example_dags/plugins/workday.py
[2025-03-18T10:53:02.497+0000] {processor.py:208} INFO - Processing /usr/local/python/3.12.1/lib/python3.12/site-packages/airflow/example_dags/plugins/workday.py took 0.014 seconds
[2025-03-18T10:53:57.873+0000] {processor.py:186} INFO - Started process (PID=50998) to work on /usr/local/python/3.12.1/lib/python3.12/site-packages/airflow/example_dags/plugins/workday.py
[2025-03-18T10:53:57.874+0000] {processor.py:914} INFO - Processing file /usr/local/python/3.12.1/lib/python3.12/site-packages/airflow/example_dags/plugins/workday.py for tasks to queue
[2025-03-18T10:53:57.875+0000] {logging_mixin.py:190} INFO - [2025-03-18T10:53:57.875+0000] {dagbag.py:588} INFO - Filling up the DagBag from /usr/local/python/3.12.1/lib/python3.12/site-packages/airflow/example_dags/plugins/workday.py
[2025-03-18T10:53:57.877+0000] {processor.py:927} WARNING - No viable dags retrieved from /usr/local/python/3.12.1/lib/python3.12/site-packages/airflow/example_dags/plugins/workday.py
[2025-03-18T10:53:57.883+0000] {processor.py:208} INFO - Processing /usr/local/python/3.12.1/lib/python3.12/site-packages/airflow/example_dags/plugins/workday.py took 0.014 seconds
[2025-03-18T10:54:51.204+0000] {processor.py:186} INFO - Started process (PID=51447) to work on /usr/local/python/3.12.1/lib/python3.12/site-packages/airflow/example_dags/plugins/workday.py
[2025-03-18T10:54:51.204+0000] {processor.py:914} INFO - Processing file /usr/local/python/3.12.1/lib/python3.12/site-packages/airflow/example_dags/plugins/workday.py for tasks to queue
[2025-03-18T10:54:51.206+0000] {logging_mixin.py:190} INFO - [2025-03-18T10:54:51.205+0000] {dagbag.py:588} INFO - Filling up the DagBag from /usr/local/python/3.12.1/lib/python3.12/site-packages/airflow/example_dags/plugins/workday.py
[2025-03-18T10:54:51.208+0000] {processor.py:927} WARNING - No viable dags retrieved from /usr/local/python/3.12.1/lib/python3.12/site-packages/airflow/example_dags/plugins/workday.py
[2025-03-18T10:54:51.214+0000] {processor.py:208} INFO - Processing /usr/local/python/3.12.1/lib/python3.12/site-packages/airflow/example_dags/plugins/workday.py took 0.014 seconds
[2025-03-18T10:55:39.579+0000] {processor.py:186} INFO - Started process (PID=51930) to work on /usr/local/python/3.12.1/lib/python3.12/site-packages/airflow/example_dags/plugins/workday.py
[2025-03-18T10:55:39.579+0000] {processor.py:914} INFO - Processing file /usr/local/python/3.12.1/lib/python3.12/site-packages/airflow/example_dags/plugins/workday.py for tasks to queue
[2025-03-18T10:55:39.581+0000] {logging_mixin.py:190} INFO - [2025-03-18T10:55:39.581+0000] {dagbag.py:588} INFO - Filling up the DagBag from /usr/local/python/3.12.1/lib/python3.12/site-packages/airflow/example_dags/plugins/workday.py
[2025-03-18T10:55:39.583+0000] {processor.py:927} WARNING - No viable dags retrieved from /usr/local/python/3.12.1/lib/python3.12/site-packages/airflow/example_dags/plugins/workday.py
[2025-03-18T10:55:39.589+0000] {processor.py:208} INFO - Processing /usr/local/python/3.12.1/lib/python3.12/site-packages/airflow/example_dags/plugins/workday.py took 0.014 seconds
[2025-03-18T10:56:30.331+0000] {processor.py:186} INFO - Started process (PID=52628) to work on /usr/local/python/3.12.1/lib/python3.12/site-packages/airflow/example_dags/plugins/workday.py
[2025-03-18T10:56:30.332+0000] {processor.py:914} INFO - Processing file /usr/local/python/3.12.1/lib/python3.12/site-packages/airflow/example_dags/plugins/workday.py for tasks to queue
[2025-03-18T10:56:30.333+0000] {logging_mixin.py:190} INFO - [2025-03-18T10:56:30.333+0000] {dagbag.py:588} INFO - Filling up the DagBag from /usr/local/python/3.12.1/lib/python3.12/site-packages/airflow/example_dags/plugins/workday.py
[2025-03-18T10:56:30.335+0000] {processor.py:927} WARNING - No viable dags retrieved from /usr/local/python/3.12.1/lib/python3.12/site-packages/airflow/example_dags/plugins/workday.py
[2025-03-18T10:56:30.341+0000] {processor.py:208} INFO - Processing /usr/local/python/3.12.1/lib/python3.12/site-packages/airflow/example_dags/plugins/workday.py took 0.014 seconds
[2025-03-18T10:57:18.391+0000] {processor.py:186} INFO - Started process (PID=53167) to work on /usr/local/python/3.12.1/lib/python3.12/site-packages/airflow/example_dags/plugins/workday.py
[2025-03-18T10:57:18.392+0000] {processor.py:914} INFO - Processing file /usr/local/python/3.12.1/lib/python3.12/site-packages/airflow/example_dags/plugins/workday.py for tasks to queue
[2025-03-18T10:57:18.393+0000] {logging_mixin.py:190} INFO - [2025-03-18T10:57:18.393+0000] {dagbag.py:588} INFO - Filling up the DagBag from /usr/local/python/3.12.1/lib/python3.12/site-packages/airflow/example_dags/plugins/workday.py
[2025-03-18T10:57:18.395+0000] {processor.py:927} WARNING - No viable dags retrieved from /usr/local/python/3.12.1/lib/python3.12/site-packages/airflow/example_dags/plugins/workday.py
[2025-03-18T10:57:18.402+0000] {processor.py:208} INFO - Processing /usr/local/python/3.12.1/lib/python3.12/site-packages/airflow/example_dags/plugins/workday.py took 0.014 seconds
[2025-03-18T10:58:07.135+0000] {processor.py:186} INFO - Started process (PID=53702) to work on /usr/local/python/3.12.1/lib/python3.12/site-packages/airflow/example_dags/plugins/workday.py
[2025-03-18T10:58:07.136+0000] {processor.py:914} INFO - Processing file /usr/local/python/3.12.1/lib/python3.12/site-packages/airflow/example_dags/plugins/workday.py for tasks to queue
[2025-03-18T10:58:07.137+0000] {logging_mixin.py:190} INFO - [2025-03-18T10:58:07.137+0000] {dagbag.py:588} INFO - Filling up the DagBag from /usr/local/python/3.12.1/lib/python3.12/site-packages/airflow/example_dags/plugins/workday.py
[2025-03-18T10:58:07.139+0000] {processor.py:927} WARNING - No viable dags retrieved from /usr/local/python/3.12.1/lib/python3.12/site-packages/airflow/example_dags/plugins/workday.py
[2025-03-18T10:58:07.145+0000] {processor.py:208} INFO - Processing /usr/local/python/3.12.1/lib/python3.12/site-packages/airflow/example_dags/plugins/workday.py took 0.014 seconds
[2025-03-18T10:58:54.767+0000] {processor.py:186} INFO - Started process (PID=54186) to work on /usr/local/python/3.12.1/lib/python3.12/site-packages/airflow/example_dags/plugins/workday.py
[2025-03-18T10:58:54.767+0000] {processor.py:914} INFO - Processing file /usr/local/python/3.12.1/lib/python3.12/site-packages/airflow/example_dags/plugins/workday.py for tasks to queue
[2025-03-18T10:58:54.769+0000] {logging_mixin.py:190} INFO - [2025-03-18T10:58:54.769+0000] {dagbag.py:588} INFO - Filling up the DagBag from /usr/local/python/3.12.1/lib/python3.12/site-packages/airflow/example_dags/plugins/workday.py
[2025-03-18T10:58:54.771+0000] {processor.py:927} WARNING - No viable dags retrieved from /usr/local/python/3.12.1/lib/python3.12/site-packages/airflow/example_dags/plugins/workday.py
[2025-03-18T10:58:54.777+0000] {processor.py:208} INFO - Processing /usr/local/python/3.12.1/lib/python3.12/site-packages/airflow/example_dags/plugins/workday.py took 0.014 seconds
[2025-03-18T10:59:43.298+0000] {processor.py:186} INFO - Started process (PID=54806) to work on /usr/local/python/3.12.1/lib/python3.12/site-packages/airflow/example_dags/plugins/workday.py
[2025-03-18T10:59:43.299+0000] {processor.py:914} INFO - Processing file /usr/local/python/3.12.1/lib/python3.12/site-packages/airflow/example_dags/plugins/workday.py for tasks to queue
[2025-03-18T10:59:43.300+0000] {logging_mixin.py:190} INFO - [2025-03-18T10:59:43.300+0000] {dagbag.py:588} INFO - Filling up the DagBag from /usr/local/python/3.12.1/lib/python3.12/site-packages/airflow/example_dags/plugins/workday.py
[2025-03-18T10:59:43.302+0000] {processor.py:927} WARNING - No viable dags retrieved from /usr/local/python/3.12.1/lib/python3.12/site-packages/airflow/example_dags/plugins/workday.py
[2025-03-18T10:59:43.308+0000] {processor.py:208} INFO - Processing /usr/local/python/3.12.1/lib/python3.12/site-packages/airflow/example_dags/plugins/workday.py took 0.014 seconds
[2025-03-18T11:00:32.423+0000] {processor.py:186} INFO - Started process (PID=55425) to work on /usr/local/python/3.12.1/lib/python3.12/site-packages/airflow/example_dags/plugins/workday.py
[2025-03-18T11:00:32.424+0000] {processor.py:914} INFO - Processing file /usr/local/python/3.12.1/lib/python3.12/site-packages/airflow/example_dags/plugins/workday.py for tasks to queue
[2025-03-18T11:00:32.425+0000] {logging_mixin.py:190} INFO - [2025-03-18T11:00:32.425+0000] {dagbag.py:588} INFO - Filling up the DagBag from /usr/local/python/3.12.1/lib/python3.12/site-packages/airflow/example_dags/plugins/workday.py
[2025-03-18T11:00:32.427+0000] {processor.py:927} WARNING - No viable dags retrieved from /usr/local/python/3.12.1/lib/python3.12/site-packages/airflow/example_dags/plugins/workday.py
[2025-03-18T11:00:32.434+0000] {processor.py:208} INFO - Processing /usr/local/python/3.12.1/lib/python3.12/site-packages/airflow/example_dags/plugins/workday.py took 0.014 seconds
[2025-03-18T11:01:23.998+0000] {processor.py:186} INFO - Started process (PID=57678) to work on /usr/local/python/3.12.1/lib/python3.12/site-packages/airflow/example_dags/plugins/workday.py
[2025-03-18T11:01:23.999+0000] {processor.py:914} INFO - Processing file /usr/local/python/3.12.1/lib/python3.12/site-packages/airflow/example_dags/plugins/workday.py for tasks to queue
[2025-03-18T11:01:24.000+0000] {logging_mixin.py:190} INFO - [2025-03-18T11:01:24.000+0000] {dagbag.py:588} INFO - Filling up the DagBag from /usr/local/python/3.12.1/lib/python3.12/site-packages/airflow/example_dags/plugins/workday.py
[2025-03-18T11:01:24.002+0000] {processor.py:927} WARNING - No viable dags retrieved from /usr/local/python/3.12.1/lib/python3.12/site-packages/airflow/example_dags/plugins/workday.py
[2025-03-18T11:01:24.008+0000] {processor.py:208} INFO - Processing /usr/local/python/3.12.1/lib/python3.12/site-packages/airflow/example_dags/plugins/workday.py took 0.014 seconds
[2025-03-18T11:02:15.402+0000] {processor.py:186} INFO - Started process (PID=58120) to work on /usr/local/python/3.12.1/lib/python3.12/site-packages/airflow/example_dags/plugins/workday.py
[2025-03-18T11:02:15.402+0000] {processor.py:914} INFO - Processing file /usr/local/python/3.12.1/lib/python3.12/site-packages/airflow/example_dags/plugins/workday.py for tasks to queue
[2025-03-18T11:02:15.404+0000] {logging_mixin.py:190} INFO - [2025-03-18T11:02:15.404+0000] {dagbag.py:588} INFO - Filling up the DagBag from /usr/local/python/3.12.1/lib/python3.12/site-packages/airflow/example_dags/plugins/workday.py
[2025-03-18T11:02:15.406+0000] {processor.py:927} WARNING - No viable dags retrieved from /usr/local/python/3.12.1/lib/python3.12/site-packages/airflow/example_dags/plugins/workday.py
[2025-03-18T11:02:15.412+0000] {processor.py:208} INFO - Processing /usr/local/python/3.12.1/lib/python3.12/site-packages/airflow/example_dags/plugins/workday.py took 0.015 seconds
[2025-03-18T11:03:03.938+0000] {processor.py:186} INFO - Started process (PID=58533) to work on /usr/local/python/3.12.1/lib/python3.12/site-packages/airflow/example_dags/plugins/workday.py
[2025-03-18T11:03:03.938+0000] {processor.py:914} INFO - Processing file /usr/local/python/3.12.1/lib/python3.12/site-packages/airflow/example_dags/plugins/workday.py for tasks to queue
[2025-03-18T11:03:03.940+0000] {logging_mixin.py:190} INFO - [2025-03-18T11:03:03.940+0000] {dagbag.py:588} INFO - Filling up the DagBag from /usr/local/python/3.12.1/lib/python3.12/site-packages/airflow/example_dags/plugins/workday.py
[2025-03-18T11:03:03.942+0000] {processor.py:927} WARNING - No viable dags retrieved from /usr/local/python/3.12.1/lib/python3.12/site-packages/airflow/example_dags/plugins/workday.py
[2025-03-18T11:03:03.948+0000] {processor.py:208} INFO - Processing /usr/local/python/3.12.1/lib/python3.12/site-packages/airflow/example_dags/plugins/workday.py took 0.014 seconds
[2025-03-18T11:03:50.602+0000] {processor.py:186} INFO - Started process (PID=58893) to work on /usr/local/python/3.12.1/lib/python3.12/site-packages/airflow/example_dags/plugins/workday.py
[2025-03-18T11:03:50.603+0000] {processor.py:914} INFO - Processing file /usr/local/python/3.12.1/lib/python3.12/site-packages/airflow/example_dags/plugins/workday.py for tasks to queue
[2025-03-18T11:03:50.604+0000] {logging_mixin.py:190} INFO - [2025-03-18T11:03:50.604+0000] {dagbag.py:588} INFO - Filling up the DagBag from /usr/local/python/3.12.1/lib/python3.12/site-packages/airflow/example_dags/plugins/workday.py
[2025-03-18T11:03:50.606+0000] {processor.py:927} WARNING - No viable dags retrieved from /usr/local/python/3.12.1/lib/python3.12/site-packages/airflow/example_dags/plugins/workday.py
[2025-03-18T11:03:50.612+0000] {processor.py:208} INFO - Processing /usr/local/python/3.12.1/lib/python3.12/site-packages/airflow/example_dags/plugins/workday.py took 0.014 seconds
[2025-03-18T11:04:39.011+0000] {processor.py:186} INFO - Started process (PID=59277) to work on /usr/local/python/3.12.1/lib/python3.12/site-packages/airflow/example_dags/plugins/workday.py
[2025-03-18T11:04:39.011+0000] {processor.py:914} INFO - Processing file /usr/local/python/3.12.1/lib/python3.12/site-packages/airflow/example_dags/plugins/workday.py for tasks to queue
[2025-03-18T11:04:39.013+0000] {logging_mixin.py:190} INFO - [2025-03-18T11:04:39.012+0000] {dagbag.py:588} INFO - Filling up the DagBag from /usr/local/python/3.12.1/lib/python3.12/site-packages/airflow/example_dags/plugins/workday.py
[2025-03-18T11:04:39.015+0000] {processor.py:927} WARNING - No viable dags retrieved from /usr/local/python/3.12.1/lib/python3.12/site-packages/airflow/example_dags/plugins/workday.py
[2025-03-18T11:04:39.021+0000] {processor.py:208} INFO - Processing /usr/local/python/3.12.1/lib/python3.12/site-packages/airflow/example_dags/plugins/workday.py took 0.014 seconds
[2025-03-18T11:05:26.556+0000] {processor.py:186} INFO - Started process (PID=59659) to work on /usr/local/python/3.12.1/lib/python3.12/site-packages/airflow/example_dags/plugins/workday.py
[2025-03-18T11:05:26.557+0000] {processor.py:914} INFO - Processing file /usr/local/python/3.12.1/lib/python3.12/site-packages/airflow/example_dags/plugins/workday.py for tasks to queue
[2025-03-18T11:05:26.558+0000] {logging_mixin.py:190} INFO - [2025-03-18T11:05:26.558+0000] {dagbag.py:588} INFO - Filling up the DagBag from /usr/local/python/3.12.1/lib/python3.12/site-packages/airflow/example_dags/plugins/workday.py
[2025-03-18T11:05:26.560+0000] {processor.py:927} WARNING - No viable dags retrieved from /usr/local/python/3.12.1/lib/python3.12/site-packages/airflow/example_dags/plugins/workday.py
[2025-03-18T11:05:26.566+0000] {processor.py:208} INFO - Processing /usr/local/python/3.12.1/lib/python3.12/site-packages/airflow/example_dags/plugins/workday.py took 0.015 seconds
[2025-03-18T11:06:17.924+0000] {processor.py:186} INFO - Started process (PID=60067) to work on /usr/local/python/3.12.1/lib/python3.12/site-packages/airflow/example_dags/plugins/workday.py
[2025-03-18T11:06:17.925+0000] {processor.py:914} INFO - Processing file /usr/local/python/3.12.1/lib/python3.12/site-packages/airflow/example_dags/plugins/workday.py for tasks to queue
[2025-03-18T11:06:17.926+0000] {logging_mixin.py:190} INFO - [2025-03-18T11:06:17.926+0000] {dagbag.py:588} INFO - Filling up the DagBag from /usr/local/python/3.12.1/lib/python3.12/site-packages/airflow/example_dags/plugins/workday.py
[2025-03-18T11:06:17.928+0000] {processor.py:927} WARNING - No viable dags retrieved from /usr/local/python/3.12.1/lib/python3.12/site-packages/airflow/example_dags/plugins/workday.py
[2025-03-18T11:06:17.935+0000] {processor.py:208} INFO - Processing /usr/local/python/3.12.1/lib/python3.12/site-packages/airflow/example_dags/plugins/workday.py took 0.015 seconds
[2025-03-18T11:07:08.171+0000] {processor.py:186} INFO - Started process (PID=60458) to work on /usr/local/python/3.12.1/lib/python3.12/site-packages/airflow/example_dags/plugins/workday.py
[2025-03-18T11:07:08.172+0000] {processor.py:914} INFO - Processing file /usr/local/python/3.12.1/lib/python3.12/site-packages/airflow/example_dags/plugins/workday.py for tasks to queue
[2025-03-18T11:07:08.173+0000] {logging_mixin.py:190} INFO - [2025-03-18T11:07:08.173+0000] {dagbag.py:588} INFO - Filling up the DagBag from /usr/local/python/3.12.1/lib/python3.12/site-packages/airflow/example_dags/plugins/workday.py
[2025-03-18T11:07:08.175+0000] {processor.py:927} WARNING - No viable dags retrieved from /usr/local/python/3.12.1/lib/python3.12/site-packages/airflow/example_dags/plugins/workday.py
[2025-03-18T11:07:08.182+0000] {processor.py:208} INFO - Processing /usr/local/python/3.12.1/lib/python3.12/site-packages/airflow/example_dags/plugins/workday.py took 0.015 seconds
[2025-03-18T11:07:59.538+0000] {processor.py:186} INFO - Started process (PID=60868) to work on /usr/local/python/3.12.1/lib/python3.12/site-packages/airflow/example_dags/plugins/workday.py
[2025-03-18T11:07:59.539+0000] {processor.py:914} INFO - Processing file /usr/local/python/3.12.1/lib/python3.12/site-packages/airflow/example_dags/plugins/workday.py for tasks to queue
[2025-03-18T11:07:59.541+0000] {logging_mixin.py:190} INFO - [2025-03-18T11:07:59.541+0000] {dagbag.py:588} INFO - Filling up the DagBag from /usr/local/python/3.12.1/lib/python3.12/site-packages/airflow/example_dags/plugins/workday.py
[2025-03-18T11:07:59.543+0000] {processor.py:927} WARNING - No viable dags retrieved from /usr/local/python/3.12.1/lib/python3.12/site-packages/airflow/example_dags/plugins/workday.py
[2025-03-18T11:07:59.550+0000] {processor.py:208} INFO - Processing /usr/local/python/3.12.1/lib/python3.12/site-packages/airflow/example_dags/plugins/workday.py took 0.017 seconds
[2025-03-18T11:08:50.156+0000] {processor.py:186} INFO - Started process (PID=61319) to work on /usr/local/python/3.12.1/lib/python3.12/site-packages/airflow/example_dags/plugins/workday.py
[2025-03-18T11:08:50.157+0000] {processor.py:914} INFO - Processing file /usr/local/python/3.12.1/lib/python3.12/site-packages/airflow/example_dags/plugins/workday.py for tasks to queue
[2025-03-18T11:08:50.158+0000] {logging_mixin.py:190} INFO - [2025-03-18T11:08:50.158+0000] {dagbag.py:588} INFO - Filling up the DagBag from /usr/local/python/3.12.1/lib/python3.12/site-packages/airflow/example_dags/plugins/workday.py
[2025-03-18T11:08:50.160+0000] {processor.py:927} WARNING - No viable dags retrieved from /usr/local/python/3.12.1/lib/python3.12/site-packages/airflow/example_dags/plugins/workday.py
[2025-03-18T11:08:50.166+0000] {processor.py:208} INFO - Processing /usr/local/python/3.12.1/lib/python3.12/site-packages/airflow/example_dags/plugins/workday.py took 0.014 seconds
[2025-03-18T11:09:42.974+0000] {processor.py:186} INFO - Started process (PID=61756) to work on /usr/local/python/3.12.1/lib/python3.12/site-packages/airflow/example_dags/plugins/workday.py
[2025-03-18T11:09:42.975+0000] {processor.py:914} INFO - Processing file /usr/local/python/3.12.1/lib/python3.12/site-packages/airflow/example_dags/plugins/workday.py for tasks to queue
[2025-03-18T11:09:42.976+0000] {logging_mixin.py:190} INFO - [2025-03-18T11:09:42.976+0000] {dagbag.py:588} INFO - Filling up the DagBag from /usr/local/python/3.12.1/lib/python3.12/site-packages/airflow/example_dags/plugins/workday.py
[2025-03-18T11:09:42.978+0000] {processor.py:927} WARNING - No viable dags retrieved from /usr/local/python/3.12.1/lib/python3.12/site-packages/airflow/example_dags/plugins/workday.py
[2025-03-18T11:09:42.985+0000] {processor.py:208} INFO - Processing /usr/local/python/3.12.1/lib/python3.12/site-packages/airflow/example_dags/plugins/workday.py took 0.015 seconds
[2025-03-18T11:10:33.649+0000] {processor.py:186} INFO - Started process (PID=62196) to work on /usr/local/python/3.12.1/lib/python3.12/site-packages/airflow/example_dags/plugins/workday.py
[2025-03-18T11:10:33.649+0000] {processor.py:914} INFO - Processing file /usr/local/python/3.12.1/lib/python3.12/site-packages/airflow/example_dags/plugins/workday.py for tasks to queue
[2025-03-18T11:10:33.651+0000] {logging_mixin.py:190} INFO - [2025-03-18T11:10:33.651+0000] {dagbag.py:588} INFO - Filling up the DagBag from /usr/local/python/3.12.1/lib/python3.12/site-packages/airflow/example_dags/plugins/workday.py
[2025-03-18T11:10:33.653+0000] {processor.py:927} WARNING - No viable dags retrieved from /usr/local/python/3.12.1/lib/python3.12/site-packages/airflow/example_dags/plugins/workday.py
[2025-03-18T11:10:33.659+0000] {processor.py:208} INFO - Processing /usr/local/python/3.12.1/lib/python3.12/site-packages/airflow/example_dags/plugins/workday.py took 0.015 seconds
[2025-03-18T11:11:24.130+0000] {processor.py:186} INFO - Started process (PID=62637) to work on /usr/local/python/3.12.1/lib/python3.12/site-packages/airflow/example_dags/plugins/workday.py
[2025-03-18T11:11:24.130+0000] {processor.py:914} INFO - Processing file /usr/local/python/3.12.1/lib/python3.12/site-packages/airflow/example_dags/plugins/workday.py for tasks to queue
[2025-03-18T11:11:24.132+0000] {logging_mixin.py:190} INFO - [2025-03-18T11:11:24.131+0000] {dagbag.py:588} INFO - Filling up the DagBag from /usr/local/python/3.12.1/lib/python3.12/site-packages/airflow/example_dags/plugins/workday.py
[2025-03-18T11:11:24.134+0000] {processor.py:927} WARNING - No viable dags retrieved from /usr/local/python/3.12.1/lib/python3.12/site-packages/airflow/example_dags/plugins/workday.py
[2025-03-18T11:11:24.140+0000] {processor.py:208} INFO - Processing /usr/local/python/3.12.1/lib/python3.12/site-packages/airflow/example_dags/plugins/workday.py took 0.014 seconds
[2025-03-18T11:12:10.030+0000] {processor.py:186} INFO - Started process (PID=63187) to work on /usr/local/python/3.12.1/lib/python3.12/site-packages/airflow/example_dags/plugins/workday.py
[2025-03-18T11:12:10.031+0000] {processor.py:914} INFO - Processing file /usr/local/python/3.12.1/lib/python3.12/site-packages/airflow/example_dags/plugins/workday.py for tasks to queue
[2025-03-18T11:12:10.033+0000] {logging_mixin.py:190} INFO - [2025-03-18T11:12:10.032+0000] {dagbag.py:588} INFO - Filling up the DagBag from /usr/local/python/3.12.1/lib/python3.12/site-packages/airflow/example_dags/plugins/workday.py
[2025-03-18T11:12:10.034+0000] {processor.py:927} WARNING - No viable dags retrieved from /usr/local/python/3.12.1/lib/python3.12/site-packages/airflow/example_dags/plugins/workday.py
[2025-03-18T11:12:10.041+0000] {processor.py:208} INFO - Processing /usr/local/python/3.12.1/lib/python3.12/site-packages/airflow/example_dags/plugins/workday.py took 0.014 seconds
[2025-03-18T11:49:41.871+0000] {processor.py:186} INFO - Started process (PID=82328) to work on /usr/local/python/3.12.1/lib/python3.12/site-packages/airflow/example_dags/plugins/workday.py
[2025-03-18T11:49:41.872+0000] {processor.py:914} INFO - Processing file /usr/local/python/3.12.1/lib/python3.12/site-packages/airflow/example_dags/plugins/workday.py for tasks to queue
[2025-03-18T11:49:41.873+0000] {logging_mixin.py:190} INFO - [2025-03-18T11:49:41.873+0000] {dagbag.py:588} INFO - Filling up the DagBag from /usr/local/python/3.12.1/lib/python3.12/site-packages/airflow/example_dags/plugins/workday.py
[2025-03-18T11:49:41.875+0000] {processor.py:927} WARNING - No viable dags retrieved from /usr/local/python/3.12.1/lib/python3.12/site-packages/airflow/example_dags/plugins/workday.py
[2025-03-18T11:49:41.881+0000] {processor.py:208} INFO - Processing /usr/local/python/3.12.1/lib/python3.12/site-packages/airflow/example_dags/plugins/workday.py took 0.014 seconds
[2025-03-18T11:50:16.567+0000] {processor.py:186} INFO - Started process (PID=82787) to work on /usr/local/python/3.12.1/lib/python3.12/site-packages/airflow/example_dags/plugins/workday.py
[2025-03-18T11:50:16.568+0000] {processor.py:914} INFO - Processing file /usr/local/python/3.12.1/lib/python3.12/site-packages/airflow/example_dags/plugins/workday.py for tasks to queue
[2025-03-18T11:50:16.569+0000] {logging_mixin.py:190} INFO - [2025-03-18T11:50:16.569+0000] {dagbag.py:588} INFO - Filling up the DagBag from /usr/local/python/3.12.1/lib/python3.12/site-packages/airflow/example_dags/plugins/workday.py
[2025-03-18T11:50:16.571+0000] {processor.py:927} WARNING - No viable dags retrieved from /usr/local/python/3.12.1/lib/python3.12/site-packages/airflow/example_dags/plugins/workday.py
[2025-03-18T11:50:16.577+0000] {processor.py:208} INFO - Processing /usr/local/python/3.12.1/lib/python3.12/site-packages/airflow/example_dags/plugins/workday.py took 0.014 seconds
[2025-03-18T11:57:34.350+0000] {processor.py:186} INFO - Started process (PID=86559) to work on /usr/local/python/3.12.1/lib/python3.12/site-packages/airflow/example_dags/plugins/workday.py
[2025-03-18T11:57:34.351+0000] {processor.py:914} INFO - Processing file /usr/local/python/3.12.1/lib/python3.12/site-packages/airflow/example_dags/plugins/workday.py for tasks to queue
[2025-03-18T11:57:34.352+0000] {logging_mixin.py:190} INFO - [2025-03-18T11:57:34.352+0000] {dagbag.py:588} INFO - Filling up the DagBag from /usr/local/python/3.12.1/lib/python3.12/site-packages/airflow/example_dags/plugins/workday.py
[2025-03-18T11:57:34.354+0000] {processor.py:927} WARNING - No viable dags retrieved from /usr/local/python/3.12.1/lib/python3.12/site-packages/airflow/example_dags/plugins/workday.py
[2025-03-18T11:57:34.360+0000] {processor.py:208} INFO - Processing /usr/local/python/3.12.1/lib/python3.12/site-packages/airflow/example_dags/plugins/workday.py took 0.015 seconds
